[INFO] Scanning for projects...
[INFO]
[INFO] --------------------------< org.vegas:vegas >---------------------------
[INFO] Building vegas 0.1
[INFO]   from pom.xml
[INFO] --------------------------------[ jar ]---------------------------------
[INFO]
[INFO] --- antlr4:4.13.2:antlr4 (default) @ vegas ---
[INFO] No grammars to process
[INFO] ANTLR 4: Processing source directory /app
[INFO]
[INFO] --- kotlin:2.1.21:compile (compile) @ vegas ---
[INFO]
[INFO] --- resources:3.3.1:resources (default-resources) @ vegas ---
[INFO] skip non existing resourceDirectory /app/src/main/resources
[INFO]
[INFO] --- compiler:3.11.0:compile (java-compile) @ vegas ---
[INFO] Changes detected - recompiling the module! :source
[INFO] Compiling 5 source files with javac [debug target 21] to target/classes
[INFO]
[INFO] --- resources:3.3.1:testResources (default-testResources) @ vegas ---
[INFO] skip non existing resourceDirectory /app/src/test/resources
[INFO]
[INFO] --- compiler:3.11.0:testCompile (default-testCompile) @ vegas ---
[INFO] Changes detected - recompiling the module! :dependency
[INFO]
[INFO] --- kotlin:2.1.21:test-compile (test-compile) @ vegas ---
[INFO]
[INFO] --- surefire:3.5.4:test (default-test) @ vegas ---
[INFO] Using auto detected provider org.apache.maven.surefire.junitplatform.JUnitPlatformProvider
[INFO]
[INFO] -------------------------------------------------------
[INFO]  T E S T S
[INFO] -------------------------------------------------------
[INFO] Running vegas.GoldenMasterTest
[INFO] Running vegas.GoldenMasterTest
[INFO] Running vegas.GoldenMasterTest
[ERROR] Tests run: 94, Failures: 3, Errors: 1, Skipped: 0, Time elapsed: 1.002 s <<< FAILURE! -- in vegas.GoldenMasterTest
[ERROR] vegas.GoldenMasterTest -- Time elapsed: 0 s <<< FAILURE!
io.kotest.assertions.AssertionFailedError:
expected:<[Change at line 84]   sig_HostMoveGoat : Signed Host P_HostMoveGoat;
  guard : (w_HostMoveGoat.(sig_HostMoveGoat).(msg).(goat) <> w_GuestMoveD.(sig_GuestMoveD).(msg).(d));
}.

Record W_GuestMoveSwitch (w_HostJoin : W_HostJoin) (w_GuestJoin : (W_GuestJoin w_HostJoin)) (w_HostCommitCar : (W_HostCommitCar w_HostJoin w_GuestJoin)) (w_GuestMoveD : (W_GuestMoveD w_HostJoin w_GuestJoin w_HostCommitCar)) (w_HostMoveGoat : (W_HostMoveGoat w_HostJoin w_GuestJoin w_HostCommitCar w_GuestMoveD)) : Type := {
  sig_GuestMoveSwitch : Signed Guest P_GuestMoveSwitch;
}.

Record W_HostRevealCar (w_HostJoin : W_HostJoin) (w_GuestJoin : (W_GuestJoin w_HostJoin)) (w_HostCommitCar : (W_HostCommitCar w_HostJoin w_GuestJoin)) (w_GuestMoveD : (W_GuestMoveD w_HostJoin w_GuestJoin w_HostCommitCar)) (w_HostMoveGoat : (W_HostMoveGoat w_HostJoin w_GuestJoin w_HostCommitCar w_GuestMoveD)) (w_GuestMoveSwitch : (W_GuestMoveSwitch w_HostJoin w_GuestJoin w_HostCommitCar w_GuestMoveD w_HostMoveGoat)) : Type := {
  sig_HostRevealCar : Signed Host P_HostRevealCar;
  opening_car : Opens w_HostCommitCar.(sig_HostCommitCar).(msg).(com_car) sig_HostRevealCar.(msg).(car);
  guard : (w_HostMoveGoat.(sig_HostMoveGoat).(msg).(goat) <> w_HostCommitCar.(sig_HostCommitCar).(msg).(car));
}.

(* ===================== *)
(* 5) Typed runtime/ESM  *)
(* ===================== *)

Inductive Stage : Type :=
S0 | S1 | S2 | S3 | S4 | S5 | S6 | S7.

Inductive State : Stage -> Type :=
| st0 : State S0
| st1 : (w_HostJoin : W_HostJoin) -> State S1
| st2 : (w_HostJoin : W_HostJoin) (w_GuestJoin : (W_GuestJoin w_HostJoin)) -> State S2
| st3 : (w_HostJoin : W_HostJoin) (w_GuestJoin : (W_GuestJoin w_HostJoin)) (w_HostCommitCar : (W_HostCommitCar w_HostJoin w_GuestJoin)) -> State S3
| st4 : (w_HostJoin : W_HostJoin) (w_GuestJoin : (W_GuestJoin w_HostJoin)) (w_HostCommitCar : (W_HostCommitCar w_HostJoin w_GuestJoin)) (w_GuestMoveD : (W_GuestMoveD w_HostJoin w_GuestJoin w_HostCommitCar)) -> State S4
| st5 : (w_HostJoin : W_HostJoin) (w_GuestJoin : (W_GuestJoin w_HostJoin)) (w_HostCommitCar : (W_HostCommitCar w_HostJoin w_GuestJoin)) (w_GuestMoveD : (W_GuestMoveD w_HostJoin w_GuestJoin w_HostCommitCar)) (w_HostMoveGoat : (W_HostMoveGoat w_HostJoin w_GuestJoin w_HostCommitCar w_GuestMoveD)) -> State S5
| st6 : (w_HostJoin : W_HostJoin) (w_GuestJoin : (W_GuestJoin w_HostJoin)) (w_HostCommitCar : (W_HostCommitCar w_HostJoin w_GuestJoin)) (w_GuestMoveD : (W_GuestMoveD w_HostJoin w_GuestJoin w_HostCommitCar)) (w_HostMoveGoat : (W_HostMoveGoat w_HostJoin w_GuestJoin w_HostCommitCar w_GuestMoveD)) (w_GuestMoveSwitch : (W_GuestMoveSwitch w_HostJoin w_GuestJoin w_HostCommitCar w_GuestMoveD w_HostMoveGoat)) -> State S6
| st7 : (w_HostJoin : W_HostJoin) (w_GuestJoin : (W_GuestJoin w_HostJoin)) (w_HostCommitCar : (W_HostCommitCar w_HostJoin w_GuestJoin)) (w_GuestMoveD : (W_GuestMoveD w_HostJoin w_GuestJoin w_HostCommitCar)) (w_HostMoveGoat : (W_HostMoveGoat w_HostJoin w_GuestJoin w_HostCommitCar w_GuestMoveD)) (w_GuestMoveSwitch : (W_GuestMoveSwitch w_HostJoin w_GuestJoin w_HostCommitCar w_GuestMoveD w_HostMoveGoat)) (w_HostRevealCar : (W_HostRevealCar w_HostJoin w_GuestJoin w_HostCommitCar w_GuestMoveD w_HostMoveGoat w_GuestMoveSwitch)) -> State S7
.

(* Step API *)
Definition step_hostjoin_from_s0 (s : State S0) (sig : Signed Host P_HostJoin)
 : State S1 :=
  match s with
  | st0 =>
      st1 {| sig_HostJoin := sig |}
  end.

Definition step_guestjoin_from_s1 (s : State S1) (sig : Signed Guest P_GuestJoin)
 : State S2 :=
  match s with
  | st1 w_HostJoin =>
      st2 w_HostJoin {| sig_GuestJoin := sig |}
  end.

Definition step_hostcommitcar_from_s2 (s : State S2) (sig : Signed Host P_HostCommitCar)
 : State S3 :=
  match s with
  | st2 w_HostJoin w_GuestJoin =>
      st3 w_HostJoin w_GuestJoin {| sig_HostCommitCar := sig |}
  end.

Definition step_guestmoved_from_s3 (s : State S3) (sig : Signed Guest P_GuestMoveD)
 : State S4 :=
  match s with
  | st3 w_HostJoin w_GuestJoin w_HostCommitCar =>
      st4 w_HostJoin w_GuestJoin w_HostCommitCar {| sig_GuestMoveD := sig |}
  end.

Definition step_hostmovegoat_from_s4 (s : State S4) (sig : Signed Host P_HostMoveGoat)
  (Hguard : (sig.(msg).(goat) <> (match s with st4 w_HostJoin w_GuestJoin w_HostCommitCar w_GuestMoveD => w_GuestMoveD.(sig_GuestMoveD).(msg).(d) end))) : State S5 :=
  match s with
  | st4 w_HostJoin w_GuestJoin w_HostCommitCar w_GuestMoveD =>
      st5 w_HostJoin w_GuestJoin w_HostCommitCar w_GuestMoveD {| sig_HostMoveGoat := sig; guard := Hguard |}
  end.

Definition step_guestmoveswitch_from_s5 (s : State S5) (sig : Signed Guest P_GuestMoveSwitch)
 : State S6 :=
  match s with
  | st5 w_HostJoin w_GuestJoin w_HostCommitCar w_GuestMoveD w_HostMoveGoat =>
      st6 w_HostJoin w_GuestJoin w_HostCommitCar w_GuestMoveD w_HostMoveGoat {| sig_GuestMoveSwitch := sig |}
  end.

Definition step_hostrevealcar_from_s6 (s : State S6) (sig : Signed Host P_HostRevealCar)
  (Hguard : ((match s with st6 w_HostJoin w_GuestJoin w_HostCommitCar w_GuestMoveD w_HostMoveGoat w_GuestMoveSwitch => w_HostMoveGoat.(sig_HostMoveGoat).(msg).(goat) end) <> (match s with st6 w_HostJoin w_GuestJoin w_HostCommitCar w_GuestMoveD w_HostMoveGoat w_GuestMoveSwitch => w_HostCommitCar.(sig_HostCommitCar).(msg).(car) end)))
  (Hopen_car : Opens (match s with st6 w_HostJoin w_GuestJoin w_HostCommitCar w_GuestMoveD w_HostMoveGoat w_GuestMoveSwitch => w_HostCommitCar.(sig_HostCommitCar).(msg).(com_car) end) sig.(msg).(car)) : State S7 :=
  match s with
  | st6 w_HostJoin w_GuestJoin w_HostCommitCar w_GuestMoveD w_HostMoveGoat w_GuestMoveSwitch =>
      st7 w_HostJoin w_GuestJoin w_HostCommitCar w_GuestMoveD w_HostMoveGoat w_GuestMoveSwitch {| sig_HostRevealCar := sig; guard := Hguard; opening_car := Hopen_car |}
  end.

End MontyHall_Protocol.

[Change at line 94]   opening_car : Opens w_HostCommitCar.(sig_HostCommitCar).(msg).(com_car) sig_HostRevealCar.(msg).(car);
  guard : (w_HostMoveGoat.(sig_HostMoveGoat).(msg).(goat) <> w_HostCommitCar.(sig_HostCommitCar).(msg).(car));
}.

(* ===================== *)
(* 5) Typed runtime/ESM  *)
(* ===================== *)

Inductive Stage : Type :=
S0 | S1 | S2 | S3 | S4 | S5 | S6 | S7.

Inductive State : Stage -> Type :=
| st0 : State S0
| st1 : (w_HostJoin : W_HostJoin) -> State S1
| st2 : (w_HostJoin : W_HostJoin) (w_GuestJoin : (W_GuestJoin w_HostJoin)) -> State S2
| st3 : (w_HostJoin : W_HostJoin) (w_GuestJoin : (W_GuestJoin w_HostJoin)) (w_HostCommitCar : (W_HostCommitCar w_HostJoin w_GuestJoin)) -> State S3
| st4 : (w_HostJoin : W_HostJoin) (w_GuestJoin : (W_GuestJoin w_HostJoin)) (w_HostCommitCar : (W_HostCommitCar w_HostJoin w_GuestJoin)) (w_GuestMoveD : (W_GuestMoveD w_HostJoin w_GuestJoin w_HostCommitCar)) -> State S4
| st5 : (w_HostJoin : W_HostJoin) (w_GuestJoin : (W_GuestJoin w_HostJoin)) (w_HostCommitCar : (W_HostCommitCar w_HostJoin w_GuestJoin)) (w_GuestMoveD : (W_GuestMoveD w_HostJoin w_GuestJoin w_HostCommitCar)) (w_HostMoveGoat : (W_HostMoveGoat w_HostJoin w_GuestJoin w_HostCommitCar w_GuestMoveD)) -> State S5
| st6 : (w_HostJoin : W_HostJoin) (w_GuestJoin : (W_GuestJoin w_HostJoin)) (w_HostCommitCar : (W_HostCommitCar w_HostJoin w_GuestJoin)) (w_GuestMoveD : (W_GuestMoveD w_HostJoin w_GuestJoin w_HostCommitCar)) (w_HostMoveGoat : (W_HostMoveGoat w_HostJoin w_GuestJoin w_HostCommitCar w_GuestMoveD)) (w_GuestMoveSwitch : (W_GuestMoveSwitch w_HostJoin w_GuestJoin w_HostCommitCar w_GuestMoveD w_HostMoveGoat)) -> State S6
| st7 : (w_HostJoin : W_HostJoin) (w_GuestJoin : (W_GuestJoin w_HostJoin)) (w_HostCommitCar : (W_HostCommitCar w_HostJoin w_GuestJoin)) (w_GuestMoveD : (W_GuestMoveD w_HostJoin w_GuestJoin w_HostCommitCar)) (w_HostMoveGoat : (W_HostMoveGoat w_HostJoin w_GuestJoin w_HostCommitCar w_GuestMoveD)) (w_GuestMoveSwitch : (W_GuestMoveSwitch w_HostJoin w_GuestJoin w_HostCommitCar w_GuestMoveD w_HostMoveGoat)) (w_HostRevealCar : (W_HostRevealCar w_HostJoin w_GuestJoin w_HostCommitCar w_GuestMoveD w_HostMoveGoat w_GuestMoveSwitch)) -> State S7
.

(* Step API *)
Definition step_hostjoin_from_s0 (s : State S0) (sig : Signed Host P_HostJoin)
 : State S1 :=
  match s with
  | st0 =>
      st1 {| sig_HostJoin := sig |}
  end.

Definition step_guestjoin_from_s1 (s : State S1) (sig : Signed Guest P_GuestJoin)
 : State S2 :=
  match s with
  | st1 w_HostJoin =>
      st2 w_HostJoin {| sig_GuestJoin := sig |}
  end.

Definition step_hostcommitcar_from_s2 (s : State S2) (sig : Signed Host P_HostCommitCar)
 : State S3 :=
  match s with
  | st2 w_HostJoin w_GuestJoin =>
      st3 w_HostJoin w_GuestJoin {| sig_HostCommitCar := sig |}
  end.

Definition step_guestmoved_from_s3 (s : State S3) (sig : Signed Guest P_GuestMoveD)
 : State S4 :=
  match s with
  | st3 w_HostJoin w_GuestJoin w_HostCommitCar =>
      st4 w_HostJoin w_GuestJoin w_HostCommitCar {| sig_GuestMoveD := sig |}
  end.

Definition step_hostmovegoat_from_s4 (s : State S4) (sig : Signed Host P_HostMoveGoat)
  (Hguard : (sig.(msg).(goat) <> (match s with st4 w_HostJoin w_GuestJoin w_HostCommitCar w_GuestMoveD => w_GuestMoveD.(sig_GuestMoveD).(msg).(d) end))) : State S5 :=
  match s with
  | st4 w_HostJoin w_GuestJoin w_HostCommitCar w_GuestMoveD =>
      st5 w_HostJoin w_GuestJoin w_HostCommitCar w_GuestMoveD {| sig_HostMoveGoat := sig; guard := Hguard |}
  end.

Definition step_guestmoveswitch_from_s5 (s : State S5) (sig : Signed Guest P_GuestMoveSwitch)
 : State S6 :=
  match s with
  | st5 w_HostJoin w_GuestJoin w_HostCommitCar w_GuestMoveD w_HostMoveGoat =>
      st6 w_HostJoin w_GuestJoin w_HostCommitCar w_GuestMoveD w_HostMoveGoat {| sig_GuestMoveSwitch := sig |}
  end.

Definition step_hostrevealcar_from_s6 (s : State S6) (sig : Signed Host P_HostRevealCar)
  (Hguard : ((match s with st6 w_HostJoin w_GuestJoin w_HostCommitCar w_GuestMoveD w_HostMoveGoat w_GuestMoveSwitch => w_HostMoveGoat.(sig_HostMoveGoat).(msg).(goat) end) <> (match s with st6 w_HostJoin w_GuestJoin w_HostCommitCar w_GuestMoveD w_HostMoveGoat w_GuestMoveSwitch => w_HostCommitCar.(sig_HostCommitCar).(msg).(car) end)))
  (Hopen_car : Opens (match s with st6 w_HostJoin w_GuestJoin w_HostCommitCar w_GuestMoveD w_HostMoveGoat w_GuestMoveSwitch => w_HostCommitCar.(sig_HostCommitCar).(msg).(com_car) end) sig.(msg).(car)) : State S7 :=
  match s with
  | st6 w_HostJoin w_GuestJoin w_HostCommitCar w_GuestMoveD w_HostMoveGoat w_GuestMoveSwitch =>
      st7 w_HostJoin w_GuestJoin w_HostCommitCar w_GuestMoveD w_HostMoveGoat w_GuestMoveSwitch {| sig_HostRevealCar := sig; guard := Hguard; opening_car := Hopen_car |}
  end.

End MontyHall_Protocol.

[Change at line 159] Definition step_hostrevealcar_from_s6 (s : State S6) (sig : Signed Host P_HostRevealCar)
  (Hguard : ((match s with st6 w_HostJoin w_GuestJoin w_HostCommitCar w_GuestMoveD w_HostMoveGoat w_GuestMoveSwitch => w_HostMoveGoat.(sig_HostMoveGoat).(msg).(goat) end) <> (match s with st6 w_HostJoin w_GuestJoin w_HostCommitCar w_GuestMoveD w_HostMoveGoat w_GuestMoveSwitch => w_HostCommitCar.(sig_HostCommitCar).(msg).(car) end)))
  (Hopen_car : Opens (match s with st6 w_HostJoin w_GuestJoin w_HostCommitCar w_GuestMoveD w_HostMoveGoat w_GuestMoveSwitch => w_HostCommitCar.(sig_HostCommitCar).(msg).(com_car) end) sig.(msg).(car)) : State S7 :=
  match s with
  | st6 w_HostJoin w_GuestJoin w_HostCommitCar w_GuestMoveD w_HostMoveGoat w_GuestMoveSwitch =>
      st7 w_HostJoin w_GuestJoin w_HostCommitCar w_GuestMoveD w_HostMoveGoat w_GuestMoveSwitch {| sig_HostRevealCar := sig; guard := Hguard; opening_car := Hopen_car |}
  end.

End MontyHall_Protocol.> but was:<[Change at line 84]   sig_HostMoveGoat : Signed Host P_HostMoveGoat;
  guard : (sig_HostMoveGoat.(msg).(goat) <> w_GuestMoveD.(sig_GuestMoveD).(msg).(d));
}.

Record W_GuestMoveSwitch (w_HostJoin : W_HostJoin) (w_GuestJoin : (W_GuestJoin w_HostJoin)) (w_HostCommitCar : (W_HostCommitCar w_HostJoin w_GuestJoin)) (w_GuestMoveD : (W_GuestMoveD w_HostJoin w_GuestJoin w_HostCommitCar)) (w_HostMoveGoat : (W_HostMoveGoat w_HostJoin w_GuestJoin w_HostCommitCar w_GuestMoveD)) : Type := {
  sig_GuestMoveSwitch : Signed Guest P_GuestMoveSwitch;
}.

Record W_HostRevealCar (w_HostJoin : W_HostJoin) (w_GuestJoin : (W_GuestJoin w_HostJoin)) (w_HostCommitCar : (W_HostCommitCar w_HostJoin w_GuestJoin)) (w_GuestMoveD : (W_GuestMoveD w_HostJoin w_GuestJoin w_HostCommitCar)) (w_HostMoveGoat : (W_HostMoveGoat w_HostJoin w_GuestJoin w_HostCommitCar w_GuestMoveD)) (w_GuestMoveSwitch : (W_GuestMoveSwitch w_HostJoin w_GuestJoin w_HostCommitCar w_GuestMoveD w_HostMoveGoat)) : Type := {
  sig_HostRevealCar : Signed Host P_HostRevealCar;
  opening_car : Opens w_HostCommitCar.(sig_HostCommitCar).(msg).(com_car) sig_HostRevealCar.(msg).(car);
  guard : (w_HostMoveGoat.(sig_HostMoveGoat).(msg).(goat) <> sig_HostRevealCar.(msg).(car));
}.

(* ===================== *)
(* 5) Typed runtime/ESM  *)
(* ===================== *)

Inductive Stage : Type :=
S0 | S1 | S2 | S3 | S4 | S5 | S6 | S7.

Inductive State : Stage -> Type :=
| st0 : State S0
| st1 : (w_HostJoin : W_HostJoin) -> State S1
| st2 : (w_HostJoin : W_HostJoin) (w_GuestJoin : (W_GuestJoin w_HostJoin)) -> State S2
| st3 : (w_HostJoin : W_HostJoin) (w_GuestJoin : (W_GuestJoin w_HostJoin)) (w_HostCommitCar : (W_HostCommitCar w_HostJoin w_GuestJoin)) -> State S3
| st4 : (w_HostJoin : W_HostJoin) (w_GuestJoin : (W_GuestJoin w_HostJoin)) (w_HostCommitCar : (W_HostCommitCar w_HostJoin w_GuestJoin)) (w_GuestMoveD : (W_GuestMoveD w_HostJoin w_GuestJoin w_HostCommitCar)) -> State S4
| st5 : (w_HostJoin : W_HostJoin) (w_GuestJoin : (W_GuestJoin w_HostJoin)) (w_HostCommitCar : (W_HostCommitCar w_HostJoin w_GuestJoin)) (w_GuestMoveD : (W_GuestMoveD w_HostJoin w_GuestJoin w_HostCommitCar)) (w_HostMoveGoat : (W_HostMoveGoat w_HostJoin w_GuestJoin w_HostCommitCar w_GuestMoveD)) -> State S5
| st6 : (w_HostJoin : W_HostJoin) (w_GuestJoin : (W_GuestJoin w_HostJoin)) (w_HostCommitCar : (W_HostCommitCar w_HostJoin w_GuestJoin)) (w_GuestMoveD : (W_GuestMoveD w_HostJoin w_GuestJoin w_HostCommitCar)) (w_HostMoveGoat : (W_HostMoveGoat w_HostJoin w_GuestJoin w_HostCommitCar w_GuestMoveD)) (w_GuestMoveSwitch : (W_GuestMoveSwitch w_HostJoin w_GuestJoin w_HostCommitCar w_GuestMoveD w_HostMoveGoat)) -> State S6
| st7 : (w_HostJoin : W_HostJoin) (w_GuestJoin : (W_GuestJoin w_HostJoin)) (w_HostCommitCar : (W_HostCommitCar w_HostJoin w_GuestJoin)) (w_GuestMoveD : (W_GuestMoveD w_HostJoin w_GuestJoin w_HostCommitCar)) (w_HostMoveGoat : (W_HostMoveGoat w_HostJoin w_GuestJoin w_HostCommitCar w_GuestMoveD)) (w_GuestMoveSwitch : (W_GuestMoveSwitch w_HostJoin w_GuestJoin w_HostCommitCar w_GuestMoveD w_HostMoveGoat)) (w_HostRevealCar : (W_HostRevealCar w_HostJoin w_GuestJoin w_HostCommitCar w_GuestMoveD w_HostMoveGoat w_GuestMoveSwitch)) -> State S7
.

(* Step API *)
Definition step_hostjoin_from_s0 (s : State S0) (sig : Signed Host P_HostJoin)
 : State S1 :=
  match s with
  | st0 =>
      st1 {| sig_HostJoin := sig |}
  end.

Definition step_guestjoin_from_s1 (s : State S1) (sig : Signed Guest P_GuestJoin)
 : State S2 :=
  match s with
  | st1 w_HostJoin =>
      st2 w_HostJoin {| sig_GuestJoin := sig |}
  end.

Definition step_hostcommitcar_from_s2 (s : State S2) (sig : Signed Host P_HostCommitCar)
 : State S3 :=
  match s with
  | st2 w_HostJoin w_GuestJoin =>
      st3 w_HostJoin w_GuestJoin {| sig_HostCommitCar := sig |}
  end.

Definition step_guestmoved_from_s3 (s : State S3) (sig : Signed Guest P_GuestMoveD)
 : State S4 :=
  match s with
  | st3 w_HostJoin w_GuestJoin w_HostCommitCar =>
      st4 w_HostJoin w_GuestJoin w_HostCommitCar {| sig_GuestMoveD := sig |}
  end.

Definition step_hostmovegoat_from_s4 (s : State S4) (sig : Signed Host P_HostMoveGoat)
  (Hguard : (sig.(msg).(goat) <> (match s with st4 w_HostJoin w_GuestJoin w_HostCommitCar w_GuestMoveD => w_GuestMoveD.(sig_GuestMoveD).(msg).(d) end))) : State S5 :=
  match s with
  | st4 w_HostJoin w_GuestJoin w_HostCommitCar w_GuestMoveD =>
      st5 w_HostJoin w_GuestJoin w_HostCommitCar w_GuestMoveD {| sig_HostMoveGoat := sig; guard := Hguard |}
  end.

Definition step_guestmoveswitch_from_s5 (s : State S5) (sig : Signed Guest P_GuestMoveSwitch)
 : State S6 :=
  match s with
  | st5 w_HostJoin w_GuestJoin w_HostCommitCar w_GuestMoveD w_HostMoveGoat =>
      st6 w_HostJoin w_GuestJoin w_HostCommitCar w_GuestMoveD w_HostMoveGoat {| sig_GuestMoveSwitch := sig |}
  end.

Definition step_hostrevealcar_from_s6 (s : State S6) (sig : Signed Host P_HostRevealCar)
  (Hguard : ((match s with st6 w_HostJoin w_GuestJoin w_HostCommitCar w_GuestMoveD w_HostMoveGoat w_GuestMoveSwitch => w_HostMoveGoat.(sig_HostMoveGoat).(msg).(goat) end) <> sig.(msg).(car)))
  (Hopen_car : Opens (match s with st6 w_HostJoin w_GuestJoin w_HostCommitCar w_GuestMoveD w_HostMoveGoat w_GuestMoveSwitch => w_HostCommitCar.(sig_HostCommitCar).(msg).(com_car) end) sig.(msg).(car)) : State S7 :=
  match s with
  | st6 w_HostJoin w_GuestJoin w_HostCommitCar w_GuestMoveD w_HostMoveGoat w_GuestMoveSwitch =>
      st7 w_HostJoin w_GuestJoin w_HostCommitCar w_GuestMoveD w_HostMoveGoat w_GuestMoveSwitch {| sig_HostRevealCar := sig; guard := Hguard; opening_car := Hopen_car |}
  end.

End MontyHall_Protocol.

[Change at line 94]   opening_car : Opens w_HostCommitCar.(sig_HostCommitCar).(msg).(com_car) sig_HostRevealCar.(msg).(car);
  guard : (w_HostMoveGoat.(sig_HostMoveGoat).(msg).(goat) <> sig_HostRevealCar.(msg).(car));
}.

(* ===================== *)
(* 5) Typed runtime/ESM  *)
(* ===================== *)

Inductive Stage : Type :=
S0 | S1 | S2 | S3 | S4 | S5 | S6 | S7.

Inductive State : Stage -> Type :=
| st0 : State S0
| st1 : (w_HostJoin : W_HostJoin) -> State S1
| st2 : (w_HostJoin : W_HostJoin) (w_GuestJoin : (W_GuestJoin w_HostJoin)) -> State S2
| st3 : (w_HostJoin : W_HostJoin) (w_GuestJoin : (W_GuestJoin w_HostJoin)) (w_HostCommitCar : (W_HostCommitCar w_HostJoin w_GuestJoin)) -> State S3
| st4 : (w_HostJoin : W_HostJoin) (w_GuestJoin : (W_GuestJoin w_HostJoin)) (w_HostCommitCar : (W_HostCommitCar w_HostJoin w_GuestJoin)) (w_GuestMoveD : (W_GuestMoveD w_HostJoin w_GuestJoin w_HostCommitCar)) -> State S4
| st5 : (w_HostJoin : W_HostJoin) (w_GuestJoin : (W_GuestJoin w_HostJoin)) (w_HostCommitCar : (W_HostCommitCar w_HostJoin w_GuestJoin)) (w_GuestMoveD : (W_GuestMoveD w_HostJoin w_GuestJoin w_HostCommitCar)) (w_HostMoveGoat : (W_HostMoveGoat w_HostJoin w_GuestJoin w_HostCommitCar w_GuestMoveD)) -> State S5
| st6 : (w_HostJoin : W_HostJoin) (w_GuestJoin : (W_GuestJoin w_HostJoin)) (w_HostCommitCar : (W_HostCommitCar w_HostJoin w_GuestJoin)) (w_GuestMoveD : (W_GuestMoveD w_HostJoin w_GuestJoin w_HostCommitCar)) (w_HostMoveGoat : (W_HostMoveGoat w_HostJoin w_GuestJoin w_HostCommitCar w_GuestMoveD)) (w_GuestMoveSwitch : (W_GuestMoveSwitch w_HostJoin w_GuestJoin w_HostCommitCar w_GuestMoveD w_HostMoveGoat)) -> State S6
| st7 : (w_HostJoin : W_HostJoin) (w_GuestJoin : (W_GuestJoin w_HostJoin)) (w_HostCommitCar : (W_HostCommitCar w_HostJoin w_GuestJoin)) (w_GuestMoveD : (W_GuestMoveD w_HostJoin w_GuestJoin w_HostCommitCar)) (w_HostMoveGoat : (W_HostMoveGoat w_HostJoin w_GuestJoin w_HostCommitCar w_GuestMoveD)) (w_GuestMoveSwitch : (W_GuestMoveSwitch w_HostJoin w_GuestJoin w_HostCommitCar w_GuestMoveD w_HostMoveGoat)) (w_HostRevealCar : (W_HostRevealCar w_HostJoin w_GuestJoin w_HostCommitCar w_GuestMoveD w_HostMoveGoat w_GuestMoveSwitch)) -> State S7
.

(* Step API *)
Definition step_hostjoin_from_s0 (s : State S0) (sig : Signed Host P_HostJoin)
 : State S1 :=
  match s with
  | st0 =>
      st1 {| sig_HostJoin := sig |}
  end.

Definition step_guestjoin_from_s1 (s : State S1) (sig : Signed Guest P_GuestJoin)
 : State S2 :=
  match s with
  | st1 w_HostJoin =>
      st2 w_HostJoin {| sig_GuestJoin := sig |}
  end.

Definition step_hostcommitcar_from_s2 (s : State S2) (sig : Signed Host P_HostCommitCar)
 : State S3 :=
  match s with
  | st2 w_HostJoin w_GuestJoin =>
      st3 w_HostJoin w_GuestJoin {| sig_HostCommitCar := sig |}
  end.

Definition step_guestmoved_from_s3 (s : State S3) (sig : Signed Guest P_GuestMoveD)
 : State S4 :=
  match s with
  | st3 w_HostJoin w_GuestJoin w_HostCommitCar =>
      st4 w_HostJoin w_GuestJoin w_HostCommitCar {| sig_GuestMoveD := sig |}
  end.

Definition step_hostmovegoat_from_s4 (s : State S4) (sig : Signed Host P_HostMoveGoat)
  (Hguard : (sig.(msg).(goat) <> (match s with st4 w_HostJoin w_GuestJoin w_HostCommitCar w_GuestMoveD => w_GuestMoveD.(sig_GuestMoveD).(msg).(d) end))) : State S5 :=
  match s with
  | st4 w_HostJoin w_GuestJoin w_HostCommitCar w_GuestMoveD =>
      st5 w_HostJoin w_GuestJoin w_HostCommitCar w_GuestMoveD {| sig_HostMoveGoat := sig; guard := Hguard |}
  end.

Definition step_guestmoveswitch_from_s5 (s : State S5) (sig : Signed Guest P_GuestMoveSwitch)
 : State S6 :=
  match s with
  | st5 w_HostJoin w_GuestJoin w_HostCommitCar w_GuestMoveD w_HostMoveGoat =>
      st6 w_HostJoin w_GuestJoin w_HostCommitCar w_GuestMoveD w_HostMoveGoat {| sig_GuestMoveSwitch := sig |}
  end.

Definition step_hostrevealcar_from_s6 (s : State S6) (sig : Signed Host P_HostRevealCar)
  (Hguard : ((match s with st6 w_HostJoin w_GuestJoin w_HostCommitCar w_GuestMoveD w_HostMoveGoat w_GuestMoveSwitch => w_HostMoveGoat.(sig_HostMoveGoat).(msg).(goat) end) <> sig.(msg).(car)))
  (Hopen_car : Opens (match s with st6 w_HostJoin w_GuestJoin w_HostCommitCar w_GuestMoveD w_HostMoveGoat w_GuestMoveSwitch => w_HostCommitCar.(sig_HostCommitCar).(msg).(com_car) end) sig.(msg).(car)) : State S7 :=
  match s with
  | st6 w_HostJoin w_GuestJoin w_HostCommitCar w_GuestMoveD w_HostMoveGoat w_GuestMoveSwitch =>
      st7 w_HostJoin w_GuestJoin w_HostCommitCar w_GuestMoveD w_HostMoveGoat w_GuestMoveSwitch {| sig_HostRevealCar := sig; guard := Hguard; opening_car := Hopen_car |}
  end.

End MontyHall_Protocol.

[Change at line 159] Definition step_hostrevealcar_from_s6 (s : State S6) (sig : Signed Host P_HostRevealCar)
  (Hguard : ((match s with st6 w_HostJoin w_GuestJoin w_HostCommitCar w_GuestMoveD w_HostMoveGoat w_GuestMoveSwitch => w_HostMoveGoat.(sig_HostMoveGoat).(msg).(goat) end) <> sig.(msg).(car)))
  (Hopen_car : Opens (match s with st6 w_HostJoin w_GuestJoin w_HostCommitCar w_GuestMoveD w_HostMoveGoat w_GuestMoveSwitch => w_HostCommitCar.(sig_HostCommitCar).(msg).(com_car) end) sig.(msg).(car)) : State S7 :=
  match s with
  | st6 w_HostJoin w_GuestJoin w_HostCommitCar w_GuestMoveD w_HostMoveGoat w_GuestMoveSwitch =>
      st7 w_HostJoin w_GuestJoin w_HostCommitCar w_GuestMoveD w_HostMoveGoat w_GuestMoveSwitch {| sig_HostRevealCar := sig; guard := Hguard; opening_car := Hopen_car |}
  end.

End MontyHall_Protocol.>
	at vegas.GoldenMasterTest$1$1$1$2.invokeSuspend(GoldenMasterTest.kt:118)
	at vegas.GoldenMasterTest$1$1$1$2.invoke(GoldenMasterTest.kt)
	at vegas.GoldenMasterTest$1$1$1$2.invoke(GoldenMasterTest.kt)
	at io.kotest.datatest.ContainerKt$withData$8$1.invokeSuspend(container.kt:73)
	at io.kotest.datatest.ContainerKt$withData$8$1.invoke(container.kt)
	at io.kotest.datatest.ContainerKt$withData$8$1.invoke(container.kt)
	at io.kotest.engine.test.TestCaseExecutor$execute$innerExecute$1.invokeSuspend(TestCaseExecutor.kt:91)
	at io.kotest.engine.test.TestCaseExecutor$execute$innerExecute$1.invoke(TestCaseExecutor.kt)
	at io.kotest.engine.test.TestCaseExecutor$execute$innerExecute$1.invoke(TestCaseExecutor.kt)
	at io.kotest.engine.test.interceptors.CoroutineDebugProbeInterceptor.intercept(CoroutineDebugProbeInterceptor.kt:29)
	at io.kotest.engine.test.TestCaseExecutor$execute$3$1.invokeSuspend(TestCaseExecutor.kt:100)
	at io.kotest.engine.test.TestCaseExecutor$execute$3$1.invoke(TestCaseExecutor.kt)
	at io.kotest.engine.test.TestCaseExecutor$execute$3$1.invoke(TestCaseExecutor.kt)
	at io.kotest.engine.test.TestInvocationInterceptor$runBeforeTestAfter$executeWithBeforeAfter$1.invokeSuspend(TestInvocationInterceptor.kt:63)
	at io.kotest.engine.test.TestInvocationInterceptor$runBeforeTestAfter$executeWithBeforeAfter$1.invoke(TestInvocationInterceptor.kt)
	at io.kotest.engine.test.TestInvocationInterceptor$runBeforeTestAfter$executeWithBeforeAfter$1.invoke(TestInvocationInterceptor.kt)
	at io.kotest.engine.test.interceptors.InvocationTimeoutInterceptor$intercept$3.invokeSuspend(InvocationTimeoutInterceptor.kt:43)
	at io.kotest.engine.test.interceptors.InvocationTimeoutInterceptor$intercept$3.invoke(InvocationTimeoutInterceptor.kt)
	at io.kotest.engine.test.interceptors.InvocationTimeoutInterceptor$intercept$3.invoke(InvocationTimeoutInterceptor.kt)
	at kotlinx.coroutines.intrinsics.UndispatchedKt.startUndispatchedOrReturnIgnoreTimeout(Undispatched.kt:72)
	at kotlinx.coroutines.TimeoutKt.setupTimeout(Timeout.kt:148)
	at kotlinx.coroutines.TimeoutKt.withTimeoutOrNull(Timeout.kt:104)
	at io.kotest.engine.test.interceptors.InvocationTimeoutInterceptor.intercept(InvocationTimeoutInterceptor.kt:42)
	at io.kotest.engine.test.TestInvocationInterceptor$runBeforeTestAfter$wrappedTest$1$1.invokeSuspend(TestInvocationInterceptor.kt:70)
	at io.kotest.engine.test.TestInvocationInterceptor$runBeforeTestAfter$wrappedTest$1$1.invoke(TestInvocationInterceptor.kt)
	at io.kotest.engine.test.TestInvocationInterceptor$runBeforeTestAfter$wrappedTest$1$1.invoke(TestInvocationInterceptor.kt)
	at io.kotest.engine.test.TestInvocationInterceptor.runBeforeTestAfter(TestInvocationInterceptor.kt:73)
	at io.kotest.engine.test.TestInvocationInterceptor.access$runBeforeTestAfter(TestInvocationInterceptor.kt:14)
	at io.kotest.engine.test.TestInvocationInterceptor$intercept$2$1.invokeSuspend(TestInvocationInterceptor.kt:36)
	at io.kotest.engine.test.TestInvocationInterceptor$intercept$2$1.invoke(TestInvocationInterceptor.kt)
	at io.kotest.engine.test.TestInvocationInterceptor$intercept$2$1.invoke(TestInvocationInterceptor.kt)
	at io.kotest.mpp.ReplayKt.replay(replay.kt:15)
	at io.kotest.engine.test.TestInvocationInterceptor$intercept$2.invokeSuspend(TestInvocationInterceptor.kt:32)
	at io.kotest.engine.test.TestInvocationInterceptor$intercept$2.invoke(TestInvocationInterceptor.kt)
	at io.kotest.engine.test.TestInvocationInterceptor$intercept$2.invoke(TestInvocationInterceptor.kt)
	at kotlinx.coroutines.intrinsics.UndispatchedKt.startUndispatchedOrReturn(Undispatched.kt:61)
	at kotlinx.coroutines.CoroutineScopeKt.coroutineScope(CoroutineScope.kt:261)
	at io.kotest.engine.test.TestInvocationInterceptor.intercept(TestInvocationInterceptor.kt:31)
	at io.kotest.engine.test.TestCaseExecutor$execute$3$1.invokeSuspend(TestCaseExecutor.kt:100)
	at io.kotest.engine.test.TestCaseExecutor$execute$3$1.invoke(TestCaseExecutor.kt)
	at io.kotest.engine.test.TestCaseExecutor$execute$3$1.invoke(TestCaseExecutor.kt)
	at io.kotest.engine.interceptors.MarkAbortedExceptionsAsSkippedTestInterceptor.intercept(MarkAbortedExceptionsAsSkippedTestInterceptor.kt:23)
	at io.kotest.engine.test.TestCaseExecutor$execute$3$1.invokeSuspend(TestCaseExecutor.kt:100)
	at io.kotest.engine.test.TestCaseExecutor$execute$3$1.invoke(TestCaseExecutor.kt)
	at io.kotest.engine.test.TestCaseExecutor$execute$3$1.invoke(TestCaseExecutor.kt)
	at io.kotest.engine.test.interceptors.ExpectExceptionTestInterceptor.intercept(ExpectExceptionTestInterceptor.kt:18)
	at io.kotest.engine.test.TestCaseExecutor$execute$3$1.invokeSuspend(TestCaseExecutor.kt:100)
	at io.kotest.engine.test.TestCaseExecutor$execute$3$1.invoke(TestCaseExecutor.kt)
	at io.kotest.engine.test.TestCaseExecutor$execute$3$1.invoke(TestCaseExecutor.kt)
	at io.kotest.engine.test.interceptors.TimeoutInterceptor.intercept(TimeoutInterceptor.kt:33)
	at io.kotest.engine.test.TestCaseExecutor$execute$3$1.invokeSuspend(TestCaseExecutor.kt:100)
	at io.kotest.engine.test.TestCaseExecutor$execute$3$1.invoke(TestCaseExecutor.kt)
	at io.kotest.engine.test.TestCaseExecutor$execute$3$1.invoke(TestCaseExecutor.kt)
	at io.kotest.engine.test.interceptors.BlockedThreadTimeoutInterceptor.intercept(BlockedThreadTimeoutInterceptor.kt:79)
	at io.kotest.engine.test.TestCaseExecutor$execute$3$1.invokeSuspend(TestCaseExecutor.kt:100)
	at io.kotest.engine.test.TestCaseExecutor$execute$3$1.invoke(TestCaseExecutor.kt)
	at io.kotest.engine.test.TestCaseExecutor$execute$3$1.invoke(TestCaseExecutor.kt)
	at io.kotest.engine.test.interceptors.CoroutineLoggingInterceptor.intercept(CoroutineLoggingInterceptor.kt:30)
	at io.kotest.engine.test.TestCaseExecutor$execute$3$1.invokeSuspend(TestCaseExecutor.kt:100)
	at io.kotest.engine.test.TestCaseExecutor$execute$3$1.invoke(TestCaseExecutor.kt)
	at io.kotest.engine.test.TestCaseExecutor$execute$3$1.invoke(TestCaseExecutor.kt)
	at io.kotest.engine.test.interceptors.SoftAssertInterceptor.intercept(SoftAssertInterceptor.kt:26)
	at io.kotest.engine.test.TestCaseExecutor$execute$3$1.invokeSuspend(TestCaseExecutor.kt:100)
	at io.kotest.engine.test.TestCaseExecutor$execute$3$1.invoke(TestCaseExecutor.kt)
	at io.kotest.engine.test.TestCaseExecutor$execute$3$1.invoke(TestCaseExecutor.kt)
	at io.kotest.engine.test.interceptors.AssertionModeInterceptor.intercept(AssertionModeInterceptor.kt:24)
	at io.kotest.engine.test.TestCaseExecutor$execute$3$1.invokeSuspend(TestCaseExecutor.kt:100)
	at io.kotest.engine.test.TestCaseExecutor$execute$3$1.invoke(TestCaseExecutor.kt)
	at io.kotest.engine.test.TestCaseExecutor$execute$3$1.invoke(TestCaseExecutor.kt)
	at io.kotest.engine.test.interceptors.LifecycleInterceptor.intercept(LifecycleInterceptor.kt:50)
	at io.kotest.engine.test.TestCaseExecutor$execute$3$1.invokeSuspend(TestCaseExecutor.kt:100)
	at io.kotest.engine.test.TestCaseExecutor$execute$3$1.invoke(TestCaseExecutor.kt)
	at io.kotest.engine.test.TestCaseExecutor$execute$3$1.invoke(TestCaseExecutor.kt)
	at io.kotest.engine.test.interceptors.TestCaseExtensionInterceptor$intercept$2.invokeSuspend(TestCaseExtensionInterceptor.kt:24)
	at io.kotest.engine.test.interceptors.TestCaseExtensionInterceptor$intercept$2.invoke(TestCaseExtensionInterceptor.kt)
	at io.kotest.engine.test.interceptors.TestCaseExtensionInterceptor$intercept$2.invoke(TestCaseExtensionInterceptor.kt)
	at io.kotest.engine.test.TestExtensions.intercept(TestExtensions.kt:148)
	at io.kotest.engine.test.interceptors.TestCaseExtensionInterceptor.intercept(TestCaseExtensionInterceptor.kt:24)
	at io.kotest.engine.test.TestCaseExecutor$execute$3$1.invokeSuspend(TestCaseExecutor.kt:100)
	at io.kotest.engine.test.TestCaseExecutor$execute$3$1.invoke(TestCaseExecutor.kt)
	at io.kotest.engine.test.TestCaseExecutor$execute$3$1.invoke(TestCaseExecutor.kt)
	at io.kotest.engine.test.interceptors.BeforeSpecListenerInterceptor$intercept$runTest$1$2.invokeSuspend(BeforeSpecListenerInterceptor.kt:43)
	at io.kotest.engine.test.interceptors.BeforeSpecListenerInterceptor$intercept$runTest$1$2.invoke(BeforeSpecListenerInterceptor.kt)
	at io.kotest.engine.test.interceptors.BeforeSpecListenerInterceptor$intercept$runTest$1$2.invoke(BeforeSpecListenerInterceptor.kt)
	at io.kotest.engine.test.interceptors.BeforeSpecListenerInterceptor.intercept(BeforeSpecListenerInterceptor.kt:60)
	at io.kotest.engine.test.TestCaseExecutor$execute$3$1.invokeSuspend(TestCaseExecutor.kt:100)
	at io.kotest.engine.test.TestCaseExecutor$execute$3$1.invoke(TestCaseExecutor.kt)
	at io.kotest.engine.test.TestCaseExecutor$execute$3$1.invoke(TestCaseExecutor.kt)
	at io.kotest.engine.test.interceptors.TestEnabledCheckInterceptor.intercept(TestEnabledCheckInterceptor.kt:31)
	at io.kotest.engine.test.TestCaseExecutor$execute$3$1.invokeSuspend(TestCaseExecutor.kt:100)
	at io.kotest.engine.test.TestCaseExecutor$execute$3$1.invoke(TestCaseExecutor.kt)
	at io.kotest.engine.test.TestCaseExecutor$execute$3$1.invoke(TestCaseExecutor.kt)
	at io.kotest.engine.test.interceptors.CoroutineErrorCollectorInterceptor$intercept$3.invokeSuspend(CoroutineErrorCollectorInterceptor.kt:34)
	at io.kotest.engine.test.interceptors.CoroutineErrorCollectorInterceptor$intercept$3.invoke(CoroutineErrorCollectorInterceptor.kt)
	at io.kotest.engine.test.interceptors.CoroutineErrorCollectorInterceptor$intercept$3.invoke(CoroutineErrorCollectorInterceptor.kt)
	at kotlinx.coroutines.intrinsics.UndispatchedKt.startUndispatchedOrReturn(Undispatched.kt:61)
	at kotlinx.coroutines.BuildersKt__Builders_commonKt.withContext(Builders.common.kt:163)
	at kotlinx.coroutines.BuildersKt.withContext(Unknown Source)
	at io.kotest.engine.test.interceptors.CoroutineErrorCollectorInterceptor.intercept(CoroutineErrorCollectorInterceptor.kt:33)
	at io.kotest.engine.test.TestCaseExecutor$execute$3$1.invokeSuspend(TestCaseExecutor.kt:100)
	at io.kotest.engine.test.TestCaseExecutor$execute$3$1.invoke(TestCaseExecutor.kt)
	at io.kotest.engine.test.TestCaseExecutor$execute$3$1.invoke(TestCaseExecutor.kt)
	at io.kotest.engine.test.interceptors.CoroutineDispatcherFactoryInterceptor$intercept$4.invokeSuspend(coroutineDispatcherFactoryInterceptor.kt:57)
	at io.kotest.engine.test.interceptors.CoroutineDispatcherFactoryInterceptor$intercept$4.invoke(coroutineDispatcherFactoryInterceptor.kt)
	at io.kotest.engine.test.interceptors.CoroutineDispatcherFactoryInterceptor$intercept$4.invoke(coroutineDispatcherFactoryInterceptor.kt)
	at io.kotest.engine.concurrency.FixedThreadCoroutineDispatcherFactory$withDispatcher$4.invokeSuspend(FixedThreadCoroutineDispatcherFactory.kt:59)
	at io.kotest.engine.concurrency.FixedThreadCoroutineDispatcherFactory$withDispatcher$4.invoke(FixedThreadCoroutineDispatcherFactory.kt)
	at io.kotest.engine.concurrency.FixedThreadCoroutineDispatcherFactory$withDispatcher$4.invoke(FixedThreadCoroutineDispatcherFactory.kt)
	at kotlinx.coroutines.intrinsics.UndispatchedKt.startUndispatchedOrReturn(Undispatched.kt:61)
	at kotlinx.coroutines.BuildersKt__Builders_commonKt.withContext(Builders.common.kt:163)
	at kotlinx.coroutines.BuildersKt.withContext(Unknown Source)
	at io.kotest.engine.concurrency.FixedThreadCoroutineDispatcherFactory.withDispatcher(FixedThreadCoroutineDispatcherFactory.kt:58)
	at io.kotest.engine.test.interceptors.CoroutineDispatcherFactoryInterceptor.intercept(coroutineDispatcherFactoryInterceptor.kt:56)
	at io.kotest.engine.test.TestCaseExecutor$execute$3$1.invokeSuspend(TestCaseExecutor.kt:100)
	at io.kotest.engine.test.TestCaseExecutor$execute$3$1.invoke(TestCaseExecutor.kt)
	at io.kotest.engine.test.TestCaseExecutor$execute$3$1.invoke(TestCaseExecutor.kt)
	at io.kotest.engine.test.interceptors.SupervisorScopeInterceptor$intercept$2.invokeSuspend(SupervisorScopeInterceptor.kt:23)
	at io.kotest.engine.test.interceptors.SupervisorScopeInterceptor$intercept$2.invoke(SupervisorScopeInterceptor.kt)
	at io.kotest.engine.test.interceptors.SupervisorScopeInterceptor$intercept$2.invoke(SupervisorScopeInterceptor.kt)
	at kotlinx.coroutines.intrinsics.UndispatchedKt.startUndispatchedOrReturn(Undispatched.kt:61)
	at kotlinx.coroutines.SupervisorKt.supervisorScope(Supervisor.kt:56)
	at io.kotest.engine.test.interceptors.SupervisorScopeInterceptor.intercept(SupervisorScopeInterceptor.kt:22)
	at io.kotest.engine.test.TestCaseExecutor$execute$3$1.invokeSuspend(TestCaseExecutor.kt:100)
	at io.kotest.engine.test.TestCaseExecutor$execute$3$1.invoke(TestCaseExecutor.kt)
	at io.kotest.engine.test.TestCaseExecutor$execute$3$1.invoke(TestCaseExecutor.kt)
	at io.kotest.engine.test.interceptors.InvocationCountCheckInterceptor.intercept(InvocationCountCheckInterceptor.kt:24)
	at io.kotest.engine.test.TestCaseExecutor$execute$3$1.invokeSuspend(TestCaseExecutor.kt:100)
	at io.kotest.engine.test.TestCaseExecutor$execute$3$1.invoke(TestCaseExecutor.kt)
	at io.kotest.engine.test.TestCaseExecutor$execute$3$1.invoke(TestCaseExecutor.kt)
	at io.kotest.engine.test.interceptors.TestFinishedInterceptor.intercept(TestFinishedInterceptor.kt:21)
	at io.kotest.engine.test.TestCaseExecutor$execute$3$1.invokeSuspend(TestCaseExecutor.kt:100)
	at io.kotest.engine.test.TestCaseExecutor$execute$3$1.invoke(TestCaseExecutor.kt)
	at io.kotest.engine.test.TestCaseExecutor$execute$3$1.invoke(TestCaseExecutor.kt)
	at io.kotest.engine.test.interceptors.TestNameContextInterceptor$intercept$2.invokeSuspend(TestPathContextInterceptor.kt:35)
	at io.kotest.engine.test.interceptors.TestNameContextInterceptor$intercept$2.invoke(TestPathContextInterceptor.kt)
	at io.kotest.engine.test.interceptors.TestNameContextInterceptor$intercept$2.invoke(TestPathContextInterceptor.kt)
	at kotlinx.coroutines.intrinsics.UndispatchedKt.startUndispatchedOrReturn(Undispatched.kt:61)
	at kotlinx.coroutines.BuildersKt__Builders_commonKt.withContext(Builders.common.kt:163)
	at kotlinx.coroutines.BuildersKt.withContext(Unknown Source)
	at io.kotest.engine.test.interceptors.TestNameContextInterceptor.intercept(TestPathContextInterceptor.kt:34)
	at io.kotest.engine.test.TestCaseExecutor$execute$3$1.invokeSuspend(TestCaseExecutor.kt:100)
	at io.kotest.engine.test.TestCaseExecutor$execute$3$1.invoke(TestCaseExecutor.kt)
	at io.kotest.engine.test.TestCaseExecutor$execute$3$1.invoke(TestCaseExecutor.kt)
	at io.kotest.engine.test.interceptors.TestPathContextInterceptor$intercept$2.invokeSuspend(TestPathContextInterceptor.kt:20)
	at io.kotest.engine.test.interceptors.TestPathContextInterceptor$intercept$2.invoke(TestPathContextInterceptor.kt)
	at io.kotest.engine.test.interceptors.TestPathContextInterceptor$intercept$2.invoke(TestPathContextInterceptor.kt)
	at kotlinx.coroutines.intrinsics.UndispatchedKt.startUndispatchedOrReturn(Undispatched.kt:61)
	at kotlinx.coroutines.BuildersKt__Builders_commonKt.withContext(Builders.common.kt:163)
	at kotlinx.coroutines.BuildersKt.withContext(Unknown Source)
	at io.kotest.engine.test.interceptors.TestPathContextInterceptor.intercept(TestPathContextInterceptor.kt:19)
	at io.kotest.engine.test.TestCaseExecutor$execute$3$1.invokeSuspend(TestCaseExecutor.kt:100)
	at io.kotest.engine.test.TestCaseExecutor$execute$3$1.invoke(TestCaseExecutor.kt)
	at io.kotest.engine.test.TestCaseExecutor$execute$3$1.invoke(TestCaseExecutor.kt)
	at io.kotest.engine.test.TestCaseExecutor.execute(TestCaseExecutor.kt:101)
	at io.kotest.engine.spec.runners.SingleInstanceSpecRunner.runTest(SingleInstanceSpecRunner.kt:113)
	at io.kotest.engine.spec.runners.SingleInstanceSpecRunner.access$runTest(SingleInstanceSpecRunner.kt:29)
	at io.kotest.engine.spec.runners.SingleInstanceSpecRunner$SingleInstanceTestScope.registerTestCase(SingleInstanceSpecRunner.kt:84)
	at io.kotest.engine.test.scopes.DuplicateNameHandlingTestScope.registerTestCase(DuplicateNameHandlingTestScope.kt:30)
	at io.kotest.engine.test.scopes.TestScopeWithCoroutineContext.registerTestCase(scopes.kt)
	at io.kotest.core.spec.style.scopes.AbstractContainerScope.registerTestCase$suspendImpl(ContainerScope.kt:222)
	at io.kotest.core.spec.style.scopes.AbstractContainerScope.registerTestCase(ContainerScope.kt)
	at io.kotest.core.spec.style.scopes.ContainerScope$DefaultImpls.registerTest(ContainerScope.kt:50)
	at io.kotest.core.spec.style.scopes.AbstractContainerScope.registerTest(ContainerScope.kt:213)
	at io.kotest.datatest.ContainerKt.withData(container.kt:73)
	at vegas.GoldenMasterTest$1$1$1.invokeSuspend(GoldenMasterTest.kt:89)
	at vegas.GoldenMasterTest$1$1$1.invoke(GoldenMasterTest.kt)
	at vegas.GoldenMasterTest$1$1$1.invoke(GoldenMasterTest.kt)
	at io.kotest.core.spec.style.scopes.FreeSpecContainerScope$minus$2.invokeSuspend(FreeSpecContainerScope.kt:26)
	at io.kotest.core.spec.style.scopes.FreeSpecContainerScope$minus$2.invoke(FreeSpecContainerScope.kt)
	at io.kotest.core.spec.style.scopes.FreeSpecContainerScope$minus$2.invoke(FreeSpecContainerScope.kt)
	at io.kotest.engine.test.TestCaseExecutor$execute$innerExecute$1.invokeSuspend(TestCaseExecutor.kt:91)
	at io.kotest.engine.test.TestCaseExecutor$execute$innerExecute$1.invoke(TestCaseExecutor.kt)
	at io.kotest.engine.test.TestCaseExecutor$execute$innerExecute$1.invoke(TestCaseExecutor.kt)
	at io.kotest.engine.test.interceptors.CoroutineDebugProbeInterceptor.intercept(CoroutineDebugProbeInterceptor.kt:29)
	at io.kotest.engine.test.TestCaseExecutor$execute$3$1.invokeSuspend(TestCaseExecutor.kt:100)
	at io.kotest.engine.test.TestCaseExecutor$execute$3$1.invoke(TestCaseExecutor.kt)
	at io.kotest.engine.test.TestCaseExecutor$execute$3$1.invoke(TestCaseExecutor.kt)
	at io.kotest.engine.test.TestInvocationInterceptor$runBeforeTestAfter$executeWithBeforeAfter$1.invokeSuspend(TestInvocationInterceptor.kt:63)
	at io.kotest.engine.test.TestInvocationInterceptor$runBeforeTestAfter$executeWithBeforeAfter$1.invoke(TestInvocationInterceptor.kt)
	at io.kotest.engine.test.TestInvocationInterceptor$runBeforeTestAfter$executeWithBeforeAfter$1.invoke(TestInvocationInterceptor.kt)
	at io.kotest.engine.test.interceptors.InvocationTimeoutInterceptor.intercept(InvocationTimeoutInterceptor.kt:28)
	at io.kotest.engine.test.TestInvocationInterceptor$runBeforeTestAfter$wrappedTest$1$1.invokeSuspend(TestInvocationInterceptor.kt:70)
	at io.kotest.engine.test.TestInvocationInterceptor$runBeforeTestAfter$wrappedTest$1$1.invoke(TestInvocationInterceptor.kt)
	at io.kotest.engine.test.TestInvocationInterceptor$runBeforeTestAfter$wrappedTest$1$1.invoke(TestInvocationInterceptor.kt)
	at io.kotest.engine.test.TestInvocationInterceptor.runBeforeTestAfter(TestInvocationInterceptor.kt:73)
	at io.kotest.engine.test.TestInvocationInterceptor.access$runBeforeTestAfter(TestInvocationInterceptor.kt:14)
	at io.kotest.engine.test.TestInvocationInterceptor$intercept$2$1.invokeSuspend(TestInvocationInterceptor.kt:36)
	at io.kotest.engine.test.TestInvocationInterceptor$intercept$2$1.invoke(TestInvocationInterceptor.kt)
	at io.kotest.engine.test.TestInvocationInterceptor$intercept$2$1.invoke(TestInvocationInterceptor.kt)
	at io.kotest.mpp.ReplayKt.replay(replay.kt:15)
	at io.kotest.engine.test.TestInvocationInterceptor$intercept$2.invokeSuspend(TestInvocationInterceptor.kt:32)
	at io.kotest.engine.test.TestInvocationInterceptor$intercept$2.invoke(TestInvocationInterceptor.kt)
	at io.kotest.engine.test.TestInvocationInterceptor$intercept$2.invoke(TestInvocationInterceptor.kt)
	at kotlinx.coroutines.intrinsics.UndispatchedKt.startUndispatchedOrReturn(Undispatched.kt:61)
	at kotlinx.coroutines.CoroutineScopeKt.coroutineScope(CoroutineScope.kt:261)
	at io.kotest.engine.test.TestInvocationInterceptor.intercept(TestInvocationInterceptor.kt:31)
	at io.kotest.engine.test.TestCaseExecutor$execute$3$1.invokeSuspend(TestCaseExecutor.kt:100)
	at io.kotest.engine.test.TestCaseExecutor$execute$3$1.invoke(TestCaseExecutor.kt)
	at io.kotest.engine.test.TestCaseExecutor$execute$3$1.invoke(TestCaseExecutor.kt)
	at io.kotest.engine.interceptors.MarkAbortedExceptionsAsSkippedTestInterceptor.intercept(MarkAbortedExceptionsAsSkippedTestInterceptor.kt:23)
	at io.kotest.engine.test.TestCaseExecutor$execute$3$1.invokeSuspend(TestCaseExecutor.kt:100)
	at io.kotest.engine.test.TestCaseExecutor$execute$3$1.invoke(TestCaseExecutor.kt)
	at io.kotest.engine.test.TestCaseExecutor$execute$3$1.invoke(TestCaseExecutor.kt)
	at io.kotest.engine.test.interceptors.ExpectExceptionTestInterceptor.intercept(ExpectExceptionTestInterceptor.kt:18)
	at io.kotest.engine.test.TestCaseExecutor$execute$3$1.invokeSuspend(TestCaseExecutor.kt:100)
	at io.kotest.engine.test.TestCaseExecutor$execute$3$1.invoke(TestCaseExecutor.kt)
	at io.kotest.engine.test.TestCaseExecutor$execute$3$1.invoke(TestCaseExecutor.kt)
	at io.kotest.engine.test.interceptors.TimeoutInterceptor.intercept(TimeoutInterceptor.kt:33)
	at io.kotest.engine.test.TestCaseExecutor$execute$3$1.invokeSuspend(TestCaseExecutor.kt:100)
	at io.kotest.engine.test.TestCaseExecutor$execute$3$1.invoke(TestCaseExecutor.kt)
	at io.kotest.engine.test.TestCaseExecutor$execute$3$1.invoke(TestCaseExecutor.kt)
	at io.kotest.engine.test.interceptors.BlockedThreadTimeoutInterceptor.intercept(BlockedThreadTimeoutInterceptor.kt:79)
	at io.kotest.engine.test.TestCaseExecutor$execute$3$1.invokeSuspend(TestCaseExecutor.kt:100)
	at io.kotest.engine.test.TestCaseExecutor$execute$3$1.invoke(TestCaseExecutor.kt)
	at io.kotest.engine.test.TestCaseExecutor$execute$3$1.invoke(TestCaseExecutor.kt)
	at io.kotest.engine.test.interceptors.CoroutineLoggingInterceptor.intercept(CoroutineLoggingInterceptor.kt:30)
	at io.kotest.engine.test.TestCaseExecutor$execute$3$1.invokeSuspend(TestCaseExecutor.kt:100)
	at io.kotest.engine.test.TestCaseExecutor$execute$3$1.invoke(TestCaseExecutor.kt)
	at io.kotest.engine.test.TestCaseExecutor$execute$3$1.invoke(TestCaseExecutor.kt)
	at io.kotest.engine.test.interceptors.SoftAssertInterceptor.intercept(SoftAssertInterceptor.kt:26)
	at io.kotest.engine.test.TestCaseExecutor$execute$3$1.invokeSuspend(TestCaseExecutor.kt:100)
	at io.kotest.engine.test.TestCaseExecutor$execute$3$1.invoke(TestCaseExecutor.kt)
	at io.kotest.engine.test.TestCaseExecutor$execute$3$1.invoke(TestCaseExecutor.kt)
	at io.kotest.engine.test.interceptors.AssertionModeInterceptor.intercept(AssertionModeInterceptor.kt:24)
	at io.kotest.engine.test.TestCaseExecutor$execute$3$1.invokeSuspend(TestCaseExecutor.kt:100)
	at io.kotest.engine.test.TestCaseExecutor$execute$3$1.invoke(TestCaseExecutor.kt)
	at io.kotest.engine.test.TestCaseExecutor$execute$3$1.invoke(TestCaseExecutor.kt)
	at io.kotest.engine.test.interceptors.LifecycleInterceptor.intercept(LifecycleInterceptor.kt:50)
	at io.kotest.engine.test.TestCaseExecutor$execute$3$1.invokeSuspend(TestCaseExecutor.kt:100)
	at io.kotest.engine.test.TestCaseExecutor$execute$3$1.invoke(TestCaseExecutor.kt)
	at io.kotest.engine.test.TestCaseExecutor$execute$3$1.invoke(TestCaseExecutor.kt)
	at io.kotest.engine.test.interceptors.TestCaseExtensionInterceptor$intercept$2.invokeSuspend(TestCaseExtensionInterceptor.kt:24)
	at io.kotest.engine.test.interceptors.TestCaseExtensionInterceptor$intercept$2.invoke(TestCaseExtensionInterceptor.kt)
	at io.kotest.engine.test.interceptors.TestCaseExtensionInterceptor$intercept$2.invoke(TestCaseExtensionInterceptor.kt)
	at io.kotest.engine.test.TestExtensions.intercept(TestExtensions.kt:148)
	at io.kotest.engine.test.interceptors.TestCaseExtensionInterceptor.intercept(TestCaseExtensionInterceptor.kt:24)
	at io.kotest.engine.test.TestCaseExecutor$execute$3$1.invokeSuspend(TestCaseExecutor.kt:100)
	at io.kotest.engine.test.TestCaseExecutor$execute$3$1.invoke(TestCaseExecutor.kt)
	at io.kotest.engine.test.TestCaseExecutor$execute$3$1.invoke(TestCaseExecutor.kt)
	at io.kotest.engine.test.interceptors.BeforeSpecListenerInterceptor$intercept$runTest$1$2.invokeSuspend(BeforeSpecListenerInterceptor.kt:43)
	at io.kotest.engine.test.interceptors.BeforeSpecListenerInterceptor$intercept$runTest$1$2.invoke(BeforeSpecListenerInterceptor.kt)
	at io.kotest.engine.test.interceptors.BeforeSpecListenerInterceptor$intercept$runTest$1$2.invoke(BeforeSpecListenerInterceptor.kt)
	at io.kotest.engine.test.interceptors.BeforeSpecListenerInterceptor.intercept(BeforeSpecListenerInterceptor.kt:60)
	at io.kotest.engine.test.TestCaseExecutor$execute$3$1.invokeSuspend(TestCaseExecutor.kt:100)
	at io.kotest.engine.test.TestCaseExecutor$execute$3$1.invoke(TestCaseExecutor.kt)
	at io.kotest.engine.test.TestCaseExecutor$execute$3$1.invoke(TestCaseExecutor.kt)
	at io.kotest.engine.test.interceptors.TestEnabledCheckInterceptor.intercept(TestEnabledCheckInterceptor.kt:31)
	at io.kotest.engine.test.TestCaseExecutor$execute$3$1.invokeSuspend(TestCaseExecutor.kt:100)
	at io.kotest.engine.test.TestCaseExecutor$execute$3$1.invoke(TestCaseExecutor.kt)
	at io.kotest.engine.test.TestCaseExecutor$execute$3$1.invoke(TestCaseExecutor.kt)
	at io.kotest.engine.test.interceptors.CoroutineErrorCollectorInterceptor$intercept$3.invokeSuspend(CoroutineErrorCollectorInterceptor.kt:34)
	at io.kotest.engine.test.interceptors.CoroutineErrorCollectorInterceptor$intercept$3.invoke(CoroutineErrorCollectorInterceptor.kt)
	at io.kotest.engine.test.interceptors.CoroutineErrorCollectorInterceptor$intercept$3.invoke(CoroutineErrorCollectorInterceptor.kt)
	at kotlinx.coroutines.intrinsics.UndispatchedKt.startUndispatchedOrReturn(Undispatched.kt:61)
	at kotlinx.coroutines.BuildersKt__Builders_commonKt.withContext(Builders.common.kt:163)
	at kotlinx.coroutines.BuildersKt.withContext(Unknown Source)
	at io.kotest.engine.test.interceptors.CoroutineErrorCollectorInterceptor.intercept(CoroutineErrorCollectorInterceptor.kt:33)
	at io.kotest.engine.test.TestCaseExecutor$execute$3$1.invokeSuspend(TestCaseExecutor.kt:100)
	at io.kotest.engine.test.TestCaseExecutor$execute$3$1.invoke(TestCaseExecutor.kt)
	at io.kotest.engine.test.TestCaseExecutor$execute$3$1.invoke(TestCaseExecutor.kt)
	at io.kotest.engine.test.interceptors.CoroutineDispatcherFactoryInterceptor$intercept$4.invokeSuspend(coroutineDispatcherFactoryInterceptor.kt:57)
	at io.kotest.engine.test.interceptors.CoroutineDispatcherFactoryInterceptor$intercept$4.invoke(coroutineDispatcherFactoryInterceptor.kt)
	at io.kotest.engine.test.interceptors.CoroutineDispatcherFactoryInterceptor$intercept$4.invoke(coroutineDispatcherFactoryInterceptor.kt)
	at io.kotest.engine.concurrency.FixedThreadCoroutineDispatcherFactory$withDispatcher$4.invokeSuspend(FixedThreadCoroutineDispatcherFactory.kt:59)
	at io.kotest.engine.concurrency.FixedThreadCoroutineDispatcherFactory$withDispatcher$4.invoke(FixedThreadCoroutineDispatcherFactory.kt)
	at io.kotest.engine.concurrency.FixedThreadCoroutineDispatcherFactory$withDispatcher$4.invoke(FixedThreadCoroutineDispatcherFactory.kt)
	at kotlinx.coroutines.intrinsics.UndispatchedKt.startUndispatchedOrReturn(Undispatched.kt:61)
	at kotlinx.coroutines.BuildersKt__Builders_commonKt.withContext(Builders.common.kt:163)
	at kotlinx.coroutines.BuildersKt.withContext(Unknown Source)
	at io.kotest.engine.concurrency.FixedThreadCoroutineDispatcherFactory.withDispatcher(FixedThreadCoroutineDispatcherFactory.kt:58)
	at io.kotest.engine.test.interceptors.CoroutineDispatcherFactoryInterceptor.intercept(coroutineDispatcherFactoryInterceptor.kt:56)
	at io.kotest.engine.test.TestCaseExecutor$execute$3$1.invokeSuspend(TestCaseExecutor.kt:100)
	at io.kotest.engine.test.TestCaseExecutor$execute$3$1.invoke(TestCaseExecutor.kt)
	at io.kotest.engine.test.TestCaseExecutor$execute$3$1.invoke(TestCaseExecutor.kt)
	at io.kotest.engine.test.interceptors.SupervisorScopeInterceptor$intercept$2.invokeSuspend(SupervisorScopeInterceptor.kt:23)
	at io.kotest.engine.test.interceptors.SupervisorScopeInterceptor$intercept$2.invoke(SupervisorScopeInterceptor.kt)
	at io.kotest.engine.test.interceptors.SupervisorScopeInterceptor$intercept$2.invoke(SupervisorScopeInterceptor.kt)
	at kotlinx.coroutines.intrinsics.UndispatchedKt.startUndispatchedOrReturn(Undispatched.kt:61)
	at kotlinx.coroutines.SupervisorKt.supervisorScope(Supervisor.kt:56)
	at io.kotest.engine.test.interceptors.SupervisorScopeInterceptor.intercept(SupervisorScopeInterceptor.kt:22)
	at io.kotest.engine.test.TestCaseExecutor$execute$3$1.invokeSuspend(TestCaseExecutor.kt:100)
	at io.kotest.engine.test.TestCaseExecutor$execute$3$1.invoke(TestCaseExecutor.kt)
	at io.kotest.engine.test.TestCaseExecutor$execute$3$1.invoke(TestCaseExecutor.kt)
	at io.kotest.engine.test.interceptors.InvocationCountCheckInterceptor.intercept(InvocationCountCheckInterceptor.kt:24)
	at io.kotest.engine.test.TestCaseExecutor$execute$3$1.invokeSuspend(TestCaseExecutor.kt:100)
	at io.kotest.engine.test.TestCaseExecutor$execute$3$1.invoke(TestCaseExecutor.kt)
	at io.kotest.engine.test.TestCaseExecutor$execute$3$1.invoke(TestCaseExecutor.kt)
	at io.kotest.engine.test.interceptors.TestFinishedInterceptor.intercept(TestFinishedInterceptor.kt:21)
	at io.kotest.engine.test.TestCaseExecutor$execute$3$1.invokeSuspend(TestCaseExecutor.kt:100)
	at io.kotest.engine.test.TestCaseExecutor$execute$3$1.invoke(TestCaseExecutor.kt)
	at io.kotest.engine.test.TestCaseExecutor$execute$3$1.invoke(TestCaseExecutor.kt)
	at io.kotest.engine.test.interceptors.TestNameContextInterceptor$intercept$2.invokeSuspend(TestPathContextInterceptor.kt:35)
	at io.kotest.engine.test.interceptors.TestNameContextInterceptor$intercept$2.invoke(TestPathContextInterceptor.kt)
	at io.kotest.engine.test.interceptors.TestNameContextInterceptor$intercept$2.invoke(TestPathContextInterceptor.kt)
	at kotlinx.coroutines.intrinsics.UndispatchedKt.startUndispatchedOrReturn(Undispatched.kt:61)
	at kotlinx.coroutines.BuildersKt__Builders_commonKt.withContext(Builders.common.kt:163)
	at kotlinx.coroutines.BuildersKt.withContext(Unknown Source)
	at io.kotest.engine.test.interceptors.TestNameContextInterceptor.intercept(TestPathContextInterceptor.kt:34)
	at io.kotest.engine.test.TestCaseExecutor$execute$3$1.invokeSuspend(TestCaseExecutor.kt:100)
	at io.kotest.engine.test.TestCaseExecutor$execute$3$1.invoke(TestCaseExecutor.kt)
	at io.kotest.engine.test.TestCaseExecutor$execute$3$1.invoke(TestCaseExecutor.kt)
	at io.kotest.engine.test.interceptors.TestPathContextInterceptor$intercept$2.invokeSuspend(TestPathContextInterceptor.kt:20)
	at io.kotest.engine.test.interceptors.TestPathContextInterceptor$intercept$2.invoke(TestPathContextInterceptor.kt)
	at io.kotest.engine.test.interceptors.TestPathContextInterceptor$intercept$2.invoke(TestPathContextInterceptor.kt)
	at kotlinx.coroutines.intrinsics.UndispatchedKt.startUndispatchedOrReturn(Undispatched.kt:61)
	at kotlinx.coroutines.BuildersKt__Builders_commonKt.withContext(Builders.common.kt:163)
	at kotlinx.coroutines.BuildersKt.withContext(Unknown Source)
	at io.kotest.engine.test.interceptors.TestPathContextInterceptor.intercept(TestPathContextInterceptor.kt:19)
	at io.kotest.engine.test.TestCaseExecutor$execute$3$1.invokeSuspend(TestCaseExecutor.kt:100)
	at io.kotest.engine.test.TestCaseExecutor$execute$3$1.invoke(TestCaseExecutor.kt)
	at io.kotest.engine.test.TestCaseExecutor$execute$3$1.invoke(TestCaseExecutor.kt)
	at io.kotest.engine.test.TestCaseExecutor.execute(TestCaseExecutor.kt:101)
	at io.kotest.engine.spec.runners.SingleInstanceSpecRunner.runTest(SingleInstanceSpecRunner.kt:113)
	at io.kotest.engine.spec.runners.SingleInstanceSpecRunner.access$runTest(SingleInstanceSpecRunner.kt:29)
	at io.kotest.engine.spec.runners.SingleInstanceSpecRunner$SingleInstanceTestScope.registerTestCase(SingleInstanceSpecRunner.kt:84)
	at io.kotest.engine.test.scopes.DuplicateNameHandlingTestScope.registerTestCase(DuplicateNameHandlingTestScope.kt:30)
	at io.kotest.engine.test.scopes.TestScopeWithCoroutineContext.registerTestCase(scopes.kt)
	at io.kotest.core.spec.style.scopes.AbstractContainerScope.registerTestCase$suspendImpl(ContainerScope.kt:222)
	at io.kotest.core.spec.style.scopes.AbstractContainerScope.registerTestCase(ContainerScope.kt)
	at io.kotest.core.spec.style.scopes.AbstractContainerScope.registerTestCase$suspendImpl(ContainerScope.kt:222)
	at io.kotest.core.spec.style.scopes.AbstractContainerScope.registerTestCase(ContainerScope.kt)
	at io.kotest.core.spec.style.scopes.ContainerScope$DefaultImpls.registerTest(ContainerScope.kt:50)
	at io.kotest.core.spec.style.scopes.AbstractContainerScope.registerTest(ContainerScope.kt:213)
	at io.kotest.core.spec.style.scopes.ContainerScope$DefaultImpls.registerContainer(ContainerScope.kt:68)
	at io.kotest.core.spec.style.scopes.AbstractContainerScope.registerContainer(ContainerScope.kt:213)
	at io.kotest.core.spec.style.scopes.FreeSpecContainerScope.minus(FreeSpecContainerScope.kt:26)
	at vegas.GoldenMasterTest$1$1.invokeSuspend(GoldenMasterTest.kt:88)
	at vegas.GoldenMasterTest$1$1.invoke(GoldenMasterTest.kt)
	at vegas.GoldenMasterTest$1$1.invoke(GoldenMasterTest.kt)
	at io.kotest.core.spec.style.scopes.FreeSpecRootScope$minus$1.invokeSuspend(FreeSpecRootScope.kt:21)
	at io.kotest.core.spec.style.scopes.FreeSpecRootScope$minus$1.invoke(FreeSpecRootScope.kt)
	at io.kotest.core.spec.style.scopes.FreeSpecRootScope$minus$1.invoke(FreeSpecRootScope.kt)
	at io.kotest.core.spec.style.scopes.RootScopeKt$addTest$1.invokeSuspend(RootScope.kt:36)
	at io.kotest.core.spec.style.scopes.RootScopeKt$addTest$1.invoke(RootScope.kt)
	at io.kotest.core.spec.style.scopes.RootScopeKt$addTest$1.invoke(RootScope.kt)
	at io.kotest.engine.test.TestCaseExecutor$execute$innerExecute$1.invokeSuspend(TestCaseExecutor.kt:91)
	at io.kotest.engine.test.TestCaseExecutor$execute$innerExecute$1.invoke(TestCaseExecutor.kt)
	at io.kotest.engine.test.TestCaseExecutor$execute$innerExecute$1.invoke(TestCaseExecutor.kt)
	at io.kotest.engine.test.interceptors.CoroutineDebugProbeInterceptor.intercept(CoroutineDebugProbeInterceptor.kt:29)
	at io.kotest.engine.test.TestCaseExecutor$execute$3$1.invokeSuspend(TestCaseExecutor.kt:100)
	at io.kotest.engine.test.TestCaseExecutor$execute$3$1.invoke(TestCaseExecutor.kt)
	at io.kotest.engine.test.TestCaseExecutor$execute$3$1.invoke(TestCaseExecutor.kt)
	at io.kotest.engine.test.TestInvocationInterceptor$runBeforeTestAfter$executeWithBeforeAfter$1.invokeSuspend(TestInvocationInterceptor.kt:63)
	at io.kotest.engine.test.TestInvocationInterceptor$runBeforeTestAfter$executeWithBeforeAfter$1.invoke(TestInvocationInterceptor.kt)
	at io.kotest.engine.test.TestInvocationInterceptor$runBeforeTestAfter$executeWithBeforeAfter$1.invoke(TestInvocationInterceptor.kt)
	at io.kotest.engine.test.interceptors.InvocationTimeoutInterceptor.intercept(InvocationTimeoutInterceptor.kt:28)
	at io.kotest.engine.test.TestInvocationInterceptor$runBeforeTestAfter$wrappedTest$1$1.invokeSuspend(TestInvocationInterceptor.kt:70)
	at io.kotest.engine.test.TestInvocationInterceptor$runBeforeTestAfter$wrappedTest$1$1.invoke(TestInvocationInterceptor.kt)
	at io.kotest.engine.test.TestInvocationInterceptor$runBeforeTestAfter$wrappedTest$1$1.invoke(TestInvocationInterceptor.kt)
	at io.kotest.engine.test.TestInvocationInterceptor.runBeforeTestAfter(TestInvocationInterceptor.kt:73)
	at io.kotest.engine.test.TestInvocationInterceptor.access$runBeforeTestAfter(TestInvocationInterceptor.kt:14)
	at io.kotest.engine.test.TestInvocationInterceptor$intercept$2$1.invokeSuspend(TestInvocationInterceptor.kt:36)
	at io.kotest.engine.test.TestInvocationInterceptor$intercept$2$1.invoke(TestInvocationInterceptor.kt)
	at io.kotest.engine.test.TestInvocationInterceptor$intercept$2$1.invoke(TestInvocationInterceptor.kt)
	at io.kotest.mpp.ReplayKt.replay(replay.kt:15)
	at io.kotest.engine.test.TestInvocationInterceptor$intercept$2.invokeSuspend(TestInvocationInterceptor.kt:32)
	at io.kotest.engine.test.TestInvocationInterceptor$intercept$2.invoke(TestInvocationInterceptor.kt)
	at io.kotest.engine.test.TestInvocationInterceptor$intercept$2.invoke(TestInvocationInterceptor.kt)
	at kotlinx.coroutines.intrinsics.UndispatchedKt.startUndispatchedOrReturn(Undispatched.kt:61)
	at kotlinx.coroutines.CoroutineScopeKt.coroutineScope(CoroutineScope.kt:261)
	at io.kotest.engine.test.TestInvocationInterceptor.intercept(TestInvocationInterceptor.kt:31)
	at io.kotest.engine.test.TestCaseExecutor$execute$3$1.invokeSuspend(TestCaseExecutor.kt:100)
	at io.kotest.engine.test.TestCaseExecutor$execute$3$1.invoke(TestCaseExecutor.kt)
	at io.kotest.engine.test.TestCaseExecutor$execute$3$1.invoke(TestCaseExecutor.kt)
	at io.kotest.engine.interceptors.MarkAbortedExceptionsAsSkippedTestInterceptor.intercept(MarkAbortedExceptionsAsSkippedTestInterceptor.kt:23)
	at io.kotest.engine.test.TestCaseExecutor$execute$3$1.invokeSuspend(TestCaseExecutor.kt:100)
	at io.kotest.engine.test.TestCaseExecutor$execute$3$1.invoke(TestCaseExecutor.kt)
	at io.kotest.engine.test.TestCaseExecutor$execute$3$1.invoke(TestCaseExecutor.kt)
	at io.kotest.engine.test.interceptors.ExpectExceptionTestInterceptor.intercept(ExpectExceptionTestInterceptor.kt:18)
	at io.kotest.engine.test.TestCaseExecutor$execute$3$1.invokeSuspend(TestCaseExecutor.kt:100)
	at io.kotest.engine.test.TestCaseExecutor$execute$3$1.invoke(TestCaseExecutor.kt)
	at io.kotest.engine.test.TestCaseExecutor$execute$3$1.invoke(TestCaseExecutor.kt)
	at io.kotest.engine.test.interceptors.TimeoutInterceptor.intercept(TimeoutInterceptor.kt:33)
	at io.kotest.engine.test.TestCaseExecutor$execute$3$1.invokeSuspend(TestCaseExecutor.kt:100)
	at io.kotest.engine.test.TestCaseExecutor$execute$3$1.invoke(TestCaseExecutor.kt)
	at io.kotest.engine.test.TestCaseExecutor$execute$3$1.invoke(TestCaseExecutor.kt)
	at io.kotest.engine.test.interceptors.BlockedThreadTimeoutInterceptor.intercept(BlockedThreadTimeoutInterceptor.kt:79)
	at io.kotest.engine.test.TestCaseExecutor$execute$3$1.invokeSuspend(TestCaseExecutor.kt:100)
	at io.kotest.engine.test.TestCaseExecutor$execute$3$1.invoke(TestCaseExecutor.kt)
	at io.kotest.engine.test.TestCaseExecutor$execute$3$1.invoke(TestCaseExecutor.kt)
	at io.kotest.engine.test.interceptors.CoroutineLoggingInterceptor.intercept(CoroutineLoggingInterceptor.kt:30)
	at io.kotest.engine.test.TestCaseExecutor$execute$3$1.invokeSuspend(TestCaseExecutor.kt:100)
	at io.kotest.engine.test.TestCaseExecutor$execute$3$1.invoke(TestCaseExecutor.kt)
	at io.kotest.engine.test.TestCaseExecutor$execute$3$1.invoke(TestCaseExecutor.kt)
	at io.kotest.engine.test.interceptors.SoftAssertInterceptor.intercept(SoftAssertInterceptor.kt:26)
	at io.kotest.engine.test.TestCaseExecutor$execute$3$1.invokeSuspend(TestCaseExecutor.kt:100)
	at io.kotest.engine.test.TestCaseExecutor$execute$3$1.invoke(TestCaseExecutor.kt)
	at io.kotest.engine.test.TestCaseExecutor$execute$3$1.invoke(TestCaseExecutor.kt)
	at io.kotest.engine.test.interceptors.AssertionModeInterceptor.intercept(AssertionModeInterceptor.kt:24)
	at io.kotest.engine.test.TestCaseExecutor$execute$3$1.invokeSuspend(TestCaseExecutor.kt:100)
	at io.kotest.engine.test.TestCaseExecutor$execute$3$1.invoke(TestCaseExecutor.kt)
	at io.kotest.engine.test.TestCaseExecutor$execute$3$1.invoke(TestCaseExecutor.kt)
	at io.kotest.engine.test.interceptors.LifecycleInterceptor.intercept(LifecycleInterceptor.kt:50)
	at io.kotest.engine.test.TestCaseExecutor$execute$3$1.invokeSuspend(TestCaseExecutor.kt:100)
	at io.kotest.engine.test.TestCaseExecutor$execute$3$1.invoke(TestCaseExecutor.kt)
	at io.kotest.engine.test.TestCaseExecutor$execute$3$1.invoke(TestCaseExecutor.kt)
	at io.kotest.engine.test.interceptors.TestCaseExtensionInterceptor$intercept$2.invokeSuspend(TestCaseExtensionInterceptor.kt:24)
	at io.kotest.engine.test.interceptors.TestCaseExtensionInterceptor$intercept$2.invoke(TestCaseExtensionInterceptor.kt)
	at io.kotest.engine.test.interceptors.TestCaseExtensionInterceptor$intercept$2.invoke(TestCaseExtensionInterceptor.kt)
	at io.kotest.engine.test.TestExtensions.intercept(TestExtensions.kt:148)
	at io.kotest.engine.test.interceptors.TestCaseExtensionInterceptor.intercept(TestCaseExtensionInterceptor.kt:24)
	at io.kotest.engine.test.TestCaseExecutor$execute$3$1.invokeSuspend(TestCaseExecutor.kt:100)
	at io.kotest.engine.test.TestCaseExecutor$execute$3$1.invoke(TestCaseExecutor.kt)
	at io.kotest.engine.test.TestCaseExecutor$execute$3$1.invoke(TestCaseExecutor.kt)
	at io.kotest.engine.test.interceptors.BeforeSpecListenerInterceptor$intercept$runTest$1$4$1.invokeSuspend(BeforeSpecListenerInterceptor.kt:50)
	at io.kotest.engine.test.interceptors.BeforeSpecListenerInterceptor$intercept$runTest$1$4$1.invoke(BeforeSpecListenerInterceptor.kt)
	at io.kotest.engine.test.interceptors.BeforeSpecListenerInterceptor$intercept$runTest$1$4$1.invoke(BeforeSpecListenerInterceptor.kt)
	at io.kotest.engine.test.interceptors.BeforeSpecListenerInterceptor.intercept(BeforeSpecListenerInterceptor.kt:60)
	at io.kotest.engine.test.TestCaseExecutor$execute$3$1.invokeSuspend(TestCaseExecutor.kt:100)
	at io.kotest.engine.test.TestCaseExecutor$execute$3$1.invoke(TestCaseExecutor.kt)
	at io.kotest.engine.test.TestCaseExecutor$execute$3$1.invoke(TestCaseExecutor.kt)
	at io.kotest.engine.test.interceptors.TestEnabledCheckInterceptor.intercept(TestEnabledCheckInterceptor.kt:31)
	at io.kotest.engine.test.TestCaseExecutor$execute$3$1.invokeSuspend(TestCaseExecutor.kt:100)
	at io.kotest.engine.test.TestCaseExecutor$execute$3$1.invoke(TestCaseExecutor.kt)
	at io.kotest.engine.test.TestCaseExecutor$execute$3$1.invoke(TestCaseExecutor.kt)
	at io.kotest.engine.test.interceptors.CoroutineErrorCollectorInterceptor$intercept$3.invokeSuspend(CoroutineErrorCollectorInterceptor.kt:34)
	at io.kotest.engine.test.interceptors.CoroutineErrorCollectorInterceptor$intercept$3.invoke(CoroutineErrorCollectorInterceptor.kt)
	at io.kotest.engine.test.interceptors.CoroutineErrorCollectorInterceptor$intercept$3.invoke(CoroutineErrorCollectorInterceptor.kt)
	at kotlinx.coroutines.intrinsics.UndispatchedKt.startUndispatchedOrReturn(Undispatched.kt:61)
	at kotlinx.coroutines.BuildersKt__Builders_commonKt.withContext(Builders.common.kt:163)
	at kotlinx.coroutines.BuildersKt.withContext(Unknown Source)
	at io.kotest.engine.test.interceptors.CoroutineErrorCollectorInterceptor.intercept(CoroutineErrorCollectorInterceptor.kt:33)
	at io.kotest.engine.test.TestCaseExecutor$execute$3$1.invokeSuspend(TestCaseExecutor.kt:100)
	at io.kotest.engine.test.TestCaseExecutor$execute$3$1.invoke(TestCaseExecutor.kt)
	at io.kotest.engine.test.TestCaseExecutor$execute$3$1.invoke(TestCaseExecutor.kt)
	at io.kotest.engine.test.interceptors.CoroutineDispatcherFactoryInterceptor$intercept$4.invokeSuspend(coroutineDispatcherFactoryInterceptor.kt:57)
	at io.kotest.engine.test.interceptors.CoroutineDispatcherFactoryInterceptor$intercept$4.invoke(coroutineDispatcherFactoryInterceptor.kt)
	at io.kotest.engine.test.interceptors.CoroutineDispatcherFactoryInterceptor$intercept$4.invoke(coroutineDispatcherFactoryInterceptor.kt)
	at io.kotest.engine.concurrency.FixedThreadCoroutineDispatcherFactory$withDispatcher$4.invokeSuspend(FixedThreadCoroutineDispatcherFactory.kt:59)
	at kotlin.coroutines.jvm.internal.BaseContinuationImpl.resumeWith(ContinuationImpl.kt:33)
	at kotlinx.coroutines.DispatchedTask.run(DispatchedTask.kt:104)
	at java.base/java.util.concurrent.ThreadPoolExecutor.runWorker(ThreadPoolExecutor.java:1144)
	at java.base/java.util.concurrent.ThreadPoolExecutor$Worker.run(ThreadPoolExecutor.java:642)
	at java.base/java.lang.Thread.run(Thread.java:1583)

[ERROR] vegas.GoldenMasterTest -- Time elapsed: 0.001 s <<< ERROR!
java.lang.IllegalStateException: Field Host.car written by (Host, 6) which is not in state or current action
	at vegas.backend.gallina.GallinaGenerator.exprToCoqStep(Gallina.kt:519)
	at vegas.backend.gallina.GallinaGenerator.exprToCoqStep(Gallina.kt:523)
	at vegas.backend.gallina.GallinaGenerator.exprToCoqStep(Gallina.kt:524)
	at vegas.backend.gallina.GallinaGenerator.generateStateMachine(Gallina.kt:442)
	at vegas.backend.gallina.GallinaGenerator.generate(Gallina.kt:75)
	at vegas.backend.gallina.GallinaKt.generateGallina(Gallina.kt:10)
	at vegas.GoldenMasterTest._init_$lambda$10$lambda$9$lambda$7(GoldenMasterTest.kt:82)
	at vegas.GoldenMasterTestKt.generateOutput(GoldenMasterTest.kt:221)
	at vegas.GoldenMasterTestKt.access$generateOutput(GoldenMasterTest.kt:1)
	at vegas.GoldenMasterTest$1$1$1$2.invokeSuspend(GoldenMasterTest.kt:93)
	at vegas.GoldenMasterTest$1$1$1$2.invoke(GoldenMasterTest.kt)
	at vegas.GoldenMasterTest$1$1$1$2.invoke(GoldenMasterTest.kt)
	at io.kotest.datatest.ContainerKt$withData$8$1.invokeSuspend(container.kt:73)
	at io.kotest.datatest.ContainerKt$withData$8$1.invoke(container.kt)
	at io.kotest.datatest.ContainerKt$withData$8$1.invoke(container.kt)
	at io.kotest.engine.test.TestCaseExecutor$execute$innerExecute$1.invokeSuspend(TestCaseExecutor.kt:91)
	at io.kotest.engine.test.TestCaseExecutor$execute$innerExecute$1.invoke(TestCaseExecutor.kt)
	at io.kotest.engine.test.TestCaseExecutor$execute$innerExecute$1.invoke(TestCaseExecutor.kt)
	at io.kotest.engine.test.interceptors.CoroutineDebugProbeInterceptor.intercept(CoroutineDebugProbeInterceptor.kt:29)
	at io.kotest.engine.test.TestCaseExecutor$execute$3$1.invokeSuspend(TestCaseExecutor.kt:100)
	at io.kotest.engine.test.TestCaseExecutor$execute$3$1.invoke(TestCaseExecutor.kt)
	at io.kotest.engine.test.TestCaseExecutor$execute$3$1.invoke(TestCaseExecutor.kt)
	at io.kotest.engine.test.TestInvocationInterceptor$runBeforeTestAfter$executeWithBeforeAfter$1.invokeSuspend(TestInvocationInterceptor.kt:63)
	at io.kotest.engine.test.TestInvocationInterceptor$runBeforeTestAfter$executeWithBeforeAfter$1.invoke(TestInvocationInterceptor.kt)
	at io.kotest.engine.test.TestInvocationInterceptor$runBeforeTestAfter$executeWithBeforeAfter$1.invoke(TestInvocationInterceptor.kt)
	at io.kotest.engine.test.interceptors.InvocationTimeoutInterceptor$intercept$3.invokeSuspend(InvocationTimeoutInterceptor.kt:43)
	at io.kotest.engine.test.interceptors.InvocationTimeoutInterceptor$intercept$3.invoke(InvocationTimeoutInterceptor.kt)
	at io.kotest.engine.test.interceptors.InvocationTimeoutInterceptor$intercept$3.invoke(InvocationTimeoutInterceptor.kt)
	at kotlinx.coroutines.intrinsics.UndispatchedKt.startUndispatchedOrReturnIgnoreTimeout(Undispatched.kt:72)
	at kotlinx.coroutines.TimeoutKt.setupTimeout(Timeout.kt:148)
	at kotlinx.coroutines.TimeoutKt.withTimeoutOrNull(Timeout.kt:104)
	at io.kotest.engine.test.interceptors.InvocationTimeoutInterceptor.intercept(InvocationTimeoutInterceptor.kt:42)
	at io.kotest.engine.test.TestInvocationInterceptor$runBeforeTestAfter$wrappedTest$1$1.invokeSuspend(TestInvocationInterceptor.kt:70)
	at io.kotest.engine.test.TestInvocationInterceptor$runBeforeTestAfter$wrappedTest$1$1.invoke(TestInvocationInterceptor.kt)
	at io.kotest.engine.test.TestInvocationInterceptor$runBeforeTestAfter$wrappedTest$1$1.invoke(TestInvocationInterceptor.kt)
	at io.kotest.engine.test.TestInvocationInterceptor.runBeforeTestAfter(TestInvocationInterceptor.kt:73)
	at io.kotest.engine.test.TestInvocationInterceptor.access$runBeforeTestAfter(TestInvocationInterceptor.kt:14)
	at io.kotest.engine.test.TestInvocationInterceptor$intercept$2$1.invokeSuspend(TestInvocationInterceptor.kt:36)
	at io.kotest.engine.test.TestInvocationInterceptor$intercept$2$1.invoke(TestInvocationInterceptor.kt)
	at io.kotest.engine.test.TestInvocationInterceptor$intercept$2$1.invoke(TestInvocationInterceptor.kt)
	at io.kotest.mpp.ReplayKt.replay(replay.kt:15)
	at io.kotest.engine.test.TestInvocationInterceptor$intercept$2.invokeSuspend(TestInvocationInterceptor.kt:32)
	at io.kotest.engine.test.TestInvocationInterceptor$intercept$2.invoke(TestInvocationInterceptor.kt)
	at io.kotest.engine.test.TestInvocationInterceptor$intercept$2.invoke(TestInvocationInterceptor.kt)
	at kotlinx.coroutines.intrinsics.UndispatchedKt.startUndispatchedOrReturn(Undispatched.kt:61)
	at kotlinx.coroutines.CoroutineScopeKt.coroutineScope(CoroutineScope.kt:261)
	at io.kotest.engine.test.TestInvocationInterceptor.intercept(TestInvocationInterceptor.kt:31)
	at io.kotest.engine.test.TestCaseExecutor$execute$3$1.invokeSuspend(TestCaseExecutor.kt:100)
	at io.kotest.engine.test.TestCaseExecutor$execute$3$1.invoke(TestCaseExecutor.kt)
	at io.kotest.engine.test.TestCaseExecutor$execute$3$1.invoke(TestCaseExecutor.kt)
	at io.kotest.engine.interceptors.MarkAbortedExceptionsAsSkippedTestInterceptor.intercept(MarkAbortedExceptionsAsSkippedTestInterceptor.kt:23)
	at io.kotest.engine.test.TestCaseExecutor$execute$3$1.invokeSuspend(TestCaseExecutor.kt:100)
	at io.kotest.engine.test.TestCaseExecutor$execute$3$1.invoke(TestCaseExecutor.kt)
	at io.kotest.engine.test.TestCaseExecutor$execute$3$1.invoke(TestCaseExecutor.kt)
	at io.kotest.engine.test.interceptors.ExpectExceptionTestInterceptor.intercept(ExpectExceptionTestInterceptor.kt:18)
	at io.kotest.engine.test.TestCaseExecutor$execute$3$1.invokeSuspend(TestCaseExecutor.kt:100)
	at io.kotest.engine.test.TestCaseExecutor$execute$3$1.invoke(TestCaseExecutor.kt)
	at io.kotest.engine.test.TestCaseExecutor$execute$3$1.invoke(TestCaseExecutor.kt)
	at io.kotest.engine.test.interceptors.TimeoutInterceptor.intercept(TimeoutInterceptor.kt:33)
	at io.kotest.engine.test.TestCaseExecutor$execute$3$1.invokeSuspend(TestCaseExecutor.kt:100)
	at io.kotest.engine.test.TestCaseExecutor$execute$3$1.invoke(TestCaseExecutor.kt)
	at io.kotest.engine.test.TestCaseExecutor$execute$3$1.invoke(TestCaseExecutor.kt)
	at io.kotest.engine.test.interceptors.BlockedThreadTimeoutInterceptor.intercept(BlockedThreadTimeoutInterceptor.kt:79)
	at io.kotest.engine.test.TestCaseExecutor$execute$3$1.invokeSuspend(TestCaseExecutor.kt:100)
	at io.kotest.engine.test.TestCaseExecutor$execute$3$1.invoke(TestCaseExecutor.kt)
	at io.kotest.engine.test.TestCaseExecutor$execute$3$1.invoke(TestCaseExecutor.kt)
	at io.kotest.engine.test.interceptors.CoroutineLoggingInterceptor.intercept(CoroutineLoggingInterceptor.kt:30)
	at io.kotest.engine.test.TestCaseExecutor$execute$3$1.invokeSuspend(TestCaseExecutor.kt:100)
	at io.kotest.engine.test.TestCaseExecutor$execute$3$1.invoke(TestCaseExecutor.kt)
	at io.kotest.engine.test.TestCaseExecutor$execute$3$1.invoke(TestCaseExecutor.kt)
	at io.kotest.engine.test.interceptors.SoftAssertInterceptor.intercept(SoftAssertInterceptor.kt:26)
	at io.kotest.engine.test.TestCaseExecutor$execute$3$1.invokeSuspend(TestCaseExecutor.kt:100)
	at io.kotest.engine.test.TestCaseExecutor$execute$3$1.invoke(TestCaseExecutor.kt)
	at io.kotest.engine.test.TestCaseExecutor$execute$3$1.invoke(TestCaseExecutor.kt)
	at io.kotest.engine.test.interceptors.AssertionModeInterceptor.intercept(AssertionModeInterceptor.kt:24)
	at io.kotest.engine.test.TestCaseExecutor$execute$3$1.invokeSuspend(TestCaseExecutor.kt:100)
	at io.kotest.engine.test.TestCaseExecutor$execute$3$1.invoke(TestCaseExecutor.kt)
	at io.kotest.engine.test.TestCaseExecutor$execute$3$1.invoke(TestCaseExecutor.kt)
	at io.kotest.engine.test.interceptors.LifecycleInterceptor.intercept(LifecycleInterceptor.kt:50)
	at io.kotest.engine.test.TestCaseExecutor$execute$3$1.invokeSuspend(TestCaseExecutor.kt:100)
	at io.kotest.engine.test.TestCaseExecutor$execute$3$1.invoke(TestCaseExecutor.kt)
	at io.kotest.engine.test.TestCaseExecutor$execute$3$1.invoke(TestCaseExecutor.kt)
	at io.kotest.engine.test.interceptors.TestCaseExtensionInterceptor$intercept$2.invokeSuspend(TestCaseExtensionInterceptor.kt:24)
	at io.kotest.engine.test.interceptors.TestCaseExtensionInterceptor$intercept$2.invoke(TestCaseExtensionInterceptor.kt)
	at io.kotest.engine.test.interceptors.TestCaseExtensionInterceptor$intercept$2.invoke(TestCaseExtensionInterceptor.kt)
	at io.kotest.engine.test.TestExtensions.intercept(TestExtensions.kt:148)
	at io.kotest.engine.test.interceptors.TestCaseExtensionInterceptor.intercept(TestCaseExtensionInterceptor.kt:24)
	at io.kotest.engine.test.TestCaseExecutor$execute$3$1.invokeSuspend(TestCaseExecutor.kt:100)
	at io.kotest.engine.test.TestCaseExecutor$execute$3$1.invoke(TestCaseExecutor.kt)
	at io.kotest.engine.test.TestCaseExecutor$execute$3$1.invoke(TestCaseExecutor.kt)
	at io.kotest.engine.test.interceptors.BeforeSpecListenerInterceptor$intercept$runTest$1$2.invokeSuspend(BeforeSpecListenerInterceptor.kt:43)
	at io.kotest.engine.test.interceptors.BeforeSpecListenerInterceptor$intercept$runTest$1$2.invoke(BeforeSpecListenerInterceptor.kt)
	at io.kotest.engine.test.interceptors.BeforeSpecListenerInterceptor$intercept$runTest$1$2.invoke(BeforeSpecListenerInterceptor.kt)
	at io.kotest.engine.test.interceptors.BeforeSpecListenerInterceptor.intercept(BeforeSpecListenerInterceptor.kt:60)
	at io.kotest.engine.test.TestCaseExecutor$execute$3$1.invokeSuspend(TestCaseExecutor.kt:100)
	at io.kotest.engine.test.TestCaseExecutor$execute$3$1.invoke(TestCaseExecutor.kt)
	at io.kotest.engine.test.TestCaseExecutor$execute$3$1.invoke(TestCaseExecutor.kt)
	at io.kotest.engine.test.interceptors.TestEnabledCheckInterceptor.intercept(TestEnabledCheckInterceptor.kt:31)
	at io.kotest.engine.test.TestCaseExecutor$execute$3$1.invokeSuspend(TestCaseExecutor.kt:100)
	at io.kotest.engine.test.TestCaseExecutor$execute$3$1.invoke(TestCaseExecutor.kt)
	at io.kotest.engine.test.TestCaseExecutor$execute$3$1.invoke(TestCaseExecutor.kt)
	at io.kotest.engine.test.interceptors.CoroutineErrorCollectorInterceptor$intercept$3.invokeSuspend(CoroutineErrorCollectorInterceptor.kt:34)
	at io.kotest.engine.test.interceptors.CoroutineErrorCollectorInterceptor$intercept$3.invoke(CoroutineErrorCollectorInterceptor.kt)
	at io.kotest.engine.test.interceptors.CoroutineErrorCollectorInterceptor$intercept$3.invoke(CoroutineErrorCollectorInterceptor.kt)
	at kotlinx.coroutines.intrinsics.UndispatchedKt.startUndispatchedOrReturn(Undispatched.kt:61)
	at kotlinx.coroutines.BuildersKt__Builders_commonKt.withContext(Builders.common.kt:163)
	at kotlinx.coroutines.BuildersKt.withContext(Unknown Source)
	at io.kotest.engine.test.interceptors.CoroutineErrorCollectorInterceptor.intercept(CoroutineErrorCollectorInterceptor.kt:33)
	at io.kotest.engine.test.TestCaseExecutor$execute$3$1.invokeSuspend(TestCaseExecutor.kt:100)
	at io.kotest.engine.test.TestCaseExecutor$execute$3$1.invoke(TestCaseExecutor.kt)
	at io.kotest.engine.test.TestCaseExecutor$execute$3$1.invoke(TestCaseExecutor.kt)
	at io.kotest.engine.test.interceptors.CoroutineDispatcherFactoryInterceptor$intercept$4.invokeSuspend(coroutineDispatcherFactoryInterceptor.kt:57)
	at io.kotest.engine.test.interceptors.CoroutineDispatcherFactoryInterceptor$intercept$4.invoke(coroutineDispatcherFactoryInterceptor.kt)
	at io.kotest.engine.test.interceptors.CoroutineDispatcherFactoryInterceptor$intercept$4.invoke(coroutineDispatcherFactoryInterceptor.kt)
	at io.kotest.engine.concurrency.FixedThreadCoroutineDispatcherFactory$withDispatcher$4.invokeSuspend(FixedThreadCoroutineDispatcherFactory.kt:59)
	at io.kotest.engine.concurrency.FixedThreadCoroutineDispatcherFactory$withDispatcher$4.invoke(FixedThreadCoroutineDispatcherFactory.kt)
	at io.kotest.engine.concurrency.FixedThreadCoroutineDispatcherFactory$withDispatcher$4.invoke(FixedThreadCoroutineDispatcherFactory.kt)
	at kotlinx.coroutines.intrinsics.UndispatchedKt.startUndispatchedOrReturn(Undispatched.kt:61)
	at kotlinx.coroutines.BuildersKt__Builders_commonKt.withContext(Builders.common.kt:163)
	at kotlinx.coroutines.BuildersKt.withContext(Unknown Source)
	at io.kotest.engine.concurrency.FixedThreadCoroutineDispatcherFactory.withDispatcher(FixedThreadCoroutineDispatcherFactory.kt:58)
	at io.kotest.engine.test.interceptors.CoroutineDispatcherFactoryInterceptor.intercept(coroutineDispatcherFactoryInterceptor.kt:56)
	at io.kotest.engine.test.TestCaseExecutor$execute$3$1.invokeSuspend(TestCaseExecutor.kt:100)
	at io.kotest.engine.test.TestCaseExecutor$execute$3$1.invoke(TestCaseExecutor.kt)
	at io.kotest.engine.test.TestCaseExecutor$execute$3$1.invoke(TestCaseExecutor.kt)
	at io.kotest.engine.test.interceptors.SupervisorScopeInterceptor$intercept$2.invokeSuspend(SupervisorScopeInterceptor.kt:23)
	at io.kotest.engine.test.interceptors.SupervisorScopeInterceptor$intercept$2.invoke(SupervisorScopeInterceptor.kt)
	at io.kotest.engine.test.interceptors.SupervisorScopeInterceptor$intercept$2.invoke(SupervisorScopeInterceptor.kt)
	at kotlinx.coroutines.intrinsics.UndispatchedKt.startUndispatchedOrReturn(Undispatched.kt:61)
	at kotlinx.coroutines.SupervisorKt.supervisorScope(Supervisor.kt:56)
	at io.kotest.engine.test.interceptors.SupervisorScopeInterceptor.intercept(SupervisorScopeInterceptor.kt:22)
	at io.kotest.engine.test.TestCaseExecutor$execute$3$1.invokeSuspend(TestCaseExecutor.kt:100)
	at io.kotest.engine.test.TestCaseExecutor$execute$3$1.invoke(TestCaseExecutor.kt)
	at io.kotest.engine.test.TestCaseExecutor$execute$3$1.invoke(TestCaseExecutor.kt)
	at io.kotest.engine.test.interceptors.InvocationCountCheckInterceptor.intercept(InvocationCountCheckInterceptor.kt:24)
	at io.kotest.engine.test.TestCaseExecutor$execute$3$1.invokeSuspend(TestCaseExecutor.kt:100)
	at io.kotest.engine.test.TestCaseExecutor$execute$3$1.invoke(TestCaseExecutor.kt)
	at io.kotest.engine.test.TestCaseExecutor$execute$3$1.invoke(TestCaseExecutor.kt)
	at io.kotest.engine.test.interceptors.TestFinishedInterceptor.intercept(TestFinishedInterceptor.kt:21)
	at io.kotest.engine.test.TestCaseExecutor$execute$3$1.invokeSuspend(TestCaseExecutor.kt:100)
	at io.kotest.engine.test.TestCaseExecutor$execute$3$1.invoke(TestCaseExecutor.kt)
	at io.kotest.engine.test.TestCaseExecutor$execute$3$1.invoke(TestCaseExecutor.kt)
	at io.kotest.engine.test.interceptors.TestNameContextInterceptor$intercept$2.invokeSuspend(TestPathContextInterceptor.kt:35)
	at io.kotest.engine.test.interceptors.TestNameContextInterceptor$intercept$2.invoke(TestPathContextInterceptor.kt)
	at io.kotest.engine.test.interceptors.TestNameContextInterceptor$intercept$2.invoke(TestPathContextInterceptor.kt)
	at kotlinx.coroutines.intrinsics.UndispatchedKt.startUndispatchedOrReturn(Undispatched.kt:61)
	at kotlinx.coroutines.BuildersKt__Builders_commonKt.withContext(Builders.common.kt:163)
	at kotlinx.coroutines.BuildersKt.withContext(Unknown Source)
	at io.kotest.engine.test.interceptors.TestNameContextInterceptor.intercept(TestPathContextInterceptor.kt:34)
	at io.kotest.engine.test.TestCaseExecutor$execute$3$1.invokeSuspend(TestCaseExecutor.kt:100)
	at io.kotest.engine.test.TestCaseExecutor$execute$3$1.invoke(TestCaseExecutor.kt)
	at io.kotest.engine.test.TestCaseExecutor$execute$3$1.invoke(TestCaseExecutor.kt)
	at io.kotest.engine.test.interceptors.TestPathContextInterceptor$intercept$2.invokeSuspend(TestPathContextInterceptor.kt:20)
	at io.kotest.engine.test.interceptors.TestPathContextInterceptor$intercept$2.invoke(TestPathContextInterceptor.kt)
	at io.kotest.engine.test.interceptors.TestPathContextInterceptor$intercept$2.invoke(TestPathContextInterceptor.kt)
	at kotlinx.coroutines.intrinsics.UndispatchedKt.startUndispatchedOrReturn(Undispatched.kt:61)
	at kotlinx.coroutines.BuildersKt__Builders_commonKt.withContext(Builders.common.kt:163)
	at kotlinx.coroutines.BuildersKt.withContext(Unknown Source)
	at io.kotest.engine.test.interceptors.TestPathContextInterceptor.intercept(TestPathContextInterceptor.kt:19)
	at io.kotest.engine.test.TestCaseExecutor$execute$3$1.invokeSuspend(TestCaseExecutor.kt:100)
	at io.kotest.engine.test.TestCaseExecutor$execute$3$1.invoke(TestCaseExecutor.kt)
	at io.kotest.engine.test.TestCaseExecutor$execute$3$1.invoke(TestCaseExecutor.kt)
	at io.kotest.engine.test.TestCaseExecutor.execute(TestCaseExecutor.kt:101)
	at io.kotest.engine.spec.runners.SingleInstanceSpecRunner.runTest(SingleInstanceSpecRunner.kt:113)
	at io.kotest.engine.spec.runners.SingleInstanceSpecRunner.access$runTest(SingleInstanceSpecRunner.kt:29)
	at io.kotest.engine.spec.runners.SingleInstanceSpecRunner$SingleInstanceTestScope.registerTestCase(SingleInstanceSpecRunner.kt:84)
	at io.kotest.engine.test.scopes.DuplicateNameHandlingTestScope.registerTestCase(DuplicateNameHandlingTestScope.kt:30)
	at io.kotest.engine.test.scopes.TestScopeWithCoroutineContext.registerTestCase(scopes.kt)
	at io.kotest.core.spec.style.scopes.AbstractContainerScope.registerTestCase$suspendImpl(ContainerScope.kt:222)
	at io.kotest.core.spec.style.scopes.AbstractContainerScope.registerTestCase(ContainerScope.kt)
	at io.kotest.core.spec.style.scopes.ContainerScope$DefaultImpls.registerTest(ContainerScope.kt:50)
	at io.kotest.core.spec.style.scopes.AbstractContainerScope.registerTest(ContainerScope.kt:213)
	at io.kotest.datatest.ContainerKt.withData(container.kt:73)
	at vegas.GoldenMasterTest$1$1$1.invokeSuspend(GoldenMasterTest.kt:89)
	at vegas.GoldenMasterTest$1$1$1.invoke(GoldenMasterTest.kt)
	at vegas.GoldenMasterTest$1$1$1.invoke(GoldenMasterTest.kt)
	at io.kotest.core.spec.style.scopes.FreeSpecContainerScope$minus$2.invokeSuspend(FreeSpecContainerScope.kt:26)
	at io.kotest.core.spec.style.scopes.FreeSpecContainerScope$minus$2.invoke(FreeSpecContainerScope.kt)
	at io.kotest.core.spec.style.scopes.FreeSpecContainerScope$minus$2.invoke(FreeSpecContainerScope.kt)
	at io.kotest.engine.test.TestCaseExecutor$execute$innerExecute$1.invokeSuspend(TestCaseExecutor.kt:91)
	at io.kotest.engine.test.TestCaseExecutor$execute$innerExecute$1.invoke(TestCaseExecutor.kt)
	at io.kotest.engine.test.TestCaseExecutor$execute$innerExecute$1.invoke(TestCaseExecutor.kt)
	at io.kotest.engine.test.interceptors.CoroutineDebugProbeInterceptor.intercept(CoroutineDebugProbeInterceptor.kt:29)
	at io.kotest.engine.test.TestCaseExecutor$execute$3$1.invokeSuspend(TestCaseExecutor.kt:100)
	at io.kotest.engine.test.TestCaseExecutor$execute$3$1.invoke(TestCaseExecutor.kt)
	at io.kotest.engine.test.TestCaseExecutor$execute$3$1.invoke(TestCaseExecutor.kt)
	at io.kotest.engine.test.TestInvocationInterceptor$runBeforeTestAfter$executeWithBeforeAfter$1.invokeSuspend(TestInvocationInterceptor.kt:63)
	at io.kotest.engine.test.TestInvocationInterceptor$runBeforeTestAfter$executeWithBeforeAfter$1.invoke(TestInvocationInterceptor.kt)
	at io.kotest.engine.test.TestInvocationInterceptor$runBeforeTestAfter$executeWithBeforeAfter$1.invoke(TestInvocationInterceptor.kt)
	at io.kotest.engine.test.interceptors.InvocationTimeoutInterceptor.intercept(InvocationTimeoutInterceptor.kt:28)
	at io.kotest.engine.test.TestInvocationInterceptor$runBeforeTestAfter$wrappedTest$1$1.invokeSuspend(TestInvocationInterceptor.kt:70)
	at io.kotest.engine.test.TestInvocationInterceptor$runBeforeTestAfter$wrappedTest$1$1.invoke(TestInvocationInterceptor.kt)
	at io.kotest.engine.test.TestInvocationInterceptor$runBeforeTestAfter$wrappedTest$1$1.invoke(TestInvocationInterceptor.kt)
	at io.kotest.engine.test.TestInvocationInterceptor.runBeforeTestAfter(TestInvocationInterceptor.kt:73)
	at io.kotest.engine.test.TestInvocationInterceptor.access$runBeforeTestAfter(TestInvocationInterceptor.kt:14)
	at io.kotest.engine.test.TestInvocationInterceptor$intercept$2$1.invokeSuspend(TestInvocationInterceptor.kt:36)
	at io.kotest.engine.test.TestInvocationInterceptor$intercept$2$1.invoke(TestInvocationInterceptor.kt)
	at io.kotest.engine.test.TestInvocationInterceptor$intercept$2$1.invoke(TestInvocationInterceptor.kt)
	at io.kotest.mpp.ReplayKt.replay(replay.kt:15)
	at io.kotest.engine.test.TestInvocationInterceptor$intercept$2.invokeSuspend(TestInvocationInterceptor.kt:32)
	at io.kotest.engine.test.TestInvocationInterceptor$intercept$2.invoke(TestInvocationInterceptor.kt)
	at io.kotest.engine.test.TestInvocationInterceptor$intercept$2.invoke(TestInvocationInterceptor.kt)
	at kotlinx.coroutines.intrinsics.UndispatchedKt.startUndispatchedOrReturn(Undispatched.kt:61)
	at kotlinx.coroutines.CoroutineScopeKt.coroutineScope(CoroutineScope.kt:261)
	at io.kotest.engine.test.TestInvocationInterceptor.intercept(TestInvocationInterceptor.kt:31)
	at io.kotest.engine.test.TestCaseExecutor$execute$3$1.invokeSuspend(TestCaseExecutor.kt:100)
	at io.kotest.engine.test.TestCaseExecutor$execute$3$1.invoke(TestCaseExecutor.kt)
	at io.kotest.engine.test.TestCaseExecutor$execute$3$1.invoke(TestCaseExecutor.kt)
	at io.kotest.engine.interceptors.MarkAbortedExceptionsAsSkippedTestInterceptor.intercept(MarkAbortedExceptionsAsSkippedTestInterceptor.kt:23)
	at io.kotest.engine.test.TestCaseExecutor$execute$3$1.invokeSuspend(TestCaseExecutor.kt:100)
	at io.kotest.engine.test.TestCaseExecutor$execute$3$1.invoke(TestCaseExecutor.kt)
	at io.kotest.engine.test.TestCaseExecutor$execute$3$1.invoke(TestCaseExecutor.kt)
	at io.kotest.engine.test.interceptors.ExpectExceptionTestInterceptor.intercept(ExpectExceptionTestInterceptor.kt:18)
	at io.kotest.engine.test.TestCaseExecutor$execute$3$1.invokeSuspend(TestCaseExecutor.kt:100)
	at io.kotest.engine.test.TestCaseExecutor$execute$3$1.invoke(TestCaseExecutor.kt)
	at io.kotest.engine.test.TestCaseExecutor$execute$3$1.invoke(TestCaseExecutor.kt)
	at io.kotest.engine.test.interceptors.TimeoutInterceptor.intercept(TimeoutInterceptor.kt:33)
	at io.kotest.engine.test.TestCaseExecutor$execute$3$1.invokeSuspend(TestCaseExecutor.kt:100)
	at io.kotest.engine.test.TestCaseExecutor$execute$3$1.invoke(TestCaseExecutor.kt)
	at io.kotest.engine.test.TestCaseExecutor$execute$3$1.invoke(TestCaseExecutor.kt)
	at io.kotest.engine.test.interceptors.BlockedThreadTimeoutInterceptor.intercept(BlockedThreadTimeoutInterceptor.kt:79)
	at io.kotest.engine.test.TestCaseExecutor$execute$3$1.invokeSuspend(TestCaseExecutor.kt:100)
	at io.kotest.engine.test.TestCaseExecutor$execute$3$1.invoke(TestCaseExecutor.kt)
	at io.kotest.engine.test.TestCaseExecutor$execute$3$1.invoke(TestCaseExecutor.kt)
	at io.kotest.engine.test.interceptors.CoroutineLoggingInterceptor.intercept(CoroutineLoggingInterceptor.kt:30)
	at io.kotest.engine.test.TestCaseExecutor$execute$3$1.invokeSuspend(TestCaseExecutor.kt:100)
	at io.kotest.engine.test.TestCaseExecutor$execute$3$1.invoke(TestCaseExecutor.kt)
	at io.kotest.engine.test.TestCaseExecutor$execute$3$1.invoke(TestCaseExecutor.kt)
	at io.kotest.engine.test.interceptors.SoftAssertInterceptor.intercept(SoftAssertInterceptor.kt:26)
	at io.kotest.engine.test.TestCaseExecutor$execute$3$1.invokeSuspend(TestCaseExecutor.kt:100)
	at io.kotest.engine.test.TestCaseExecutor$execute$3$1.invoke(TestCaseExecutor.kt)
	at io.kotest.engine.test.TestCaseExecutor$execute$3$1.invoke(TestCaseExecutor.kt)
	at io.kotest.engine.test.interceptors.AssertionModeInterceptor.intercept(AssertionModeInterceptor.kt:24)
	at io.kotest.engine.test.TestCaseExecutor$execute$3$1.invokeSuspend(TestCaseExecutor.kt:100)
	at io.kotest.engine.test.TestCaseExecutor$execute$3$1.invoke(TestCaseExecutor.kt)
	at io.kotest.engine.test.TestCaseExecutor$execute$3$1.invoke(TestCaseExecutor.kt)
	at io.kotest.engine.test.interceptors.LifecycleInterceptor.intercept(LifecycleInterceptor.kt:50)
	at io.kotest.engine.test.TestCaseExecutor$execute$3$1.invokeSuspend(TestCaseExecutor.kt:100)
	at io.kotest.engine.test.TestCaseExecutor$execute$3$1.invoke(TestCaseExecutor.kt)
	at io.kotest.engine.test.TestCaseExecutor$execute$3$1.invoke(TestCaseExecutor.kt)
	at io.kotest.engine.test.interceptors.TestCaseExtensionInterceptor$intercept$2.invokeSuspend(TestCaseExtensionInterceptor.kt:24)
	at io.kotest.engine.test.interceptors.TestCaseExtensionInterceptor$intercept$2.invoke(TestCaseExtensionInterceptor.kt)
	at io.kotest.engine.test.interceptors.TestCaseExtensionInterceptor$intercept$2.invoke(TestCaseExtensionInterceptor.kt)
	at io.kotest.engine.test.TestExtensions.intercept(TestExtensions.kt:148)
	at io.kotest.engine.test.interceptors.TestCaseExtensionInterceptor.intercept(TestCaseExtensionInterceptor.kt:24)
	at io.kotest.engine.test.TestCaseExecutor$execute$3$1.invokeSuspend(TestCaseExecutor.kt:100)
	at io.kotest.engine.test.TestCaseExecutor$execute$3$1.invoke(TestCaseExecutor.kt)
	at io.kotest.engine.test.TestCaseExecutor$execute$3$1.invoke(TestCaseExecutor.kt)
	at io.kotest.engine.test.interceptors.BeforeSpecListenerInterceptor$intercept$runTest$1$2.invokeSuspend(BeforeSpecListenerInterceptor.kt:43)
	at io.kotest.engine.test.interceptors.BeforeSpecListenerInterceptor$intercept$runTest$1$2.invoke(BeforeSpecListenerInterceptor.kt)
	at io.kotest.engine.test.interceptors.BeforeSpecListenerInterceptor$intercept$runTest$1$2.invoke(BeforeSpecListenerInterceptor.kt)
	at io.kotest.engine.test.interceptors.BeforeSpecListenerInterceptor.intercept(BeforeSpecListenerInterceptor.kt:60)
	at io.kotest.engine.test.TestCaseExecutor$execute$3$1.invokeSuspend(TestCaseExecutor.kt:100)
	at io.kotest.engine.test.TestCaseExecutor$execute$3$1.invoke(TestCaseExecutor.kt)
	at io.kotest.engine.test.TestCaseExecutor$execute$3$1.invoke(TestCaseExecutor.kt)
	at io.kotest.engine.test.interceptors.TestEnabledCheckInterceptor.intercept(TestEnabledCheckInterceptor.kt:31)
	at io.kotest.engine.test.TestCaseExecutor$execute$3$1.invokeSuspend(TestCaseExecutor.kt:100)
	at io.kotest.engine.test.TestCaseExecutor$execute$3$1.invoke(TestCaseExecutor.kt)
	at io.kotest.engine.test.TestCaseExecutor$execute$3$1.invoke(TestCaseExecutor.kt)
	at io.kotest.engine.test.interceptors.CoroutineErrorCollectorInterceptor$intercept$3.invokeSuspend(CoroutineErrorCollectorInterceptor.kt:34)
	at io.kotest.engine.test.interceptors.CoroutineErrorCollectorInterceptor$intercept$3.invoke(CoroutineErrorCollectorInterceptor.kt)
	at io.kotest.engine.test.interceptors.CoroutineErrorCollectorInterceptor$intercept$3.invoke(CoroutineErrorCollectorInterceptor.kt)
	at kotlinx.coroutines.intrinsics.UndispatchedKt.startUndispatchedOrReturn(Undispatched.kt:61)
	at kotlinx.coroutines.BuildersKt__Builders_commonKt.withContext(Builders.common.kt:163)
	at kotlinx.coroutines.BuildersKt.withContext(Unknown Source)
	at io.kotest.engine.test.interceptors.CoroutineErrorCollectorInterceptor.intercept(CoroutineErrorCollectorInterceptor.kt:33)
	at io.kotest.engine.test.TestCaseExecutor$execute$3$1.invokeSuspend(TestCaseExecutor.kt:100)
	at io.kotest.engine.test.TestCaseExecutor$execute$3$1.invoke(TestCaseExecutor.kt)
	at io.kotest.engine.test.TestCaseExecutor$execute$3$1.invoke(TestCaseExecutor.kt)
	at io.kotest.engine.test.interceptors.CoroutineDispatcherFactoryInterceptor$intercept$4.invokeSuspend(coroutineDispatcherFactoryInterceptor.kt:57)
	at io.kotest.engine.test.interceptors.CoroutineDispatcherFactoryInterceptor$intercept$4.invoke(coroutineDispatcherFactoryInterceptor.kt)
	at io.kotest.engine.test.interceptors.CoroutineDispatcherFactoryInterceptor$intercept$4.invoke(coroutineDispatcherFactoryInterceptor.kt)
	at io.kotest.engine.concurrency.FixedThreadCoroutineDispatcherFactory$withDispatcher$4.invokeSuspend(FixedThreadCoroutineDispatcherFactory.kt:59)
	at io.kotest.engine.concurrency.FixedThreadCoroutineDispatcherFactory$withDispatcher$4.invoke(FixedThreadCoroutineDispatcherFactory.kt)
	at io.kotest.engine.concurrency.FixedThreadCoroutineDispatcherFactory$withDispatcher$4.invoke(FixedThreadCoroutineDispatcherFactory.kt)
	at kotlinx.coroutines.intrinsics.UndispatchedKt.startUndispatchedOrReturn(Undispatched.kt:61)
	at kotlinx.coroutines.BuildersKt__Builders_commonKt.withContext(Builders.common.kt:163)
	at kotlinx.coroutines.BuildersKt.withContext(Unknown Source)
	at io.kotest.engine.concurrency.FixedThreadCoroutineDispatcherFactory.withDispatcher(FixedThreadCoroutineDispatcherFactory.kt:58)
	at io.kotest.engine.test.interceptors.CoroutineDispatcherFactoryInterceptor.intercept(coroutineDispatcherFactoryInterceptor.kt:56)
	at io.kotest.engine.test.TestCaseExecutor$execute$3$1.invokeSuspend(TestCaseExecutor.kt:100)
	at io.kotest.engine.test.TestCaseExecutor$execute$3$1.invoke(TestCaseExecutor.kt)
	at io.kotest.engine.test.TestCaseExecutor$execute$3$1.invoke(TestCaseExecutor.kt)
	at io.kotest.engine.test.interceptors.SupervisorScopeInterceptor$intercept$2.invokeSuspend(SupervisorScopeInterceptor.kt:23)
	at io.kotest.engine.test.interceptors.SupervisorScopeInterceptor$intercept$2.invoke(SupervisorScopeInterceptor.kt)
	at io.kotest.engine.test.interceptors.SupervisorScopeInterceptor$intercept$2.invoke(SupervisorScopeInterceptor.kt)
	at kotlinx.coroutines.intrinsics.UndispatchedKt.startUndispatchedOrReturn(Undispatched.kt:61)
	at kotlinx.coroutines.SupervisorKt.supervisorScope(Supervisor.kt:56)
	at io.kotest.engine.test.interceptors.SupervisorScopeInterceptor.intercept(SupervisorScopeInterceptor.kt:22)
	at io.kotest.engine.test.TestCaseExecutor$execute$3$1.invokeSuspend(TestCaseExecutor.kt:100)
	at io.kotest.engine.test.TestCaseExecutor$execute$3$1.invoke(TestCaseExecutor.kt)
	at io.kotest.engine.test.TestCaseExecutor$execute$3$1.invoke(TestCaseExecutor.kt)
	at io.kotest.engine.test.interceptors.InvocationCountCheckInterceptor.intercept(InvocationCountCheckInterceptor.kt:24)
	at io.kotest.engine.test.TestCaseExecutor$execute$3$1.invokeSuspend(TestCaseExecutor.kt:100)
	at io.kotest.engine.test.TestCaseExecutor$execute$3$1.invoke(TestCaseExecutor.kt)
	at io.kotest.engine.test.TestCaseExecutor$execute$3$1.invoke(TestCaseExecutor.kt)
	at io.kotest.engine.test.interceptors.TestFinishedInterceptor.intercept(TestFinishedInterceptor.kt:21)
	at io.kotest.engine.test.TestCaseExecutor$execute$3$1.invokeSuspend(TestCaseExecutor.kt:100)
	at io.kotest.engine.test.TestCaseExecutor$execute$3$1.invoke(TestCaseExecutor.kt)
	at io.kotest.engine.test.TestCaseExecutor$execute$3$1.invoke(TestCaseExecutor.kt)
	at io.kotest.engine.test.interceptors.TestNameContextInterceptor$intercept$2.invokeSuspend(TestPathContextInterceptor.kt:35)
	at io.kotest.engine.test.interceptors.TestNameContextInterceptor$intercept$2.invoke(TestPathContextInterceptor.kt)
	at io.kotest.engine.test.interceptors.TestNameContextInterceptor$intercept$2.invoke(TestPathContextInterceptor.kt)
	at kotlinx.coroutines.intrinsics.UndispatchedKt.startUndispatchedOrReturn(Undispatched.kt:61)
	at kotlinx.coroutines.BuildersKt__Builders_commonKt.withContext(Builders.common.kt:163)
	at kotlinx.coroutines.BuildersKt.withContext(Unknown Source)
	at io.kotest.engine.test.interceptors.TestNameContextInterceptor.intercept(TestPathContextInterceptor.kt:34)
	at io.kotest.engine.test.TestCaseExecutor$execute$3$1.invokeSuspend(TestCaseExecutor.kt:100)
	at io.kotest.engine.test.TestCaseExecutor$execute$3$1.invoke(TestCaseExecutor.kt)
	at io.kotest.engine.test.TestCaseExecutor$execute$3$1.invoke(TestCaseExecutor.kt)
	at io.kotest.engine.test.interceptors.TestPathContextInterceptor$intercept$2.invokeSuspend(TestPathContextInterceptor.kt:20)
	at io.kotest.engine.test.interceptors.TestPathContextInterceptor$intercept$2.invoke(TestPathContextInterceptor.kt)
	at io.kotest.engine.test.interceptors.TestPathContextInterceptor$intercept$2.invoke(TestPathContextInterceptor.kt)
	at kotlinx.coroutines.intrinsics.UndispatchedKt.startUndispatchedOrReturn(Undispatched.kt:61)
	at kotlinx.coroutines.BuildersKt__Builders_commonKt.withContext(Builders.common.kt:163)
	at kotlinx.coroutines.BuildersKt.withContext(Unknown Source)
	at io.kotest.engine.test.interceptors.TestPathContextInterceptor.intercept(TestPathContextInterceptor.kt:19)
	at io.kotest.engine.test.TestCaseExecutor$execute$3$1.invokeSuspend(TestCaseExecutor.kt:100)
	at io.kotest.engine.test.TestCaseExecutor$execute$3$1.invoke(TestCaseExecutor.kt)
	at io.kotest.engine.test.TestCaseExecutor$execute$3$1.invoke(TestCaseExecutor.kt)
	at io.kotest.engine.test.TestCaseExecutor.execute(TestCaseExecutor.kt:101)
	at io.kotest.engine.spec.runners.SingleInstanceSpecRunner.runTest(SingleInstanceSpecRunner.kt:113)
	at io.kotest.engine.spec.runners.SingleInstanceSpecRunner.access$runTest(SingleInstanceSpecRunner.kt:29)
	at io.kotest.engine.spec.runners.SingleInstanceSpecRunner$SingleInstanceTestScope.registerTestCase(SingleInstanceSpecRunner.kt:84)
	at io.kotest.engine.test.scopes.DuplicateNameHandlingTestScope.registerTestCase(DuplicateNameHandlingTestScope.kt:30)
	at io.kotest.engine.test.scopes.TestScopeWithCoroutineContext.registerTestCase(scopes.kt)
	at io.kotest.core.spec.style.scopes.AbstractContainerScope.registerTestCase$suspendImpl(ContainerScope.kt:222)
	at io.kotest.core.spec.style.scopes.AbstractContainerScope.registerTestCase(ContainerScope.kt)
	at io.kotest.core.spec.style.scopes.AbstractContainerScope.registerTestCase$suspendImpl(ContainerScope.kt:222)
	at io.kotest.core.spec.style.scopes.AbstractContainerScope.registerTestCase(ContainerScope.kt)
	at io.kotest.core.spec.style.scopes.ContainerScope$DefaultImpls.registerTest(ContainerScope.kt:50)
	at io.kotest.core.spec.style.scopes.AbstractContainerScope.registerTest(ContainerScope.kt:213)
	at io.kotest.core.spec.style.scopes.ContainerScope$DefaultImpls.registerContainer(ContainerScope.kt:68)
	at io.kotest.core.spec.style.scopes.AbstractContainerScope.registerContainer(ContainerScope.kt:213)
	at io.kotest.core.spec.style.scopes.FreeSpecContainerScope.minus(FreeSpecContainerScope.kt:26)
	at vegas.GoldenMasterTest$1$1.invokeSuspend(GoldenMasterTest.kt:88)
	at vegas.GoldenMasterTest$1$1.invoke(GoldenMasterTest.kt)
	at vegas.GoldenMasterTest$1$1.invoke(GoldenMasterTest.kt)
	at io.kotest.core.spec.style.scopes.FreeSpecRootScope$minus$1.invokeSuspend(FreeSpecRootScope.kt:21)
	at io.kotest.core.spec.style.scopes.FreeSpecRootScope$minus$1.invoke(FreeSpecRootScope.kt)
	at io.kotest.core.spec.style.scopes.FreeSpecRootScope$minus$1.invoke(FreeSpecRootScope.kt)
	at io.kotest.core.spec.style.scopes.RootScopeKt$addTest$1.invokeSuspend(RootScope.kt:36)
	at io.kotest.core.spec.style.scopes.RootScopeKt$addTest$1.invoke(RootScope.kt)
	at io.kotest.core.spec.style.scopes.RootScopeKt$addTest$1.invoke(RootScope.kt)
	at io.kotest.engine.test.TestCaseExecutor$execute$innerExecute$1.invokeSuspend(TestCaseExecutor.kt:91)
	at io.kotest.engine.test.TestCaseExecutor$execute$innerExecute$1.invoke(TestCaseExecutor.kt)
	at io.kotest.engine.test.TestCaseExecutor$execute$innerExecute$1.invoke(TestCaseExecutor.kt)
	at io.kotest.engine.test.interceptors.CoroutineDebugProbeInterceptor.intercept(CoroutineDebugProbeInterceptor.kt:29)
	at io.kotest.engine.test.TestCaseExecutor$execute$3$1.invokeSuspend(TestCaseExecutor.kt:100)
	at io.kotest.engine.test.TestCaseExecutor$execute$3$1.invoke(TestCaseExecutor.kt)
	at io.kotest.engine.test.TestCaseExecutor$execute$3$1.invoke(TestCaseExecutor.kt)
	at io.kotest.engine.test.TestInvocationInterceptor$runBeforeTestAfter$executeWithBeforeAfter$1.invokeSuspend(TestInvocationInterceptor.kt:63)
	at io.kotest.engine.test.TestInvocationInterceptor$runBeforeTestAfter$executeWithBeforeAfter$1.invoke(TestInvocationInterceptor.kt)
	at io.kotest.engine.test.TestInvocationInterceptor$runBeforeTestAfter$executeWithBeforeAfter$1.invoke(TestInvocationInterceptor.kt)
	at io.kotest.engine.test.interceptors.InvocationTimeoutInterceptor.intercept(InvocationTimeoutInterceptor.kt:28)
	at io.kotest.engine.test.TestInvocationInterceptor$runBeforeTestAfter$wrappedTest$1$1.invokeSuspend(TestInvocationInterceptor.kt:70)
	at io.kotest.engine.test.TestInvocationInterceptor$runBeforeTestAfter$wrappedTest$1$1.invoke(TestInvocationInterceptor.kt)
	at io.kotest.engine.test.TestInvocationInterceptor$runBeforeTestAfter$wrappedTest$1$1.invoke(TestInvocationInterceptor.kt)
	at io.kotest.engine.test.TestInvocationInterceptor.runBeforeTestAfter(TestInvocationInterceptor.kt:73)
	at io.kotest.engine.test.TestInvocationInterceptor.access$runBeforeTestAfter(TestInvocationInterceptor.kt:14)
	at io.kotest.engine.test.TestInvocationInterceptor$intercept$2$1.invokeSuspend(TestInvocationInterceptor.kt:36)
	at io.kotest.engine.test.TestInvocationInterceptor$intercept$2$1.invoke(TestInvocationInterceptor.kt)
	at io.kotest.engine.test.TestInvocationInterceptor$intercept$2$1.invoke(TestInvocationInterceptor.kt)
	at io.kotest.mpp.ReplayKt.replay(replay.kt:15)
	at io.kotest.engine.test.TestInvocationInterceptor$intercept$2.invokeSuspend(TestInvocationInterceptor.kt:32)
	at io.kotest.engine.test.TestInvocationInterceptor$intercept$2.invoke(TestInvocationInterceptor.kt)
	at io.kotest.engine.test.TestInvocationInterceptor$intercept$2.invoke(TestInvocationInterceptor.kt)
	at kotlinx.coroutines.intrinsics.UndispatchedKt.startUndispatchedOrReturn(Undispatched.kt:61)
	at kotlinx.coroutines.CoroutineScopeKt.coroutineScope(CoroutineScope.kt:261)
	at io.kotest.engine.test.TestInvocationInterceptor.intercept(TestInvocationInterceptor.kt:31)
	at io.kotest.engine.test.TestCaseExecutor$execute$3$1.invokeSuspend(TestCaseExecutor.kt:100)
	at io.kotest.engine.test.TestCaseExecutor$execute$3$1.invoke(TestCaseExecutor.kt)
	at io.kotest.engine.test.TestCaseExecutor$execute$3$1.invoke(TestCaseExecutor.kt)
	at io.kotest.engine.interceptors.MarkAbortedExceptionsAsSkippedTestInterceptor.intercept(MarkAbortedExceptionsAsSkippedTestInterceptor.kt:23)
	at io.kotest.engine.test.TestCaseExecutor$execute$3$1.invokeSuspend(TestCaseExecutor.kt:100)
	at io.kotest.engine.test.TestCaseExecutor$execute$3$1.invoke(TestCaseExecutor.kt)
	at io.kotest.engine.test.TestCaseExecutor$execute$3$1.invoke(TestCaseExecutor.kt)
	at io.kotest.engine.test.interceptors.ExpectExceptionTestInterceptor.intercept(ExpectExceptionTestInterceptor.kt:18)
	at io.kotest.engine.test.TestCaseExecutor$execute$3$1.invokeSuspend(TestCaseExecutor.kt:100)
	at io.kotest.engine.test.TestCaseExecutor$execute$3$1.invoke(TestCaseExecutor.kt)
	at io.kotest.engine.test.TestCaseExecutor$execute$3$1.invoke(TestCaseExecutor.kt)
	at io.kotest.engine.test.interceptors.TimeoutInterceptor.intercept(TimeoutInterceptor.kt:33)
	at io.kotest.engine.test.TestCaseExecutor$execute$3$1.invokeSuspend(TestCaseExecutor.kt:100)
	at io.kotest.engine.test.TestCaseExecutor$execute$3$1.invoke(TestCaseExecutor.kt)
	at io.kotest.engine.test.TestCaseExecutor$execute$3$1.invoke(TestCaseExecutor.kt)
	at io.kotest.engine.test.interceptors.BlockedThreadTimeoutInterceptor.intercept(BlockedThreadTimeoutInterceptor.kt:79)
	at io.kotest.engine.test.TestCaseExecutor$execute$3$1.invokeSuspend(TestCaseExecutor.kt:100)
	at io.kotest.engine.test.TestCaseExecutor$execute$3$1.invoke(TestCaseExecutor.kt)
	at io.kotest.engine.test.TestCaseExecutor$execute$3$1.invoke(TestCaseExecutor.kt)
	at io.kotest.engine.test.interceptors.CoroutineLoggingInterceptor.intercept(CoroutineLoggingInterceptor.kt:30)
	at io.kotest.engine.test.TestCaseExecutor$execute$3$1.invokeSuspend(TestCaseExecutor.kt:100)
	at io.kotest.engine.test.TestCaseExecutor$execute$3$1.invoke(TestCaseExecutor.kt)
	at io.kotest.engine.test.TestCaseExecutor$execute$3$1.invoke(TestCaseExecutor.kt)
	at io.kotest.engine.test.interceptors.SoftAssertInterceptor.intercept(SoftAssertInterceptor.kt:26)
	at io.kotest.engine.test.TestCaseExecutor$execute$3$1.invokeSuspend(TestCaseExecutor.kt:100)
	at io.kotest.engine.test.TestCaseExecutor$execute$3$1.invoke(TestCaseExecutor.kt)
	at io.kotest.engine.test.TestCaseExecutor$execute$3$1.invoke(TestCaseExecutor.kt)
	at io.kotest.engine.test.interceptors.AssertionModeInterceptor.intercept(AssertionModeInterceptor.kt:24)
	at io.kotest.engine.test.TestCaseExecutor$execute$3$1.invokeSuspend(TestCaseExecutor.kt:100)
	at io.kotest.engine.test.TestCaseExecutor$execute$3$1.invoke(TestCaseExecutor.kt)
	at io.kotest.engine.test.TestCaseExecutor$execute$3$1.invoke(TestCaseExecutor.kt)
	at io.kotest.engine.test.interceptors.LifecycleInterceptor.intercept(LifecycleInterceptor.kt:50)
	at io.kotest.engine.test.TestCaseExecutor$execute$3$1.invokeSuspend(TestCaseExecutor.kt:100)
	at io.kotest.engine.test.TestCaseExecutor$execute$3$1.invoke(TestCaseExecutor.kt)
	at io.kotest.engine.test.TestCaseExecutor$execute$3$1.invoke(TestCaseExecutor.kt)
	at io.kotest.engine.test.interceptors.TestCaseExtensionInterceptor$intercept$2.invokeSuspend(TestCaseExtensionInterceptor.kt:24)
	at io.kotest.engine.test.interceptors.TestCaseExtensionInterceptor$intercept$2.invoke(TestCaseExtensionInterceptor.kt)
	at io.kotest.engine.test.interceptors.TestCaseExtensionInterceptor$intercept$2.invoke(TestCaseExtensionInterceptor.kt)
	at io.kotest.engine.test.TestExtensions.intercept(TestExtensions.kt:148)
	at io.kotest.engine.test.interceptors.TestCaseExtensionInterceptor.intercept(TestCaseExtensionInterceptor.kt:24)
	at io.kotest.engine.test.TestCaseExecutor$execute$3$1.invokeSuspend(TestCaseExecutor.kt:100)
	at io.kotest.engine.test.TestCaseExecutor$execute$3$1.invoke(TestCaseExecutor.kt)
	at io.kotest.engine.test.TestCaseExecutor$execute$3$1.invoke(TestCaseExecutor.kt)
	at io.kotest.engine.test.interceptors.BeforeSpecListenerInterceptor$intercept$runTest$1$4$1.invokeSuspend(BeforeSpecListenerInterceptor.kt:50)
	at io.kotest.engine.test.interceptors.BeforeSpecListenerInterceptor$intercept$runTest$1$4$1.invoke(BeforeSpecListenerInterceptor.kt)
	at io.kotest.engine.test.interceptors.BeforeSpecListenerInterceptor$intercept$runTest$1$4$1.invoke(BeforeSpecListenerInterceptor.kt)
	at io.kotest.engine.test.interceptors.BeforeSpecListenerInterceptor.intercept(BeforeSpecListenerInterceptor.kt:60)
	at io.kotest.engine.test.TestCaseExecutor$execute$3$1.invokeSuspend(TestCaseExecutor.kt:100)
	at io.kotest.engine.test.TestCaseExecutor$execute$3$1.invoke(TestCaseExecutor.kt)
	at io.kotest.engine.test.TestCaseExecutor$execute$3$1.invoke(TestCaseExecutor.kt)
	at io.kotest.engine.test.interceptors.TestEnabledCheckInterceptor.intercept(TestEnabledCheckInterceptor.kt:31)
	at io.kotest.engine.test.TestCaseExecutor$execute$3$1.invokeSuspend(TestCaseExecutor.kt:100)
	at io.kotest.engine.test.TestCaseExecutor$execute$3$1.invoke(TestCaseExecutor.kt)
	at io.kotest.engine.test.TestCaseExecutor$execute$3$1.invoke(TestCaseExecutor.kt)
	at io.kotest.engine.test.interceptors.CoroutineErrorCollectorInterceptor$intercept$3.invokeSuspend(CoroutineErrorCollectorInterceptor.kt:34)
	at io.kotest.engine.test.interceptors.CoroutineErrorCollectorInterceptor$intercept$3.invoke(CoroutineErrorCollectorInterceptor.kt)
	at io.kotest.engine.test.interceptors.CoroutineErrorCollectorInterceptor$intercept$3.invoke(CoroutineErrorCollectorInterceptor.kt)
	at kotlinx.coroutines.intrinsics.UndispatchedKt.startUndispatchedOrReturn(Undispatched.kt:61)
	at kotlinx.coroutines.BuildersKt__Builders_commonKt.withContext(Builders.common.kt:163)
	at kotlinx.coroutines.BuildersKt.withContext(Unknown Source)
	at io.kotest.engine.test.interceptors.CoroutineErrorCollectorInterceptor.intercept(CoroutineErrorCollectorInterceptor.kt:33)
	at io.kotest.engine.test.TestCaseExecutor$execute$3$1.invokeSuspend(TestCaseExecutor.kt:100)
	at io.kotest.engine.test.TestCaseExecutor$execute$3$1.invoke(TestCaseExecutor.kt)
	at io.kotest.engine.test.TestCaseExecutor$execute$3$1.invoke(TestCaseExecutor.kt)
	at io.kotest.engine.test.interceptors.CoroutineDispatcherFactoryInterceptor$intercept$4.invokeSuspend(coroutineDispatcherFactoryInterceptor.kt:57)
	at io.kotest.engine.test.interceptors.CoroutineDispatcherFactoryInterceptor$intercept$4.invoke(coroutineDispatcherFactoryInterceptor.kt)
	at io.kotest.engine.test.interceptors.CoroutineDispatcherFactoryInterceptor$intercept$4.invoke(coroutineDispatcherFactoryInterceptor.kt)
	at io.kotest.engine.concurrency.FixedThreadCoroutineDispatcherFactory$withDispatcher$4.invokeSuspend(FixedThreadCoroutineDispatcherFactory.kt:59)
	at _COROUTINE._BOUNDARY._(CoroutineDebugging.kt:42)
	at kotlinx.coroutines.TimeoutKt.withTimeoutOrNull(Timeout.kt:101)
	at io.kotest.engine.test.interceptors.InvocationTimeoutInterceptor.intercept(InvocationTimeoutInterceptor.kt:42)
	at io.kotest.engine.test.TestInvocationInterceptor$runBeforeTestAfter$wrappedTest$1$1.invokeSuspend(TestInvocationInterceptor.kt:70)
	at io.kotest.engine.test.TestInvocationInterceptor$intercept$2$1.invokeSuspend(TestInvocationInterceptor.kt:36)
	at io.kotest.mpp.ReplayKt.replay(replay.kt:15)
	at io.kotest.engine.test.TestInvocationInterceptor$intercept$2.invokeSuspend(TestInvocationInterceptor.kt:32)
	at io.kotest.engine.test.TestInvocationInterceptor.intercept(TestInvocationInterceptor.kt:31)
	at io.kotest.engine.test.TestCaseExecutor$execute$3$1.invokeSuspend(TestCaseExecutor.kt:100)
	at io.kotest.engine.interceptors.MarkAbortedExceptionsAsSkippedTestInterceptor.intercept(MarkAbortedExceptionsAsSkippedTestInterceptor.kt:23)
	at io.kotest.engine.test.TestCaseExecutor$execute$3$1.invokeSuspend(TestCaseExecutor.kt:100)
	at io.kotest.engine.test.interceptors.ExpectExceptionTestInterceptor.intercept(ExpectExceptionTestInterceptor.kt:18)
	at io.kotest.engine.test.TestCaseExecutor$execute$3$1.invokeSuspend(TestCaseExecutor.kt:100)
	at io.kotest.engine.test.interceptors.TimeoutInterceptor.intercept(TimeoutInterceptor.kt:33)
	at io.kotest.engine.test.TestCaseExecutor$execute$3$1.invokeSuspend(TestCaseExecutor.kt:100)
	at io.kotest.engine.test.interceptors.BlockedThreadTimeoutInterceptor.intercept(BlockedThreadTimeoutInterceptor.kt:79)
	at io.kotest.engine.test.TestCaseExecutor$execute$3$1.invokeSuspend(TestCaseExecutor.kt:100)
	at io.kotest.engine.test.interceptors.CoroutineLoggingInterceptor.intercept(CoroutineLoggingInterceptor.kt:30)
	at io.kotest.engine.test.TestCaseExecutor$execute$3$1.invokeSuspend(TestCaseExecutor.kt:100)
	at io.kotest.engine.test.interceptors.SoftAssertInterceptor.intercept(SoftAssertInterceptor.kt:26)
	at io.kotest.engine.test.TestCaseExecutor$execute$3$1.invokeSuspend(TestCaseExecutor.kt:100)
	at io.kotest.engine.test.interceptors.AssertionModeInterceptor.intercept(AssertionModeInterceptor.kt:24)
	at io.kotest.engine.test.TestCaseExecutor$execute$3$1.invokeSuspend(TestCaseExecutor.kt:100)
	at io.kotest.engine.test.interceptors.LifecycleInterceptor.intercept(LifecycleInterceptor.kt:50)
	at io.kotest.engine.test.TestCaseExecutor$execute$3$1.invokeSuspend(TestCaseExecutor.kt:100)
	at io.kotest.engine.test.interceptors.TestCaseExtensionInterceptor$intercept$2.invokeSuspend(TestCaseExtensionInterceptor.kt:24)
	at io.kotest.engine.test.TestCaseExecutor$execute$3$1.invokeSuspend(TestCaseExecutor.kt:100)
	at io.kotest.engine.test.interceptors.BeforeSpecListenerInterceptor$intercept$runTest$1$2.invokeSuspend(BeforeSpecListenerInterceptor.kt:43)
	at io.kotest.engine.test.interceptors.BeforeSpecListenerInterceptor.intercept(BeforeSpecListenerInterceptor.kt:60)
	at io.kotest.engine.test.TestCaseExecutor$execute$3$1.invokeSuspend(TestCaseExecutor.kt:100)
	at io.kotest.engine.test.interceptors.TestEnabledCheckInterceptor.intercept(TestEnabledCheckInterceptor.kt:31)
	at io.kotest.engine.test.TestCaseExecutor$execute$3$1.invokeSuspend(TestCaseExecutor.kt:100)
	at io.kotest.engine.test.interceptors.CoroutineErrorCollectorInterceptor$intercept$3.invokeSuspend(CoroutineErrorCollectorInterceptor.kt:34)
	at io.kotest.engine.test.TestCaseExecutor$execute$3$1.invokeSuspend(TestCaseExecutor.kt:100)
	at io.kotest.engine.test.interceptors.CoroutineDispatcherFactoryInterceptor$intercept$4.invokeSuspend(coroutineDispatcherFactoryInterceptor.kt:57)
	at io.kotest.engine.concurrency.FixedThreadCoroutineDispatcherFactory$withDispatcher$4.invokeSuspend(FixedThreadCoroutineDispatcherFactory.kt:59)
	at io.kotest.engine.test.interceptors.CoroutineDispatcherFactoryInterceptor.intercept(coroutineDispatcherFactoryInterceptor.kt:56)
	at io.kotest.engine.test.TestCaseExecutor$execute$3$1.invokeSuspend(TestCaseExecutor.kt:100)
	at io.kotest.engine.test.interceptors.SupervisorScopeInterceptor$intercept$2.invokeSuspend(SupervisorScopeInterceptor.kt:23)
	at io.kotest.engine.test.TestCaseExecutor$execute$3$1.invokeSuspend(TestCaseExecutor.kt:100)
	at io.kotest.engine.test.TestCaseExecutor$execute$3$1.invokeSuspend(TestCaseExecutor.kt:100)
	at io.kotest.engine.test.interceptors.TestFinishedInterceptor.intercept(TestFinishedInterceptor.kt:21)
	at io.kotest.engine.test.TestCaseExecutor$execute$3$1.invokeSuspend(TestCaseExecutor.kt:100)
	at io.kotest.engine.test.interceptors.TestNameContextInterceptor$intercept$2.invokeSuspend(TestPathContextInterceptor.kt:35)
	at io.kotest.engine.test.TestCaseExecutor$execute$3$1.invokeSuspend(TestCaseExecutor.kt:100)
	at io.kotest.engine.test.interceptors.TestPathContextInterceptor$intercept$2.invokeSuspend(TestPathContextInterceptor.kt:20)
	at io.kotest.engine.test.TestCaseExecutor$execute$3$1.invokeSuspend(TestCaseExecutor.kt:100)
	at io.kotest.engine.spec.runners.SingleInstanceSpecRunner.runTest(SingleInstanceSpecRunner.kt:113)
	at io.kotest.engine.spec.runners.SingleInstanceSpecRunner$SingleInstanceTestScope.registerTestCase(SingleInstanceSpecRunner.kt:84)
	at io.kotest.datatest.ContainerKt.withData(container.kt:73)
	at vegas.GoldenMasterTest$1$1$1.invokeSuspend(GoldenMasterTest.kt:89)
	at io.kotest.core.spec.style.scopes.FreeSpecContainerScope$minus$2.invokeSuspend(FreeSpecContainerScope.kt:26)
	at io.kotest.engine.test.TestCaseExecutor$execute$innerExecute$1.invokeSuspend(TestCaseExecutor.kt:91)
	at io.kotest.engine.test.interceptors.CoroutineDebugProbeInterceptor.intercept(CoroutineDebugProbeInterceptor.kt:29)
	at io.kotest.engine.test.TestCaseExecutor$execute$3$1.invokeSuspend(TestCaseExecutor.kt:100)
	at io.kotest.engine.test.TestInvocationInterceptor$runBeforeTestAfter$executeWithBeforeAfter$1.invokeSuspend(TestInvocationInterceptor.kt:63)
	at io.kotest.engine.test.interceptors.InvocationTimeoutInterceptor.intercept(InvocationTimeoutInterceptor.kt:28)
	at io.kotest.engine.test.TestInvocationInterceptor$runBeforeTestAfter$wrappedTest$1$1.invokeSuspend(TestInvocationInterceptor.kt:70)
	at io.kotest.engine.test.TestInvocationInterceptor$intercept$2$1.invokeSuspend(TestInvocationInterceptor.kt:36)
	at io.kotest.mpp.ReplayKt.replay(replay.kt:15)
	at io.kotest.engine.test.TestInvocationInterceptor$intercept$2.invokeSuspend(TestInvocationInterceptor.kt:32)
	at io.kotest.engine.test.TestInvocationInterceptor.intercept(TestInvocationInterceptor.kt:31)
	at io.kotest.engine.test.TestCaseExecutor$execute$3$1.invokeSuspend(TestCaseExecutor.kt:100)
	at io.kotest.engine.interceptors.MarkAbortedExceptionsAsSkippedTestInterceptor.intercept(MarkAbortedExceptionsAsSkippedTestInterceptor.kt:23)
	at io.kotest.engine.test.TestCaseExecutor$execute$3$1.invokeSuspend(TestCaseExecutor.kt:100)
	at io.kotest.engine.test.interceptors.ExpectExceptionTestInterceptor.intercept(ExpectExceptionTestInterceptor.kt:18)
	at io.kotest.engine.test.TestCaseExecutor$execute$3$1.invokeSuspend(TestCaseExecutor.kt:100)
	at io.kotest.engine.test.interceptors.TimeoutInterceptor.intercept(TimeoutInterceptor.kt:33)
	at io.kotest.engine.test.TestCaseExecutor$execute$3$1.invokeSuspend(TestCaseExecutor.kt:100)
	at io.kotest.engine.test.interceptors.BlockedThreadTimeoutInterceptor.intercept(BlockedThreadTimeoutInterceptor.kt:79)
	at io.kotest.engine.test.TestCaseExecutor$execute$3$1.invokeSuspend(TestCaseExecutor.kt:100)
	at io.kotest.engine.test.interceptors.CoroutineLoggingInterceptor.intercept(CoroutineLoggingInterceptor.kt:30)
	at io.kotest.engine.test.TestCaseExecutor$execute$3$1.invokeSuspend(TestCaseExecutor.kt:100)
	at io.kotest.engine.test.interceptors.SoftAssertInterceptor.intercept(SoftAssertInterceptor.kt:26)
	at io.kotest.engine.test.TestCaseExecutor$execute$3$1.invokeSuspend(TestCaseExecutor.kt:100)
	at io.kotest.engine.test.interceptors.AssertionModeInterceptor.intercept(AssertionModeInterceptor.kt:24)
	at io.kotest.engine.test.TestCaseExecutor$execute$3$1.invokeSuspend(TestCaseExecutor.kt:100)
	at io.kotest.engine.test.interceptors.LifecycleInterceptor.intercept(LifecycleInterceptor.kt:50)
	at io.kotest.engine.test.TestCaseExecutor$execute$3$1.invokeSuspend(TestCaseExecutor.kt:100)
	at io.kotest.engine.test.interceptors.TestCaseExtensionInterceptor$intercept$2.invokeSuspend(TestCaseExtensionInterceptor.kt:24)
	at io.kotest.engine.test.TestCaseExecutor$execute$3$1.invokeSuspend(TestCaseExecutor.kt:100)
	at io.kotest.engine.test.interceptors.BeforeSpecListenerInterceptor$intercept$runTest$1$2.invokeSuspend(BeforeSpecListenerInterceptor.kt:43)
	at io.kotest.engine.test.interceptors.BeforeSpecListenerInterceptor.intercept(BeforeSpecListenerInterceptor.kt:60)
	at io.kotest.engine.test.TestCaseExecutor$execute$3$1.invokeSuspend(TestCaseExecutor.kt:100)
	at io.kotest.engine.test.interceptors.TestEnabledCheckInterceptor.intercept(TestEnabledCheckInterceptor.kt:31)
	at io.kotest.engine.test.TestCaseExecutor$execute$3$1.invokeSuspend(TestCaseExecutor.kt:100)
	at io.kotest.engine.test.interceptors.CoroutineErrorCollectorInterceptor$intercept$3.invokeSuspend(CoroutineErrorCollectorInterceptor.kt:34)
	at io.kotest.engine.test.TestCaseExecutor$execute$3$1.invokeSuspend(TestCaseExecutor.kt:100)
	at io.kotest.engine.test.interceptors.CoroutineDispatcherFactoryInterceptor$intercept$4.invokeSuspend(coroutineDispatcherFactoryInterceptor.kt:57)
	at io.kotest.engine.concurrency.FixedThreadCoroutineDispatcherFactory$withDispatcher$4.invokeSuspend(FixedThreadCoroutineDispatcherFactory.kt:59)
	at io.kotest.engine.test.interceptors.CoroutineDispatcherFactoryInterceptor.intercept(coroutineDispatcherFactoryInterceptor.kt:56)
	at io.kotest.engine.test.TestCaseExecutor$execute$3$1.invokeSuspend(TestCaseExecutor.kt:100)
	at io.kotest.engine.test.interceptors.SupervisorScopeInterceptor$intercept$2.invokeSuspend(SupervisorScopeInterceptor.kt:23)
	at io.kotest.engine.test.TestCaseExecutor$execute$3$1.invokeSuspend(TestCaseExecutor.kt:100)
	at io.kotest.engine.test.TestCaseExecutor$execute$3$1.invokeSuspend(TestCaseExecutor.kt:100)
	at io.kotest.engine.test.interceptors.TestFinishedInterceptor.intercept(TestFinishedInterceptor.kt:21)
	at io.kotest.engine.test.TestCaseExecutor$execute$3$1.invokeSuspend(TestCaseExecutor.kt:100)
	at io.kotest.engine.test.interceptors.TestNameContextInterceptor$intercept$2.invokeSuspend(TestPathContextInterceptor.kt:35)
	at io.kotest.engine.test.TestCaseExecutor$execute$3$1.invokeSuspend(TestCaseExecutor.kt:100)
	at io.kotest.engine.test.interceptors.TestPathContextInterceptor$intercept$2.invokeSuspend(TestPathContextInterceptor.kt:20)
	at io.kotest.engine.test.TestCaseExecutor$execute$3$1.invokeSuspend(TestCaseExecutor.kt:100)
	at io.kotest.engine.spec.runners.SingleInstanceSpecRunner.runTest(SingleInstanceSpecRunner.kt:113)
	at io.kotest.engine.spec.runners.SingleInstanceSpecRunner$SingleInstanceTestScope.registerTestCase(SingleInstanceSpecRunner.kt:84)
	at vegas.GoldenMasterTest$1$1.invokeSuspend(GoldenMasterTest.kt:88)
	at io.kotest.core.spec.style.scopes.FreeSpecRootScope$minus$1.invokeSuspend(FreeSpecRootScope.kt:21)
	at io.kotest.core.spec.style.scopes.RootScopeKt$addTest$1.invokeSuspend(RootScope.kt:36)
	at io.kotest.engine.test.TestCaseExecutor$execute$innerExecute$1.invokeSuspend(TestCaseExecutor.kt:91)
	at io.kotest.engine.test.interceptors.CoroutineDebugProbeInterceptor.intercept(CoroutineDebugProbeInterceptor.kt:29)
	at io.kotest.engine.test.TestCaseExecutor$execute$3$1.invokeSuspend(TestCaseExecutor.kt:100)
	at io.kotest.engine.test.TestInvocationInterceptor$runBeforeTestAfter$executeWithBeforeAfter$1.invokeSuspend(TestInvocationInterceptor.kt:63)
	at io.kotest.engine.test.interceptors.InvocationTimeoutInterceptor.intercept(InvocationTimeoutInterceptor.kt:28)
	at io.kotest.engine.test.TestInvocationInterceptor$runBeforeTestAfter$wrappedTest$1$1.invokeSuspend(TestInvocationInterceptor.kt:70)
	at io.kotest.engine.test.TestInvocationInterceptor$intercept$2$1.invokeSuspend(TestInvocationInterceptor.kt:36)
	at io.kotest.mpp.ReplayKt.replay(replay.kt:15)
	at io.kotest.engine.test.TestInvocationInterceptor$intercept$2.invokeSuspend(TestInvocationInterceptor.kt:32)
	at io.kotest.engine.test.TestInvocationInterceptor.intercept(TestInvocationInterceptor.kt:31)
	at io.kotest.engine.test.TestCaseExecutor$execute$3$1.invokeSuspend(TestCaseExecutor.kt:100)
	at io.kotest.engine.interceptors.MarkAbortedExceptionsAsSkippedTestInterceptor.intercept(MarkAbortedExceptionsAsSkippedTestInterceptor.kt:23)
	at io.kotest.engine.test.TestCaseExecutor$execute$3$1.invokeSuspend(TestCaseExecutor.kt:100)
	at io.kotest.engine.test.interceptors.ExpectExceptionTestInterceptor.intercept(ExpectExceptionTestInterceptor.kt:18)
	at io.kotest.engine.test.TestCaseExecutor$execute$3$1.invokeSuspend(TestCaseExecutor.kt:100)
	at io.kotest.engine.test.interceptors.TimeoutInterceptor.intercept(TimeoutInterceptor.kt:33)
	at io.kotest.engine.test.TestCaseExecutor$execute$3$1.invokeSuspend(TestCaseExecutor.kt:100)
	at io.kotest.engine.test.interceptors.BlockedThreadTimeoutInterceptor.intercept(BlockedThreadTimeoutInterceptor.kt:79)
	at io.kotest.engine.test.TestCaseExecutor$execute$3$1.invokeSuspend(TestCaseExecutor.kt:100)
	at io.kotest.engine.test.interceptors.CoroutineLoggingInterceptor.intercept(CoroutineLoggingInterceptor.kt:30)
	at io.kotest.engine.test.TestCaseExecutor$execute$3$1.invokeSuspend(TestCaseExecutor.kt:100)
	at io.kotest.engine.test.interceptors.SoftAssertInterceptor.intercept(SoftAssertInterceptor.kt:26)
	at io.kotest.engine.test.TestCaseExecutor$execute$3$1.invokeSuspend(TestCaseExecutor.kt:100)
	at io.kotest.engine.test.interceptors.AssertionModeInterceptor.intercept(AssertionModeInterceptor.kt:24)
	at io.kotest.engine.test.TestCaseExecutor$execute$3$1.invokeSuspend(TestCaseExecutor.kt:100)
	at io.kotest.engine.test.interceptors.LifecycleInterceptor.intercept(LifecycleInterceptor.kt:50)
	at io.kotest.engine.test.TestCaseExecutor$execute$3$1.invokeSuspend(TestCaseExecutor.kt:100)
	at io.kotest.engine.test.interceptors.TestCaseExtensionInterceptor$intercept$2.invokeSuspend(TestCaseExtensionInterceptor.kt:24)
	at io.kotest.engine.test.TestCaseExecutor$execute$3$1.invokeSuspend(TestCaseExecutor.kt:100)
	at io.kotest.engine.test.interceptors.BeforeSpecListenerInterceptor$intercept$runTest$1$4$1.invokeSuspend(BeforeSpecListenerInterceptor.kt:50)
	at io.kotest.engine.test.interceptors.BeforeSpecListenerInterceptor.intercept(BeforeSpecListenerInterceptor.kt:60)
	at io.kotest.engine.test.TestCaseExecutor$execute$3$1.invokeSuspend(TestCaseExecutor.kt:100)
	at io.kotest.engine.test.interceptors.TestEnabledCheckInterceptor.intercept(TestEnabledCheckInterceptor.kt:31)
	at io.kotest.engine.test.TestCaseExecutor$execute$3$1.invokeSuspend(TestCaseExecutor.kt:100)
	at io.kotest.engine.test.interceptors.CoroutineErrorCollectorInterceptor$intercept$3.invokeSuspend(CoroutineErrorCollectorInterceptor.kt:34)
	at io.kotest.engine.test.TestCaseExecutor$execute$3$1.invokeSuspend(TestCaseExecutor.kt:100)
	at io.kotest.engine.test.interceptors.CoroutineDispatcherFactoryInterceptor$intercept$4.invokeSuspend(coroutineDispatcherFactoryInterceptor.kt:57)
	at io.kotest.engine.concurrency.FixedThreadCoroutineDispatcherFactory$withDispatcher$4.invokeSuspend(FixedThreadCoroutineDispatcherFactory.kt:59)
	at io.kotest.engine.test.interceptors.CoroutineDispatcherFactoryInterceptor.intercept(coroutineDispatcherFactoryInterceptor.kt:56)
	at io.kotest.engine.test.TestCaseExecutor$execute$3$1.invokeSuspend(TestCaseExecutor.kt:100)
	at io.kotest.engine.test.interceptors.SupervisorScopeInterceptor$intercept$2.invokeSuspend(SupervisorScopeInterceptor.kt:23)
	at io.kotest.engine.test.TestCaseExecutor$execute$3$1.invokeSuspend(TestCaseExecutor.kt:100)
	at io.kotest.engine.test.TestCaseExecutor$execute$3$1.invokeSuspend(TestCaseExecutor.kt:100)
	at io.kotest.engine.test.interceptors.TestFinishedInterceptor.intercept(TestFinishedInterceptor.kt:21)
	at io.kotest.engine.test.TestCaseExecutor$execute$3$1.invokeSuspend(TestCaseExecutor.kt:100)
	at io.kotest.engine.test.interceptors.TestNameContextInterceptor$intercept$2.invokeSuspend(TestPathContextInterceptor.kt:35)
	at io.kotest.engine.test.TestCaseExecutor$execute$3$1.invokeSuspend(TestCaseExecutor.kt:100)
	at io.kotest.engine.test.interceptors.TestPathContextInterceptor$intercept$2.invokeSuspend(TestPathContextInterceptor.kt:20)
	at io.kotest.engine.test.TestCaseExecutor$execute$3$1.invokeSuspend(TestCaseExecutor.kt:100)
	at io.kotest.engine.spec.runners.SingleInstanceSpecRunner.runTest(SingleInstanceSpecRunner.kt:113)
	at io.kotest.engine.spec.runners.SingleInstanceSpecRunner$execute$3$1$2.invokeSuspend(SingleInstanceSpecRunner.kt:50)
	at io.kotest.engine.test.scheduler.SequentialTestScheduler$schedule$3$1$1.invokeSuspend(SequentialTestScheduler.kt:20)
Caused by: java.lang.IllegalStateException: Field Host.car written by (Host, 6) which is not in state or current action
	at vegas.backend.gallina.GallinaGenerator.exprToCoqStep(Gallina.kt:519)
	at vegas.backend.gallina.GallinaGenerator.exprToCoqStep(Gallina.kt:523)
	at vegas.backend.gallina.GallinaGenerator.exprToCoqStep(Gallina.kt:524)
	at vegas.backend.gallina.GallinaGenerator.generateStateMachine(Gallina.kt:442)
	at vegas.backend.gallina.GallinaGenerator.generate(Gallina.kt:75)
	at vegas.backend.gallina.GallinaKt.generateGallina(Gallina.kt:10)
	at vegas.GoldenMasterTest._init_$lambda$10$lambda$9$lambda$7(GoldenMasterTest.kt:82)
	at vegas.GoldenMasterTestKt.generateOutput(GoldenMasterTest.kt:221)
	at vegas.GoldenMasterTestKt.access$generateOutput(GoldenMasterTest.kt:1)
	at vegas.GoldenMasterTest$1$1$1$2.invokeSuspend(GoldenMasterTest.kt:93)
	at vegas.GoldenMasterTest$1$1$1$2.invoke(GoldenMasterTest.kt)
	at vegas.GoldenMasterTest$1$1$1$2.invoke(GoldenMasterTest.kt)
	at io.kotest.datatest.ContainerKt$withData$8$1.invokeSuspend(container.kt:73)
	at io.kotest.datatest.ContainerKt$withData$8$1.invoke(container.kt)
	at io.kotest.datatest.ContainerKt$withData$8$1.invoke(container.kt)
	at io.kotest.engine.test.TestCaseExecutor$execute$innerExecute$1.invokeSuspend(TestCaseExecutor.kt:91)
	at io.kotest.engine.test.TestCaseExecutor$execute$innerExecute$1.invoke(TestCaseExecutor.kt)
	at io.kotest.engine.test.TestCaseExecutor$execute$innerExecute$1.invoke(TestCaseExecutor.kt)
	at io.kotest.engine.test.interceptors.CoroutineDebugProbeInterceptor.intercept(CoroutineDebugProbeInterceptor.kt:29)
	at io.kotest.engine.test.TestCaseExecutor$execute$3$1.invokeSuspend(TestCaseExecutor.kt:100)
	at io.kotest.engine.test.TestCaseExecutor$execute$3$1.invoke(TestCaseExecutor.kt)
	at io.kotest.engine.test.TestCaseExecutor$execute$3$1.invoke(TestCaseExecutor.kt)
	at io.kotest.engine.test.TestInvocationInterceptor$runBeforeTestAfter$executeWithBeforeAfter$1.invokeSuspend(TestInvocationInterceptor.kt:63)
	at io.kotest.engine.test.TestInvocationInterceptor$runBeforeTestAfter$executeWithBeforeAfter$1.invoke(TestInvocationInterceptor.kt)
	at io.kotest.engine.test.TestInvocationInterceptor$runBeforeTestAfter$executeWithBeforeAfter$1.invoke(TestInvocationInterceptor.kt)
	at io.kotest.engine.test.interceptors.InvocationTimeoutInterceptor$intercept$3.invokeSuspend(InvocationTimeoutInterceptor.kt:43)
	at io.kotest.engine.test.interceptors.InvocationTimeoutInterceptor$intercept$3.invoke(InvocationTimeoutInterceptor.kt)
	at io.kotest.engine.test.interceptors.InvocationTimeoutInterceptor$intercept$3.invoke(InvocationTimeoutInterceptor.kt)
	at kotlinx.coroutines.intrinsics.UndispatchedKt.startUndispatchedOrReturnIgnoreTimeout(Undispatched.kt:72)
	at kotlinx.coroutines.TimeoutKt.setupTimeout(Timeout.kt:148)
	at kotlinx.coroutines.TimeoutKt.withTimeoutOrNull(Timeout.kt:104)
	at io.kotest.engine.test.interceptors.InvocationTimeoutInterceptor.intercept(InvocationTimeoutInterceptor.kt:42)
	at io.kotest.engine.test.TestInvocationInterceptor$runBeforeTestAfter$wrappedTest$1$1.invokeSuspend(TestInvocationInterceptor.kt:70)
	at io.kotest.engine.test.TestInvocationInterceptor$runBeforeTestAfter$wrappedTest$1$1.invoke(TestInvocationInterceptor.kt)
	at io.kotest.engine.test.TestInvocationInterceptor$runBeforeTestAfter$wrappedTest$1$1.invoke(TestInvocationInterceptor.kt)
	at io.kotest.engine.test.TestInvocationInterceptor.runBeforeTestAfter(TestInvocationInterceptor.kt:73)
	at io.kotest.engine.test.TestInvocationInterceptor.access$runBeforeTestAfter(TestInvocationInterceptor.kt:14)
	at io.kotest.engine.test.TestInvocationInterceptor$intercept$2$1.invokeSuspend(TestInvocationInterceptor.kt:36)
	at io.kotest.engine.test.TestInvocationInterceptor$intercept$2$1.invoke(TestInvocationInterceptor.kt)
	at io.kotest.engine.test.TestInvocationInterceptor$intercept$2$1.invoke(TestInvocationInterceptor.kt)
	at io.kotest.mpp.ReplayKt.replay(replay.kt:15)
	at io.kotest.engine.test.TestInvocationInterceptor$intercept$2.invokeSuspend(TestInvocationInterceptor.kt:32)
	at io.kotest.engine.test.TestInvocationInterceptor$intercept$2.invoke(TestInvocationInterceptor.kt)
	at io.kotest.engine.test.TestInvocationInterceptor$intercept$2.invoke(TestInvocationInterceptor.kt)
	at kotlinx.coroutines.intrinsics.UndispatchedKt.startUndispatchedOrReturn(Undispatched.kt:61)
	at kotlinx.coroutines.CoroutineScopeKt.coroutineScope(CoroutineScope.kt:261)
	at io.kotest.engine.test.TestInvocationInterceptor.intercept(TestInvocationInterceptor.kt:31)
	at io.kotest.engine.test.TestCaseExecutor$execute$3$1.invokeSuspend(TestCaseExecutor.kt:100)
	at io.kotest.engine.test.TestCaseExecutor$execute$3$1.invoke(TestCaseExecutor.kt)
	at io.kotest.engine.test.TestCaseExecutor$execute$3$1.invoke(TestCaseExecutor.kt)
	at io.kotest.engine.interceptors.MarkAbortedExceptionsAsSkippedTestInterceptor.intercept(MarkAbortedExceptionsAsSkippedTestInterceptor.kt:23)
	at io.kotest.engine.test.TestCaseExecutor$execute$3$1.invokeSuspend(TestCaseExecutor.kt:100)
	at io.kotest.engine.test.TestCaseExecutor$execute$3$1.invoke(TestCaseExecutor.kt)
	at io.kotest.engine.test.TestCaseExecutor$execute$3$1.invoke(TestCaseExecutor.kt)
	at io.kotest.engine.test.interceptors.ExpectExceptionTestInterceptor.intercept(ExpectExceptionTestInterceptor.kt:18)
	at io.kotest.engine.test.TestCaseExecutor$execute$3$1.invokeSuspend(TestCaseExecutor.kt:100)
	at io.kotest.engine.test.TestCaseExecutor$execute$3$1.invoke(TestCaseExecutor.kt)
	at io.kotest.engine.test.TestCaseExecutor$execute$3$1.invoke(TestCaseExecutor.kt)
	at io.kotest.engine.test.interceptors.TimeoutInterceptor.intercept(TimeoutInterceptor.kt:33)
	at io.kotest.engine.test.TestCaseExecutor$execute$3$1.invokeSuspend(TestCaseExecutor.kt:100)
	at io.kotest.engine.test.TestCaseExecutor$execute$3$1.invoke(TestCaseExecutor.kt)
	at io.kotest.engine.test.TestCaseExecutor$execute$3$1.invoke(TestCaseExecutor.kt)
	at io.kotest.engine.test.interceptors.BlockedThreadTimeoutInterceptor.intercept(BlockedThreadTimeoutInterceptor.kt:79)
	at io.kotest.engine.test.TestCaseExecutor$execute$3$1.invokeSuspend(TestCaseExecutor.kt:100)
	at io.kotest.engine.test.TestCaseExecutor$execute$3$1.invoke(TestCaseExecutor.kt)
	at io.kotest.engine.test.TestCaseExecutor$execute$3$1.invoke(TestCaseExecutor.kt)
	at io.kotest.engine.test.interceptors.CoroutineLoggingInterceptor.intercept(CoroutineLoggingInterceptor.kt:30)
	at io.kotest.engine.test.TestCaseExecutor$execute$3$1.invokeSuspend(TestCaseExecutor.kt:100)
	at io.kotest.engine.test.TestCaseExecutor$execute$3$1.invoke(TestCaseExecutor.kt)
	at io.kotest.engine.test.TestCaseExecutor$execute$3$1.invoke(TestCaseExecutor.kt)
	at io.kotest.engine.test.interceptors.SoftAssertInterceptor.intercept(SoftAssertInterceptor.kt:26)
	at io.kotest.engine.test.TestCaseExecutor$execute$3$1.invokeSuspend(TestCaseExecutor.kt:100)
	at io.kotest.engine.test.TestCaseExecutor$execute$3$1.invoke(TestCaseExecutor.kt)
	at io.kotest.engine.test.TestCaseExecutor$execute$3$1.invoke(TestCaseExecutor.kt)
	at io.kotest.engine.test.interceptors.AssertionModeInterceptor.intercept(AssertionModeInterceptor.kt:24)
	at io.kotest.engine.test.TestCaseExecutor$execute$3$1.invokeSuspend(TestCaseExecutor.kt:100)
	at io.kotest.engine.test.TestCaseExecutor$execute$3$1.invoke(TestCaseExecutor.kt)
	at io.kotest.engine.test.TestCaseExecutor$execute$3$1.invoke(TestCaseExecutor.kt)
	at io.kotest.engine.test.interceptors.LifecycleInterceptor.intercept(LifecycleInterceptor.kt:50)
	at io.kotest.engine.test.TestCaseExecutor$execute$3$1.invokeSuspend(TestCaseExecutor.kt:100)
	at io.kotest.engine.test.TestCaseExecutor$execute$3$1.invoke(TestCaseExecutor.kt)
	at io.kotest.engine.test.TestCaseExecutor$execute$3$1.invoke(TestCaseExecutor.kt)
	at io.kotest.engine.test.interceptors.TestCaseExtensionInterceptor$intercept$2.invokeSuspend(TestCaseExtensionInterceptor.kt:24)
	at io.kotest.engine.test.interceptors.TestCaseExtensionInterceptor$intercept$2.invoke(TestCaseExtensionInterceptor.kt)
	at io.kotest.engine.test.interceptors.TestCaseExtensionInterceptor$intercept$2.invoke(TestCaseExtensionInterceptor.kt)
	at io.kotest.engine.test.TestExtensions.intercept(TestExtensions.kt:148)
	at io.kotest.engine.test.interceptors.TestCaseExtensionInterceptor.intercept(TestCaseExtensionInterceptor.kt:24)
	at io.kotest.engine.test.TestCaseExecutor$execute$3$1.invokeSuspend(TestCaseExecutor.kt:100)
	at io.kotest.engine.test.TestCaseExecutor$execute$3$1.invoke(TestCaseExecutor.kt)
	at io.kotest.engine.test.TestCaseExecutor$execute$3$1.invoke(TestCaseExecutor.kt)
	at io.kotest.engine.test.interceptors.BeforeSpecListenerInterceptor$intercept$runTest$1$2.invokeSuspend(BeforeSpecListenerInterceptor.kt:43)
	at io.kotest.engine.test.interceptors.BeforeSpecListenerInterceptor$intercept$runTest$1$2.invoke(BeforeSpecListenerInterceptor.kt)
	at io.kotest.engine.test.interceptors.BeforeSpecListenerInterceptor$intercept$runTest$1$2.invoke(BeforeSpecListenerInterceptor.kt)
	at io.kotest.engine.test.interceptors.BeforeSpecListenerInterceptor.intercept(BeforeSpecListenerInterceptor.kt:60)
	at io.kotest.engine.test.TestCaseExecutor$execute$3$1.invokeSuspend(TestCaseExecutor.kt:100)
	at io.kotest.engine.test.TestCaseExecutor$execute$3$1.invoke(TestCaseExecutor.kt)
	at io.kotest.engine.test.TestCaseExecutor$execute$3$1.invoke(TestCaseExecutor.kt)
	at io.kotest.engine.test.interceptors.TestEnabledCheckInterceptor.intercept(TestEnabledCheckInterceptor.kt:31)
	at io.kotest.engine.test.TestCaseExecutor$execute$3$1.invokeSuspend(TestCaseExecutor.kt:100)
	at io.kotest.engine.test.TestCaseExecutor$execute$3$1.invoke(TestCaseExecutor.kt)
	at io.kotest.engine.test.TestCaseExecutor$execute$3$1.invoke(TestCaseExecutor.kt)
	at io.kotest.engine.test.interceptors.CoroutineErrorCollectorInterceptor$intercept$3.invokeSuspend(CoroutineErrorCollectorInterceptor.kt:34)
	at io.kotest.engine.test.interceptors.CoroutineErrorCollectorInterceptor$intercept$3.invoke(CoroutineErrorCollectorInterceptor.kt)
	at io.kotest.engine.test.interceptors.CoroutineErrorCollectorInterceptor$intercept$3.invoke(CoroutineErrorCollectorInterceptor.kt)
	at kotlinx.coroutines.intrinsics.UndispatchedKt.startUndispatchedOrReturn(Undispatched.kt:61)
	at kotlinx.coroutines.BuildersKt__Builders_commonKt.withContext(Builders.common.kt:163)
	at kotlinx.coroutines.BuildersKt.withContext(Unknown Source)
	at io.kotest.engine.test.interceptors.CoroutineErrorCollectorInterceptor.intercept(CoroutineErrorCollectorInterceptor.kt:33)
	at io.kotest.engine.test.TestCaseExecutor$execute$3$1.invokeSuspend(TestCaseExecutor.kt:100)
	at io.kotest.engine.test.TestCaseExecutor$execute$3$1.invoke(TestCaseExecutor.kt)
	at io.kotest.engine.test.TestCaseExecutor$execute$3$1.invoke(TestCaseExecutor.kt)
	at io.kotest.engine.test.interceptors.CoroutineDispatcherFactoryInterceptor$intercept$4.invokeSuspend(coroutineDispatcherFactoryInterceptor.kt:57)
	at io.kotest.engine.test.interceptors.CoroutineDispatcherFactoryInterceptor$intercept$4.invoke(coroutineDispatcherFactoryInterceptor.kt)
	at io.kotest.engine.test.interceptors.CoroutineDispatcherFactoryInterceptor$intercept$4.invoke(coroutineDispatcherFactoryInterceptor.kt)
	at io.kotest.engine.concurrency.FixedThreadCoroutineDispatcherFactory$withDispatcher$4.invokeSuspend(FixedThreadCoroutineDispatcherFactory.kt:59)
	at io.kotest.engine.concurrency.FixedThreadCoroutineDispatcherFactory$withDispatcher$4.invoke(FixedThreadCoroutineDispatcherFactory.kt)
	at io.kotest.engine.concurrency.FixedThreadCoroutineDispatcherFactory$withDispatcher$4.invoke(FixedThreadCoroutineDispatcherFactory.kt)
	at kotlinx.coroutines.intrinsics.UndispatchedKt.startUndispatchedOrReturn(Undispatched.kt:61)
	at kotlinx.coroutines.BuildersKt__Builders_commonKt.withContext(Builders.common.kt:163)
	at kotlinx.coroutines.BuildersKt.withContext(Unknown Source)
	at io.kotest.engine.concurrency.FixedThreadCoroutineDispatcherFactory.withDispatcher(FixedThreadCoroutineDispatcherFactory.kt:58)
	at io.kotest.engine.test.interceptors.CoroutineDispatcherFactoryInterceptor.intercept(coroutineDispatcherFactoryInterceptor.kt:56)
	at io.kotest.engine.test.TestCaseExecutor$execute$3$1.invokeSuspend(TestCaseExecutor.kt:100)
	at io.kotest.engine.test.TestCaseExecutor$execute$3$1.invoke(TestCaseExecutor.kt)
	at io.kotest.engine.test.TestCaseExecutor$execute$3$1.invoke(TestCaseExecutor.kt)
	at io.kotest.engine.test.interceptors.SupervisorScopeInterceptor$intercept$2.invokeSuspend(SupervisorScopeInterceptor.kt:23)
	at io.kotest.engine.test.interceptors.SupervisorScopeInterceptor$intercept$2.invoke(SupervisorScopeInterceptor.kt)
	at io.kotest.engine.test.interceptors.SupervisorScopeInterceptor$intercept$2.invoke(SupervisorScopeInterceptor.kt)
	at kotlinx.coroutines.intrinsics.UndispatchedKt.startUndispatchedOrReturn(Undispatched.kt:61)
	at kotlinx.coroutines.SupervisorKt.supervisorScope(Supervisor.kt:56)
	at io.kotest.engine.test.interceptors.SupervisorScopeInterceptor.intercept(SupervisorScopeInterceptor.kt:22)
	at io.kotest.engine.test.TestCaseExecutor$execute$3$1.invokeSuspend(TestCaseExecutor.kt:100)
	at io.kotest.engine.test.TestCaseExecutor$execute$3$1.invoke(TestCaseExecutor.kt)
	at io.kotest.engine.test.TestCaseExecutor$execute$3$1.invoke(TestCaseExecutor.kt)
	at io.kotest.engine.test.interceptors.InvocationCountCheckInterceptor.intercept(InvocationCountCheckInterceptor.kt:24)
	at io.kotest.engine.test.TestCaseExecutor$execute$3$1.invokeSuspend(TestCaseExecutor.kt:100)
	at io.kotest.engine.test.TestCaseExecutor$execute$3$1.invoke(TestCaseExecutor.kt)
	at io.kotest.engine.test.TestCaseExecutor$execute$3$1.invoke(TestCaseExecutor.kt)
	at io.kotest.engine.test.interceptors.TestFinishedInterceptor.intercept(TestFinishedInterceptor.kt:21)
	at io.kotest.engine.test.TestCaseExecutor$execute$3$1.invokeSuspend(TestCaseExecutor.kt:100)
	at io.kotest.engine.test.TestCaseExecutor$execute$3$1.invoke(TestCaseExecutor.kt)
	at io.kotest.engine.test.TestCaseExecutor$execute$3$1.invoke(TestCaseExecutor.kt)
	at io.kotest.engine.test.interceptors.TestNameContextInterceptor$intercept$2.invokeSuspend(TestPathContextInterceptor.kt:35)
	at io.kotest.engine.test.interceptors.TestNameContextInterceptor$intercept$2.invoke(TestPathContextInterceptor.kt)
	at io.kotest.engine.test.interceptors.TestNameContextInterceptor$intercept$2.invoke(TestPathContextInterceptor.kt)
	at kotlinx.coroutines.intrinsics.UndispatchedKt.startUndispatchedOrReturn(Undispatched.kt:61)
	at kotlinx.coroutines.BuildersKt__Builders_commonKt.withContext(Builders.common.kt:163)
	at kotlinx.coroutines.BuildersKt.withContext(Unknown Source)
	at io.kotest.engine.test.interceptors.TestNameContextInterceptor.intercept(TestPathContextInterceptor.kt:34)
	at io.kotest.engine.test.TestCaseExecutor$execute$3$1.invokeSuspend(TestCaseExecutor.kt:100)
	at io.kotest.engine.test.TestCaseExecutor$execute$3$1.invoke(TestCaseExecutor.kt)
	at io.kotest.engine.test.TestCaseExecutor$execute$3$1.invoke(TestCaseExecutor.kt)
	at io.kotest.engine.test.interceptors.TestPathContextInterceptor$intercept$2.invokeSuspend(TestPathContextInterceptor.kt:20)
	at io.kotest.engine.test.interceptors.TestPathContextInterceptor$intercept$2.invoke(TestPathContextInterceptor.kt)
	at io.kotest.engine.test.interceptors.TestPathContextInterceptor$intercept$2.invoke(TestPathContextInterceptor.kt)
	at kotlinx.coroutines.intrinsics.UndispatchedKt.startUndispatchedOrReturn(Undispatched.kt:61)
	at kotlinx.coroutines.BuildersKt__Builders_commonKt.withContext(Builders.common.kt:163)
	at kotlinx.coroutines.BuildersKt.withContext(Unknown Source)
	at io.kotest.engine.test.interceptors.TestPathContextInterceptor.intercept(TestPathContextInterceptor.kt:19)
	at io.kotest.engine.test.TestCaseExecutor$execute$3$1.invokeSuspend(TestCaseExecutor.kt:100)
	at io.kotest.engine.test.TestCaseExecutor$execute$3$1.invoke(TestCaseExecutor.kt)
	at io.kotest.engine.test.TestCaseExecutor$execute$3$1.invoke(TestCaseExecutor.kt)
	at io.kotest.engine.test.TestCaseExecutor.execute(TestCaseExecutor.kt:101)
	at io.kotest.engine.spec.runners.SingleInstanceSpecRunner.runTest(SingleInstanceSpecRunner.kt:113)
	at io.kotest.engine.spec.runners.SingleInstanceSpecRunner.access$runTest(SingleInstanceSpecRunner.kt:29)
	at io.kotest.engine.spec.runners.SingleInstanceSpecRunner$SingleInstanceTestScope.registerTestCase(SingleInstanceSpecRunner.kt:84)
	at io.kotest.engine.test.scopes.DuplicateNameHandlingTestScope.registerTestCase(DuplicateNameHandlingTestScope.kt:30)
	at io.kotest.engine.test.scopes.TestScopeWithCoroutineContext.registerTestCase(scopes.kt)
	at io.kotest.core.spec.style.scopes.AbstractContainerScope.registerTestCase$suspendImpl(ContainerScope.kt:222)
	at io.kotest.core.spec.style.scopes.AbstractContainerScope.registerTestCase(ContainerScope.kt)
	at io.kotest.core.spec.style.scopes.ContainerScope$DefaultImpls.registerTest(ContainerScope.kt:50)
	at io.kotest.core.spec.style.scopes.AbstractContainerScope.registerTest(ContainerScope.kt:213)
	at io.kotest.datatest.ContainerKt.withData(container.kt:73)
	at vegas.GoldenMasterTest$1$1$1.invokeSuspend(GoldenMasterTest.kt:89)
	at vegas.GoldenMasterTest$1$1$1.invoke(GoldenMasterTest.kt)
	at vegas.GoldenMasterTest$1$1$1.invoke(GoldenMasterTest.kt)
	at io.kotest.core.spec.style.scopes.FreeSpecContainerScope$minus$2.invokeSuspend(FreeSpecContainerScope.kt:26)
	at io.kotest.core.spec.style.scopes.FreeSpecContainerScope$minus$2.invoke(FreeSpecContainerScope.kt)
	at io.kotest.core.spec.style.scopes.FreeSpecContainerScope$minus$2.invoke(FreeSpecContainerScope.kt)
	at io.kotest.engine.test.TestCaseExecutor$execute$innerExecute$1.invokeSuspend(TestCaseExecutor.kt:91)
	at io.kotest.engine.test.TestCaseExecutor$execute$innerExecute$1.invoke(TestCaseExecutor.kt)
	at io.kotest.engine.test.TestCaseExecutor$execute$innerExecute$1.invoke(TestCaseExecutor.kt)
	at io.kotest.engine.test.interceptors.CoroutineDebugProbeInterceptor.intercept(CoroutineDebugProbeInterceptor.kt:29)
	at io.kotest.engine.test.TestCaseExecutor$execute$3$1.invokeSuspend(TestCaseExecutor.kt:100)
	at io.kotest.engine.test.TestCaseExecutor$execute$3$1.invoke(TestCaseExecutor.kt)
	at io.kotest.engine.test.TestCaseExecutor$execute$3$1.invoke(TestCaseExecutor.kt)
	at io.kotest.engine.test.TestInvocationInterceptor$runBeforeTestAfter$executeWithBeforeAfter$1.invokeSuspend(TestInvocationInterceptor.kt:63)
	at io.kotest.engine.test.TestInvocationInterceptor$runBeforeTestAfter$executeWithBeforeAfter$1.invoke(TestInvocationInterceptor.kt)
	at io.kotest.engine.test.TestInvocationInterceptor$runBeforeTestAfter$executeWithBeforeAfter$1.invoke(TestInvocationInterceptor.kt)
	at io.kotest.engine.test.interceptors.InvocationTimeoutInterceptor.intercept(InvocationTimeoutInterceptor.kt:28)
	at io.kotest.engine.test.TestInvocationInterceptor$runBeforeTestAfter$wrappedTest$1$1.invokeSuspend(TestInvocationInterceptor.kt:70)
	at io.kotest.engine.test.TestInvocationInterceptor$runBeforeTestAfter$wrappedTest$1$1.invoke(TestInvocationInterceptor.kt)
	at io.kotest.engine.test.TestInvocationInterceptor$runBeforeTestAfter$wrappedTest$1$1.invoke(TestInvocationInterceptor.kt)
	at io.kotest.engine.test.TestInvocationInterceptor.runBeforeTestAfter(TestInvocationInterceptor.kt:73)
	at io.kotest.engine.test.TestInvocationInterceptor.access$runBeforeTestAfter(TestInvocationInterceptor.kt:14)
	at io.kotest.engine.test.TestInvocationInterceptor$intercept$2$1.invokeSuspend(TestInvocationInterceptor.kt:36)
	at io.kotest.engine.test.TestInvocationInterceptor$intercept$2$1.invoke(TestInvocationInterceptor.kt)
	at io.kotest.engine.test.TestInvocationInterceptor$intercept$2$1.invoke(TestInvocationInterceptor.kt)
	at io.kotest.mpp.ReplayKt.replay(replay.kt:15)
	at io.kotest.engine.test.TestInvocationInterceptor$intercept$2.invokeSuspend(TestInvocationInterceptor.kt:32)
	at io.kotest.engine.test.TestInvocationInterceptor$intercept$2.invoke(TestInvocationInterceptor.kt)
	at io.kotest.engine.test.TestInvocationInterceptor$intercept$2.invoke(TestInvocationInterceptor.kt)
	at kotlinx.coroutines.intrinsics.UndispatchedKt.startUndispatchedOrReturn(Undispatched.kt:61)
	at kotlinx.coroutines.CoroutineScopeKt.coroutineScope(CoroutineScope.kt:261)
	at io.kotest.engine.test.TestInvocationInterceptor.intercept(TestInvocationInterceptor.kt:31)
	at io.kotest.engine.test.TestCaseExecutor$execute$3$1.invokeSuspend(TestCaseExecutor.kt:100)
	at io.kotest.engine.test.TestCaseExecutor$execute$3$1.invoke(TestCaseExecutor.kt)
	at io.kotest.engine.test.TestCaseExecutor$execute$3$1.invoke(TestCaseExecutor.kt)
	at io.kotest.engine.interceptors.MarkAbortedExceptionsAsSkippedTestInterceptor.intercept(MarkAbortedExceptionsAsSkippedTestInterceptor.kt:23)
	at io.kotest.engine.test.TestCaseExecutor$execute$3$1.invokeSuspend(TestCaseExecutor.kt:100)
	at io.kotest.engine.test.TestCaseExecutor$execute$3$1.invoke(TestCaseExecutor.kt)
	at io.kotest.engine.test.TestCaseExecutor$execute$3$1.invoke(TestCaseExecutor.kt)
	at io.kotest.engine.test.interceptors.ExpectExceptionTestInterceptor.intercept(ExpectExceptionTestInterceptor.kt:18)
	at io.kotest.engine.test.TestCaseExecutor$execute$3$1.invokeSuspend(TestCaseExecutor.kt:100)
	at io.kotest.engine.test.TestCaseExecutor$execute$3$1.invoke(TestCaseExecutor.kt)
	at io.kotest.engine.test.TestCaseExecutor$execute$3$1.invoke(TestCaseExecutor.kt)
	at io.kotest.engine.test.interceptors.TimeoutInterceptor.intercept(TimeoutInterceptor.kt:33)
	at io.kotest.engine.test.TestCaseExecutor$execute$3$1.invokeSuspend(TestCaseExecutor.kt:100)
	at io.kotest.engine.test.TestCaseExecutor$execute$3$1.invoke(TestCaseExecutor.kt)
	at io.kotest.engine.test.TestCaseExecutor$execute$3$1.invoke(TestCaseExecutor.kt)
	at io.kotest.engine.test.interceptors.BlockedThreadTimeoutInterceptor.intercept(BlockedThreadTimeoutInterceptor.kt:79)
	at io.kotest.engine.test.TestCaseExecutor$execute$3$1.invokeSuspend(TestCaseExecutor.kt:100)
	at io.kotest.engine.test.TestCaseExecutor$execute$3$1.invoke(TestCaseExecutor.kt)
	at io.kotest.engine.test.TestCaseExecutor$execute$3$1.invoke(TestCaseExecutor.kt)
	at io.kotest.engine.test.interceptors.CoroutineLoggingInterceptor.intercept(CoroutineLoggingInterceptor.kt:30)
	at io.kotest.engine.test.TestCaseExecutor$execute$3$1.invokeSuspend(TestCaseExecutor.kt:100)
	at io.kotest.engine.test.TestCaseExecutor$execute$3$1.invoke(TestCaseExecutor.kt)
	at io.kotest.engine.test.TestCaseExecutor$execute$3$1.invoke(TestCaseExecutor.kt)
	at io.kotest.engine.test.interceptors.SoftAssertInterceptor.intercept(SoftAssertInterceptor.kt:26)
	at io.kotest.engine.test.TestCaseExecutor$execute$3$1.invokeSuspend(TestCaseExecutor.kt:100)
	at io.kotest.engine.test.TestCaseExecutor$execute$3$1.invoke(TestCaseExecutor.kt)
	at io.kotest.engine.test.TestCaseExecutor$execute$3$1.invoke(TestCaseExecutor.kt)
	at io.kotest.engine.test.interceptors.AssertionModeInterceptor.intercept(AssertionModeInterceptor.kt:24)
	at io.kotest.engine.test.TestCaseExecutor$execute$3$1.invokeSuspend(TestCaseExecutor.kt:100)
	at io.kotest.engine.test.TestCaseExecutor$execute$3$1.invoke(TestCaseExecutor.kt)
	at io.kotest.engine.test.TestCaseExecutor$execute$3$1.invoke(TestCaseExecutor.kt)
	at io.kotest.engine.test.interceptors.LifecycleInterceptor.intercept(LifecycleInterceptor.kt:50)
	at io.kotest.engine.test.TestCaseExecutor$execute$3$1.invokeSuspend(TestCaseExecutor.kt:100)
	at io.kotest.engine.test.TestCaseExecutor$execute$3$1.invoke(TestCaseExecutor.kt)
	at io.kotest.engine.test.TestCaseExecutor$execute$3$1.invoke(TestCaseExecutor.kt)
	at io.kotest.engine.test.interceptors.TestCaseExtensionInterceptor$intercept$2.invokeSuspend(TestCaseExtensionInterceptor.kt:24)
	at io.kotest.engine.test.interceptors.TestCaseExtensionInterceptor$intercept$2.invoke(TestCaseExtensionInterceptor.kt)
	at io.kotest.engine.test.interceptors.TestCaseExtensionInterceptor$intercept$2.invoke(TestCaseExtensionInterceptor.kt)
	at io.kotest.engine.test.TestExtensions.intercept(TestExtensions.kt:148)
	at io.kotest.engine.test.interceptors.TestCaseExtensionInterceptor.intercept(TestCaseExtensionInterceptor.kt:24)
	at io.kotest.engine.test.TestCaseExecutor$execute$3$1.invokeSuspend(TestCaseExecutor.kt:100)
	at io.kotest.engine.test.TestCaseExecutor$execute$3$1.invoke(TestCaseExecutor.kt)
	at io.kotest.engine.test.TestCaseExecutor$execute$3$1.invoke(TestCaseExecutor.kt)
	at io.kotest.engine.test.interceptors.BeforeSpecListenerInterceptor$intercept$runTest$1$2.invokeSuspend(BeforeSpecListenerInterceptor.kt:43)
	at io.kotest.engine.test.interceptors.BeforeSpecListenerInterceptor$intercept$runTest$1$2.invoke(BeforeSpecListenerInterceptor.kt)
	at io.kotest.engine.test.interceptors.BeforeSpecListenerInterceptor$intercept$runTest$1$2.invoke(BeforeSpecListenerInterceptor.kt)
	at io.kotest.engine.test.interceptors.BeforeSpecListenerInterceptor.intercept(BeforeSpecListenerInterceptor.kt:60)
	at io.kotest.engine.test.TestCaseExecutor$execute$3$1.invokeSuspend(TestCaseExecutor.kt:100)
	at io.kotest.engine.test.TestCaseExecutor$execute$3$1.invoke(TestCaseExecutor.kt)
	at io.kotest.engine.test.TestCaseExecutor$execute$3$1.invoke(TestCaseExecutor.kt)
	at io.kotest.engine.test.interceptors.TestEnabledCheckInterceptor.intercept(TestEnabledCheckInterceptor.kt:31)
	at io.kotest.engine.test.TestCaseExecutor$execute$3$1.invokeSuspend(TestCaseExecutor.kt:100)
	at io.kotest.engine.test.TestCaseExecutor$execute$3$1.invoke(TestCaseExecutor.kt)
	at io.kotest.engine.test.TestCaseExecutor$execute$3$1.invoke(TestCaseExecutor.kt)
	at io.kotest.engine.test.interceptors.CoroutineErrorCollectorInterceptor$intercept$3.invokeSuspend(CoroutineErrorCollectorInterceptor.kt:34)
	at io.kotest.engine.test.interceptors.CoroutineErrorCollectorInterceptor$intercept$3.invoke(CoroutineErrorCollectorInterceptor.kt)
	at io.kotest.engine.test.interceptors.CoroutineErrorCollectorInterceptor$intercept$3.invoke(CoroutineErrorCollectorInterceptor.kt)
	at kotlinx.coroutines.intrinsics.UndispatchedKt.startUndispatchedOrReturn(Undispatched.kt:61)
	at kotlinx.coroutines.BuildersKt__Builders_commonKt.withContext(Builders.common.kt:163)
	at kotlinx.coroutines.BuildersKt.withContext(Unknown Source)
	at io.kotest.engine.test.interceptors.CoroutineErrorCollectorInterceptor.intercept(CoroutineErrorCollectorInterceptor.kt:33)
	at io.kotest.engine.test.TestCaseExecutor$execute$3$1.invokeSuspend(TestCaseExecutor.kt:100)
	at io.kotest.engine.test.TestCaseExecutor$execute$3$1.invoke(TestCaseExecutor.kt)
	at io.kotest.engine.test.TestCaseExecutor$execute$3$1.invoke(TestCaseExecutor.kt)
	at io.kotest.engine.test.interceptors.CoroutineDispatcherFactoryInterceptor$intercept$4.invokeSuspend(coroutineDispatcherFactoryInterceptor.kt:57)
	at io.kotest.engine.test.interceptors.CoroutineDispatcherFactoryInterceptor$intercept$4.invoke(coroutineDispatcherFactoryInterceptor.kt)
	at io.kotest.engine.test.interceptors.CoroutineDispatcherFactoryInterceptor$intercept$4.invoke(coroutineDispatcherFactoryInterceptor.kt)
	at io.kotest.engine.concurrency.FixedThreadCoroutineDispatcherFactory$withDispatcher$4.invokeSuspend(FixedThreadCoroutineDispatcherFactory.kt:59)
	at io.kotest.engine.concurrency.FixedThreadCoroutineDispatcherFactory$withDispatcher$4.invoke(FixedThreadCoroutineDispatcherFactory.kt)
	at io.kotest.engine.concurrency.FixedThreadCoroutineDispatcherFactory$withDispatcher$4.invoke(FixedThreadCoroutineDispatcherFactory.kt)
	at kotlinx.coroutines.intrinsics.UndispatchedKt.startUndispatchedOrReturn(Undispatched.kt:61)
	at kotlinx.coroutines.BuildersKt__Builders_commonKt.withContext(Builders.common.kt:163)
	at kotlinx.coroutines.BuildersKt.withContext(Unknown Source)
	at io.kotest.engine.concurrency.FixedThreadCoroutineDispatcherFactory.withDispatcher(FixedThreadCoroutineDispatcherFactory.kt:58)
	at io.kotest.engine.test.interceptors.CoroutineDispatcherFactoryInterceptor.intercept(coroutineDispatcherFactoryInterceptor.kt:56)
	at io.kotest.engine.test.TestCaseExecutor$execute$3$1.invokeSuspend(TestCaseExecutor.kt:100)
	at io.kotest.engine.test.TestCaseExecutor$execute$3$1.invoke(TestCaseExecutor.kt)
	at io.kotest.engine.test.TestCaseExecutor$execute$3$1.invoke(TestCaseExecutor.kt)
	at io.kotest.engine.test.interceptors.SupervisorScopeInterceptor$intercept$2.invokeSuspend(SupervisorScopeInterceptor.kt:23)
	at io.kotest.engine.test.interceptors.SupervisorScopeInterceptor$intercept$2.invoke(SupervisorScopeInterceptor.kt)
	at io.kotest.engine.test.interceptors.SupervisorScopeInterceptor$intercept$2.invoke(SupervisorScopeInterceptor.kt)
	at kotlinx.coroutines.intrinsics.UndispatchedKt.startUndispatchedOrReturn(Undispatched.kt:61)
	at kotlinx.coroutines.SupervisorKt.supervisorScope(Supervisor.kt:56)
	at io.kotest.engine.test.interceptors.SupervisorScopeInterceptor.intercept(SupervisorScopeInterceptor.kt:22)
	at io.kotest.engine.test.TestCaseExecutor$execute$3$1.invokeSuspend(TestCaseExecutor.kt:100)
	at io.kotest.engine.test.TestCaseExecutor$execute$3$1.invoke(TestCaseExecutor.kt)
	at io.kotest.engine.test.TestCaseExecutor$execute$3$1.invoke(TestCaseExecutor.kt)
	at io.kotest.engine.test.interceptors.InvocationCountCheckInterceptor.intercept(InvocationCountCheckInterceptor.kt:24)
	at io.kotest.engine.test.TestCaseExecutor$execute$3$1.invokeSuspend(TestCaseExecutor.kt:100)
	at io.kotest.engine.test.TestCaseExecutor$execute$3$1.invoke(TestCaseExecutor.kt)
	at io.kotest.engine.test.TestCaseExecutor$execute$3$1.invoke(TestCaseExecutor.kt)
	at io.kotest.engine.test.interceptors.TestFinishedInterceptor.intercept(TestFinishedInterceptor.kt:21)
	at io.kotest.engine.test.TestCaseExecutor$execute$3$1.invokeSuspend(TestCaseExecutor.kt:100)
	at io.kotest.engine.test.TestCaseExecutor$execute$3$1.invoke(TestCaseExecutor.kt)
	at io.kotest.engine.test.TestCaseExecutor$execute$3$1.invoke(TestCaseExecutor.kt)
	at io.kotest.engine.test.interceptors.TestNameContextInterceptor$intercept$2.invokeSuspend(TestPathContextInterceptor.kt:35)
	at io.kotest.engine.test.interceptors.TestNameContextInterceptor$intercept$2.invoke(TestPathContextInterceptor.kt)
	at io.kotest.engine.test.interceptors.TestNameContextInterceptor$intercept$2.invoke(TestPathContextInterceptor.kt)
	at kotlinx.coroutines.intrinsics.UndispatchedKt.startUndispatchedOrReturn(Undispatched.kt:61)
	at kotlinx.coroutines.BuildersKt__Builders_commonKt.withContext(Builders.common.kt:163)
	at kotlinx.coroutines.BuildersKt.withContext(Unknown Source)
	at io.kotest.engine.test.interceptors.TestNameContextInterceptor.intercept(TestPathContextInterceptor.kt:34)
	at io.kotest.engine.test.TestCaseExecutor$execute$3$1.invokeSuspend(TestCaseExecutor.kt:100)
	at io.kotest.engine.test.TestCaseExecutor$execute$3$1.invoke(TestCaseExecutor.kt)
	at io.kotest.engine.test.TestCaseExecutor$execute$3$1.invoke(TestCaseExecutor.kt)
	at io.kotest.engine.test.interceptors.TestPathContextInterceptor$intercept$2.invokeSuspend(TestPathContextInterceptor.kt:20)
	at io.kotest.engine.test.interceptors.TestPathContextInterceptor$intercept$2.invoke(TestPathContextInterceptor.kt)
	at io.kotest.engine.test.interceptors.TestPathContextInterceptor$intercept$2.invoke(TestPathContextInterceptor.kt)
	at kotlinx.coroutines.intrinsics.UndispatchedKt.startUndispatchedOrReturn(Undispatched.kt:61)
	at kotlinx.coroutines.BuildersKt__Builders_commonKt.withContext(Builders.common.kt:163)
	at kotlinx.coroutines.BuildersKt.withContext(Unknown Source)
	at io.kotest.engine.test.interceptors.TestPathContextInterceptor.intercept(TestPathContextInterceptor.kt:19)
	at io.kotest.engine.test.TestCaseExecutor$execute$3$1.invokeSuspend(TestCaseExecutor.kt:100)
	at io.kotest.engine.test.TestCaseExecutor$execute$3$1.invoke(TestCaseExecutor.kt)
	at io.kotest.engine.test.TestCaseExecutor$execute$3$1.invoke(TestCaseExecutor.kt)
	at io.kotest.engine.test.TestCaseExecutor.execute(TestCaseExecutor.kt:101)
	at io.kotest.engine.spec.runners.SingleInstanceSpecRunner.runTest(SingleInstanceSpecRunner.kt:113)
	at io.kotest.engine.spec.runners.SingleInstanceSpecRunner.access$runTest(SingleInstanceSpecRunner.kt:29)
	at io.kotest.engine.spec.runners.SingleInstanceSpecRunner$SingleInstanceTestScope.registerTestCase(SingleInstanceSpecRunner.kt:84)
	at io.kotest.engine.test.scopes.DuplicateNameHandlingTestScope.registerTestCase(DuplicateNameHandlingTestScope.kt:30)
	at io.kotest.engine.test.scopes.TestScopeWithCoroutineContext.registerTestCase(scopes.kt)
	at io.kotest.core.spec.style.scopes.AbstractContainerScope.registerTestCase$suspendImpl(ContainerScope.kt:222)
	at io.kotest.core.spec.style.scopes.AbstractContainerScope.registerTestCase(ContainerScope.kt)
	at io.kotest.core.spec.style.scopes.AbstractContainerScope.registerTestCase$suspendImpl(ContainerScope.kt:222)
	at io.kotest.core.spec.style.scopes.AbstractContainerScope.registerTestCase(ContainerScope.kt)
	at io.kotest.core.spec.style.scopes.ContainerScope$DefaultImpls.registerTest(ContainerScope.kt:50)
	at io.kotest.core.spec.style.scopes.AbstractContainerScope.registerTest(ContainerScope.kt:213)
	at io.kotest.core.spec.style.scopes.ContainerScope$DefaultImpls.registerContainer(ContainerScope.kt:68)
	at io.kotest.core.spec.style.scopes.AbstractContainerScope.registerContainer(ContainerScope.kt:213)
	at io.kotest.core.spec.style.scopes.FreeSpecContainerScope.minus(FreeSpecContainerScope.kt:26)
	at vegas.GoldenMasterTest$1$1.invokeSuspend(GoldenMasterTest.kt:88)
	at vegas.GoldenMasterTest$1$1.invoke(GoldenMasterTest.kt)
	at vegas.GoldenMasterTest$1$1.invoke(GoldenMasterTest.kt)
	at io.kotest.core.spec.style.scopes.FreeSpecRootScope$minus$1.invokeSuspend(FreeSpecRootScope.kt:21)
	at io.kotest.core.spec.style.scopes.FreeSpecRootScope$minus$1.invoke(FreeSpecRootScope.kt)
	at io.kotest.core.spec.style.scopes.FreeSpecRootScope$minus$1.invoke(FreeSpecRootScope.kt)
	at io.kotest.core.spec.style.scopes.RootScopeKt$addTest$1.invokeSuspend(RootScope.kt:36)
	at io.kotest.core.spec.style.scopes.RootScopeKt$addTest$1.invoke(RootScope.kt)
	at io.kotest.core.spec.style.scopes.RootScopeKt$addTest$1.invoke(RootScope.kt)
	at io.kotest.engine.test.TestCaseExecutor$execute$innerExecute$1.invokeSuspend(TestCaseExecutor.kt:91)
	at io.kotest.engine.test.TestCaseExecutor$execute$innerExecute$1.invoke(TestCaseExecutor.kt)
	at io.kotest.engine.test.TestCaseExecutor$execute$innerExecute$1.invoke(TestCaseExecutor.kt)
	at io.kotest.engine.test.interceptors.CoroutineDebugProbeInterceptor.intercept(CoroutineDebugProbeInterceptor.kt:29)
	at io.kotest.engine.test.TestCaseExecutor$execute$3$1.invokeSuspend(TestCaseExecutor.kt:100)
	at io.kotest.engine.test.TestCaseExecutor$execute$3$1.invoke(TestCaseExecutor.kt)
	at io.kotest.engine.test.TestCaseExecutor$execute$3$1.invoke(TestCaseExecutor.kt)
	at io.kotest.engine.test.TestInvocationInterceptor$runBeforeTestAfter$executeWithBeforeAfter$1.invokeSuspend(TestInvocationInterceptor.kt:63)
	at io.kotest.engine.test.TestInvocationInterceptor$runBeforeTestAfter$executeWithBeforeAfter$1.invoke(TestInvocationInterceptor.kt)
	at io.kotest.engine.test.TestInvocationInterceptor$runBeforeTestAfter$executeWithBeforeAfter$1.invoke(TestInvocationInterceptor.kt)
	at io.kotest.engine.test.interceptors.InvocationTimeoutInterceptor.intercept(InvocationTimeoutInterceptor.kt:28)
	at io.kotest.engine.test.TestInvocationInterceptor$runBeforeTestAfter$wrappedTest$1$1.invokeSuspend(TestInvocationInterceptor.kt:70)
	at io.kotest.engine.test.TestInvocationInterceptor$runBeforeTestAfter$wrappedTest$1$1.invoke(TestInvocationInterceptor.kt)
	at io.kotest.engine.test.TestInvocationInterceptor$runBeforeTestAfter$wrappedTest$1$1.invoke(TestInvocationInterceptor.kt)
	at io.kotest.engine.test.TestInvocationInterceptor.runBeforeTestAfter(TestInvocationInterceptor.kt:73)
	at io.kotest.engine.test.TestInvocationInterceptor.access$runBeforeTestAfter(TestInvocationInterceptor.kt:14)
	at io.kotest.engine.test.TestInvocationInterceptor$intercept$2$1.invokeSuspend(TestInvocationInterceptor.kt:36)
	at io.kotest.engine.test.TestInvocationInterceptor$intercept$2$1.invoke(TestInvocationInterceptor.kt)
	at io.kotest.engine.test.TestInvocationInterceptor$intercept$2$1.invoke(TestInvocationInterceptor.kt)
	at io.kotest.mpp.ReplayKt.replay(replay.kt:15)
	at io.kotest.engine.test.TestInvocationInterceptor$intercept$2.invokeSuspend(TestInvocationInterceptor.kt:32)
	at io.kotest.engine.test.TestInvocationInterceptor$intercept$2.invoke(TestInvocationInterceptor.kt)
	at io.kotest.engine.test.TestInvocationInterceptor$intercept$2.invoke(TestInvocationInterceptor.kt)
	at kotlinx.coroutines.intrinsics.UndispatchedKt.startUndispatchedOrReturn(Undispatched.kt:61)
	at kotlinx.coroutines.CoroutineScopeKt.coroutineScope(CoroutineScope.kt:261)
	at io.kotest.engine.test.TestInvocationInterceptor.intercept(TestInvocationInterceptor.kt:31)
	at io.kotest.engine.test.TestCaseExecutor$execute$3$1.invokeSuspend(TestCaseExecutor.kt:100)
	at io.kotest.engine.test.TestCaseExecutor$execute$3$1.invoke(TestCaseExecutor.kt)
	at io.kotest.engine.test.TestCaseExecutor$execute$3$1.invoke(TestCaseExecutor.kt)
	at io.kotest.engine.interceptors.MarkAbortedExceptionsAsSkippedTestInterceptor.intercept(MarkAbortedExceptionsAsSkippedTestInterceptor.kt:23)
	at io.kotest.engine.test.TestCaseExecutor$execute$3$1.invokeSuspend(TestCaseExecutor.kt:100)
	at io.kotest.engine.test.TestCaseExecutor$execute$3$1.invoke(TestCaseExecutor.kt)
	at io.kotest.engine.test.TestCaseExecutor$execute$3$1.invoke(TestCaseExecutor.kt)
	at io.kotest.engine.test.interceptors.ExpectExceptionTestInterceptor.intercept(ExpectExceptionTestInterceptor.kt:18)
	at io.kotest.engine.test.TestCaseExecutor$execute$3$1.invokeSuspend(TestCaseExecutor.kt:100)
	at io.kotest.engine.test.TestCaseExecutor$execute$3$1.invoke(TestCaseExecutor.kt)
	at io.kotest.engine.test.TestCaseExecutor$execute$3$1.invoke(TestCaseExecutor.kt)
	at io.kotest.engine.test.interceptors.TimeoutInterceptor.intercept(TimeoutInterceptor.kt:33)
	at io.kotest.engine.test.TestCaseExecutor$execute$3$1.invokeSuspend(TestCaseExecutor.kt:100)
	at io.kotest.engine.test.TestCaseExecutor$execute$3$1.invoke(TestCaseExecutor.kt)
	at io.kotest.engine.test.TestCaseExecutor$execute$3$1.invoke(TestCaseExecutor.kt)
	at io.kotest.engine.test.interceptors.BlockedThreadTimeoutInterceptor.intercept(BlockedThreadTimeoutInterceptor.kt:79)
	at io.kotest.engine.test.TestCaseExecutor$execute$3$1.invokeSuspend(TestCaseExecutor.kt:100)
	at io.kotest.engine.test.TestCaseExecutor$execute$3$1.invoke(TestCaseExecutor.kt)
	at io.kotest.engine.test.TestCaseExecutor$execute$3$1.invoke(TestCaseExecutor.kt)
	at io.kotest.engine.test.interceptors.CoroutineLoggingInterceptor.intercept(CoroutineLoggingInterceptor.kt:30)
	at io.kotest.engine.test.TestCaseExecutor$execute$3$1.invokeSuspend(TestCaseExecutor.kt:100)
	at io.kotest.engine.test.TestCaseExecutor$execute$3$1.invoke(TestCaseExecutor.kt)
	at io.kotest.engine.test.TestCaseExecutor$execute$3$1.invoke(TestCaseExecutor.kt)
	at io.kotest.engine.test.interceptors.SoftAssertInterceptor.intercept(SoftAssertInterceptor.kt:26)
	at io.kotest.engine.test.TestCaseExecutor$execute$3$1.invokeSuspend(TestCaseExecutor.kt:100)
	at io.kotest.engine.test.TestCaseExecutor$execute$3$1.invoke(TestCaseExecutor.kt)
	at io.kotest.engine.test.TestCaseExecutor$execute$3$1.invoke(TestCaseExecutor.kt)
	at io.kotest.engine.test.interceptors.AssertionModeInterceptor.intercept(AssertionModeInterceptor.kt:24)
	at io.kotest.engine.test.TestCaseExecutor$execute$3$1.invokeSuspend(TestCaseExecutor.kt:100)
	at io.kotest.engine.test.TestCaseExecutor$execute$3$1.invoke(TestCaseExecutor.kt)
	at io.kotest.engine.test.TestCaseExecutor$execute$3$1.invoke(TestCaseExecutor.kt)
	at io.kotest.engine.test.interceptors.LifecycleInterceptor.intercept(LifecycleInterceptor.kt:50)
	at io.kotest.engine.test.TestCaseExecutor$execute$3$1.invokeSuspend(TestCaseExecutor.kt:100)
	at io.kotest.engine.test.TestCaseExecutor$execute$3$1.invoke(TestCaseExecutor.kt)
	at io.kotest.engine.test.TestCaseExecutor$execute$3$1.invoke(TestCaseExecutor.kt)
	at io.kotest.engine.test.interceptors.TestCaseExtensionInterceptor$intercept$2.invokeSuspend(TestCaseExtensionInterceptor.kt:24)
	at io.kotest.engine.test.interceptors.TestCaseExtensionInterceptor$intercept$2.invoke(TestCaseExtensionInterceptor.kt)
	at io.kotest.engine.test.interceptors.TestCaseExtensionInterceptor$intercept$2.invoke(TestCaseExtensionInterceptor.kt)
	at io.kotest.engine.test.TestExtensions.intercept(TestExtensions.kt:148)
	at io.kotest.engine.test.interceptors.TestCaseExtensionInterceptor.intercept(TestCaseExtensionInterceptor.kt:24)
	at io.kotest.engine.test.TestCaseExecutor$execute$3$1.invokeSuspend(TestCaseExecutor.kt:100)
	at io.kotest.engine.test.TestCaseExecutor$execute$3$1.invoke(TestCaseExecutor.kt)
	at io.kotest.engine.test.TestCaseExecutor$execute$3$1.invoke(TestCaseExecutor.kt)
	at io.kotest.engine.test.interceptors.BeforeSpecListenerInterceptor$intercept$runTest$1$4$1.invokeSuspend(BeforeSpecListenerInterceptor.kt:50)
	at io.kotest.engine.test.interceptors.BeforeSpecListenerInterceptor$intercept$runTest$1$4$1.invoke(BeforeSpecListenerInterceptor.kt)
	at io.kotest.engine.test.interceptors.BeforeSpecListenerInterceptor$intercept$runTest$1$4$1.invoke(BeforeSpecListenerInterceptor.kt)
	at io.kotest.engine.test.interceptors.BeforeSpecListenerInterceptor.intercept(BeforeSpecListenerInterceptor.kt:60)
	at io.kotest.engine.test.TestCaseExecutor$execute$3$1.invokeSuspend(TestCaseExecutor.kt:100)
	at io.kotest.engine.test.TestCaseExecutor$execute$3$1.invoke(TestCaseExecutor.kt)
	at io.kotest.engine.test.TestCaseExecutor$execute$3$1.invoke(TestCaseExecutor.kt)
	at io.kotest.engine.test.interceptors.TestEnabledCheckInterceptor.intercept(TestEnabledCheckInterceptor.kt:31)
	at io.kotest.engine.test.TestCaseExecutor$execute$3$1.invokeSuspend(TestCaseExecutor.kt:100)
	at io.kotest.engine.test.TestCaseExecutor$execute$3$1.invoke(TestCaseExecutor.kt)
	at io.kotest.engine.test.TestCaseExecutor$execute$3$1.invoke(TestCaseExecutor.kt)
	at io.kotest.engine.test.interceptors.CoroutineErrorCollectorInterceptor$intercept$3.invokeSuspend(CoroutineErrorCollectorInterceptor.kt:34)
	at io.kotest.engine.test.interceptors.CoroutineErrorCollectorInterceptor$intercept$3.invoke(CoroutineErrorCollectorInterceptor.kt)
	at io.kotest.engine.test.interceptors.CoroutineErrorCollectorInterceptor$intercept$3.invoke(CoroutineErrorCollectorInterceptor.kt)
	at kotlinx.coroutines.intrinsics.UndispatchedKt.startUndispatchedOrReturn(Undispatched.kt:61)
	at kotlinx.coroutines.BuildersKt__Builders_commonKt.withContext(Builders.common.kt:163)
	at kotlinx.coroutines.BuildersKt.withContext(Unknown Source)
	at io.kotest.engine.test.interceptors.CoroutineErrorCollectorInterceptor.intercept(CoroutineErrorCollectorInterceptor.kt:33)
	at io.kotest.engine.test.TestCaseExecutor$execute$3$1.invokeSuspend(TestCaseExecutor.kt:100)
	at io.kotest.engine.test.TestCaseExecutor$execute$3$1.invoke(TestCaseExecutor.kt)
	at io.kotest.engine.test.TestCaseExecutor$execute$3$1.invoke(TestCaseExecutor.kt)
	at io.kotest.engine.test.interceptors.CoroutineDispatcherFactoryInterceptor$intercept$4.invokeSuspend(coroutineDispatcherFactoryInterceptor.kt:57)
	at io.kotest.engine.test.interceptors.CoroutineDispatcherFactoryInterceptor$intercept$4.invoke(coroutineDispatcherFactoryInterceptor.kt)
	at io.kotest.engine.test.interceptors.CoroutineDispatcherFactoryInterceptor$intercept$4.invoke(coroutineDispatcherFactoryInterceptor.kt)
	at io.kotest.engine.concurrency.FixedThreadCoroutineDispatcherFactory$withDispatcher$4.invokeSuspend(FixedThreadCoroutineDispatcherFactory.kt:59)
	at kotlin.coroutines.jvm.internal.BaseContinuationImpl.resumeWith(ContinuationImpl.kt:33)
	at kotlinx.coroutines.DispatchedTask.run(DispatchedTask.kt:104)
	at java.base/java.util.concurrent.ThreadPoolExecutor.runWorker(ThreadPoolExecutor.java:1144)
	at java.base/java.util.concurrent.ThreadPoolExecutor$Worker.run(ThreadPoolExecutor.java:642)
	at java.base/java.lang.Thread.run(Thread.java:1583)

[ERROR] vegas.GoldenMasterTest -- Time elapsed: 0 s <<< FAILURE!
io.kotest.assertions.AssertionFailedError:
expected:<[Change at line 54]   sig_AJoinPQ : Signed A P_AJoinPQ;
  guard : andb andb (true (* expr not supported yet: Mul(l=Field(field=A.p), r=Field(field=A.q)) *) = w_QJoinX.(sig_QJoinX).(msg).(x)) (w_AJoinPQ.(sig_AJoinPQ).(msg).(p) <> 1%Z) (w_AJoinPQ.(sig_AJoinPQ).(msg).(q) <> 1%Z);
}.

(* ===================== *)
(* 5) Typed runtime/ESM  *)
(* ===================== *)

Inductive Stage : Type :=
S0 | S1 | S2.

Inductive State : Stage -> Type :=
| st0 : State S0
| st1 : (w_QJoinX : W_QJoinX) -> State S1
| st2 : (w_QJoinX : W_QJoinX) (w_AJoinPQ : (W_AJoinPQ w_QJoinX)) -> State S2
.

(* Step API *)
Definition step_qjoinx_from_s0 (s : State S0) (sig : Signed Q P_QJoinX)
 : State S1 :=
  match s with
  | st0 =>
      st1 {| sig_QJoinX := sig |}
  end.

Definition step_ajoinpq_from_s1 (s : State S1) (sig : Signed A P_AJoinPQ)
  (Hguard : (andb (andb (true = (match s with st1 w_QJoinX => w_QJoinX.(sig_QJoinX).(msg).(x) end)) (sig.(msg).(p) <> 1%Z)) (sig.(msg).(q) <> 1%Z))) : State S2 :=
  match s with
  | st1 w_QJoinX =>
      st2 w_QJoinX {| sig_AJoinPQ := sig; guard := Hguard |}
  end.

End Puzzle_Protocol.> but was:<[Change at line 54]   sig_AJoinPQ : Signed A P_AJoinPQ;
  guard : andb andb (true (* expr not supported yet: Mul(l=Field(field=A.p), r=Field(field=A.q)) *) = w_QJoinX.(sig_QJoinX).(msg).(x)) (sig_AJoinPQ.(msg).(p) <> 1%Z) (sig_AJoinPQ.(msg).(q) <> 1%Z);
}.

(* ===================== *)
(* 5) Typed runtime/ESM  *)
(* ===================== *)

Inductive Stage : Type :=
S0 | S1 | S2.

Inductive State : Stage -> Type :=
| st0 : State S0
| st1 : (w_QJoinX : W_QJoinX) -> State S1
| st2 : (w_QJoinX : W_QJoinX) (w_AJoinPQ : (W_AJoinPQ w_QJoinX)) -> State S2
.

(* Step API *)
Definition step_qjoinx_from_s0 (s : State S0) (sig : Signed Q P_QJoinX)
 : State S1 :=
  match s with
  | st0 =>
      st1 {| sig_QJoinX := sig |}
  end.

Definition step_ajoinpq_from_s1 (s : State S1) (sig : Signed A P_AJoinPQ)
  (Hguard : (andb (andb (true = (match s with st1 w_QJoinX => w_QJoinX.(sig_QJoinX).(msg).(x) end)) (sig.(msg).(p) <> 1%Z)) (sig.(msg).(q) <> 1%Z))) : State S2 :=
  match s with
  | st1 w_QJoinX =>
      st2 w_QJoinX {| sig_AJoinPQ := sig; guard := Hguard |}
  end.

End Puzzle_Protocol.>
	at vegas.GoldenMasterTest$1$1$1$2.invokeSuspend(GoldenMasterTest.kt:118)
	at vegas.GoldenMasterTest$1$1$1$2.invoke(GoldenMasterTest.kt)
	at vegas.GoldenMasterTest$1$1$1$2.invoke(GoldenMasterTest.kt)
	at io.kotest.datatest.ContainerKt$withData$8$1.invokeSuspend(container.kt:73)
	at io.kotest.datatest.ContainerKt$withData$8$1.invoke(container.kt)
	at io.kotest.datatest.ContainerKt$withData$8$1.invoke(container.kt)
	at io.kotest.engine.test.TestCaseExecutor$execute$innerExecute$1.invokeSuspend(TestCaseExecutor.kt:91)
	at io.kotest.engine.test.TestCaseExecutor$execute$innerExecute$1.invoke(TestCaseExecutor.kt)
	at io.kotest.engine.test.TestCaseExecutor$execute$innerExecute$1.invoke(TestCaseExecutor.kt)
	at io.kotest.engine.test.interceptors.CoroutineDebugProbeInterceptor.intercept(CoroutineDebugProbeInterceptor.kt:29)
	at io.kotest.engine.test.TestCaseExecutor$execute$3$1.invokeSuspend(TestCaseExecutor.kt:100)
	at io.kotest.engine.test.TestCaseExecutor$execute$3$1.invoke(TestCaseExecutor.kt)
	at io.kotest.engine.test.TestCaseExecutor$execute$3$1.invoke(TestCaseExecutor.kt)
	at io.kotest.engine.test.TestInvocationInterceptor$runBeforeTestAfter$executeWithBeforeAfter$1.invokeSuspend(TestInvocationInterceptor.kt:63)
	at io.kotest.engine.test.TestInvocationInterceptor$runBeforeTestAfter$executeWithBeforeAfter$1.invoke(TestInvocationInterceptor.kt)
	at io.kotest.engine.test.TestInvocationInterceptor$runBeforeTestAfter$executeWithBeforeAfter$1.invoke(TestInvocationInterceptor.kt)
	at io.kotest.engine.test.interceptors.InvocationTimeoutInterceptor$intercept$3.invokeSuspend(InvocationTimeoutInterceptor.kt:43)
	at io.kotest.engine.test.interceptors.InvocationTimeoutInterceptor$intercept$3.invoke(InvocationTimeoutInterceptor.kt)
	at io.kotest.engine.test.interceptors.InvocationTimeoutInterceptor$intercept$3.invoke(InvocationTimeoutInterceptor.kt)
	at kotlinx.coroutines.intrinsics.UndispatchedKt.startUndispatchedOrReturnIgnoreTimeout(Undispatched.kt:72)
	at kotlinx.coroutines.TimeoutKt.setupTimeout(Timeout.kt:148)
	at kotlinx.coroutines.TimeoutKt.withTimeoutOrNull(Timeout.kt:104)
	at io.kotest.engine.test.interceptors.InvocationTimeoutInterceptor.intercept(InvocationTimeoutInterceptor.kt:42)
	at io.kotest.engine.test.TestInvocationInterceptor$runBeforeTestAfter$wrappedTest$1$1.invokeSuspend(TestInvocationInterceptor.kt:70)
	at io.kotest.engine.test.TestInvocationInterceptor$runBeforeTestAfter$wrappedTest$1$1.invoke(TestInvocationInterceptor.kt)
	at io.kotest.engine.test.TestInvocationInterceptor$runBeforeTestAfter$wrappedTest$1$1.invoke(TestInvocationInterceptor.kt)
	at io.kotest.engine.test.TestInvocationInterceptor.runBeforeTestAfter(TestInvocationInterceptor.kt:73)
	at io.kotest.engine.test.TestInvocationInterceptor.access$runBeforeTestAfter(TestInvocationInterceptor.kt:14)
	at io.kotest.engine.test.TestInvocationInterceptor$intercept$2$1.invokeSuspend(TestInvocationInterceptor.kt:36)
	at io.kotest.engine.test.TestInvocationInterceptor$intercept$2$1.invoke(TestInvocationInterceptor.kt)
	at io.kotest.engine.test.TestInvocationInterceptor$intercept$2$1.invoke(TestInvocationInterceptor.kt)
	at io.kotest.mpp.ReplayKt.replay(replay.kt:15)
	at io.kotest.engine.test.TestInvocationInterceptor$intercept$2.invokeSuspend(TestInvocationInterceptor.kt:32)
	at io.kotest.engine.test.TestInvocationInterceptor$intercept$2.invoke(TestInvocationInterceptor.kt)
	at io.kotest.engine.test.TestInvocationInterceptor$intercept$2.invoke(TestInvocationInterceptor.kt)
	at kotlinx.coroutines.intrinsics.UndispatchedKt.startUndispatchedOrReturn(Undispatched.kt:61)
	at kotlinx.coroutines.CoroutineScopeKt.coroutineScope(CoroutineScope.kt:261)
	at io.kotest.engine.test.TestInvocationInterceptor.intercept(TestInvocationInterceptor.kt:31)
	at io.kotest.engine.test.TestCaseExecutor$execute$3$1.invokeSuspend(TestCaseExecutor.kt:100)
	at io.kotest.engine.test.TestCaseExecutor$execute$3$1.invoke(TestCaseExecutor.kt)
	at io.kotest.engine.test.TestCaseExecutor$execute$3$1.invoke(TestCaseExecutor.kt)
	at io.kotest.engine.interceptors.MarkAbortedExceptionsAsSkippedTestInterceptor.intercept(MarkAbortedExceptionsAsSkippedTestInterceptor.kt:23)
	at io.kotest.engine.test.TestCaseExecutor$execute$3$1.invokeSuspend(TestCaseExecutor.kt:100)
	at io.kotest.engine.test.TestCaseExecutor$execute$3$1.invoke(TestCaseExecutor.kt)
	at io.kotest.engine.test.TestCaseExecutor$execute$3$1.invoke(TestCaseExecutor.kt)
	at io.kotest.engine.test.interceptors.ExpectExceptionTestInterceptor.intercept(ExpectExceptionTestInterceptor.kt:18)
	at io.kotest.engine.test.TestCaseExecutor$execute$3$1.invokeSuspend(TestCaseExecutor.kt:100)
	at io.kotest.engine.test.TestCaseExecutor$execute$3$1.invoke(TestCaseExecutor.kt)
	at io.kotest.engine.test.TestCaseExecutor$execute$3$1.invoke(TestCaseExecutor.kt)
	at io.kotest.engine.test.interceptors.TimeoutInterceptor.intercept(TimeoutInterceptor.kt:33)
	at io.kotest.engine.test.TestCaseExecutor$execute$3$1.invokeSuspend(TestCaseExecutor.kt:100)
	at io.kotest.engine.test.TestCaseExecutor$execute$3$1.invoke(TestCaseExecutor.kt)
	at io.kotest.engine.test.TestCaseExecutor$execute$3$1.invoke(TestCaseExecutor.kt)
	at io.kotest.engine.test.interceptors.BlockedThreadTimeoutInterceptor.intercept(BlockedThreadTimeoutInterceptor.kt:79)
	at io.kotest.engine.test.TestCaseExecutor$execute$3$1.invokeSuspend(TestCaseExecutor.kt:100)
	at io.kotest.engine.test.TestCaseExecutor$execute$3$1.invoke(TestCaseExecutor.kt)
	at io.kotest.engine.test.TestCaseExecutor$execute$3$1.invoke(TestCaseExecutor.kt)
	at io.kotest.engine.test.interceptors.CoroutineLoggingInterceptor.intercept(CoroutineLoggingInterceptor.kt:30)
	at io.kotest.engine.test.TestCaseExecutor$execute$3$1.invokeSuspend(TestCaseExecutor.kt:100)
	at io.kotest.engine.test.TestCaseExecutor$execute$3$1.invoke(TestCaseExecutor.kt)
	at io.kotest.engine.test.TestCaseExecutor$execute$3$1.invoke(TestCaseExecutor.kt)
	at io.kotest.engine.test.interceptors.SoftAssertInterceptor.intercept(SoftAssertInterceptor.kt:26)
	at io.kotest.engine.test.TestCaseExecutor$execute$3$1.invokeSuspend(TestCaseExecutor.kt:100)
	at io.kotest.engine.test.TestCaseExecutor$execute$3$1.invoke(TestCaseExecutor.kt)
	at io.kotest.engine.test.TestCaseExecutor$execute$3$1.invoke(TestCaseExecutor.kt)
	at io.kotest.engine.test.interceptors.AssertionModeInterceptor.intercept(AssertionModeInterceptor.kt:24)
	at io.kotest.engine.test.TestCaseExecutor$execute$3$1.invokeSuspend(TestCaseExecutor.kt:100)
	at io.kotest.engine.test.TestCaseExecutor$execute$3$1.invoke(TestCaseExecutor.kt)
	at io.kotest.engine.test.TestCaseExecutor$execute$3$1.invoke(TestCaseExecutor.kt)
	at io.kotest.engine.test.interceptors.LifecycleInterceptor.intercept(LifecycleInterceptor.kt:50)
	at io.kotest.engine.test.TestCaseExecutor$execute$3$1.invokeSuspend(TestCaseExecutor.kt:100)
	at io.kotest.engine.test.TestCaseExecutor$execute$3$1.invoke(TestCaseExecutor.kt)
	at io.kotest.engine.test.TestCaseExecutor$execute$3$1.invoke(TestCaseExecutor.kt)
	at io.kotest.engine.test.interceptors.TestCaseExtensionInterceptor$intercept$2.invokeSuspend(TestCaseExtensionInterceptor.kt:24)
	at io.kotest.engine.test.interceptors.TestCaseExtensionInterceptor$intercept$2.invoke(TestCaseExtensionInterceptor.kt)
	at io.kotest.engine.test.interceptors.TestCaseExtensionInterceptor$intercept$2.invoke(TestCaseExtensionInterceptor.kt)
	at io.kotest.engine.test.TestExtensions.intercept(TestExtensions.kt:148)
	at io.kotest.engine.test.interceptors.TestCaseExtensionInterceptor.intercept(TestCaseExtensionInterceptor.kt:24)
	at io.kotest.engine.test.TestCaseExecutor$execute$3$1.invokeSuspend(TestCaseExecutor.kt:100)
	at io.kotest.engine.test.TestCaseExecutor$execute$3$1.invoke(TestCaseExecutor.kt)
	at io.kotest.engine.test.TestCaseExecutor$execute$3$1.invoke(TestCaseExecutor.kt)
	at io.kotest.engine.test.interceptors.BeforeSpecListenerInterceptor$intercept$runTest$1$2.invokeSuspend(BeforeSpecListenerInterceptor.kt:43)
	at io.kotest.engine.test.interceptors.BeforeSpecListenerInterceptor$intercept$runTest$1$2.invoke(BeforeSpecListenerInterceptor.kt)
	at io.kotest.engine.test.interceptors.BeforeSpecListenerInterceptor$intercept$runTest$1$2.invoke(BeforeSpecListenerInterceptor.kt)
	at io.kotest.engine.test.interceptors.BeforeSpecListenerInterceptor.intercept(BeforeSpecListenerInterceptor.kt:60)
	at io.kotest.engine.test.TestCaseExecutor$execute$3$1.invokeSuspend(TestCaseExecutor.kt:100)
	at io.kotest.engine.test.TestCaseExecutor$execute$3$1.invoke(TestCaseExecutor.kt)
	at io.kotest.engine.test.TestCaseExecutor$execute$3$1.invoke(TestCaseExecutor.kt)
	at io.kotest.engine.test.interceptors.TestEnabledCheckInterceptor.intercept(TestEnabledCheckInterceptor.kt:31)
	at io.kotest.engine.test.TestCaseExecutor$execute$3$1.invokeSuspend(TestCaseExecutor.kt:100)
	at io.kotest.engine.test.TestCaseExecutor$execute$3$1.invoke(TestCaseExecutor.kt)
	at io.kotest.engine.test.TestCaseExecutor$execute$3$1.invoke(TestCaseExecutor.kt)
	at io.kotest.engine.test.interceptors.CoroutineErrorCollectorInterceptor$intercept$3.invokeSuspend(CoroutineErrorCollectorInterceptor.kt:34)
	at io.kotest.engine.test.interceptors.CoroutineErrorCollectorInterceptor$intercept$3.invoke(CoroutineErrorCollectorInterceptor.kt)
	at io.kotest.engine.test.interceptors.CoroutineErrorCollectorInterceptor$intercept$3.invoke(CoroutineErrorCollectorInterceptor.kt)
	at kotlinx.coroutines.intrinsics.UndispatchedKt.startUndispatchedOrReturn(Undispatched.kt:61)
	at kotlinx.coroutines.BuildersKt__Builders_commonKt.withContext(Builders.common.kt:163)
	at kotlinx.coroutines.BuildersKt.withContext(Unknown Source)
	at io.kotest.engine.test.interceptors.CoroutineErrorCollectorInterceptor.intercept(CoroutineErrorCollectorInterceptor.kt:33)
	at io.kotest.engine.test.TestCaseExecutor$execute$3$1.invokeSuspend(TestCaseExecutor.kt:100)
	at io.kotest.engine.test.TestCaseExecutor$execute$3$1.invoke(TestCaseExecutor.kt)
	at io.kotest.engine.test.TestCaseExecutor$execute$3$1.invoke(TestCaseExecutor.kt)
	at io.kotest.engine.test.interceptors.CoroutineDispatcherFactoryInterceptor$intercept$4.invokeSuspend(coroutineDispatcherFactoryInterceptor.kt:57)
	at io.kotest.engine.test.interceptors.CoroutineDispatcherFactoryInterceptor$intercept$4.invoke(coroutineDispatcherFactoryInterceptor.kt)
	at io.kotest.engine.test.interceptors.CoroutineDispatcherFactoryInterceptor$intercept$4.invoke(coroutineDispatcherFactoryInterceptor.kt)
	at io.kotest.engine.concurrency.FixedThreadCoroutineDispatcherFactory$withDispatcher$4.invokeSuspend(FixedThreadCoroutineDispatcherFactory.kt:59)
	at io.kotest.engine.concurrency.FixedThreadCoroutineDispatcherFactory$withDispatcher$4.invoke(FixedThreadCoroutineDispatcherFactory.kt)
	at io.kotest.engine.concurrency.FixedThreadCoroutineDispatcherFactory$withDispatcher$4.invoke(FixedThreadCoroutineDispatcherFactory.kt)
	at kotlinx.coroutines.intrinsics.UndispatchedKt.startUndispatchedOrReturn(Undispatched.kt:61)
	at kotlinx.coroutines.BuildersKt__Builders_commonKt.withContext(Builders.common.kt:163)
	at kotlinx.coroutines.BuildersKt.withContext(Unknown Source)
	at io.kotest.engine.concurrency.FixedThreadCoroutineDispatcherFactory.withDispatcher(FixedThreadCoroutineDispatcherFactory.kt:58)
	at io.kotest.engine.test.interceptors.CoroutineDispatcherFactoryInterceptor.intercept(coroutineDispatcherFactoryInterceptor.kt:56)
	at io.kotest.engine.test.TestCaseExecutor$execute$3$1.invokeSuspend(TestCaseExecutor.kt:100)
	at io.kotest.engine.test.TestCaseExecutor$execute$3$1.invoke(TestCaseExecutor.kt)
	at io.kotest.engine.test.TestCaseExecutor$execute$3$1.invoke(TestCaseExecutor.kt)
	at io.kotest.engine.test.interceptors.SupervisorScopeInterceptor$intercept$2.invokeSuspend(SupervisorScopeInterceptor.kt:23)
	at io.kotest.engine.test.interceptors.SupervisorScopeInterceptor$intercept$2.invoke(SupervisorScopeInterceptor.kt)
	at io.kotest.engine.test.interceptors.SupervisorScopeInterceptor$intercept$2.invoke(SupervisorScopeInterceptor.kt)
	at kotlinx.coroutines.intrinsics.UndispatchedKt.startUndispatchedOrReturn(Undispatched.kt:61)
	at kotlinx.coroutines.SupervisorKt.supervisorScope(Supervisor.kt:56)
	at io.kotest.engine.test.interceptors.SupervisorScopeInterceptor.intercept(SupervisorScopeInterceptor.kt:22)
	at io.kotest.engine.test.TestCaseExecutor$execute$3$1.invokeSuspend(TestCaseExecutor.kt:100)
	at io.kotest.engine.test.TestCaseExecutor$execute$3$1.invoke(TestCaseExecutor.kt)
	at io.kotest.engine.test.TestCaseExecutor$execute$3$1.invoke(TestCaseExecutor.kt)
	at io.kotest.engine.test.interceptors.InvocationCountCheckInterceptor.intercept(InvocationCountCheckInterceptor.kt:24)
	at io.kotest.engine.test.TestCaseExecutor$execute$3$1.invokeSuspend(TestCaseExecutor.kt:100)
	at io.kotest.engine.test.TestCaseExecutor$execute$3$1.invoke(TestCaseExecutor.kt)
	at io.kotest.engine.test.TestCaseExecutor$execute$3$1.invoke(TestCaseExecutor.kt)
	at io.kotest.engine.test.interceptors.TestFinishedInterceptor.intercept(TestFinishedInterceptor.kt:21)
	at io.kotest.engine.test.TestCaseExecutor$execute$3$1.invokeSuspend(TestCaseExecutor.kt:100)
	at io.kotest.engine.test.TestCaseExecutor$execute$3$1.invoke(TestCaseExecutor.kt)
	at io.kotest.engine.test.TestCaseExecutor$execute$3$1.invoke(TestCaseExecutor.kt)
	at io.kotest.engine.test.interceptors.TestNameContextInterceptor$intercept$2.invokeSuspend(TestPathContextInterceptor.kt:35)
	at io.kotest.engine.test.interceptors.TestNameContextInterceptor$intercept$2.invoke(TestPathContextInterceptor.kt)
	at io.kotest.engine.test.interceptors.TestNameContextInterceptor$intercept$2.invoke(TestPathContextInterceptor.kt)
	at kotlinx.coroutines.intrinsics.UndispatchedKt.startUndispatchedOrReturn(Undispatched.kt:61)
	at kotlinx.coroutines.BuildersKt__Builders_commonKt.withContext(Builders.common.kt:163)
	at kotlinx.coroutines.BuildersKt.withContext(Unknown Source)
	at io.kotest.engine.test.interceptors.TestNameContextInterceptor.intercept(TestPathContextInterceptor.kt:34)
	at io.kotest.engine.test.TestCaseExecutor$execute$3$1.invokeSuspend(TestCaseExecutor.kt:100)
	at io.kotest.engine.test.TestCaseExecutor$execute$3$1.invoke(TestCaseExecutor.kt)
	at io.kotest.engine.test.TestCaseExecutor$execute$3$1.invoke(TestCaseExecutor.kt)
	at io.kotest.engine.test.interceptors.TestPathContextInterceptor$intercept$2.invokeSuspend(TestPathContextInterceptor.kt:20)
	at io.kotest.engine.test.interceptors.TestPathContextInterceptor$intercept$2.invoke(TestPathContextInterceptor.kt)
	at io.kotest.engine.test.interceptors.TestPathContextInterceptor$intercept$2.invoke(TestPathContextInterceptor.kt)
	at kotlinx.coroutines.intrinsics.UndispatchedKt.startUndispatchedOrReturn(Undispatched.kt:61)
	at kotlinx.coroutines.BuildersKt__Builders_commonKt.withContext(Builders.common.kt:163)
	at kotlinx.coroutines.BuildersKt.withContext(Unknown Source)
	at io.kotest.engine.test.interceptors.TestPathContextInterceptor.intercept(TestPathContextInterceptor.kt:19)
	at io.kotest.engine.test.TestCaseExecutor$execute$3$1.invokeSuspend(TestCaseExecutor.kt:100)
	at io.kotest.engine.test.TestCaseExecutor$execute$3$1.invoke(TestCaseExecutor.kt)
	at io.kotest.engine.test.TestCaseExecutor$execute$3$1.invoke(TestCaseExecutor.kt)
	at io.kotest.engine.test.TestCaseExecutor.execute(TestCaseExecutor.kt:101)
	at io.kotest.engine.spec.runners.SingleInstanceSpecRunner.runTest(SingleInstanceSpecRunner.kt:113)
	at io.kotest.engine.spec.runners.SingleInstanceSpecRunner.access$runTest(SingleInstanceSpecRunner.kt:29)
	at io.kotest.engine.spec.runners.SingleInstanceSpecRunner$SingleInstanceTestScope.registerTestCase(SingleInstanceSpecRunner.kt:84)
	at io.kotest.engine.test.scopes.DuplicateNameHandlingTestScope.registerTestCase(DuplicateNameHandlingTestScope.kt:30)
	at io.kotest.engine.test.scopes.TestScopeWithCoroutineContext.registerTestCase(scopes.kt)
	at io.kotest.core.spec.style.scopes.AbstractContainerScope.registerTestCase$suspendImpl(ContainerScope.kt:222)
	at io.kotest.core.spec.style.scopes.AbstractContainerScope.registerTestCase(ContainerScope.kt)
	at io.kotest.core.spec.style.scopes.ContainerScope$DefaultImpls.registerTest(ContainerScope.kt:50)
	at io.kotest.core.spec.style.scopes.AbstractContainerScope.registerTest(ContainerScope.kt:213)
	at io.kotest.datatest.ContainerKt.withData(container.kt:73)
	at vegas.GoldenMasterTest$1$1$1.invokeSuspend(GoldenMasterTest.kt:89)
	at vegas.GoldenMasterTest$1$1$1.invoke(GoldenMasterTest.kt)
	at vegas.GoldenMasterTest$1$1$1.invoke(GoldenMasterTest.kt)
	at io.kotest.core.spec.style.scopes.FreeSpecContainerScope$minus$2.invokeSuspend(FreeSpecContainerScope.kt:26)
	at io.kotest.core.spec.style.scopes.FreeSpecContainerScope$minus$2.invoke(FreeSpecContainerScope.kt)
	at io.kotest.core.spec.style.scopes.FreeSpecContainerScope$minus$2.invoke(FreeSpecContainerScope.kt)
	at io.kotest.engine.test.TestCaseExecutor$execute$innerExecute$1.invokeSuspend(TestCaseExecutor.kt:91)
	at io.kotest.engine.test.TestCaseExecutor$execute$innerExecute$1.invoke(TestCaseExecutor.kt)
	at io.kotest.engine.test.TestCaseExecutor$execute$innerExecute$1.invoke(TestCaseExecutor.kt)
	at io.kotest.engine.test.interceptors.CoroutineDebugProbeInterceptor.intercept(CoroutineDebugProbeInterceptor.kt:29)
	at io.kotest.engine.test.TestCaseExecutor$execute$3$1.invokeSuspend(TestCaseExecutor.kt:100)
	at io.kotest.engine.test.TestCaseExecutor$execute$3$1.invoke(TestCaseExecutor.kt)
	at io.kotest.engine.test.TestCaseExecutor$execute$3$1.invoke(TestCaseExecutor.kt)
	at io.kotest.engine.test.TestInvocationInterceptor$runBeforeTestAfter$executeWithBeforeAfter$1.invokeSuspend(TestInvocationInterceptor.kt:63)
	at io.kotest.engine.test.TestInvocationInterceptor$runBeforeTestAfter$executeWithBeforeAfter$1.invoke(TestInvocationInterceptor.kt)
	at io.kotest.engine.test.TestInvocationInterceptor$runBeforeTestAfter$executeWithBeforeAfter$1.invoke(TestInvocationInterceptor.kt)
	at io.kotest.engine.test.interceptors.InvocationTimeoutInterceptor.intercept(InvocationTimeoutInterceptor.kt:28)
	at io.kotest.engine.test.TestInvocationInterceptor$runBeforeTestAfter$wrappedTest$1$1.invokeSuspend(TestInvocationInterceptor.kt:70)
	at io.kotest.engine.test.TestInvocationInterceptor$runBeforeTestAfter$wrappedTest$1$1.invoke(TestInvocationInterceptor.kt)
	at io.kotest.engine.test.TestInvocationInterceptor$runBeforeTestAfter$wrappedTest$1$1.invoke(TestInvocationInterceptor.kt)
	at io.kotest.engine.test.TestInvocationInterceptor.runBeforeTestAfter(TestInvocationInterceptor.kt:73)
	at io.kotest.engine.test.TestInvocationInterceptor.access$runBeforeTestAfter(TestInvocationInterceptor.kt:14)
	at io.kotest.engine.test.TestInvocationInterceptor$intercept$2$1.invokeSuspend(TestInvocationInterceptor.kt:36)
	at io.kotest.engine.test.TestInvocationInterceptor$intercept$2$1.invoke(TestInvocationInterceptor.kt)
	at io.kotest.engine.test.TestInvocationInterceptor$intercept$2$1.invoke(TestInvocationInterceptor.kt)
	at io.kotest.mpp.ReplayKt.replay(replay.kt:15)
	at io.kotest.engine.test.TestInvocationInterceptor$intercept$2.invokeSuspend(TestInvocationInterceptor.kt:32)
	at io.kotest.engine.test.TestInvocationInterceptor$intercept$2.invoke(TestInvocationInterceptor.kt)
	at io.kotest.engine.test.TestInvocationInterceptor$intercept$2.invoke(TestInvocationInterceptor.kt)
	at kotlinx.coroutines.intrinsics.UndispatchedKt.startUndispatchedOrReturn(Undispatched.kt:61)
	at kotlinx.coroutines.CoroutineScopeKt.coroutineScope(CoroutineScope.kt:261)
	at io.kotest.engine.test.TestInvocationInterceptor.intercept(TestInvocationInterceptor.kt:31)
	at io.kotest.engine.test.TestCaseExecutor$execute$3$1.invokeSuspend(TestCaseExecutor.kt:100)
	at io.kotest.engine.test.TestCaseExecutor$execute$3$1.invoke(TestCaseExecutor.kt)
	at io.kotest.engine.test.TestCaseExecutor$execute$3$1.invoke(TestCaseExecutor.kt)
	at io.kotest.engine.interceptors.MarkAbortedExceptionsAsSkippedTestInterceptor.intercept(MarkAbortedExceptionsAsSkippedTestInterceptor.kt:23)
	at io.kotest.engine.test.TestCaseExecutor$execute$3$1.invokeSuspend(TestCaseExecutor.kt:100)
	at io.kotest.engine.test.TestCaseExecutor$execute$3$1.invoke(TestCaseExecutor.kt)
	at io.kotest.engine.test.TestCaseExecutor$execute$3$1.invoke(TestCaseExecutor.kt)
	at io.kotest.engine.test.interceptors.ExpectExceptionTestInterceptor.intercept(ExpectExceptionTestInterceptor.kt:18)
	at io.kotest.engine.test.TestCaseExecutor$execute$3$1.invokeSuspend(TestCaseExecutor.kt:100)
	at io.kotest.engine.test.TestCaseExecutor$execute$3$1.invoke(TestCaseExecutor.kt)
	at io.kotest.engine.test.TestCaseExecutor$execute$3$1.invoke(TestCaseExecutor.kt)
	at io.kotest.engine.test.interceptors.TimeoutInterceptor.intercept(TimeoutInterceptor.kt:33)
	at io.kotest.engine.test.TestCaseExecutor$execute$3$1.invokeSuspend(TestCaseExecutor.kt:100)
	at io.kotest.engine.test.TestCaseExecutor$execute$3$1.invoke(TestCaseExecutor.kt)
	at io.kotest.engine.test.TestCaseExecutor$execute$3$1.invoke(TestCaseExecutor.kt)
	at io.kotest.engine.test.interceptors.BlockedThreadTimeoutInterceptor.intercept(BlockedThreadTimeoutInterceptor.kt:79)
	at io.kotest.engine.test.TestCaseExecutor$execute$3$1.invokeSuspend(TestCaseExecutor.kt:100)
	at io.kotest.engine.test.TestCaseExecutor$execute$3$1.invoke(TestCaseExecutor.kt)
	at io.kotest.engine.test.TestCaseExecutor$execute$3$1.invoke(TestCaseExecutor.kt)
	at io.kotest.engine.test.interceptors.CoroutineLoggingInterceptor.intercept(CoroutineLoggingInterceptor.kt:30)
	at io.kotest.engine.test.TestCaseExecutor$execute$3$1.invokeSuspend(TestCaseExecutor.kt:100)
	at io.kotest.engine.test.TestCaseExecutor$execute$3$1.invoke(TestCaseExecutor.kt)
	at io.kotest.engine.test.TestCaseExecutor$execute$3$1.invoke(TestCaseExecutor.kt)
	at io.kotest.engine.test.interceptors.SoftAssertInterceptor.intercept(SoftAssertInterceptor.kt:26)
	at io.kotest.engine.test.TestCaseExecutor$execute$3$1.invokeSuspend(TestCaseExecutor.kt:100)
	at io.kotest.engine.test.TestCaseExecutor$execute$3$1.invoke(TestCaseExecutor.kt)
	at io.kotest.engine.test.TestCaseExecutor$execute$3$1.invoke(TestCaseExecutor.kt)
	at io.kotest.engine.test.interceptors.AssertionModeInterceptor.intercept(AssertionModeInterceptor.kt:24)
	at io.kotest.engine.test.TestCaseExecutor$execute$3$1.invokeSuspend(TestCaseExecutor.kt:100)
	at io.kotest.engine.test.TestCaseExecutor$execute$3$1.invoke(TestCaseExecutor.kt)
	at io.kotest.engine.test.TestCaseExecutor$execute$3$1.invoke(TestCaseExecutor.kt)
	at io.kotest.engine.test.interceptors.LifecycleInterceptor.intercept(LifecycleInterceptor.kt:50)
	at io.kotest.engine.test.TestCaseExecutor$execute$3$1.invokeSuspend(TestCaseExecutor.kt:100)
	at io.kotest.engine.test.TestCaseExecutor$execute$3$1.invoke(TestCaseExecutor.kt)
	at io.kotest.engine.test.TestCaseExecutor$execute$3$1.invoke(TestCaseExecutor.kt)
	at io.kotest.engine.test.interceptors.TestCaseExtensionInterceptor$intercept$2.invokeSuspend(TestCaseExtensionInterceptor.kt:24)
	at io.kotest.engine.test.interceptors.TestCaseExtensionInterceptor$intercept$2.invoke(TestCaseExtensionInterceptor.kt)
	at io.kotest.engine.test.interceptors.TestCaseExtensionInterceptor$intercept$2.invoke(TestCaseExtensionInterceptor.kt)
	at io.kotest.engine.test.TestExtensions.intercept(TestExtensions.kt:148)
	at io.kotest.engine.test.interceptors.TestCaseExtensionInterceptor.intercept(TestCaseExtensionInterceptor.kt:24)
	at io.kotest.engine.test.TestCaseExecutor$execute$3$1.invokeSuspend(TestCaseExecutor.kt:100)
	at io.kotest.engine.test.TestCaseExecutor$execute$3$1.invoke(TestCaseExecutor.kt)
	at io.kotest.engine.test.TestCaseExecutor$execute$3$1.invoke(TestCaseExecutor.kt)
	at io.kotest.engine.test.interceptors.BeforeSpecListenerInterceptor$intercept$runTest$1$2.invokeSuspend(BeforeSpecListenerInterceptor.kt:43)
	at io.kotest.engine.test.interceptors.BeforeSpecListenerInterceptor$intercept$runTest$1$2.invoke(BeforeSpecListenerInterceptor.kt)
	at io.kotest.engine.test.interceptors.BeforeSpecListenerInterceptor$intercept$runTest$1$2.invoke(BeforeSpecListenerInterceptor.kt)
	at io.kotest.engine.test.interceptors.BeforeSpecListenerInterceptor.intercept(BeforeSpecListenerInterceptor.kt:60)
	at io.kotest.engine.test.TestCaseExecutor$execute$3$1.invokeSuspend(TestCaseExecutor.kt:100)
	at io.kotest.engine.test.TestCaseExecutor$execute$3$1.invoke(TestCaseExecutor.kt)
	at io.kotest.engine.test.TestCaseExecutor$execute$3$1.invoke(TestCaseExecutor.kt)
	at io.kotest.engine.test.interceptors.TestEnabledCheckInterceptor.intercept(TestEnabledCheckInterceptor.kt:31)
	at io.kotest.engine.test.TestCaseExecutor$execute$3$1.invokeSuspend(TestCaseExecutor.kt:100)
	at io.kotest.engine.test.TestCaseExecutor$execute$3$1.invoke(TestCaseExecutor.kt)
	at io.kotest.engine.test.TestCaseExecutor$execute$3$1.invoke(TestCaseExecutor.kt)
	at io.kotest.engine.test.interceptors.CoroutineErrorCollectorInterceptor$intercept$3.invokeSuspend(CoroutineErrorCollectorInterceptor.kt:34)
	at io.kotest.engine.test.interceptors.CoroutineErrorCollectorInterceptor$intercept$3.invoke(CoroutineErrorCollectorInterceptor.kt)
	at io.kotest.engine.test.interceptors.CoroutineErrorCollectorInterceptor$intercept$3.invoke(CoroutineErrorCollectorInterceptor.kt)
	at kotlinx.coroutines.intrinsics.UndispatchedKt.startUndispatchedOrReturn(Undispatched.kt:61)
	at kotlinx.coroutines.BuildersKt__Builders_commonKt.withContext(Builders.common.kt:163)
	at kotlinx.coroutines.BuildersKt.withContext(Unknown Source)
	at io.kotest.engine.test.interceptors.CoroutineErrorCollectorInterceptor.intercept(CoroutineErrorCollectorInterceptor.kt:33)
	at io.kotest.engine.test.TestCaseExecutor$execute$3$1.invokeSuspend(TestCaseExecutor.kt:100)
	at io.kotest.engine.test.TestCaseExecutor$execute$3$1.invoke(TestCaseExecutor.kt)
	at io.kotest.engine.test.TestCaseExecutor$execute$3$1.invoke(TestCaseExecutor.kt)
	at io.kotest.engine.test.interceptors.CoroutineDispatcherFactoryInterceptor$intercept$4.invokeSuspend(coroutineDispatcherFactoryInterceptor.kt:57)
	at io.kotest.engine.test.interceptors.CoroutineDispatcherFactoryInterceptor$intercept$4.invoke(coroutineDispatcherFactoryInterceptor.kt)
	at io.kotest.engine.test.interceptors.CoroutineDispatcherFactoryInterceptor$intercept$4.invoke(coroutineDispatcherFactoryInterceptor.kt)
	at io.kotest.engine.concurrency.FixedThreadCoroutineDispatcherFactory$withDispatcher$4.invokeSuspend(FixedThreadCoroutineDispatcherFactory.kt:59)
	at io.kotest.engine.concurrency.FixedThreadCoroutineDispatcherFactory$withDispatcher$4.invoke(FixedThreadCoroutineDispatcherFactory.kt)
	at io.kotest.engine.concurrency.FixedThreadCoroutineDispatcherFactory$withDispatcher$4.invoke(FixedThreadCoroutineDispatcherFactory.kt)
	at kotlinx.coroutines.intrinsics.UndispatchedKt.startUndispatchedOrReturn(Undispatched.kt:61)
	at kotlinx.coroutines.BuildersKt__Builders_commonKt.withContext(Builders.common.kt:163)
	at kotlinx.coroutines.BuildersKt.withContext(Unknown Source)
	at io.kotest.engine.concurrency.FixedThreadCoroutineDispatcherFactory.withDispatcher(FixedThreadCoroutineDispatcherFactory.kt:58)
	at io.kotest.engine.test.interceptors.CoroutineDispatcherFactoryInterceptor.intercept(coroutineDispatcherFactoryInterceptor.kt:56)
	at io.kotest.engine.test.TestCaseExecutor$execute$3$1.invokeSuspend(TestCaseExecutor.kt:100)
	at io.kotest.engine.test.TestCaseExecutor$execute$3$1.invoke(TestCaseExecutor.kt)
	at io.kotest.engine.test.TestCaseExecutor$execute$3$1.invoke(TestCaseExecutor.kt)
	at io.kotest.engine.test.interceptors.SupervisorScopeInterceptor$intercept$2.invokeSuspend(SupervisorScopeInterceptor.kt:23)
	at io.kotest.engine.test.interceptors.SupervisorScopeInterceptor$intercept$2.invoke(SupervisorScopeInterceptor.kt)
	at io.kotest.engine.test.interceptors.SupervisorScopeInterceptor$intercept$2.invoke(SupervisorScopeInterceptor.kt)
	at kotlinx.coroutines.intrinsics.UndispatchedKt.startUndispatchedOrReturn(Undispatched.kt:61)
	at kotlinx.coroutines.SupervisorKt.supervisorScope(Supervisor.kt:56)
	at io.kotest.engine.test.interceptors.SupervisorScopeInterceptor.intercept(SupervisorScopeInterceptor.kt:22)
	at io.kotest.engine.test.TestCaseExecutor$execute$3$1.invokeSuspend(TestCaseExecutor.kt:100)
	at io.kotest.engine.test.TestCaseExecutor$execute$3$1.invoke(TestCaseExecutor.kt)
	at io.kotest.engine.test.TestCaseExecutor$execute$3$1.invoke(TestCaseExecutor.kt)
	at io.kotest.engine.test.interceptors.InvocationCountCheckInterceptor.intercept(InvocationCountCheckInterceptor.kt:24)
	at io.kotest.engine.test.TestCaseExecutor$execute$3$1.invokeSuspend(TestCaseExecutor.kt:100)
	at io.kotest.engine.test.TestCaseExecutor$execute$3$1.invoke(TestCaseExecutor.kt)
	at io.kotest.engine.test.TestCaseExecutor$execute$3$1.invoke(TestCaseExecutor.kt)
	at io.kotest.engine.test.interceptors.TestFinishedInterceptor.intercept(TestFinishedInterceptor.kt:21)
	at io.kotest.engine.test.TestCaseExecutor$execute$3$1.invokeSuspend(TestCaseExecutor.kt:100)
	at io.kotest.engine.test.TestCaseExecutor$execute$3$1.invoke(TestCaseExecutor.kt)
	at io.kotest.engine.test.TestCaseExecutor$execute$3$1.invoke(TestCaseExecutor.kt)
	at io.kotest.engine.test.interceptors.TestNameContextInterceptor$intercept$2.invokeSuspend(TestPathContextInterceptor.kt:35)
	at io.kotest.engine.test.interceptors.TestNameContextInterceptor$intercept$2.invoke(TestPathContextInterceptor.kt)
	at io.kotest.engine.test.interceptors.TestNameContextInterceptor$intercept$2.invoke(TestPathContextInterceptor.kt)
	at kotlinx.coroutines.intrinsics.UndispatchedKt.startUndispatchedOrReturn(Undispatched.kt:61)
	at kotlinx.coroutines.BuildersKt__Builders_commonKt.withContext(Builders.common.kt:163)
	at kotlinx.coroutines.BuildersKt.withContext(Unknown Source)
	at io.kotest.engine.test.interceptors.TestNameContextInterceptor.intercept(TestPathContextInterceptor.kt:34)
	at io.kotest.engine.test.TestCaseExecutor$execute$3$1.invokeSuspend(TestCaseExecutor.kt:100)
	at io.kotest.engine.test.TestCaseExecutor$execute$3$1.invoke(TestCaseExecutor.kt)
	at io.kotest.engine.test.TestCaseExecutor$execute$3$1.invoke(TestCaseExecutor.kt)
	at io.kotest.engine.test.interceptors.TestPathContextInterceptor$intercept$2.invokeSuspend(TestPathContextInterceptor.kt:20)
	at io.kotest.engine.test.interceptors.TestPathContextInterceptor$intercept$2.invoke(TestPathContextInterceptor.kt)
	at io.kotest.engine.test.interceptors.TestPathContextInterceptor$intercept$2.invoke(TestPathContextInterceptor.kt)
	at kotlinx.coroutines.intrinsics.UndispatchedKt.startUndispatchedOrReturn(Undispatched.kt:61)
	at kotlinx.coroutines.BuildersKt__Builders_commonKt.withContext(Builders.common.kt:163)
	at kotlinx.coroutines.BuildersKt.withContext(Unknown Source)
	at io.kotest.engine.test.interceptors.TestPathContextInterceptor.intercept(TestPathContextInterceptor.kt:19)
	at io.kotest.engine.test.TestCaseExecutor$execute$3$1.invokeSuspend(TestCaseExecutor.kt:100)
	at io.kotest.engine.test.TestCaseExecutor$execute$3$1.invoke(TestCaseExecutor.kt)
	at io.kotest.engine.test.TestCaseExecutor$execute$3$1.invoke(TestCaseExecutor.kt)
	at io.kotest.engine.test.TestCaseExecutor.execute(TestCaseExecutor.kt:101)
	at io.kotest.engine.spec.runners.SingleInstanceSpecRunner.runTest(SingleInstanceSpecRunner.kt:113)
	at io.kotest.engine.spec.runners.SingleInstanceSpecRunner.access$runTest(SingleInstanceSpecRunner.kt:29)
	at io.kotest.engine.spec.runners.SingleInstanceSpecRunner$SingleInstanceTestScope.registerTestCase(SingleInstanceSpecRunner.kt:84)
	at io.kotest.engine.test.scopes.DuplicateNameHandlingTestScope.registerTestCase(DuplicateNameHandlingTestScope.kt:30)
	at io.kotest.engine.test.scopes.TestScopeWithCoroutineContext.registerTestCase(scopes.kt)
	at io.kotest.core.spec.style.scopes.AbstractContainerScope.registerTestCase$suspendImpl(ContainerScope.kt:222)
	at io.kotest.core.spec.style.scopes.AbstractContainerScope.registerTestCase(ContainerScope.kt)
	at io.kotest.core.spec.style.scopes.AbstractContainerScope.registerTestCase$suspendImpl(ContainerScope.kt:222)
	at io.kotest.core.spec.style.scopes.AbstractContainerScope.registerTestCase(ContainerScope.kt)
	at io.kotest.core.spec.style.scopes.ContainerScope$DefaultImpls.registerTest(ContainerScope.kt:50)
	at io.kotest.core.spec.style.scopes.AbstractContainerScope.registerTest(ContainerScope.kt:213)
	at io.kotest.core.spec.style.scopes.ContainerScope$DefaultImpls.registerContainer(ContainerScope.kt:68)
	at io.kotest.core.spec.style.scopes.AbstractContainerScope.registerContainer(ContainerScope.kt:213)
	at io.kotest.core.spec.style.scopes.FreeSpecContainerScope.minus(FreeSpecContainerScope.kt:26)
	at vegas.GoldenMasterTest$1$1.invokeSuspend(GoldenMasterTest.kt:88)
	at vegas.GoldenMasterTest$1$1.invoke(GoldenMasterTest.kt)
	at vegas.GoldenMasterTest$1$1.invoke(GoldenMasterTest.kt)
	at io.kotest.core.spec.style.scopes.FreeSpecRootScope$minus$1.invokeSuspend(FreeSpecRootScope.kt:21)
	at io.kotest.core.spec.style.scopes.FreeSpecRootScope$minus$1.invoke(FreeSpecRootScope.kt)
	at io.kotest.core.spec.style.scopes.FreeSpecRootScope$minus$1.invoke(FreeSpecRootScope.kt)
	at io.kotest.core.spec.style.scopes.RootScopeKt$addTest$1.invokeSuspend(RootScope.kt:36)
	at io.kotest.core.spec.style.scopes.RootScopeKt$addTest$1.invoke(RootScope.kt)
	at io.kotest.core.spec.style.scopes.RootScopeKt$addTest$1.invoke(RootScope.kt)
	at io.kotest.engine.test.TestCaseExecutor$execute$innerExecute$1.invokeSuspend(TestCaseExecutor.kt:91)
	at io.kotest.engine.test.TestCaseExecutor$execute$innerExecute$1.invoke(TestCaseExecutor.kt)
	at io.kotest.engine.test.TestCaseExecutor$execute$innerExecute$1.invoke(TestCaseExecutor.kt)
	at io.kotest.engine.test.interceptors.CoroutineDebugProbeInterceptor.intercept(CoroutineDebugProbeInterceptor.kt:29)
	at io.kotest.engine.test.TestCaseExecutor$execute$3$1.invokeSuspend(TestCaseExecutor.kt:100)
	at io.kotest.engine.test.TestCaseExecutor$execute$3$1.invoke(TestCaseExecutor.kt)
	at io.kotest.engine.test.TestCaseExecutor$execute$3$1.invoke(TestCaseExecutor.kt)
	at io.kotest.engine.test.TestInvocationInterceptor$runBeforeTestAfter$executeWithBeforeAfter$1.invokeSuspend(TestInvocationInterceptor.kt:63)
	at io.kotest.engine.test.TestInvocationInterceptor$runBeforeTestAfter$executeWithBeforeAfter$1.invoke(TestInvocationInterceptor.kt)
	at io.kotest.engine.test.TestInvocationInterceptor$runBeforeTestAfter$executeWithBeforeAfter$1.invoke(TestInvocationInterceptor.kt)
	at io.kotest.engine.test.interceptors.InvocationTimeoutInterceptor.intercept(InvocationTimeoutInterceptor.kt:28)
	at io.kotest.engine.test.TestInvocationInterceptor$runBeforeTestAfter$wrappedTest$1$1.invokeSuspend(TestInvocationInterceptor.kt:70)
	at io.kotest.engine.test.TestInvocationInterceptor$runBeforeTestAfter$wrappedTest$1$1.invoke(TestInvocationInterceptor.kt)
	at io.kotest.engine.test.TestInvocationInterceptor$runBeforeTestAfter$wrappedTest$1$1.invoke(TestInvocationInterceptor.kt)
	at io.kotest.engine.test.TestInvocationInterceptor.runBeforeTestAfter(TestInvocationInterceptor.kt:73)
	at io.kotest.engine.test.TestInvocationInterceptor.access$runBeforeTestAfter(TestInvocationInterceptor.kt:14)
	at io.kotest.engine.test.TestInvocationInterceptor$intercept$2$1.invokeSuspend(TestInvocationInterceptor.kt:36)
	at io.kotest.engine.test.TestInvocationInterceptor$intercept$2$1.invoke(TestInvocationInterceptor.kt)
	at io.kotest.engine.test.TestInvocationInterceptor$intercept$2$1.invoke(TestInvocationInterceptor.kt)
	at io.kotest.mpp.ReplayKt.replay(replay.kt:15)
	at io.kotest.engine.test.TestInvocationInterceptor$intercept$2.invokeSuspend(TestInvocationInterceptor.kt:32)
	at io.kotest.engine.test.TestInvocationInterceptor$intercept$2.invoke(TestInvocationInterceptor.kt)
	at io.kotest.engine.test.TestInvocationInterceptor$intercept$2.invoke(TestInvocationInterceptor.kt)
	at kotlinx.coroutines.intrinsics.UndispatchedKt.startUndispatchedOrReturn(Undispatched.kt:61)
	at kotlinx.coroutines.CoroutineScopeKt.coroutineScope(CoroutineScope.kt:261)
	at io.kotest.engine.test.TestInvocationInterceptor.intercept(TestInvocationInterceptor.kt:31)
	at io.kotest.engine.test.TestCaseExecutor$execute$3$1.invokeSuspend(TestCaseExecutor.kt:100)
	at io.kotest.engine.test.TestCaseExecutor$execute$3$1.invoke(TestCaseExecutor.kt)
	at io.kotest.engine.test.TestCaseExecutor$execute$3$1.invoke(TestCaseExecutor.kt)
	at io.kotest.engine.interceptors.MarkAbortedExceptionsAsSkippedTestInterceptor.intercept(MarkAbortedExceptionsAsSkippedTestInterceptor.kt:23)
	at io.kotest.engine.test.TestCaseExecutor$execute$3$1.invokeSuspend(TestCaseExecutor.kt:100)
	at io.kotest.engine.test.TestCaseExecutor$execute$3$1.invoke(TestCaseExecutor.kt)
	at io.kotest.engine.test.TestCaseExecutor$execute$3$1.invoke(TestCaseExecutor.kt)
	at io.kotest.engine.test.interceptors.ExpectExceptionTestInterceptor.intercept(ExpectExceptionTestInterceptor.kt:18)
	at io.kotest.engine.test.TestCaseExecutor$execute$3$1.invokeSuspend(TestCaseExecutor.kt:100)
	at io.kotest.engine.test.TestCaseExecutor$execute$3$1.invoke(TestCaseExecutor.kt)
	at io.kotest.engine.test.TestCaseExecutor$execute$3$1.invoke(TestCaseExecutor.kt)
	at io.kotest.engine.test.interceptors.TimeoutInterceptor.intercept(TimeoutInterceptor.kt:33)
	at io.kotest.engine.test.TestCaseExecutor$execute$3$1.invokeSuspend(TestCaseExecutor.kt:100)
	at io.kotest.engine.test.TestCaseExecutor$execute$3$1.invoke(TestCaseExecutor.kt)
	at io.kotest.engine.test.TestCaseExecutor$execute$3$1.invoke(TestCaseExecutor.kt)
	at io.kotest.engine.test.interceptors.BlockedThreadTimeoutInterceptor.intercept(BlockedThreadTimeoutInterceptor.kt:79)
	at io.kotest.engine.test.TestCaseExecutor$execute$3$1.invokeSuspend(TestCaseExecutor.kt:100)
	at io.kotest.engine.test.TestCaseExecutor$execute$3$1.invoke(TestCaseExecutor.kt)
	at io.kotest.engine.test.TestCaseExecutor$execute$3$1.invoke(TestCaseExecutor.kt)
	at io.kotest.engine.test.interceptors.CoroutineLoggingInterceptor.intercept(CoroutineLoggingInterceptor.kt:30)
	at io.kotest.engine.test.TestCaseExecutor$execute$3$1.invokeSuspend(TestCaseExecutor.kt:100)
	at io.kotest.engine.test.TestCaseExecutor$execute$3$1.invoke(TestCaseExecutor.kt)
	at io.kotest.engine.test.TestCaseExecutor$execute$3$1.invoke(TestCaseExecutor.kt)
	at io.kotest.engine.test.interceptors.SoftAssertInterceptor.intercept(SoftAssertInterceptor.kt:26)
	at io.kotest.engine.test.TestCaseExecutor$execute$3$1.invokeSuspend(TestCaseExecutor.kt:100)
	at io.kotest.engine.test.TestCaseExecutor$execute$3$1.invoke(TestCaseExecutor.kt)
	at io.kotest.engine.test.TestCaseExecutor$execute$3$1.invoke(TestCaseExecutor.kt)
	at io.kotest.engine.test.interceptors.AssertionModeInterceptor.intercept(AssertionModeInterceptor.kt:24)
	at io.kotest.engine.test.TestCaseExecutor$execute$3$1.invokeSuspend(TestCaseExecutor.kt:100)
	at io.kotest.engine.test.TestCaseExecutor$execute$3$1.invoke(TestCaseExecutor.kt)
	at io.kotest.engine.test.TestCaseExecutor$execute$3$1.invoke(TestCaseExecutor.kt)
	at io.kotest.engine.test.interceptors.LifecycleInterceptor.intercept(LifecycleInterceptor.kt:50)
	at io.kotest.engine.test.TestCaseExecutor$execute$3$1.invokeSuspend(TestCaseExecutor.kt:100)
	at io.kotest.engine.test.TestCaseExecutor$execute$3$1.invoke(TestCaseExecutor.kt)
	at io.kotest.engine.test.TestCaseExecutor$execute$3$1.invoke(TestCaseExecutor.kt)
	at io.kotest.engine.test.interceptors.TestCaseExtensionInterceptor$intercept$2.invokeSuspend(TestCaseExtensionInterceptor.kt:24)
	at io.kotest.engine.test.interceptors.TestCaseExtensionInterceptor$intercept$2.invoke(TestCaseExtensionInterceptor.kt)
	at io.kotest.engine.test.interceptors.TestCaseExtensionInterceptor$intercept$2.invoke(TestCaseExtensionInterceptor.kt)
	at io.kotest.engine.test.TestExtensions.intercept(TestExtensions.kt:148)
	at io.kotest.engine.test.interceptors.TestCaseExtensionInterceptor.intercept(TestCaseExtensionInterceptor.kt:24)
	at io.kotest.engine.test.TestCaseExecutor$execute$3$1.invokeSuspend(TestCaseExecutor.kt:100)
	at io.kotest.engine.test.TestCaseExecutor$execute$3$1.invoke(TestCaseExecutor.kt)
	at io.kotest.engine.test.TestCaseExecutor$execute$3$1.invoke(TestCaseExecutor.kt)
	at io.kotest.engine.test.interceptors.BeforeSpecListenerInterceptor$intercept$runTest$1$4$1.invokeSuspend(BeforeSpecListenerInterceptor.kt:50)
	at io.kotest.engine.test.interceptors.BeforeSpecListenerInterceptor$intercept$runTest$1$4$1.invoke(BeforeSpecListenerInterceptor.kt)
	at io.kotest.engine.test.interceptors.BeforeSpecListenerInterceptor$intercept$runTest$1$4$1.invoke(BeforeSpecListenerInterceptor.kt)
	at io.kotest.engine.test.interceptors.BeforeSpecListenerInterceptor.intercept(BeforeSpecListenerInterceptor.kt:60)
	at io.kotest.engine.test.TestCaseExecutor$execute$3$1.invokeSuspend(TestCaseExecutor.kt:100)
	at io.kotest.engine.test.TestCaseExecutor$execute$3$1.invoke(TestCaseExecutor.kt)
	at io.kotest.engine.test.TestCaseExecutor$execute$3$1.invoke(TestCaseExecutor.kt)
	at io.kotest.engine.test.interceptors.TestEnabledCheckInterceptor.intercept(TestEnabledCheckInterceptor.kt:31)
	at io.kotest.engine.test.TestCaseExecutor$execute$3$1.invokeSuspend(TestCaseExecutor.kt:100)
	at io.kotest.engine.test.TestCaseExecutor$execute$3$1.invoke(TestCaseExecutor.kt)
	at io.kotest.engine.test.TestCaseExecutor$execute$3$1.invoke(TestCaseExecutor.kt)
	at io.kotest.engine.test.interceptors.CoroutineErrorCollectorInterceptor$intercept$3.invokeSuspend(CoroutineErrorCollectorInterceptor.kt:34)
	at io.kotest.engine.test.interceptors.CoroutineErrorCollectorInterceptor$intercept$3.invoke(CoroutineErrorCollectorInterceptor.kt)
	at io.kotest.engine.test.interceptors.CoroutineErrorCollectorInterceptor$intercept$3.invoke(CoroutineErrorCollectorInterceptor.kt)
	at kotlinx.coroutines.intrinsics.UndispatchedKt.startUndispatchedOrReturn(Undispatched.kt:61)
	at kotlinx.coroutines.BuildersKt__Builders_commonKt.withContext(Builders.common.kt:163)
	at kotlinx.coroutines.BuildersKt.withContext(Unknown Source)
	at io.kotest.engine.test.interceptors.CoroutineErrorCollectorInterceptor.intercept(CoroutineErrorCollectorInterceptor.kt:33)
	at io.kotest.engine.test.TestCaseExecutor$execute$3$1.invokeSuspend(TestCaseExecutor.kt:100)
	at io.kotest.engine.test.TestCaseExecutor$execute$3$1.invoke(TestCaseExecutor.kt)
	at io.kotest.engine.test.TestCaseExecutor$execute$3$1.invoke(TestCaseExecutor.kt)
	at io.kotest.engine.test.interceptors.CoroutineDispatcherFactoryInterceptor$intercept$4.invokeSuspend(coroutineDispatcherFactoryInterceptor.kt:57)
	at io.kotest.engine.test.interceptors.CoroutineDispatcherFactoryInterceptor$intercept$4.invoke(coroutineDispatcherFactoryInterceptor.kt)
	at io.kotest.engine.test.interceptors.CoroutineDispatcherFactoryInterceptor$intercept$4.invoke(coroutineDispatcherFactoryInterceptor.kt)
	at io.kotest.engine.concurrency.FixedThreadCoroutineDispatcherFactory$withDispatcher$4.invokeSuspend(FixedThreadCoroutineDispatcherFactory.kt:59)
	at kotlin.coroutines.jvm.internal.BaseContinuationImpl.resumeWith(ContinuationImpl.kt:33)
	at kotlinx.coroutines.DispatchedTask.run(DispatchedTask.kt:104)
	at java.base/java.util.concurrent.ThreadPoolExecutor.runWorker(ThreadPoolExecutor.java:1144)
	at java.base/java.util.concurrent.ThreadPoolExecutor$Worker.run(ThreadPoolExecutor.java:642)
	at java.base/java.lang.Thread.run(Thread.java:1583)

[ERROR] vegas.GoldenMasterTest -- Time elapsed: 0.001 s <<< FAILURE!
io.kotest.assertions.AssertionFailedError:
expected:<[Change at line 98]   sig_OMoveC1 : Signed O P_OMoveC1;
  guard : (w_XMoveC1.(sig_XMoveC1).(msg).(c1) <> w_OMoveC1.(sig_OMoveC1).(msg).(c1));
}.

Record W_XMoveC2 (w_XJoin : W_XJoin) (w_OJoin : (W_OJoin w_XJoin)) (w_XMoveC1 : (W_XMoveC1 w_XJoin w_OJoin)) (w_OMoveC1 : (W_OMoveC1 w_XJoin w_OJoin w_XMoveC1)) : Type := {
  sig_XMoveC2 : Signed X P_XMoveC2;
  guard : andb andb (w_XMoveC1.(sig_XMoveC1).(msg).(c1) <> w_OMoveC1.(sig_OMoveC1).(msg).(c1)) (w_XMoveC1.(sig_XMoveC1).(msg).(c1) <> w_XMoveC2.(sig_XMoveC2).(msg).(c2)) (w_OMoveC1.(sig_OMoveC1).(msg).(c1) <> w_XMoveC2.(sig_XMoveC2).(msg).(c2));
}.

Record W_OMoveC2 (w_XJoin : W_XJoin) (w_OJoin : (W_OJoin w_XJoin)) (w_XMoveC1 : (W_XMoveC1 w_XJoin w_OJoin)) (w_OMoveC1 : (W_OMoveC1 w_XJoin w_OJoin w_XMoveC1)) (w_XMoveC2 : (W_XMoveC2 w_XJoin w_OJoin w_XMoveC1 w_OMoveC1)) : Type := {
  sig_OMoveC2 : Signed O P_OMoveC2;
  guard : andb andb andb andb andb (w_XMoveC1.(sig_XMoveC1).(msg).(c1) <> w_OMoveC1.(sig_OMoveC1).(msg).(c1)) (w_XMoveC1.(sig_XMoveC1).(msg).(c1) <> w_XMoveC2.(sig_XMoveC2).(msg).(c2)) (w_XMoveC1.(sig_XMoveC1).(msg).(c1) <> w_OMoveC2.(sig_OMoveC2).(msg).(c2)) (w_OMoveC1.(sig_OMoveC1).(msg).(c1) <> w_XMoveC2.(sig_XMoveC2).(msg).(c2)) (w_OMoveC1.(sig_OMoveC1).(msg).(c1) <> w_OMoveC2.(sig_OMoveC2).(msg).(c2)) (w_XMoveC2.(sig_XMoveC2).(msg).(c2) <> w_OMoveC2.(sig_OMoveC2).(msg).(c2));
}.

Record W_XMoveC3 (w_XJoin : W_XJoin) (w_OJoin : (W_OJoin w_XJoin)) (w_XMoveC1 : (W_XMoveC1 w_XJoin w_OJoin)) (w_OMoveC1 : (W_OMoveC1 w_XJoin w_OJoin w_XMoveC1)) (w_XMoveC2 : (W_XMoveC2 w_XJoin w_OJoin w_XMoveC1 w_OMoveC1)) (w_OMoveC2 : (W_OMoveC2 w_XJoin w_OJoin w_XMoveC1 w_OMoveC1 w_XMoveC2)) : Type := {
  sig_XMoveC3 : Signed X P_XMoveC3;
  guard : andb andb andb andb andb andb andb andb andb (w_XMoveC1.(sig_XMoveC1).(msg).(c1) <> w_OMoveC1.(sig_OMoveC1).(msg).(c1)) (w_XMoveC1.(sig_XMoveC1).(msg).(c1) <> w_XMoveC2.(sig_XMoveC2).(msg).(c2)) (w_XMoveC1.(sig_XMoveC1).(msg).(c1) <> w_OMoveC2.(sig_OMoveC2).(msg).(c2)) (w_XMoveC1.(sig_XMoveC1).(msg).(c1) <> w_XMoveC3.(sig_XMoveC3).(msg).(c3)) (w_OMoveC1.(sig_OMoveC1).(msg).(c1) <> w_XMoveC2.(sig_XMoveC2).(msg).(c2)) (w_OMoveC1.(sig_OMoveC1).(msg).(c1) <> w_OMoveC2.(sig_OMoveC2).(msg).(c2)) (w_OMoveC1.(sig_OMoveC1).(msg).(c1) <> w_XMoveC3.(sig_XMoveC3).(msg).(c3)) (w_XMoveC2.(sig_XMoveC2).(msg).(c2) <> w_OMoveC2.(sig_OMoveC2).(msg).(c2)) (w_XMoveC2.(sig_XMoveC2).(msg).(c2) <> w_XMoveC3.(sig_XMoveC3).(msg).(c3)) (w_OMoveC2.(sig_OMoveC2).(msg).(c2) <> w_XMoveC3.(sig_XMoveC3).(msg).(c3));
}.

Record W_OMoveC3 (w_XJoin : W_XJoin) (w_OJoin : (W_OJoin w_XJoin)) (w_XMoveC1 : (W_XMoveC1 w_XJoin w_OJoin)) (w_OMoveC1 : (W_OMoveC1 w_XJoin w_OJoin w_XMoveC1)) (w_XMoveC2 : (W_XMoveC2 w_XJoin w_OJoin w_XMoveC1 w_OMoveC1)) (w_OMoveC2 : (W_OMoveC2 w_XJoin w_OJoin w_XMoveC1 w_OMoveC1 w_XMoveC2)) (w_XMoveC3 : (W_XMoveC3 w_XJoin w_OJoin w_XMoveC1 w_OMoveC1 w_XMoveC2 w_OMoveC2)) : Type := {
  sig_OMoveC3 : Signed O P_OMoveC3;
  guard : andb andb andb andb andb andb andb andb andb andb andb andb andb andb (w_XMoveC1.(sig_XMoveC1).(msg).(c1) <> w_OMoveC1.(sig_OMoveC1).(msg).(c1)) (w_XMoveC1.(sig_XMoveC1).(msg).(c1) <> w_XMoveC2.(sig_XMoveC2).(msg).(c2)) (w_XMoveC1.(sig_XMoveC1).(msg).(c1) <> w_OMoveC2.(sig_OMoveC2).(msg).(c2)) (w_XMoveC1.(sig_XMoveC1).(msg).(c1) <> w_XMoveC3.(sig_XMoveC3).(msg).(c3)) (w_XMoveC1.(sig_XMoveC1).(msg).(c1) <> w_OMoveC3.(sig_OMoveC3).(msg).(c3)) (w_OMoveC1.(sig_OMoveC1).(msg).(c1) <> w_XMoveC2.(sig_XMoveC2).(msg).(c2)) (w_OMoveC1.(sig_OMoveC1).(msg).(c1) <> w_OMoveC2.(sig_OMoveC2).(msg).(c2)) (w_OMoveC1.(sig_OMoveC1).(msg).(c1) <> w_XMoveC3.(sig_XMoveC3).(msg).(c3)) (w_OMoveC1.(sig_OMoveC1).(msg).(c1) <> w_OMoveC3.(sig_OMoveC3).(msg).(c3)) (w_XMoveC2.(sig_XMoveC2).(msg).(c2) <> w_OMoveC2.(sig_OMoveC2).(msg).(c2)) (w_XMoveC2.(sig_XMoveC2).(msg).(c2) <> w_XMoveC3.(sig_XMoveC3).(msg).(c3)) (w_XMoveC2.(sig_XMoveC2).(msg).(c2) <> w_OMoveC3.(sig_OMoveC3).(msg).(c3)) (w_OMoveC2.(sig_OMoveC2).(msg).(c2) <> w_XMoveC3.(sig_XMoveC3).(msg).(c3)) (w_OMoveC2.(sig_OMoveC2).(msg).(c2) <> w_OMoveC3.(sig_OMoveC3).(msg).(c3)) (w_XMoveC3.(sig_XMoveC3).(msg).(c3) <> w_OMoveC3.(sig_OMoveC3).(msg).(c3));
}.

Record W_XMoveC4 (w_XJoin : W_XJoin) (w_OJoin : (W_OJoin w_XJoin)) (w_XMoveC1 : (W_XMoveC1 w_XJoin w_OJoin)) (w_OMoveC1 : (W_OMoveC1 w_XJoin w_OJoin w_XMoveC1)) (w_XMoveC2 : (W_XMoveC2 w_XJoin w_OJoin w_XMoveC1 w_OMoveC1)) (w_OMoveC2 : (W_OMoveC2 w_XJoin w_OJoin w_XMoveC1 w_OMoveC1 w_XMoveC2)) (w_XMoveC3 : (W_XMoveC3 w_XJoin w_OJoin w_XMoveC1 w_OMoveC1 w_XMoveC2 w_OMoveC2)) (w_OMoveC3 : (W_OMoveC3 w_XJoin w_OJoin w_XMoveC1 w_OMoveC1 w_XMoveC2 w_OMoveC2 w_XMoveC3)) : Type := {
  sig_XMoveC4 : Signed X P_XMoveC4;
  guard : andb andb andb andb andb andb andb andb andb andb andb andb andb andb andb andb andb andb andb andb (w_XMoveC1.(sig_XMoveC1).(msg).(c1) <> w_OMoveC1.(sig_OMoveC1).(msg).(c1)) (w_XMoveC1.(sig_XMoveC1).(msg).(c1) <> w_XMoveC2.(sig_XMoveC2).(msg).(c2)) (w_XMoveC1.(sig_XMoveC1).(msg).(c1) <> w_OMoveC2.(sig_OMoveC2).(msg).(c2)) (w_XMoveC1.(sig_XMoveC1).(msg).(c1) <> w_XMoveC3.(sig_XMoveC3).(msg).(c3)) (w_XMoveC1.(sig_XMoveC1).(msg).(c1) <> w_OMoveC3.(sig_OMoveC3).(msg).(c3)) (w_XMoveC1.(sig_XMoveC1).(msg).(c1) <> w_XMoveC4.(sig_XMoveC4).(msg).(c4)) (w_OMoveC1.(sig_OMoveC1).(msg).(c1) <> w_XMoveC2.(sig_XMoveC2).(msg).(c2)) (w_OMoveC1.(sig_OMoveC1).(msg).(c1) <> w_OMoveC2.(sig_OMoveC2).(msg).(c2)) (w_OMoveC1.(sig_OMoveC1).(msg).(c1) <> w_XMoveC3.(sig_XMoveC3).(msg).(c3)) (w_OMoveC1.(sig_OMoveC1).(msg).(c1) <> w_OMoveC3.(sig_OMoveC3).(msg).(c3)) (w_OMoveC1.(sig_OMoveC1).(msg).(c1) <> w_XMoveC4.(sig_XMoveC4).(msg).(c4)) (w_XMoveC2.(sig_XMoveC2).(msg).(c2) <> w_OMoveC2.(sig_OMoveC2).(msg).(c2)) (w_XMoveC2.(sig_XMoveC2).(msg).(c2) <> w_XMoveC3.(sig_XMoveC3).(msg).(c3)) (w_XMoveC2.(sig_XMoveC2).(msg).(c2) <> w_OMoveC3.(sig_OMoveC3).(msg).(c3)) (w_XMoveC2.(sig_XMoveC2).(msg).(c2) <> w_XMoveC4.(sig_XMoveC4).(msg).(c4)) (w_OMoveC2.(sig_OMoveC2).(msg).(c2) <> w_XMoveC3.(sig_XMoveC3).(msg).(c3)) (w_OMoveC2.(sig_OMoveC2).(msg).(c2) <> w_OMoveC3.(sig_OMoveC3).(msg).(c3)) (w_OMoveC2.(sig_OMoveC2).(msg).(c2) <> w_XMoveC4.(sig_XMoveC4).(msg).(c4)) (w_XMoveC3.(sig_XMoveC3).(msg).(c3) <> w_OMoveC3.(sig_OMoveC3).(msg).(c3)) (w_XMoveC3.(sig_XMoveC3).(msg).(c3) <> w_XMoveC4.(sig_XMoveC4).(msg).(c4)) (w_OMoveC3.(sig_OMoveC3).(msg).(c3) <> w_XMoveC4.(sig_XMoveC4).(msg).(c4));
}.

Record W_OMoveC4 (w_XJoin : W_XJoin) (w_OJoin : (W_OJoin w_XJoin)) (w_XMoveC1 : (W_XMoveC1 w_XJoin w_OJoin)) (w_OMoveC1 : (W_OMoveC1 w_XJoin w_OJoin w_XMoveC1)) (w_XMoveC2 : (W_XMoveC2 w_XJoin w_OJoin w_XMoveC1 w_OMoveC1)) (w_OMoveC2 : (W_OMoveC2 w_XJoin w_OJoin w_XMoveC1 w_OMoveC1 w_XMoveC2)) (w_XMoveC3 : (W_XMoveC3 w_XJoin w_OJoin w_XMoveC1 w_OMoveC1 w_XMoveC2 w_OMoveC2)) (w_OMoveC3 : (W_OMoveC3 w_XJoin w_OJoin w_XMoveC1 w_OMoveC1 w_XMoveC2 w_OMoveC2 w_XMoveC3)) (w_XMoveC4 : (W_XMoveC4 w_XJoin w_OJoin w_XMoveC1 w_OMoveC1 w_XMoveC2 w_OMoveC2 w_XMoveC3 w_OMoveC3)) : Type := {
  sig_OMoveC4 : Signed O P_OMoveC4;
  guard : andb andb andb andb andb andb andb andb andb andb andb andb andb andb andb andb andb andb andb andb andb andb andb andb andb andb andb (w_XMoveC1.(sig_XMoveC1).(msg).(c1) <> w_OMoveC1.(sig_OMoveC1).(msg).(c1)) (w_XMoveC1.(sig_XMoveC1).(msg).(c1) <> w_XMoveC2.(sig_XMoveC2).(msg).(c2)) (w_XMoveC1.(sig_XMoveC1).(msg).(c1) <> w_OMoveC2.(sig_OMoveC2).(msg).(c2)) (w_XMoveC1.(sig_XMoveC1).(msg).(c1) <> w_XMoveC3.(sig_XMoveC3).(msg).(c3)) (w_XMoveC1.(sig_XMoveC1).(msg).(c1) <> w_OMoveC3.(sig_OMoveC3).(msg).(c3)) (w_XMoveC1.(sig_XMoveC1).(msg).(c1) <> w_XMoveC4.(sig_XMoveC4).(msg).(c4)) (w_XMoveC1.(sig_XMoveC1).(msg).(c1) <> w_OMoveC4.(sig_OMoveC4).(msg).(c4)) (w_OMoveC1.(sig_OMoveC1).(msg).(c1) <> w_XMoveC2.(sig_XMoveC2).(msg).(c2)) (w_OMoveC1.(sig_OMoveC1).(msg).(c1) <> w_OMoveC2.(sig_OMoveC2).(msg).(c2)) (w_OMoveC1.(sig_OMoveC1).(msg).(c1) <> w_XMoveC3.(sig_XMoveC3).(msg).(c3)) (w_OMoveC1.(sig_OMoveC1).(msg).(c1) <> w_OMoveC3.(sig_OMoveC3).(msg).(c3)) (w_OMoveC1.(sig_OMoveC1).(msg).(c1) <> w_XMoveC4.(sig_XMoveC4).(msg).(c4)) (w_OMoveC1.(sig_OMoveC1).(msg).(c1) <> w_OMoveC4.(sig_OMoveC4).(msg).(c4)) (w_XMoveC2.(sig_XMoveC2).(msg).(c2) <> w_OMoveC2.(sig_OMoveC2).(msg).(c2)) (w_XMoveC2.(sig_XMoveC2).(msg).(c2) <> w_XMoveC3.(sig_XMoveC3).(msg).(c3)) (w_XMoveC2.(sig_XMoveC2).(msg).(c2) <> w_OMoveC3.(sig_OMoveC3).(msg).(c3)) (w_XMoveC2.(sig_XMoveC2).(msg).(c2) <> w_XMoveC4.(sig_XMoveC4).(msg).(c4)) (w_XMoveC2.(sig_XMoveC2).(msg).(c2) <> w_OMoveC4.(sig_OMoveC4).(msg).(c4)) (w_OMoveC2.(sig_OMoveC2).(msg).(c2) <> w_XMoveC3.(sig_XMoveC3).(msg).(c3)) (w_OMoveC2.(sig_OMoveC2).(msg).(c2) <> w_OMoveC3.(sig_OMoveC3).(msg).(c3)) (w_OMoveC2.(sig_OMoveC2).(msg).(c2) <> w_XMoveC4.(sig_XMoveC4).(msg).(c4)) (w_OMoveC2.(sig_OMoveC2).(msg).(c2) <> w_OMoveC4.(sig_OMoveC4).(msg).(c4)) (w_XMoveC3.(sig_XMoveC3).(msg).(c3) <> w_OMoveC3.(sig_OMoveC3).(msg).(c3)) (w_XMoveC3.(sig_XMoveC3).(msg).(c3) <> w_XMoveC4.(sig_XMoveC4).(msg).(c4)) (w_XMoveC3.(sig_XMoveC3).(msg).(c3) <> w_OMoveC4.(sig_OMoveC4).(msg).(c4)) (w_OMoveC3.(sig_OMoveC3).(msg).(c3) <> w_XMoveC4.(sig_XMoveC4).(msg).(c4)) (w_OMoveC3.(sig_OMoveC3).(msg).(c3) <> w_OMoveC4.(sig_OMoveC4).(msg).(c4)) (w_XMoveC4.(sig_XMoveC4).(msg).(c4) <> w_OMoveC4.(sig_OMoveC4).(msg).(c4));
}.

(* ===================== *)
(* 5) Typed runtime/ESM  *)
(* ===================== *)

Inductive Stage : Type :=
S0 | S1 | S2 | S3 | S4 | S5 | S6 | S7 | S8 | S9 | S10.

Inductive State : Stage -> Type :=
| st0 : State S0
| st1 : (w_XJoin : W_XJoin) -> State S1
| st2 : (w_XJoin : W_XJoin) (w_OJoin : (W_OJoin w_XJoin)) -> State S2
| st3 : (w_XJoin : W_XJoin) (w_OJoin : (W_OJoin w_XJoin)) (w_XMoveC1 : (W_XMoveC1 w_XJoin w_OJoin)) -> State S3
| st4 : (w_XJoin : W_XJoin) (w_OJoin : (W_OJoin w_XJoin)) (w_XMoveC1 : (W_XMoveC1 w_XJoin w_OJoin)) (w_OMoveC1 : (W_OMoveC1 w_XJoin w_OJoin w_XMoveC1)) -> State S4
| st5 : (w_XJoin : W_XJoin) (w_OJoin : (W_OJoin w_XJoin)) (w_XMoveC1 : (W_XMoveC1 w_XJoin w_OJoin)) (w_OMoveC1 : (W_OMoveC1 w_XJoin w_OJoin w_XMoveC1)) (w_XMoveC2 : (W_XMoveC2 w_XJoin w_OJoin w_XMoveC1 w_OMoveC1)) -> State S5
| st6 : (w_XJoin : W_XJoin) (w_OJoin : (W_OJoin w_XJoin)) (w_XMoveC1 : (W_XMoveC1 w_XJoin w_OJoin)) (w_OMoveC1 : (W_OMoveC1 w_XJoin w_OJoin w_XMoveC1)) (w_XMoveC2 : (W_XMoveC2 w_XJoin w_OJoin w_XMoveC1 w_OMoveC1)) (w_OMoveC2 : (W_OMoveC2 w_XJoin w_OJoin w_XMoveC1 w_OMoveC1 w_XMoveC2)) -> State S6
| st7 : (w_XJoin : W_XJoin) (w_OJoin : (W_OJoin w_XJoin)) (w_XMoveC1 : (W_XMoveC1 w_XJoin w_OJoin)) (w_OMoveC1 : (W_OMoveC1 w_XJoin w_OJoin w_XMoveC1)) (w_XMoveC2 : (W_XMoveC2 w_XJoin w_OJoin w_XMoveC1 w_OMoveC1)) (w_OMoveC2 : (W_OMoveC2 w_XJoin w_OJoin w_XMoveC1 w_OMoveC1 w_XMoveC2)) (w_XMoveC3 : (W_XMoveC3 w_XJoin w_OJoin w_XMoveC1 w_OMoveC1 w_XMoveC2 w_OMoveC2)) -> State S7
| st8 : (w_XJoin : W_XJoin) (w_OJoin : (W_OJoin w_XJoin)) (w_XMoveC1 : (W_XMoveC1 w_XJoin w_OJoin)) (w_OMoveC1 : (W_OMoveC1 w_XJoin w_OJoin w_XMoveC1)) (w_XMoveC2 : (W_XMoveC2 w_XJoin w_OJoin w_XMoveC1 w_OMoveC1)) (w_OMoveC2 : (W_OMoveC2 w_XJoin w_OJoin w_XMoveC1 w_OMoveC1 w_XMoveC2)) (w_XMoveC3 : (W_XMoveC3 w_XJoin w_OJoin w_XMoveC1 w_OMoveC1 w_XMoveC2 w_OMoveC2)) (w_OMoveC3 : (W_OMoveC3 w_XJoin w_OJoin w_XMoveC1 w_OMoveC1 w_XMoveC2 w_OMoveC2 w_XMoveC3)) -> State S8
| st9 : (w_XJoin : W_XJoin) (w_OJoin : (W_OJoin w_XJoin)) (w_XMoveC1 : (W_XMoveC1 w_XJoin w_OJoin)) (w_OMoveC1 : (W_OMoveC1 w_XJoin w_OJoin w_XMoveC1)) (w_XMoveC2 : (W_XMoveC2 w_XJoin w_OJoin w_XMoveC1 w_OMoveC1)) (w_OMoveC2 : (W_OMoveC2 w_XJoin w_OJoin w_XMoveC1 w_OMoveC1 w_XMoveC2)) (w_XMoveC3 : (W_XMoveC3 w_XJoin w_OJoin w_XMoveC1 w_OMoveC1 w_XMoveC2 w_OMoveC2)) (w_OMoveC3 : (W_OMoveC3 w_XJoin w_OJoin w_XMoveC1 w_OMoveC1 w_XMoveC2 w_OMoveC2 w_XMoveC3)) (w_XMoveC4 : (W_XMoveC4 w_XJoin w_OJoin w_XMoveC1 w_OMoveC1 w_XMoveC2 w_OMoveC2 w_XMoveC3 w_OMoveC3)) -> State S9
| st10 : (w_XJoin : W_XJoin) (w_OJoin : (W_OJoin w_XJoin)) (w_XMoveC1 : (W_XMoveC1 w_XJoin w_OJoin)) (w_OMoveC1 : (W_OMoveC1 w_XJoin w_OJoin w_XMoveC1)) (w_XMoveC2 : (W_XMoveC2 w_XJoin w_OJoin w_XMoveC1 w_OMoveC1)) (w_OMoveC2 : (W_OMoveC2 w_XJoin w_OJoin w_XMoveC1 w_OMoveC1 w_XMoveC2)) (w_XMoveC3 : (W_XMoveC3 w_XJoin w_OJoin w_XMoveC1 w_OMoveC1 w_XMoveC2 w_OMoveC2)) (w_OMoveC3 : (W_OMoveC3 w_XJoin w_OJoin w_XMoveC1 w_OMoveC1 w_XMoveC2 w_OMoveC2 w_XMoveC3)) (w_XMoveC4 : (W_XMoveC4 w_XJoin w_OJoin w_XMoveC1 w_OMoveC1 w_XMoveC2 w_OMoveC2 w_XMoveC3 w_OMoveC3)) (w_OMoveC4 : (W_OMoveC4 w_XJoin w_OJoin w_XMoveC1 w_OMoveC1 w_XMoveC2 w_OMoveC2 w_XMoveC3 w_OMoveC3 w_XMoveC4)) -> State S10
.

(* Step API *)
Definition step_xjoin_from_s0 (s : State S0) (sig : Signed X P_XJoin)
 : State S1 :=
  match s with
  | st0 =>
      st1 {| sig_XJoin := sig |}
  end.

Definition step_ojoin_from_s1 (s : State S1) (sig : Signed O P_OJoin)
 : State S2 :=
  match s with
  | st1 w_XJoin =>
      st2 w_XJoin {| sig_OJoin := sig |}
  end.

Definition step_xmovec1_from_s2 (s : State S2) (sig : Signed X P_XMoveC1)
 : State S3 :=
  match s with
  | st2 w_XJoin w_OJoin =>
      st3 w_XJoin w_OJoin {| sig_XMoveC1 := sig |}
  end.

Definition step_omovec1_from_s3 (s : State S3) (sig : Signed O P_OMoveC1)
  (Hguard : ((match s with st3 w_XJoin w_OJoin w_XMoveC1 => w_XMoveC1.(sig_XMoveC1).(msg).(c1) end) <> sig.(msg).(c1))) : State S4 :=
  match s with
  | st3 w_XJoin w_OJoin w_XMoveC1 =>
      st4 w_XJoin w_OJoin w_XMoveC1 {| sig_OMoveC1 := sig; guard := Hguard |}
  end.

Definition step_xmovec2_from_s4 (s : State S4) (sig : Signed X P_XMoveC2)
  (Hguard : (andb (andb ((match s with st4 w_XJoin w_OJoin w_XMoveC1 w_OMoveC1 => w_XMoveC1.(sig_XMoveC1).(msg).(c1) end) <> (match s with st4 w_XJoin w_OJoin w_XMoveC1 w_OMoveC1 => w_OMoveC1.(sig_OMoveC1).(msg).(c1) end)) ((match s with st4 w_XJoin w_OJoin w_XMoveC1 w_OMoveC1 => w_XMoveC1.(sig_XMoveC1).(msg).(c1) end) <> sig.(msg).(c2))) ((match s with st4 w_XJoin w_OJoin w_XMoveC1 w_OMoveC1 => w_OMoveC1.(sig_OMoveC1).(msg).(c1) end) <> sig.(msg).(c2)))) : State S5 :=
  match s with
  | st4 w_XJoin w_OJoin w_XMoveC1 w_OMoveC1 =>
      st5 w_XJoin w_OJoin w_XMoveC1 w_OMoveC1 {| sig_XMoveC2 := sig; guard := Hguard |}
  end.

Definition step_omovec2_from_s5 (s : State S5) (sig : Signed O P_OMoveC2)
  (Hguard : (andb (andb (andb (andb (andb ((match s with st5 w_XJoin w_OJoin w_XMoveC1 w_OMoveC1 w_XMoveC2 => w_XMoveC1.(sig_XMoveC1).(msg).(c1) end) <> (match s with st5 w_XJoin w_OJoin w_XMoveC1 w_OMoveC1 w_XMoveC2 => w_OMoveC1.(sig_OMoveC1).(msg).(c1) end)) ((match s with st5 w_XJoin w_OJoin w_XMoveC1 w_OMoveC1 w_XMoveC2 => w_XMoveC1.(sig_XMoveC1).(msg).(c1) end) <> (match s with st5 w_XJoin w_OJoin w_XMoveC1 w_OMoveC1 w_XMoveC2 => w_XMoveC2.(sig_XMoveC2).(msg).(c2) end))) ((match s with st5 w_XJoin w_OJoin w_XMoveC1 w_OMoveC1 w_XMoveC2 => w_XMoveC1.(sig_XMoveC1).(msg).(c1) end) <> sig.(msg).(c2))) ((match s with st5 w_XJoin w_OJoin w_XMoveC1 w_OMoveC1 w_XMoveC2 => w_OMoveC1.(sig_OMoveC1).(msg).(c1) end) <> (match s with st5 w_XJoin w_OJoin w_XMoveC1 w_OMoveC1 w_XMoveC2 => w_XMoveC2.(sig_XMoveC2).(msg).(c2) end))) ((match s with st5 w_XJoin w_OJoin w_XMoveC1 w_OMoveC1 w_XMoveC2 => w_OMoveC1.(sig_OMoveC1).(msg).(c1) end) <> sig.(msg).(c2))) ((match s with st5 w_XJoin w_OJoin w_XMoveC1 w_OMoveC1 w_XMoveC2 => w_XMoveC2.(sig_XMoveC2).(msg).(c2) end) <> sig.(msg).(c2)))) : State S6 :=
  match s with
  | st5 w_XJoin w_OJoin w_XMoveC1 w_OMoveC1 w_XMoveC2 =>
      st6 w_XJoin w_OJoin w_XMoveC1 w_OMoveC1 w_XMoveC2 {| sig_OMoveC2 := sig; guard := Hguard |}
  end.

Definition step_xmovec3_from_s6 (s : State S6) (sig : Signed X P_XMoveC3)

[Change at line 103]   sig_XMoveC2 : Signed X P_XMoveC2;
  guard : andb andb (w_XMoveC1.(sig_XMoveC1).(msg).(c1) <> w_OMoveC1.(sig_OMoveC1).(msg).(c1)) (w_XMoveC1.(sig_XMoveC1).(msg).(c1) <> w_XMoveC2.(sig_XMoveC2).(msg).(c2)) (w_OMoveC1.(sig_OMoveC1).(msg).(c1) <> w_XMoveC2.(sig_XMoveC2).(msg).(c2));
}.

Record W_OMoveC2 (w_XJoin : W_XJoin) (w_OJoin : (W_OJoin w_XJoin)) (w_XMoveC1 : (W_XMoveC1 w_XJoin w_OJoin)) (w_OMoveC1 : (W_OMoveC1 w_XJoin w_OJoin w_XMoveC1)) (w_XMoveC2 : (W_XMoveC2 w_XJoin w_OJoin w_XMoveC1 w_OMoveC1)) : Type := {
  sig_OMoveC2 : Signed O P_OMoveC2;
  guard : andb andb andb andb andb (w_XMoveC1.(sig_XMoveC1).(msg).(c1) <> w_OMoveC1.(sig_OMoveC1).(msg).(c1)) (w_XMoveC1.(sig_XMoveC1).(msg).(c1) <> w_XMoveC2.(sig_XMoveC2).(msg).(c2)) (w_XMoveC1.(sig_XMoveC1).(msg).(c1) <> w_OMoveC2.(sig_OMoveC2).(msg).(c2)) (w_OMoveC1.(sig_OMoveC1).(msg).(c1) <> w_XMoveC2.(sig_XMoveC2).(msg).(c2)) (w_OMoveC1.(sig_OMoveC1).(msg).(c1) <> w_OMoveC2.(sig_OMoveC2).(msg).(c2)) (w_XMoveC2.(sig_XMoveC2).(msg).(c2) <> w_OMoveC2.(sig_OMoveC2).(msg).(c2));
}.

Record W_XMoveC3 (w_XJoin : W_XJoin) (w_OJoin : (W_OJoin w_XJoin)) (w_XMoveC1 : (W_XMoveC1 w_XJoin w_OJoin)) (w_OMoveC1 : (W_OMoveC1 w_XJoin w_OJoin w_XMoveC1)) (w_XMoveC2 : (W_XMoveC2 w_XJoin w_OJoin w_XMoveC1 w_OMoveC1)) (w_OMoveC2 : (W_OMoveC2 w_XJoin w_OJoin w_XMoveC1 w_OMoveC1 w_XMoveC2)) : Type := {
  sig_XMoveC3 : Signed X P_XMoveC3;
  guard : andb andb andb andb andb andb andb andb andb (w_XMoveC1.(sig_XMoveC1).(msg).(c1) <> w_OMoveC1.(sig_OMoveC1).(msg).(c1)) (w_XMoveC1.(sig_XMoveC1).(msg).(c1) <> w_XMoveC2.(sig_XMoveC2).(msg).(c2)) (w_XMoveC1.(sig_XMoveC1).(msg).(c1) <> w_OMoveC2.(sig_OMoveC2).(msg).(c2)) (w_XMoveC1.(sig_XMoveC1).(msg).(c1) <> w_XMoveC3.(sig_XMoveC3).(msg).(c3)) (w_OMoveC1.(sig_OMoveC1).(msg).(c1) <> w_XMoveC2.(sig_XMoveC2).(msg).(c2)) (w_OMoveC1.(sig_OMoveC1).(msg).(c1) <> w_OMoveC2.(sig_OMoveC2).(msg).(c2)) (w_OMoveC1.(sig_OMoveC1).(msg).(c1) <> w_XMoveC3.(sig_XMoveC3).(msg).(c3)) (w_XMoveC2.(sig_XMoveC2).(msg).(c2) <> w_OMoveC2.(sig_OMoveC2).(msg).(c2)) (w_XMoveC2.(sig_XMoveC2).(msg).(c2) <> w_XMoveC3.(sig_XMoveC3).(msg).(c3)) (w_OMoveC2.(sig_OMoveC2).(msg).(c2) <> w_XMoveC3.(sig_XMoveC3).(msg).(c3));
}.

Record W_OMoveC3 (w_XJoin : W_XJoin) (w_OJoin : (W_OJoin w_XJoin)) (w_XMoveC1 : (W_XMoveC1 w_XJoin w_OJoin)) (w_OMoveC1 : (W_OMoveC1 w_XJoin w_OJoin w_XMoveC1)) (w_XMoveC2 : (W_XMoveC2 w_XJoin w_OJoin w_XMoveC1 w_OMoveC1)) (w_OMoveC2 : (W_OMoveC2 w_XJoin w_OJoin w_XMoveC1 w_OMoveC1 w_XMoveC2)) (w_XMoveC3 : (W_XMoveC3 w_XJoin w_OJoin w_XMoveC1 w_OMoveC1 w_XMoveC2 w_OMoveC2)) : Type := {
  sig_OMoveC3 : Signed O P_OMoveC3;
  guard : andb andb andb andb andb andb andb andb andb andb andb andb andb andb (w_XMoveC1.(sig_XMoveC1).(msg).(c1) <> w_OMoveC1.(sig_OMoveC1).(msg).(c1)) (w_XMoveC1.(sig_XMoveC1).(msg).(c1) <> w_XMoveC2.(sig_XMoveC2).(msg).(c2)) (w_XMoveC1.(sig_XMoveC1).(msg).(c1) <> w_OMoveC2.(sig_OMoveC2).(msg).(c2)) (w_XMoveC1.(sig_XMoveC1).(msg).(c1) <> w_XMoveC3.(sig_XMoveC3).(msg).(c3)) (w_XMoveC1.(sig_XMoveC1).(msg).(c1) <> w_OMoveC3.(sig_OMoveC3).(msg).(c3)) (w_OMoveC1.(sig_OMoveC1).(msg).(c1) <> w_XMoveC2.(sig_XMoveC2).(msg).(c2)) (w_OMoveC1.(sig_OMoveC1).(msg).(c1) <> w_OMoveC2.(sig_OMoveC2).(msg).(c2)) (w_OMoveC1.(sig_OMoveC1).(msg).(c1) <> w_XMoveC3.(sig_XMoveC3).(msg).(c3)) (w_OMoveC1.(sig_OMoveC1).(msg).(c1) <> w_OMoveC3.(sig_OMoveC3).(msg).(c3)) (w_XMoveC2.(sig_XMoveC2).(msg).(c2) <> w_OMoveC2.(sig_OMoveC2).(msg).(c2)) (w_XMoveC2.(sig_XMoveC2).(msg).(c2) <> w_XMoveC3.(sig_XMoveC3).(msg).(c3)) (w_XMoveC2.(sig_XMoveC2).(msg).(c2) <> w_OMoveC3.(sig_OMoveC3).(msg).(c3)) (w_OMoveC2.(sig_OMoveC2).(msg).(c2) <> w_XMoveC3.(sig_XMoveC3).(msg).(c3)) (w_OMoveC2.(sig_OMoveC2).(msg).(c2) <> w_OMoveC3.(sig_OMoveC3).(msg).(c3)) (w_XMoveC3.(sig_XMoveC3).(msg).(c3) <> w_OMoveC3.(sig_OMoveC3).(msg).(c3));
}.

Record W_XMoveC4 (w_XJoin : W_XJoin) (w_OJoin : (W_OJoin w_XJoin)) (w_XMoveC1 : (W_XMoveC1 w_XJoin w_OJoin)) (w_OMoveC1 : (W_OMoveC1 w_XJoin w_OJoin w_XMoveC1)) (w_XMoveC2 : (W_XMoveC2 w_XJoin w_OJoin w_XMoveC1 w_OMoveC1)) (w_OMoveC2 : (W_OMoveC2 w_XJoin w_OJoin w_XMoveC1 w_OMoveC1 w_XMoveC2)) (w_XMoveC3 : (W_XMoveC3 w_XJoin w_OJoin w_XMoveC1 w_OMoveC1 w_XMoveC2 w_OMoveC2)) (w_OMoveC3 : (W_OMoveC3 w_XJoin w_OJoin w_XMoveC1 w_OMoveC1 w_XMoveC2 w_OMoveC2 w_XMoveC3)) : Type := {
  sig_XMoveC4 : Signed X P_XMoveC4;
  guard : andb andb andb andb andb andb andb andb andb andb andb andb andb andb andb andb andb andb andb andb (w_XMoveC1.(sig_XMoveC1).(msg).(c1) <> w_OMoveC1.(sig_OMoveC1).(msg).(c1)) (w_XMoveC1.(sig_XMoveC1).(msg).(c1) <> w_XMoveC2.(sig_XMoveC2).(msg).(c2)) (w_XMoveC1.(sig_XMoveC1).(msg).(c1) <> w_OMoveC2.(sig_OMoveC2).(msg).(c2)) (w_XMoveC1.(sig_XMoveC1).(msg).(c1) <> w_XMoveC3.(sig_XMoveC3).(msg).(c3)) (w_XMoveC1.(sig_XMoveC1).(msg).(c1) <> w_OMoveC3.(sig_OMoveC3).(msg).(c3)) (w_XMoveC1.(sig_XMoveC1).(msg).(c1) <> w_XMoveC4.(sig_XMoveC4).(msg).(c4)) (w_OMoveC1.(sig_OMoveC1).(msg).(c1) <> w_XMoveC2.(sig_XMoveC2).(msg).(c2)) (w_OMoveC1.(sig_OMoveC1).(msg).(c1) <> w_OMoveC2.(sig_OMoveC2).(msg).(c2)) (w_OMoveC1.(sig_OMoveC1).(msg).(c1) <> w_XMoveC3.(sig_XMoveC3).(msg).(c3)) (w_OMoveC1.(sig_OMoveC1).(msg).(c1) <> w_OMoveC3.(sig_OMoveC3).(msg).(c3)) (w_OMoveC1.(sig_OMoveC1).(msg).(c1) <> w_XMoveC4.(sig_XMoveC4).(msg).(c4)) (w_XMoveC2.(sig_XMoveC2).(msg).(c2) <> w_OMoveC2.(sig_OMoveC2).(msg).(c2)) (w_XMoveC2.(sig_XMoveC2).(msg).(c2) <> w_XMoveC3.(sig_XMoveC3).(msg).(c3)) (w_XMoveC2.(sig_XMoveC2).(msg).(c2) <> w_OMoveC3.(sig_OMoveC3).(msg).(c3)) (w_XMoveC2.(sig_XMoveC2).(msg).(c2) <> w_XMoveC4.(sig_XMoveC4).(msg).(c4)) (w_OMoveC2.(sig_OMoveC2).(msg).(c2) <> w_XMoveC3.(sig_XMoveC3).(msg).(c3)) (w_OMoveC2.(sig_OMoveC2).(msg).(c2) <> w_OMoveC3.(sig_OMoveC3).(msg).(c3)) (w_OMoveC2.(sig_OMoveC2).(msg).(c2) <> w_XMoveC4.(sig_XMoveC4).(msg).(c4)) (w_XMoveC3.(sig_XMoveC3).(msg).(c3) <> w_OMoveC3.(sig_OMoveC3).(msg).(c3)) (w_XMoveC3.(sig_XMoveC3).(msg).(c3) <> w_XMoveC4.(sig_XMoveC4).(msg).(c4)) (w_OMoveC3.(sig_OMoveC3).(msg).(c3) <> w_XMoveC4.(sig_XMoveC4).(msg).(c4));
}.

Record W_OMoveC4 (w_XJoin : W_XJoin) (w_OJoin : (W_OJoin w_XJoin)) (w_XMoveC1 : (W_XMoveC1 w_XJoin w_OJoin)) (w_OMoveC1 : (W_OMoveC1 w_XJoin w_OJoin w_XMoveC1)) (w_XMoveC2 : (W_XMoveC2 w_XJoin w_OJoin w_XMoveC1 w_OMoveC1)) (w_OMoveC2 : (W_OMoveC2 w_XJoin w_OJoin w_XMoveC1 w_OMoveC1 w_XMoveC2)) (w_XMoveC3 : (W_XMoveC3 w_XJoin w_OJoin w_XMoveC1 w_OMoveC1 w_XMoveC2 w_OMoveC2)) (w_OMoveC3 : (W_OMoveC3 w_XJoin w_OJoin w_XMoveC1 w_OMoveC1 w_XMoveC2 w_OMoveC2 w_XMoveC3)) (w_XMoveC4 : (W_XMoveC4 w_XJoin w_OJoin w_XMoveC1 w_OMoveC1 w_XMoveC2 w_OMoveC2 w_XMoveC3 w_OMoveC3)) : Type := {
  sig_OMoveC4 : Signed O P_OMoveC4;
  guard : andb andb andb andb andb andb andb andb andb andb andb andb andb andb andb andb andb andb andb andb andb andb andb andb andb andb andb (w_XMoveC1.(sig_XMoveC1).(msg).(c1) <> w_OMoveC1.(sig_OMoveC1).(msg).(c1)) (w_XMoveC1.(sig_XMoveC1).(msg).(c1) <> w_XMoveC2.(sig_XMoveC2).(msg).(c2)) (w_XMoveC1.(sig_XMoveC1).(msg).(c1) <> w_OMoveC2.(sig_OMoveC2).(msg).(c2)) (w_XMoveC1.(sig_XMoveC1).(msg).(c1) <> w_XMoveC3.(sig_XMoveC3).(msg).(c3)) (w_XMoveC1.(sig_XMoveC1).(msg).(c1) <> w_OMoveC3.(sig_OMoveC3).(msg).(c3)) (w_XMoveC1.(sig_XMoveC1).(msg).(c1) <> w_XMoveC4.(sig_XMoveC4).(msg).(c4)) (w_XMoveC1.(sig_XMoveC1).(msg).(c1) <> w_OMoveC4.(sig_OMoveC4).(msg).(c4)) (w_OMoveC1.(sig_OMoveC1).(msg).(c1) <> w_XMoveC2.(sig_XMoveC2).(msg).(c2)) (w_OMoveC1.(sig_OMoveC1).(msg).(c1) <> w_OMoveC2.(sig_OMoveC2).(msg).(c2)) (w_OMoveC1.(sig_OMoveC1).(msg).(c1) <> w_XMoveC3.(sig_XMoveC3).(msg).(c3)) (w_OMoveC1.(sig_OMoveC1).(msg).(c1) <> w_OMoveC3.(sig_OMoveC3).(msg).(c3)) (w_OMoveC1.(sig_OMoveC1).(msg).(c1) <> w_XMoveC4.(sig_XMoveC4).(msg).(c4)) (w_OMoveC1.(sig_OMoveC1).(msg).(c1) <> w_OMoveC4.(sig_OMoveC4).(msg).(c4)) (w_XMoveC2.(sig_XMoveC2).(msg).(c2) <> w_OMoveC2.(sig_OMoveC2).(msg).(c2)) (w_XMoveC2.(sig_XMoveC2).(msg).(c2) <> w_XMoveC3.(sig_XMoveC3).(msg).(c3)) (w_XMoveC2.(sig_XMoveC2).(msg).(c2) <> w_OMoveC3.(sig_OMoveC3).(msg).(c3)) (w_XMoveC2.(sig_XMoveC2).(msg).(c2) <> w_XMoveC4.(sig_XMoveC4).(msg).(c4)) (w_XMoveC2.(sig_XMoveC2).(msg).(c2) <> w_OMoveC4.(sig_OMoveC4).(msg).(c4)) (w_OMoveC2.(sig_OMoveC2).(msg).(c2) <> w_XMoveC3.(sig_XMoveC3).(msg).(c3)) (w_OMoveC2.(sig_OMoveC2).(msg).(c2) <> w_OMoveC3.(sig_OMoveC3).(msg).(c3)) (w_OMoveC2.(sig_OMoveC2).(msg).(c2) <> w_XMoveC4.(sig_XMoveC4).(msg).(c4)) (w_OMoveC2.(sig_OMoveC2).(msg).(c2) <> w_OMoveC4.(sig_OMoveC4).(msg).(c4)) (w_XMoveC3.(sig_XMoveC3).(msg).(c3) <> w_OMoveC3.(sig_OMoveC3).(msg).(c3)) (w_XMoveC3.(sig_XMoveC3).(msg).(c3) <> w_XMoveC4.(sig_XMoveC4).(msg).(c4)) (w_XMoveC3.(sig_XMoveC3).(msg).(c3) <> w_OMoveC4.(sig_OMoveC4).(msg).(c4)) (w_OMoveC3.(sig_OMoveC3).(msg).(c3) <> w_XMoveC4.(sig_XMoveC4).(msg).(c4)) (w_OMoveC3.(sig_OMoveC3).(msg).(c3) <> w_OMoveC4.(sig_OMoveC4).(msg).(c4)) (w_XMoveC4.(sig_XMoveC4).(msg).(c4) <> w_OMoveC4.(sig_OMoveC4).(msg).(c4));
}.

(* ===================== *)
(* 5) Typed runtime/ESM  *)
(* ===================== *)

Inductive Stage : Type :=
S0 | S1 | S2 | S3 | S4 | S5 | S6 | S7 | S8 | S9 | S10.

Inductive State : Stage -> Type :=
| st0 : State S0
| st1 : (w_XJoin : W_XJoin) -> State S1
| st2 : (w_XJoin : W_XJoin) (w_OJoin : (W_OJoin w_XJoin)) -> State S2
| st3 : (w_XJoin : W_XJoin) (w_OJoin : (W_OJoin w_XJoin)) (w_XMoveC1 : (W_XMoveC1 w_XJoin w_OJoin)) -> State S3
| st4 : (w_XJoin : W_XJoin) (w_OJoin : (W_OJoin w_XJoin)) (w_XMoveC1 : (W_XMoveC1 w_XJoin w_OJoin)) (w_OMoveC1 : (W_OMoveC1 w_XJoin w_OJoin w_XMoveC1)) -> State S4
| st5 : (w_XJoin : W_XJoin) (w_OJoin : (W_OJoin w_XJoin)) (w_XMoveC1 : (W_XMoveC1 w_XJoin w_OJoin)) (w_OMoveC1 : (W_OMoveC1 w_XJoin w_OJoin w_XMoveC1)) (w_XMoveC2 : (W_XMoveC2 w_XJoin w_OJoin w_XMoveC1 w_OMoveC1)) -> State S5
| st6 : (w_XJoin : W_XJoin) (w_OJoin : (W_OJoin w_XJoin)) (w_XMoveC1 : (W_XMoveC1 w_XJoin w_OJoin)) (w_OMoveC1 : (W_OMoveC1 w_XJoin w_OJoin w_XMoveC1)) (w_XMoveC2 : (W_XMoveC2 w_XJoin w_OJoin w_XMoveC1 w_OMoveC1)) (w_OMoveC2 : (W_OMoveC2 w_XJoin w_OJoin w_XMoveC1 w_OMoveC1 w_XMoveC2)) -> State S6
| st7 : (w_XJoin : W_XJoin) (w_OJoin : (W_OJoin w_XJoin)) (w_XMoveC1 : (W_XMoveC1 w_XJoin w_OJoin)) (w_OMoveC1 : (W_OMoveC1 w_XJoin w_OJoin w_XMoveC1)) (w_XMoveC2 : (W_XMoveC2 w_XJoin w_OJoin w_XMoveC1 w_OMoveC1)) (w_OMoveC2 : (W_OMoveC2 w_XJoin w_OJoin w_XMoveC1 w_OMoveC1 w_XMoveC2)) (w_XMoveC3 : (W_XMoveC3 w_XJoin w_OJoin w_XMoveC1 w_OMoveC1 w_XMoveC2 w_OMoveC2)) -> State S7
| st8 : (w_XJoin : W_XJoin) (w_OJoin : (W_OJoin w_XJoin)) (w_XMoveC1 : (W_XMoveC1 w_XJoin w_OJoin)) (w_OMoveC1 : (W_OMoveC1 w_XJoin w_OJoin w_XMoveC1)) (w_XMoveC2 : (W_XMoveC2 w_XJoin w_OJoin w_XMoveC1 w_OMoveC1)) (w_OMoveC2 : (W_OMoveC2 w_XJoin w_OJoin w_XMoveC1 w_OMoveC1 w_XMoveC2)) (w_XMoveC3 : (W_XMoveC3 w_XJoin w_OJoin w_XMoveC1 w_OMoveC1 w_XMoveC2 w_OMoveC2)) (w_OMoveC3 : (W_OMoveC3 w_XJoin w_OJoin w_XMoveC1 w_OMoveC1 w_XMoveC2 w_OMoveC2 w_XMoveC3)) -> State S8
| st9 : (w_XJoin : W_XJoin) (w_OJoin : (W_OJoin w_XJoin)) (w_XMoveC1 : (W_XMoveC1 w_XJoin w_OJoin)) (w_OMoveC1 : (W_OMoveC1 w_XJoin w_OJoin w_XMoveC1)) (w_XMoveC2 : (W_XMoveC2 w_XJoin w_OJoin w_XMoveC1 w_OMoveC1)) (w_OMoveC2 : (W_OMoveC2 w_XJoin w_OJoin w_XMoveC1 w_OMoveC1 w_XMoveC2)) (w_XMoveC3 : (W_XMoveC3 w_XJoin w_OJoin w_XMoveC1 w_OMoveC1 w_XMoveC2 w_OMoveC2)) (w_OMoveC3 : (W_OMoveC3 w_XJoin w_OJoin w_XMoveC1 w_OMoveC1 w_XMoveC2 w_OMoveC2 w_XMoveC3)) (w_XMoveC4 : (W_XMoveC4 w_XJoin w_OJoin w_XMoveC1 w_OMoveC1 w_XMoveC2 w_OMoveC2 w_XMoveC3 w_OMoveC3)) -> State S9
| st10 : (w_XJoin : W_XJoin) (w_OJoin : (W_OJoin w_XJoin)) (w_XMoveC1 : (W_XMoveC1 w_XJoin w_OJoin)) (w_OMoveC1 : (W_OMoveC1 w_XJoin w_OJoin w_XMoveC1)) (w_XMoveC2 : (W_XMoveC2 w_XJoin w_OJoin w_XMoveC1 w_OMoveC1)) (w_OMoveC2 : (W_OMoveC2 w_XJoin w_OJoin w_XMoveC1 w_OMoveC1 w_XMoveC2)) (w_XMoveC3 : (W_XMoveC3 w_XJoin w_OJoin w_XMoveC1 w_OMoveC1 w_XMoveC2 w_OMoveC2)) (w_OMoveC3 : (W_OMoveC3 w_XJoin w_OJoin w_XMoveC1 w_OMoveC1 w_XMoveC2 w_OMoveC2 w_XMoveC3)) (w_XMoveC4 : (W_XMoveC4 w_XJoin w_OJoin w_XMoveC1 w_OMoveC1 w_XMoveC2 w_OMoveC2 w_XMoveC3 w_OMoveC3)) (w_OMoveC4 : (W_OMoveC4 w_XJoin w_OJoin w_XMoveC1 w_OMoveC1 w_XMoveC2 w_OMoveC2 w_XMoveC3 w_OMoveC3 w_XMoveC4)) -> State S10
.

(* Step API *)
Definition step_xjoin_from_s0 (s : State S0) (sig : Signed X P_XJoin)
 : State S1 :=
  match s with
  | st0 =>
      st1 {| sig_XJoin := sig |}
  end.

Definition step_ojoin_from_s1 (s : State S1) (sig : Signed O P_OJoin)
 : State S2 :=
  match s with
  | st1 w_XJoin =>
      st2 w_XJoin {| sig_OJoin := sig |}
  end.

Definition step_xmovec1_from_s2 (s : State S2) (sig : Signed X P_XMoveC1)
 : State S3 :=
  match s with
  | st2 w_XJoin w_OJoin =>
      st3 w_XJoin w_OJoin {| sig_XMoveC1 := sig |}
  end.

Definition step_omovec1_from_s3 (s : State S3) (sig : Signed O P_OMoveC1)
  (Hguard : ((match s with st3 w_XJoin w_OJoin w_XMoveC1 => w_XMoveC1.(sig_XMoveC1).(msg).(c1) end) <> sig.(msg).(c1))) : State S4 :=
  match s with
  | st3 w_XJoin w_OJoin w_XMoveC1 =>
      st4 w_XJoin w_OJoin w_XMoveC1 {| sig_OMoveC1 := sig; guard := Hguard |}
  end.

Definition step_xmovec2_from_s4 (s : State S4) (sig : Signed X P_XMoveC2)
  (Hguard : (andb (andb ((match s with st4 w_XJoin w_OJoin w_XMoveC1 w_OMoveC1 => w_XMoveC1.(sig_XMoveC1).(msg).(c1) end) <> (match s with st4 w_XJoin w_OJoin w_XMoveC1 w_OMoveC1 => w_OMoveC1.(sig_OMoveC1).(msg).(c1) end)) ((match s with st4 w_XJoin w_OJoin w_XMoveC1 w_OMoveC1 => w_XMoveC1.(sig_XMoveC1).(msg).(c1) end) <> sig.(msg).(c2))) ((match s with st4 w_XJoin w_OJoin w_XMoveC1 w_OMoveC1 => w_OMoveC1.(sig_OMoveC1).(msg).(c1) end) <> sig.(msg).(c2)))) : State S5 :=
  match s with
  | st4 w_XJoin w_OJoin w_XMoveC1 w_OMoveC1 =>
      st5 w_XJoin w_OJoin w_XMoveC1 w_OMoveC1 {| sig_XMoveC2 := sig; guard := Hguard |}
  end.

Definition step_omovec2_from_s5 (s : State S5) (sig : Signed O P_OMoveC2)
  (Hguard : (andb (andb (andb (andb (andb ((match s with st5 w_XJoin w_OJoin w_XMoveC1 w_OMoveC1 w_XMoveC2 => w_XMoveC1.(sig_XMoveC1).(msg).(c1) end) <> (match s with st5 w_XJoin w_OJoin w_XMoveC1 w_OMoveC1 w_XMoveC2 => w_OMoveC1.(sig_OMoveC1).(msg).(c1) end)) ((match s with st5 w_XJoin w_OJoin w_XMoveC1 w_OMoveC1 w_XMoveC2 => w_XMoveC1.(sig_XMoveC1).(msg).(c1) end) <> (match s with st5 w_XJoin w_OJoin w_XMoveC1 w_OMoveC1 w_XMoveC2 => w_XMoveC2.(sig_XMoveC2).(msg).(c2) end))) ((match s with st5 w_XJoin w_OJoin w_XMoveC1 w_OMoveC1 w_XMoveC2 => w_XMoveC1.(sig_XMoveC1).(msg).(c1) end) <> sig.(msg).(c2))) ((match s with st5 w_XJoin w_OJoin w_XMoveC1 w_OMoveC1 w_XMoveC2 => w_OMoveC1.(sig_OMoveC1).(msg).(c1) end) <> (match s with st5 w_XJoin w_OJoin w_XMoveC1 w_OMoveC1 w_XMoveC2 => w_XMoveC2.(sig_XMoveC2).(msg).(c2) end))) ((match s with st5 w_XJoin w_OJoin w_XMoveC1 w_OMoveC1 w_XMoveC2 => w_OMoveC1.(sig_OMoveC1).(msg).(c1) end) <> sig.(msg).(c2))) ((match s with st5 w_XJoin w_OJoin w_XMoveC1 w_OMoveC1 w_XMoveC2 => w_XMoveC2.(sig_XMoveC2).(msg).(c2) end) <> sig.(msg).(c2)))) : State S6 :=
  match s with
  | st5 w_XJoin w_OJoin w_XMoveC1 w_OMoveC1 w_XMoveC2 =>
      st6 w_XJoin w_OJoin w_XMoveC1 w_OMoveC1 w_XMoveC2 {| sig_OMoveC2 := sig; guard := Hguard |}
  end.

Definition step_xmovec3_from_s6 (s : State S6) (sig : Signed X P_XMoveC3)
  (Hguard : (andb (andb (andb (andb (andb (andb (andb (andb (andb ((match s with st6 w_XJoin w_OJoin w_XMoveC1 w_OMoveC1 w_XMoveC2 w_OMoveC2 => w_XMoveC1.(sig_XMoveC1).(msg).(c1) end) <> (match s with st6 w_XJoin w_OJoin w_XMoveC1 w_OMoveC1 w_XMoveC2 w_OMoveC2 => w_OMoveC1.(sig_OMoveC1).(msg).(c1) end)) ((match s with st6 w_XJoin w_OJoin w_XMoveC1 w_OMoveC1 w_XMoveC2 w_OMoveC2 => w_XMoveC1.(sig_XMoveC1).(msg).(c1) end) <> (match s with st6 w_XJoin w_OJoin w_XMoveC1 w_OMoveC1 w_XMoveC2 w_OMoveC2 => w_XMoveC2.(sig_XMoveC2).(msg).(c2) end))) ((match s with st6 w_XJoin w_OJoin w_XMoveC1 w_OMoveC1 w_XMoveC2 w_OMoveC2 => w_XMoveC1.(sig_XMoveC1).(msg).(c1) end) <> (match s with st6 w_XJoin w_OJoin w_XMoveC1 w_OMoveC1 w_XMoveC2 w_OMoveC2 => w_OMoveC2.(sig_OMoveC2).(msg).(c2) end))) ((match s with st6 w_XJoin w_OJoin w_XMoveC1 w_OMoveC1 w_XMoveC2 w_OMoveC2 => w_XMoveC1.(sig_XMoveC1).(msg).(c1) end) <> sig.(msg).(c3))) ((match s with st6 w_XJoin w_OJoin w_XMoveC1 w_OMoveC1 w_XMoveC2 w_OMoveC2 => w_OMoveC1.(sig_OMoveC1).(msg).(c1) end) <> (match s with st6 w_XJoin w_OJoin w_XMoveC1 w_OMoveC1 w_XMoveC2 w_OMoveC2 => w_XMoveC2.(sig_XMoveC2).(msg).(c2) end))) ((match s with st6 w_XJoin w_OJoin w_XMoveC1 w_OMoveC1 w_XMoveC2 w_OMoveC2 => w_OMoveC1.(sig_OMoveC1).(msg).(c1) end) <> (match s with st6 w_XJoin w_OJoin w_XMoveC1 w_OMoveC1 w_XMoveC2 w_OMoveC2 => w_OMoveC2.(sig_OMoveC2).(msg).(c2) end))) ((match s with st6 w_XJoin w_OJoin w_XMoveC1 w_OMoveC1 w_XMoveC2 w_OMoveC2 => w_OMoveC1.(sig_OMoveC1).(msg).(c1) end) <> sig.(msg).(c3))) ((match s with st6 w_XJoin w_OJoin w_XMoveC1 w_OMoveC1 w_XMoveC2 w_OMoveC2 => w_XMoveC2.(sig_XMoveC2).(msg).(c2) end) <> (match s with st6 w_XJoin w_OJoin w_XMoveC1 w_OMoveC1 w_XMoveC2 w_OMoveC2 => w_OMoveC2.(sig_OMoveC2).(msg).(c2) end))) ((match s with st6 w_XJoin w_OJoin w_XMoveC1 w_OMoveC1 w_XMoveC2 w_OMoveC2 => w_XMoveC2.(sig_XMoveC2).(msg).(c2) end) <> sig.(msg).(c3))) ((match s with st6 w_XJoin w_OJoin w_XMoveC1 w_OMoveC1 w_XMoveC2 w_OMoveC2 => w_OMoveC2.(sig_OMoveC2).(msg).(c2) end) <> sig.(msg).(c3)))) : State S7 :=
  match s with
  | st6 w_XJoin w_OJoin w_XMoveC1 w_OMoveC1 w_XMoveC2 w_OMoveC2 =>
      st7 w_XJoin w_OJoin w_XMoveC1 w_OMoveC1 w_XMoveC2 w_OMoveC2 {| sig_XMoveC3 := sig; guard := Hguard |}
  end.

Definition step_omovec3_from_s7 (s : State S7) (sig : Signed O P_OMoveC3)
  (Hguard : (andb (andb (andb (andb (andb (andb (andb (andb (andb (andb (andb (andb (andb (andb ((match s with st7 w_XJoin w_OJoin w_XMoveC1 w_OMoveC1 w_XMoveC2 w_OMoveC2 w_XMoveC3 => w_XMoveC1.(sig_XMoveC1).(msg).(c1) end) <> (match s with st7 w_XJoin w_OJoin w_XMoveC1 w_OMoveC1 w_XMoveC2 w_OMoveC2 w_XMoveC3 => w_OMoveC1.(sig_OMoveC1).(msg).(c1) end)) ((match s with st7 w_XJoin w_OJoin w_XMoveC1 w_OMoveC1 w_XMoveC2 w_OMoveC2 w_XMoveC3 => w_XMoveC1.(sig_XMoveC1).(msg).(c1) end) <> (match s with st7 w_XJoin w_OJoin w_XMoveC1 w_OMoveC1 w_XMoveC2 w_OMoveC2 w_XMoveC3 => w_XMoveC2.(sig_XMoveC2).(msg).(c2) end))) ((match s with st7 w_XJoin w_OJoin w_XMoveC1 w_OMoveC1 w_XMoveC2 w_OMoveC2 w_XMoveC3 => w_XMoveC1.(sig_XMoveC1).(msg).(c1) end) <> (match s with st7 w_XJoin w_OJoin w_XMoveC1 w_OMoveC1 w_XMoveC2 w_OMoveC2 w_XMoveC3 => w_OMoveC2.(sig_OMoveC2).(msg).(c2) end))) ((match s with st7 w_XJoin w_OJoin w_XMoveC1 w_OMoveC1 w_XMoveC2 w_OMoveC2 w_XMoveC3 => w_XMoveC1.(sig_XMoveC1).(msg).(c1) end) <> (match s with st7 w_XJoin w_OJoin w_XMoveC1 w_OMoveC1 w_XMoveC2 w_OMoveC2 w_XMoveC3 => w_XMoveC3.(sig_XMoveC3).(msg).(c3) end))) ((match s with st7 w_XJoin w_OJoin w_XMoveC1 w_OMoveC1 w_XMoveC2 w_OMoveC2 w_XMoveC3 => w_XMoveC1.(sig_XMoveC1).(msg).(c1) end) <> sig.(msg).(c3))) ((match s with st7 w_XJoin w_OJoin w_XMoveC1 w_OMoveC1 w_XMoveC2 w_OMoveC2 w_XMoveC3 => w_OMoveC1.(sig_OMoveC1).(msg).(c1) end) <> (match s with st7 w_XJoin w_OJoin w_XMoveC1 w_OMoveC1 w_XMoveC2 w_OMoveC2 w_XMoveC3 => w_XMoveC2.(sig_XMoveC2).(msg).(c2) end))) ((match s with st7 w_XJoin w_OJoin w_XMoveC1 w_OMoveC1 w_XMoveC2 w_OMoveC2 w_XMoveC3 => w_OMoveC1.(sig_OMoveC1).(msg).(c1) end) <> (match s with st7 w_XJoin w_OJoin w_XMoveC1 w_OMoveC1 w_XMoveC2 w_OMoveC2 w_XMoveC3 => w_OMoveC2.(sig_OMoveC2).(msg).(c2) end))) ((match s with st7 w_XJoin w_OJoin w_XMoveC1 w_OMoveC1 w_XMoveC2 w_OMoveC2 w_XMoveC3 => w_OMoveC1.(sig_OMoveC1).(msg).(c1) end) <> (match s with st7 w_XJoin w_OJoin w_XMoveC1 w_OMoveC1 w_XMoveC2 w_OMoveC2 w_XMoveC3 => w_XMoveC3.(sig_XMoveC3).(msg).(c3) end))) ((match s with st7 w_XJoin w_OJoin w_XMoveC1 w_OMoveC1 w_XMoveC2 w_OMoveC2 w_XMoveC3 => w_OMoveC1.(sig_OMoveC1).(msg).(c1) end) <> sig.(msg).(c3))) ((match s with st7 w_XJoin w_OJoin w_XMoveC1 w_OMoveC1 w_XMoveC2 w_OMoveC2 w_XMoveC3 => w_XMoveC2.(sig_XMoveC2).(msg).(c2) end) <> (match s with st7 w_XJoin w_OJoin w_XMoveC1 w_OMoveC1 w_XMoveC2 w_OMoveC2 w_XMoveC3 => w_OMoveC2.(sig_OMoveC2).(msg).(c2) end))) ((match s with st7 w_XJoin w_OJoin w_XMoveC1 w_OMoveC1 w_XMoveC2 w_OMoveC2 w_XMoveC3 => w_XMoveC2.(sig_XMoveC2).(msg).(c2) end) <> (match s with st7 w_XJoin w_OJoin w_XMoveC1 w_OMoveC1 w_XMoveC2 w_OMoveC2 w_XMoveC3 => w_XMoveC3.(sig_XMoveC3).(msg).(c3) end))) ((match s with st7 w_XJoin w_OJoin w_XMoveC1 w_OMoveC1 w_XMoveC2 w_OMoveC2 w_XMoveC3 => w_XMoveC2.(sig_XMoveC2).(msg).(c2) end) <> sig.(msg).(c3))) ((match s with st7 w_XJoin w_OJoin w_XMoveC1 w_OMoveC1 w_XMoveC2 w_OMoveC2 w_XMoveC3 => w_OMoveC2.(sig_OMoveC2).(msg).(c2) end) <> (match s with st7 w_XJoin w_OJoin w_XMoveC1 w_OMoveC1 w_XMoveC2 w_OMoveC2 w_XMoveC3 => w_XMoveC3.(sig_XMoveC3).(msg).(c3) end))) ((match s with st7 w_XJoin w_OJoin w_XMoveC1 w_OMoveC1 w_XMoveC2 w_OMoveC2 w_XMoveC3 => w_OMoveC2.(sig_OMoveC2).(msg).(c2) end) <> sig.(msg).(c3))) ((match s with st7 w_XJoin w_OJoin w_XMoveC1 w_OMoveC1 w_XMoveC2 w_OMoveC2 w_XMoveC3 => w_XMoveC3.(sig_XMoveC3).(msg).(c3) end) <> sig.(msg).(c3)))) : State S8 :=
  match s with
  | st7 w_XJoin w_OJoin w_XMoveC1 w_OMoveC1 w_XMoveC2 w_OMoveC2 w_XMoveC3 =>

[Change at line 108]   sig_OMoveC2 : Signed O P_OMoveC2;
  guard : andb andb andb andb andb (w_XMoveC1.(sig_XMoveC1).(msg).(c1) <> w_OMoveC1.(sig_OMoveC1).(msg).(c1)) (w_XMoveC1.(sig_XMoveC1).(msg).(c1) <> w_XMoveC2.(sig_XMoveC2).(msg).(c2)) (w_XMoveC1.(sig_XMoveC1).(msg).(c1) <> w_OMoveC2.(sig_OMoveC2).(msg).(c2)) (w_OMoveC1.(sig_OMoveC1).(msg).(c1) <> w_XMoveC2.(sig_XMoveC2).(msg).(c2)) (w_OMoveC1.(sig_OMoveC1).(msg).(c1) <> w_OMoveC2.(sig_OMoveC2).(msg).(c2)) (w_XMoveC2.(sig_XMoveC2).(msg).(c2) <> w_OMoveC2.(sig_OMoveC2).(msg).(c2));
}.

Record W_XMoveC3 (w_XJoin : W_XJoin) (w_OJoin : (W_OJoin w_XJoin)) (w_XMoveC1 : (W_XMoveC1 w_XJoin w_OJoin)) (w_OMoveC1 : (W_OMoveC1 w_XJoin w_OJoin w_XMoveC1)) (w_XMoveC2 : (W_XMoveC2 w_XJoin w_OJoin w_XMoveC1 w_OMoveC1)) (w_OMoveC2 : (W_OMoveC2 w_XJoin w_OJoin w_XMoveC1 w_OMoveC1 w_XMoveC2)) : Type := {
  sig_XMoveC3 : Signed X P_XMoveC3;
  guard : andb andb andb andb andb andb andb andb andb (w_XMoveC1.(sig_XMoveC1).(msg).(c1) <> w_OMoveC1.(sig_OMoveC1).(msg).(c1)) (w_XMoveC1.(sig_XMoveC1).(msg).(c1) <> w_XMoveC2.(sig_XMoveC2).(msg).(c2)) (w_XMoveC1.(sig_XMoveC1).(msg).(c1) <> w_OMoveC2.(sig_OMoveC2).(msg).(c2)) (w_XMoveC1.(sig_XMoveC1).(msg).(c1) <> w_XMoveC3.(sig_XMoveC3).(msg).(c3)) (w_OMoveC1.(sig_OMoveC1).(msg).(c1) <> w_XMoveC2.(sig_XMoveC2).(msg).(c2)) (w_OMoveC1.(sig_OMoveC1).(msg).(c1) <> w_OMoveC2.(sig_OMoveC2).(msg).(c2)) (w_OMoveC1.(sig_OMoveC1).(msg).(c1) <> w_XMoveC3.(sig_XMoveC3).(msg).(c3)) (w_XMoveC2.(sig_XMoveC2).(msg).(c2) <> w_OMoveC2.(sig_OMoveC2).(msg).(c2)) (w_XMoveC2.(sig_XMoveC2).(msg).(c2) <> w_XMoveC3.(sig_XMoveC3).(msg).(c3)) (w_OMoveC2.(sig_OMoveC2).(msg).(c2) <> w_XMoveC3.(sig_XMoveC3).(msg).(c3));
}.

Record W_OMoveC3 (w_XJoin : W_XJoin) (w_OJoin : (W_OJoin w_XJoin)) (w_XMoveC1 : (W_XMoveC1 w_XJoin w_OJoin)) (w_OMoveC1 : (W_OMoveC1 w_XJoin w_OJoin w_XMoveC1)) (w_XMoveC2 : (W_XMoveC2 w_XJoin w_OJoin w_XMoveC1 w_OMoveC1)) (w_OMoveC2 : (W_OMoveC2 w_XJoin w_OJoin w_XMoveC1 w_OMoveC1 w_XMoveC2)) (w_XMoveC3 : (W_XMoveC3 w_XJoin w_OJoin w_XMoveC1 w_OMoveC1 w_XMoveC2 w_OMoveC2)) : Type := {
  sig_OMoveC3 : Signed O P_OMoveC3;
  guard : andb andb andb andb andb andb andb andb andb andb andb andb andb andb (w_XMoveC1.(sig_XMoveC1).(msg).(c1) <> w_OMoveC1.(sig_OMoveC1).(msg).(c1)) (w_XMoveC1.(sig_XMoveC1).(msg).(c1) <> w_XMoveC2.(sig_XMoveC2).(msg).(c2)) (w_XMoveC1.(sig_XMoveC1).(msg).(c1) <> w_OMoveC2.(sig_OMoveC2).(msg).(c2)) (w_XMoveC1.(sig_XMoveC1).(msg).(c1) <> w_XMoveC3.(sig_XMoveC3).(msg).(c3)) (w_XMoveC1.(sig_XMoveC1).(msg).(c1) <> w_OMoveC3.(sig_OMoveC3).(msg).(c3)) (w_OMoveC1.(sig_OMoveC1).(msg).(c1) <> w_XMoveC2.(sig_XMoveC2).(msg).(c2)) (w_OMoveC1.(sig_OMoveC1).(msg).(c1) <> w_OMoveC2.(sig_OMoveC2).(msg).(c2)) (w_OMoveC1.(sig_OMoveC1).(msg).(c1) <> w_XMoveC3.(sig_XMoveC3).(msg).(c3)) (w_OMoveC1.(sig_OMoveC1).(msg).(c1) <> w_OMoveC3.(sig_OMoveC3).(msg).(c3)) (w_XMoveC2.(sig_XMoveC2).(msg).(c2) <> w_OMoveC2.(sig_OMoveC2).(msg).(c2)) (w_XMoveC2.(sig_XMoveC2).(msg).(c2) <> w_XMoveC3.(sig_XMoveC3).(msg).(c3)) (w_XMoveC2.(sig_XMoveC2).(msg).(c2) <> w_OMoveC3.(sig_OMoveC3).(msg).(c3)) (w_OMoveC2.(sig_OMoveC2).(msg).(c2) <> w_XMoveC3.(sig_XMoveC3).(msg).(c3)) (w_OMoveC2.(sig_OMoveC2).(msg).(c2) <> w_OMoveC3.(sig_OMoveC3).(msg).(c3)) (w_XMoveC3.(sig_XMoveC3).(msg).(c3) <> w_OMoveC3.(sig_OMoveC3).(msg).(c3));
}.

Record W_XMoveC4 (w_XJoin : W_XJoin) (w_OJoin : (W_OJoin w_XJoin)) (w_XMoveC1 : (W_XMoveC1 w_XJoin w_OJoin)) (w_OMoveC1 : (W_OMoveC1 w_XJoin w_OJoin w_XMoveC1)) (w_XMoveC2 : (W_XMoveC2 w_XJoin w_OJoin w_XMoveC1 w_OMoveC1)) (w_OMoveC2 : (W_OMoveC2 w_XJoin w_OJoin w_XMoveC1 w_OMoveC1 w_XMoveC2)) (w_XMoveC3 : (W_XMoveC3 w_XJoin w_OJoin w_XMoveC1 w_OMoveC1 w_XMoveC2 w_OMoveC2)) (w_OMoveC3 : (W_OMoveC3 w_XJoin w_OJoin w_XMoveC1 w_OMoveC1 w_XMoveC2 w_OMoveC2 w_XMoveC3)) : Type := {
  sig_XMoveC4 : Signed X P_XMoveC4;
  guard : andb andb andb andb andb andb andb andb andb andb andb andb andb andb andb andb andb andb andb andb (w_XMoveC1.(sig_XMoveC1).(msg).(c1) <> w_OMoveC1.(sig_OMoveC1).(msg).(c1)) (w_XMoveC1.(sig_XMoveC1).(msg).(c1) <> w_XMoveC2.(sig_XMoveC2).(msg).(c2)) (w_XMoveC1.(sig_XMoveC1).(msg).(c1) <> w_OMoveC2.(sig_OMoveC2).(msg).(c2)) (w_XMoveC1.(sig_XMoveC1).(msg).(c1) <> w_XMoveC3.(sig_XMoveC3).(msg).(c3)) (w_XMoveC1.(sig_XMoveC1).(msg).(c1) <> w_OMoveC3.(sig_OMoveC3).(msg).(c3)) (w_XMoveC1.(sig_XMoveC1).(msg).(c1) <> w_XMoveC4.(sig_XMoveC4).(msg).(c4)) (w_OMoveC1.(sig_OMoveC1).(msg).(c1) <> w_XMoveC2.(sig_XMoveC2).(msg).(c2)) (w_OMoveC1.(sig_OMoveC1).(msg).(c1) <> w_OMoveC2.(sig_OMoveC2).(msg).(c2)) (w_OMoveC1.(sig_OMoveC1).(msg).(c1) <> w_XMoveC3.(sig_XMoveC3).(msg).(c3)) (w_OMoveC1.(sig_OMoveC1).(msg).(c1) <> w_OMoveC3.(sig_OMoveC3).(msg).(c3)) (w_OMoveC1.(sig_OMoveC1).(msg).(c1) <> w_XMoveC4.(sig_XMoveC4).(msg).(c4)) (w_XMoveC2.(sig_XMoveC2).(msg).(c2) <> w_OMoveC2.(sig_OMoveC2).(msg).(c2)) (w_XMoveC2.(sig_XMoveC2).(msg).(c2) <> w_XMoveC3.(sig_XMoveC3).(msg).(c3)) (w_XMoveC2.(sig_XMoveC2).(msg).(c2) <> w_OMoveC3.(sig_OMoveC3).(msg).(c3)) (w_XMoveC2.(sig_XMoveC2).(msg).(c2) <> w_XMoveC4.(sig_XMoveC4).(msg).(c4)) (w_OMoveC2.(sig_OMoveC2).(msg).(c2) <> w_XMoveC3.(sig_XMoveC3).(msg).(c3)) (w_OMoveC2.(sig_OMoveC2).(msg).(c2) <> w_OMoveC3.(sig_OMoveC3).(msg).(c3)) (w_OMoveC2.(sig_OMoveC2).(msg).(c2) <> w_XMoveC4.(sig_XMoveC4).(msg).(c4)) (w_XMoveC3.(sig_XMoveC3).(msg).(c3) <> w_OMoveC3.(sig_OMoveC3).(msg).(c3)) (w_XMoveC3.(sig_XMoveC3).(msg).(c3) <> w_XMoveC4.(sig_XMoveC4).(msg).(c4)) (w_OMoveC3.(sig_OMoveC3).(msg).(c3) <> w_XMoveC4.(sig_XMoveC4).(msg).(c4));
}.

Record W_OMoveC4 (w_XJoin : W_XJoin) (w_OJoin : (W_OJoin w_XJoin)) (w_XMoveC1 : (W_XMoveC1 w_XJoin w_OJoin)) (w_OMoveC1 : (W_OMoveC1 w_XJoin w_OJoin w_XMoveC1)) (w_XMoveC2 : (W_XMoveC2 w_XJoin w_OJoin w_XMoveC1 w_OMoveC1)) (w_OMoveC2 : (W_OMoveC2 w_XJoin w_OJoin w_XMoveC1 w_OMoveC1 w_XMoveC2)) (w_XMoveC3 : (W_XMoveC3 w_XJoin w_OJoin w_XMoveC1 w_OMoveC1 w_XMoveC2 w_OMoveC2)) (w_OMoveC3 : (W_OMoveC3 w_XJoin w_OJoin w_XMoveC1 w_OMoveC1 w_XMoveC2 w_OMoveC2 w_XMoveC3)) (w_XMoveC4 : (W_XMoveC4 w_XJoin w_OJoin w_XMoveC1 w_OMoveC1 w_XMoveC2 w_OMoveC2 w_XMoveC3 w_OMoveC3)) : Type := {
  sig_OMoveC4 : Signed O P_OMoveC4;
  guard : andb andb andb andb andb andb andb andb andb andb andb andb andb andb andb andb andb andb andb andb andb andb andb andb andb andb andb (w_XMoveC1.(sig_XMoveC1).(msg).(c1) <> w_OMoveC1.(sig_OMoveC1).(msg).(c1)) (w_XMoveC1.(sig_XMoveC1).(msg).(c1) <> w_XMoveC2.(sig_XMoveC2).(msg).(c2)) (w_XMoveC1.(sig_XMoveC1).(msg).(c1) <> w_OMoveC2.(sig_OMoveC2).(msg).(c2)) (w_XMoveC1.(sig_XMoveC1).(msg).(c1) <> w_XMoveC3.(sig_XMoveC3).(msg).(c3)) (w_XMoveC1.(sig_XMoveC1).(msg).(c1) <> w_OMoveC3.(sig_OMoveC3).(msg).(c3)) (w_XMoveC1.(sig_XMoveC1).(msg).(c1) <> w_XMoveC4.(sig_XMoveC4).(msg).(c4)) (w_XMoveC1.(sig_XMoveC1).(msg).(c1) <> w_OMoveC4.(sig_OMoveC4).(msg).(c4)) (w_OMoveC1.(sig_OMoveC1).(msg).(c1) <> w_XMoveC2.(sig_XMoveC2).(msg).(c2)) (w_OMoveC1.(sig_OMoveC1).(msg).(c1) <> w_OMoveC2.(sig_OMoveC2).(msg).(c2)) (w_OMoveC1.(sig_OMoveC1).(msg).(c1) <> w_XMoveC3.(sig_XMoveC3).(msg).(c3)) (w_OMoveC1.(sig_OMoveC1).(msg).(c1) <> w_OMoveC3.(sig_OMoveC3).(msg).(c3)) (w_OMoveC1.(sig_OMoveC1).(msg).(c1) <> w_XMoveC4.(sig_XMoveC4).(msg).(c4)) (w_OMoveC1.(sig_OMoveC1).(msg).(c1) <> w_OMoveC4.(sig_OMoveC4).(msg).(c4)) (w_XMoveC2.(sig_XMoveC2).(msg).(c2) <> w_OMoveC2.(sig_OMoveC2).(msg).(c2)) (w_XMoveC2.(sig_XMoveC2).(msg).(c2) <> w_XMoveC3.(sig_XMoveC3).(msg).(c3)) (w_XMoveC2.(sig_XMoveC2).(msg).(c2) <> w_OMoveC3.(sig_OMoveC3).(msg).(c3)) (w_XMoveC2.(sig_XMoveC2).(msg).(c2) <> w_XMoveC4.(sig_XMoveC4).(msg).(c4)) (w_XMoveC2.(sig_XMoveC2).(msg).(c2) <> w_OMoveC4.(sig_OMoveC4).(msg).(c4)) (w_OMoveC2.(sig_OMoveC2).(msg).(c2) <> w_XMoveC3.(sig_XMoveC3).(msg).(c3)) (w_OMoveC2.(sig_OMoveC2).(msg).(c2) <> w_OMoveC3.(sig_OMoveC3).(msg).(c3)) (w_OMoveC2.(sig_OMoveC2).(msg).(c2) <> w_XMoveC4.(sig_XMoveC4).(msg).(c4)) (w_OMoveC2.(sig_OMoveC2).(msg).(c2) <> w_OMoveC4.(sig_OMoveC4).(msg).(c4)) (w_XMoveC3.(sig_XMoveC3).(msg).(c3) <> w_OMoveC3.(sig_OMoveC3).(msg).(c3)) (w_XMoveC3.(sig_XMoveC3).(msg).(c3) <> w_XMoveC4.(sig_XMoveC4).(msg).(c4)) (w_XMoveC3.(sig_XMoveC3).(msg).(c3) <> w_OMoveC4.(sig_OMoveC4).(msg).(c4)) (w_OMoveC3.(sig_OMoveC3).(msg).(c3) <> w_XMoveC4.(sig_XMoveC4).(msg).(c4)) (w_OMoveC3.(sig_OMoveC3).(msg).(c3) <> w_OMoveC4.(sig_OMoveC4).(msg).(c4)) (w_XMoveC4.(sig_XMoveC4).(msg).(c4) <> w_OMoveC4.(sig_OMoveC4).(msg).(c4));
}.

(* ===================== *)
(* 5) Typed runtime/ESM  *)
(* ===================== *)

Inductive Stage : Type :=
S0 | S1 | S2 | S3 | S4 | S5 | S6 | S7 | S8 | S9 | S10.

Inductive State : Stage -> Type :=
| st0 : State S0
| st1 : (w_XJoin : W_XJoin) -> State S1
| st2 : (w_XJoin : W_XJoin) (w_OJoin : (W_OJoin w_XJoin)) -> State S2
| st3 : (w_XJoin : W_XJoin) (w_OJoin : (W_OJoin w_XJoin)) (w_XMoveC1 : (W_XMoveC1 w_XJoin w_OJoin)) -> State S3
| st4 : (w_XJoin : W_XJoin) (w_OJoin : (W_OJoin w_XJoin)) (w_XMoveC1 : (W_XMoveC1 w_XJoin w_OJoin)) (w_OMoveC1 : (W_OMoveC1 w_XJoin w_OJoin w_XMoveC1)) -> State S4
| st5 : (w_XJoin : W_XJoin) (w_OJoin : (W_OJoin w_XJoin)) (w_XMoveC1 : (W_XMoveC1 w_XJoin w_OJoin)) (w_OMoveC1 : (W_OMoveC1 w_XJoin w_OJoin w_XMoveC1)) (w_XMoveC2 : (W_XMoveC2 w_XJoin w_OJoin w_XMoveC1 w_OMoveC1)) -> State S5
| st6 : (w_XJoin : W_XJoin) (w_OJoin : (W_OJoin w_XJoin)) (w_XMoveC1 : (W_XMoveC1 w_XJoin w_OJoin)) (w_OMoveC1 : (W_OMoveC1 w_XJoin w_OJoin w_XMoveC1)) (w_XMoveC2 : (W_XMoveC2 w_XJoin w_OJoin w_XMoveC1 w_OMoveC1)) (w_OMoveC2 : (W_OMoveC2 w_XJoin w_OJoin w_XMoveC1 w_OMoveC1 w_XMoveC2)) -> State S6
| st7 : (w_XJoin : W_XJoin) (w_OJoin : (W_OJoin w_XJoin)) (w_XMoveC1 : (W_XMoveC1 w_XJoin w_OJoin)) (w_OMoveC1 : (W_OMoveC1 w_XJoin w_OJoin w_XMoveC1)) (w_XMoveC2 : (W_XMoveC2 w_XJoin w_OJoin w_XMoveC1 w_OMoveC1)) (w_OMoveC2 : (W_OMoveC2 w_XJoin w_OJoin w_XMoveC1 w_OMoveC1 w_XMoveC2)) (w_XMoveC3 : (W_XMoveC3 w_XJoin w_OJoin w_XMoveC1 w_OMoveC1 w_XMoveC2 w_OMoveC2)) -> State S7
| st8 : (w_XJoin : W_XJoin) (w_OJoin : (W_OJoin w_XJoin)) (w_XMoveC1 : (W_XMoveC1 w_XJoin w_OJoin)) (w_OMoveC1 : (W_OMoveC1 w_XJoin w_OJoin w_XMoveC1)) (w_XMoveC2 : (W_XMoveC2 w_XJoin w_OJoin w_XMoveC1 w_OMoveC1)) (w_OMoveC2 : (W_OMoveC2 w_XJoin w_OJoin w_XMoveC1 w_OMoveC1 w_XMoveC2)) (w_XMoveC3 : (W_XMoveC3 w_XJoin w_OJoin w_XMoveC1 w_OMoveC1 w_XMoveC2 w_OMoveC2)) (w_OMoveC3 : (W_OMoveC3 w_XJoin w_OJoin w_XMoveC1 w_OMoveC1 w_XMoveC2 w_OMoveC2 w_XMoveC3)) -> State S8
| st9 : (w_XJoin : W_XJoin) (w_OJoin : (W_OJoin w_XJoin)) (w_XMoveC1 : (W_XMoveC1 w_XJoin w_OJoin)) (w_OMoveC1 : (W_OMoveC1 w_XJoin w_OJoin w_XMoveC1)) (w_XMoveC2 : (W_XMoveC2 w_XJoin w_OJoin w_XMoveC1 w_OMoveC1)) (w_OMoveC2 : (W_OMoveC2 w_XJoin w_OJoin w_XMoveC1 w_OMoveC1 w_XMoveC2)) (w_XMoveC3 : (W_XMoveC3 w_XJoin w_OJoin w_XMoveC1 w_OMoveC1 w_XMoveC2 w_OMoveC2)) (w_OMoveC3 : (W_OMoveC3 w_XJoin w_OJoin w_XMoveC1 w_OMoveC1 w_XMoveC2 w_OMoveC2 w_XMoveC3)) (w_XMoveC4 : (W_XMoveC4 w_XJoin w_OJoin w_XMoveC1 w_OMoveC1 w_XMoveC2 w_OMoveC2 w_XMoveC3 w_OMoveC3)) -> State S9
| st10 : (w_XJoin : W_XJoin) (w_OJoin : (W_OJoin w_XJoin)) (w_XMoveC1 : (W_XMoveC1 w_XJoin w_OJoin)) (w_OMoveC1 : (W_OMoveC1 w_XJoin w_OJoin w_XMoveC1)) (w_XMoveC2 : (W_XMoveC2 w_XJoin w_OJoin w_XMoveC1 w_OMoveC1)) (w_OMoveC2 : (W_OMoveC2 w_XJoin w_OJoin w_XMoveC1 w_OMoveC1 w_XMoveC2)) (w_XMoveC3 : (W_XMoveC3 w_XJoin w_OJoin w_XMoveC1 w_OMoveC1 w_XMoveC2 w_OMoveC2)) (w_OMoveC3 : (W_OMoveC3 w_XJoin w_OJoin w_XMoveC1 w_OMoveC1 w_XMoveC2 w_OMoveC2 w_XMoveC3)) (w_XMoveC4 : (W_XMoveC4 w_XJoin w_OJoin w_XMoveC1 w_OMoveC1 w_XMoveC2 w_OMoveC2 w_XMoveC3 w_OMoveC3)) (w_OMoveC4 : (W_OMoveC4 w_XJoin w_OJoin w_XMoveC1 w_OMoveC1 w_XMoveC2 w_OMoveC2 w_XMoveC3 w_OMoveC3 w_XMoveC4)) -> State S10
.

(* Step API *)
Definition step_xjoin_from_s0 (s : State S0) (sig : Signed X P_XJoin)
 : State S1 :=
  match s with
  | st0 =>
      st1 {| sig_XJoin := sig |}
  end.

Definition step_ojoin_from_s1 (s : State S1) (sig : Signed O P_OJoin)
 : State S2 :=
  match s with
  | st1 w_XJoin =>
      st2 w_XJoin {| sig_OJoin := sig |}
  end.

Definition step_xmovec1_from_s2 (s : State S2) (sig : Signed X P_XMoveC1)
 : State S3 :=
  match s with
  | st2 w_XJoin w_OJoin =>
      st3 w_XJoin w_OJoin {| sig_XMoveC1 := sig |}
  end.

Definition step_omovec1_from_s3 (s : State S3) (sig : Signed O P_OMoveC1)
  (Hguard : ((match s with st3 w_XJoin w_OJoin w_XMoveC1 => w_XMoveC1.(sig_XMoveC1).(msg).(c1) end) <> sig.(msg).(c1))) : State S4 :=
  match s with
  | st3 w_XJoin w_OJoin w_XMoveC1 =>
      st4 w_XJoin w_OJoin w_XMoveC1 {| sig_OMoveC1 := sig; guard := Hguard |}
  end.

Definition step_xmovec2_from_s4 (s : State S4) (sig : Signed X P_XMoveC2)
  (Hguard : (andb (andb ((match s with st4 w_XJoin w_OJoin w_XMoveC1 w_OMoveC1 => w_XMoveC1.(sig_XMoveC1).(msg).(c1) end) <> (match s with st4 w_XJoin w_OJoin w_XMoveC1 w_OMoveC1 => w_OMoveC1.(sig_OMoveC1).(msg).(c1) end)) ((match s with st4 w_XJoin w_OJoin w_XMoveC1 w_OMoveC1 => w_XMoveC1.(sig_XMoveC1).(msg).(c1) end) <> sig.(msg).(c2))) ((match s with st4 w_XJoin w_OJoin w_XMoveC1 w_OMoveC1 => w_OMoveC1.(sig_OMoveC1).(msg).(c1) end) <> sig.(msg).(c2)))) : State S5 :=
  match s with
  | st4 w_XJoin w_OJoin w_XMoveC1 w_OMoveC1 =>
      st5 w_XJoin w_OJoin w_XMoveC1 w_OMoveC1 {| sig_XMoveC2 := sig; guard := Hguard |}
  end.

Definition step_omovec2_from_s5 (s : State S5) (sig : Signed O P_OMoveC2)
  (Hguard : (andb (andb (andb (andb (andb ((match s with st5 w_XJoin w_OJoin w_XMoveC1 w_OMoveC1 w_XMoveC2 => w_XMoveC1.(sig_XMoveC1).(msg).(c1) end) <> (match s with st5 w_XJoin w_OJoin w_XMoveC1 w_OMoveC1 w_XMoveC2 => w_OMoveC1.(sig_OMoveC1).(msg).(c1) end)) ((match s with st5 w_XJoin w_OJoin w_XMoveC1 w_OMoveC1 w_XMoveC2 => w_XMoveC1.(sig_XMoveC1).(msg).(c1) end) <> (match s with st5 w_XJoin w_OJoin w_XMoveC1 w_OMoveC1 w_XMoveC2 => w_XMoveC2.(sig_XMoveC2).(msg).(c2) end))) ((match s with st5 w_XJoin w_OJoin w_XMoveC1 w_OMoveC1 w_XMoveC2 => w_XMoveC1.(sig_XMoveC1).(msg).(c1) end) <> sig.(msg).(c2))) ((match s with st5 w_XJoin w_OJoin w_XMoveC1 w_OMoveC1 w_XMoveC2 => w_OMoveC1.(sig_OMoveC1).(msg).(c1) end) <> (match s with st5 w_XJoin w_OJoin w_XMoveC1 w_OMoveC1 w_XMoveC2 => w_XMoveC2.(sig_XMoveC2).(msg).(c2) end))) ((match s with st5 w_XJoin w_OJoin w_XMoveC1 w_OMoveC1 w_XMoveC2 => w_OMoveC1.(sig_OMoveC1).(msg).(c1) end) <> sig.(msg).(c2))) ((match s with st5 w_XJoin w_OJoin w_XMoveC1 w_OMoveC1 w_XMoveC2 => w_XMoveC2.(sig_XMoveC2).(msg).(c2) end) <> sig.(msg).(c2)))) : State S6 :=
  match s with
  | st5 w_XJoin w_OJoin w_XMoveC1 w_OMoveC1 w_XMoveC2 =>
      st6 w_XJoin w_OJoin w_XMoveC1 w_OMoveC1 w_XMoveC2 {| sig_OMoveC2 := sig; guard := Hguard |}
  end.

Definition step_xmovec3_from_s6 (s : State S6) (sig : Signed X P_XMoveC3)
  (Hguard : (andb (andb (andb (andb (andb (andb (andb (andb (andb ((match s with st6 w_XJoin w_OJoin w_XMoveC1 w_OMoveC1 w_XMoveC2 w_OMoveC2 => w_XMoveC1.(sig_XMoveC1).(msg).(c1) end) <> (match s with st6 w_XJoin w_OJoin w_XMoveC1 w_OMoveC1 w_XMoveC2 w_OMoveC2 => w_OMoveC1.(sig_OMoveC1).(msg).(c1) end)) ((match s with st6 w_XJoin w_OJoin w_XMoveC1 w_OMoveC1 w_XMoveC2 w_OMoveC2 => w_XMoveC1.(sig_XMoveC1).(msg).(c1) end) <> (match s with st6 w_XJoin w_OJoin w_XMoveC1 w_OMoveC1 w_XMoveC2 w_OMoveC2 => w_XMoveC2.(sig_XMoveC2).(msg).(c2) end))) ((match s with st6 w_XJoin w_OJoin w_XMoveC1 w_OMoveC1 w_XMoveC2 w_OMoveC2 => w_XMoveC1.(sig_XMoveC1).(msg).(c1) end) <> (match s with st6 w_XJoin w_OJoin w_XMoveC1 w_OMoveC1 w_XMoveC2 w_OMoveC2 => w_OMoveC2.(sig_OMoveC2).(msg).(c2) end))) ((match s with st6 w_XJoin w_OJoin w_XMoveC1 w_OMoveC1 w_XMoveC2 w_OMoveC2 => w_XMoveC1.(sig_XMoveC1).(msg).(c1) end) <> sig.(msg).(c3))) ((match s with st6 w_XJoin w_OJoin w_XMoveC1 w_OMoveC1 w_XMoveC2 w_OMoveC2 => w_OMoveC1.(sig_OMoveC1).(msg).(c1) end) <> (match s with st6 w_XJoin w_OJoin w_XMoveC1 w_OMoveC1 w_XMoveC2 w_OMoveC2 => w_XMoveC2.(sig_XMoveC2).(msg).(c2) end))) ((match s with st6 w_XJoin w_OJoin w_XMoveC1 w_OMoveC1 w_XMoveC2 w_OMoveC2 => w_OMoveC1.(sig_OMoveC1).(msg).(c1) end) <> (match s with st6 w_XJoin w_OJoin w_XMoveC1 w_OMoveC1 w_XMoveC2 w_OMoveC2 => w_OMoveC2.(sig_OMoveC2).(msg).(c2) end))) ((match s with st6 w_XJoin w_OJoin w_XMoveC1 w_OMoveC1 w_XMoveC2 w_OMoveC2 => w_OMoveC1.(sig_OMoveC1).(msg).(c1) end) <> sig.(msg).(c3))) ((match s with st6 w_XJoin w_OJoin w_XMoveC1 w_OMoveC1 w_XMoveC2 w_OMoveC2 => w_XMoveC2.(sig_XMoveC2).(msg).(c2) end) <> (match s with st6 w_XJoin w_OJoin w_XMoveC1 w_OMoveC1 w_XMoveC2 w_OMoveC2 => w_OMoveC2.(sig_OMoveC2).(msg).(c2) end))) ((match s with st6 w_XJoin w_OJoin w_XMoveC1 w_OMoveC1 w_XMoveC2 w_OMoveC2 => w_XMoveC2.(sig_XMoveC2).(msg).(c2) end) <> sig.(msg).(c3))) ((match s with st6 w_XJoin w_OJoin w_XMoveC1 w_OMoveC1 w_XMoveC2 w_OMoveC2 => w_OMoveC2.(sig_OMoveC2).(msg).(c2) end) <> sig.(msg).(c3)))) : State S7 :=
  match s with
  | st6 w_XJoin w_OJoin w_XMoveC1 w_OMoveC1 w_XMoveC2 w_OMoveC2 =>
      st7 w_XJoin w_OJoin w_XMoveC1 w_OMoveC1 w_XMoveC2 w_OMoveC2 {| sig_XMoveC3 := sig; guard := Hguard |}
  end.

Definition step_omovec3_from_s7 (s : State S7) (sig : Signed O P_OMoveC3)
  (Hguard : (andb (andb (andb (andb (andb (andb (andb (andb (andb (andb (andb (andb (andb (andb ((match s with st7 w_XJoin w_OJoin w_XMoveC1 w_OMoveC1 w_XMoveC2 w_OMoveC2 w_XMoveC3 => w_XMoveC1.(sig_XMoveC1).(msg).(c1) end) <> (match s with st7 w_XJoin w_OJoin w_XMoveC1 w_OMoveC1 w_XMoveC2 w_OMoveC2 w_XMoveC3 => w_OMoveC1.(sig_OMoveC1).(msg).(c1) end)) ((match s with st7 w_XJoin w_OJoin w_XMoveC1 w_OMoveC1 w_XMoveC2 w_OMoveC2 w_XMoveC3 => w_XMoveC1.(sig_XMoveC1).(msg).(c1) end) <> (match s with st7 w_XJoin w_OJoin w_XMoveC1 w_OMoveC1 w_XMoveC2 w_OMoveC2 w_XMoveC3 => w_XMoveC2.(sig_XMoveC2).(msg).(c2) end))) ((match s with st7 w_XJoin w_OJoin w_XMoveC1 w_OMoveC1 w_XMoveC2 w_OMoveC2 w_XMoveC3 => w_XMoveC1.(sig_XMoveC1).(msg).(c1) end) <> (match s with st7 w_XJoin w_OJoin w_XMoveC1 w_OMoveC1 w_XMoveC2 w_OMoveC2 w_XMoveC3 => w_OMoveC2.(sig_OMoveC2).(msg).(c2) end))) ((match s with st7 w_XJoin w_OJoin w_XMoveC1 w_OMoveC1 w_XMoveC2 w_OMoveC2 w_XMoveC3 => w_XMoveC1.(sig_XMoveC1).(msg).(c1) end) <> (match s with st7 w_XJoin w_OJoin w_XMoveC1 w_OMoveC1 w_XMoveC2 w_OMoveC2 w_XMoveC3 => w_XMoveC3.(sig_XMoveC3).(msg).(c3) end))) ((match s with st7 w_XJoin w_OJoin w_XMoveC1 w_OMoveC1 w_XMoveC2 w_OMoveC2 w_XMoveC3 => w_XMoveC1.(sig_XMoveC1).(msg).(c1) end) <> sig.(msg).(c3))) ((match s with st7 w_XJoin w_OJoin w_XMoveC1 w_OMoveC1 w_XMoveC2 w_OMoveC2 w_XMoveC3 => w_OMoveC1.(sig_OMoveC1).(msg).(c1) end) <> (match s with st7 w_XJoin w_OJoin w_XMoveC1 w_OMoveC1 w_XMoveC2 w_OMoveC2 w_XMoveC3 => w_XMoveC2.(sig_XMoveC2).(msg).(c2) end))) ((match s with st7 w_XJoin w_OJoin w_XMoveC1 w_OMoveC1 w_XMoveC2 w_OMoveC2 w_XMoveC3 => w_OMoveC1.(sig_OMoveC1).(msg).(c1) end) <> (match s with st7 w_XJoin w_OJoin w_XMoveC1 w_OMoveC1 w_XMoveC2 w_OMoveC2 w_XMoveC3 => w_OMoveC2.(sig_OMoveC2).(msg).(c2) end))) ((match s with st7 w_XJoin w_OJoin w_XMoveC1 w_OMoveC1 w_XMoveC2 w_OMoveC2 w_XMoveC3 => w_OMoveC1.(sig_OMoveC1).(msg).(c1) end) <> (match s with st7 w_XJoin w_OJoin w_XMoveC1 w_OMoveC1 w_XMoveC2 w_OMoveC2 w_XMoveC3 => w_XMoveC3.(sig_XMoveC3).(msg).(c3) end))) ((match s with st7 w_XJoin w_OJoin w_XMoveC1 w_OMoveC1 w_XMoveC2 w_OMoveC2 w_XMoveC3 => w_OMoveC1.(sig_OMoveC1).(msg).(c1) end) <> sig.(msg).(c3))) ((match s with st7 w_XJoin w_OJoin w_XMoveC1 w_OMoveC1 w_XMoveC2 w_OMoveC2 w_XMoveC3 => w_XMoveC2.(sig_XMoveC2).(msg).(c2) end) <> (match s with st7 w_XJoin w_OJoin w_XMoveC1 w_OMoveC1 w_XMoveC2 w_OMoveC2 w_XMoveC3 => w_OMoveC2.(sig_OMoveC2).(msg).(c2) end))) ((match s with st7 w_XJoin w_OJoin w_XMoveC1 w_OMoveC1 w_XMoveC2 w_OMoveC2 w_XMoveC3 => w_XMoveC2.(sig_XMoveC2).(msg).(c2) end) <> (match s with st7 w_XJoin w_OJoin w_XMoveC1 w_OMoveC1 w_XMoveC2 w_OMoveC2 w_XMoveC3 => w_XMoveC3.(sig_XMoveC3).(msg).(c3) end))) ((match s with st7 w_XJoin w_OJoin w_XMoveC1 w_OMoveC1 w_XMoveC2 w_OMoveC2 w_XMoveC3 => w_XMoveC2.(sig_XMoveC2).(msg).(c2) end) <> sig.(msg).(c3))) ((match s with st7 w_XJoin w_OJoin w_XMoveC1 w_OMoveC1 w_XMoveC2 w_OMoveC2 w_XMoveC3 => w_OMoveC2.(sig_OMoveC2).(msg).(c2) end) <> (match s with st7 w_XJoin w_OJoin w_XMoveC1 w_OMoveC1 w_XMoveC2 w_OMoveC2 w_XMoveC3 => w_XMoveC3.(sig_XMoveC3).(msg).(c3) end))) ((match s with st7 w_XJoin w_OJoin w_XMoveC1 w_OMoveC1 w_XMoveC2 w_OMoveC2 w_XMoveC3 => w_OMoveC2.(sig_OMoveC2).(msg).(c2) end) <> sig.(msg).(c3))) ((match s with st7 w_XJoin w_OJoin w_XMoveC1 w_OMoveC1 w_XMoveC2 w_OMoveC2 w_XMoveC3 => w_XMoveC3.(sig_XMoveC3).(msg).(c3) end) <> sig.(msg).(c3)))) : State S8 :=
  match s with
  | st7 w_XJoin w_OJoin w_XMoveC1 w_OMoveC1 w_XMoveC2 w_OMoveC2 w_XMoveC3 =>
      st8 w_XJoin w_OJoin w_XMoveC1 w_OMoveC1 w_XMoveC2 w_OMoveC2 w_XMoveC3 {| sig_OMoveC3 := sig; guard := Hguard |}
  end.

Definition step_xmovec4_from_s8 (s : State S8) (sig : Signed X P_XMoveC4)
  (Hguard : (andb (andb (andb (andb (andb (andb (andb (andb (andb (andb (andb (andb (andb (andb (andb (andb (andb (andb (andb (andb ((match s with st8 w_XJoin w_OJoin w_XMoveC1 w_OMoveC1 w_XMoveC2 w_OMoveC2 w_XMoveC3 w_OMoveC3 => w_XMoveC1.(sig_XMoveC1).(msg).(c1) end) <> (match s with st8 w_XJoin w_OJoin w_XMoveC1 w_OMoveC1 w_XMoveC2 w_OMoveC2 w_XMoveC3 w_OMoveC3 => w_OMoveC1.(sig_OMoveC1).(msg).(c1) end)) ((match s with st8 w_XJoin w_OJoin w_XMoveC1 w_OMoveC1 w_XMoveC2 w_OMoveC2 w_XMoveC3 w_OMoveC3 => w_XMoveC1.(sig_XMoveC1).(msg).(c1) end) <> (match s with st8 w_XJoin w_OJoin w_XMoveC1 w_OMoveC1 w_XMoveC2 w_OMoveC2 w_XMoveC3 w_OMoveC3 => w_XMoveC2.(sig_XMoveC2).(msg).(c2) end))) ((match s with st8 w_XJoin w_OJoin w_XMoveC1 w_OMoveC1 w_XMoveC2 w_OMoveC2 w_XMoveC3 w_OMoveC3 => w_XMoveC1.(sig_XMoveC1).(msg).(c1) end) <> (match s with st8 w_XJoin w_OJoin w_XMoveC1 w_OMoveC1 w_XMoveC2 w_OMoveC2 w_XMoveC3 w_OMoveC3 => w_OMoveC2.(sig_OMoveC2).(msg).(c2) end))) ((match s with st8 w_XJoin w_OJoin w_XMoveC1 w_OMoveC1 w_XMoveC2 w_OMoveC2 w_XMoveC3 w_OMoveC3 => w_XMoveC1.(sig_XMoveC1).(msg).(c1) end) <> (match s with st8 w_XJoin w_OJoin w_XMoveC1 w_OMoveC1 w_XMoveC2 w_OMoveC2 w_XMoveC3 w_OMoveC3 => w_XMoveC3.(sig_XMoveC3).(msg).(c3) end))) ((match s with st8 w_XJoin w_OJoin w_XMoveC1 w_OMoveC1 w_XMoveC2 w_OMoveC2 w_XMoveC3 w_OMoveC3 => w_XMoveC1.(sig_XMoveC1).(msg).(c1) end) <> (match s with st8 w_XJoin w_OJoin w_XMoveC1 w_OMoveC1 w_XMoveC2 w_OMoveC2 w_XMoveC3 w_OMoveC3 => w_OMoveC3.(sig_OMoveC3).(msg).(c3) end))) ((match s with st8 w_XJoin w_OJoin w_XMoveC1 w_OMoveC1 w_XMoveC2 w_OMoveC2 w_XMoveC3 w_OMoveC3 => w_XMoveC1.(sig_XMoveC1).(msg).(c1) end) <> sig.(msg).(c4))) ((match s with st8 w_XJoin w_OJoin w_XMoveC1 w_OMoveC1 w_XMoveC2 w_OMoveC2 w_XMoveC3 w_OMoveC3 => w_OMoveC1.(sig_OMoveC1).(msg).(c1) end) <> (match s with st8 w_XJoin w_OJoin w_XMoveC1 w_OMoveC1 w_XMoveC2 w_OMoveC2 w_XMoveC3 w_OMoveC3 => w_XMoveC2.(sig_XMoveC2).(msg).(c2) end))) ((match s with st8 w_XJoin w_OJoin w_XMoveC1 w_OMoveC1 w_XMoveC2 w_OMoveC2 w_XMoveC3 w_OMoveC3 => w_OMoveC1.(sig_OMoveC1).(msg).(c1) end) <> (match s with st8 w_XJoin w_OJoin w_XMoveC1 w_OMoveC1 w_XMoveC2 w_OMoveC2 w_XMoveC3 w_OMoveC3 => w_OMoveC2.(sig_OMoveC2).(msg).(c2) end))) ((match s with st8 w_XJoin w_OJoin w_XMoveC1 w_OMoveC1 w_XMoveC2 w_OMoveC2 w_XMoveC3 w_OMoveC3 => w_OMoveC1.(sig_OMoveC1).(msg).(c1) end) <> (match s with st8 w_XJoin w_OJoin w_XMoveC1 w_OMoveC1 w_XMoveC2 w_OMoveC2 w_XMoveC3 w_OMoveC3 => w_XMoveC3.(sig_XMoveC3).(msg).(c3) end))) ((match s with st8 w_XJoin w_OJoin w_XMoveC1 w_OMoveC1 w_XMoveC2 w_OMoveC2 w_XMoveC3 w_OMoveC3 => w_OMoveC1.(sig_OMoveC1).(msg).(c1) end) <> (match s with st8 w_XJoin w_OJoin w_XMoveC1 w_OMoveC1 w_XMoveC2 w_OMoveC2 w_XMoveC3 w_OMoveC3 => w_OMoveC3.(sig_OMoveC3).(msg).(c3) end))) ((match s with st8 w_XJoin w_OJoin w_XMoveC1 w_OMoveC1 w_XMoveC2 w_OMoveC2 w_XMoveC3 w_OMoveC3 => w_OMoveC1.(sig_OMoveC1).(msg).(c1) end) <> sig.(msg).(c4))) ((match s with st8 w_XJoin w_OJoin w_XMoveC1 w_OMoveC1 w_XMoveC2 w_OMoveC2 w_XMoveC3 w_OMoveC3 => w_XMoveC2.(sig_XMoveC2).(msg).(c2) end) <> (match s with st8 w_XJoin w_OJoin w_XMoveC1 w_OMoveC1 w_XMoveC2 w_OMoveC2 w_XMoveC3 w_OMoveC3 => w_OMoveC2.(sig_OMoveC2).(msg).(c2) end))) ((match s with st8 w_XJoin w_OJoin w_XMoveC1 w_OMoveC1 w_XMoveC2 w_OMoveC2 w_XMoveC3 w_OMoveC3 => w_XMoveC2.(sig_XMoveC2).(msg).(c2) end) <> (match s with st8 w_XJoin w_OJoin w_XMoveC1 w_OMoveC1 w_XMoveC2 w_OMoveC2 w_XMoveC3 w_OMoveC3 => w_XMoveC3.(sig_XMoveC3).(msg).(c3) end))) ((match s with st8 w_XJoin w_OJoin w_XMoveC1 w_OMoveC1 w_XMoveC2 w_OMoveC2 w_XMoveC3 w_OMoveC3 => w_XMoveC2.(sig_XMoveC2).(msg).(c2) end) <> (match s with st8 w_XJoin w_OJoin w_XMoveC1 w_OMoveC1 w_XMoveC2 w_OMoveC2 w_XMoveC3 w_OMoveC3 => w_OMoveC3.(sig_OMoveC3).(msg).(c3) end))) ((match s with st8 w_XJoin w_OJoin w_XMoveC1 w_OMoveC1 w_XMoveC2 w_OMoveC2 w_XMoveC3 w_OMoveC3 => w_XMoveC2.(sig_XMoveC2).(msg).(c2) end) <> sig.(msg).(c4))) ((match s with st8 w_XJoin w_OJoin w_XMoveC1 w_OMoveC1 w_XMoveC2 w_OMoveC2 w_XMoveC3 w_OMoveC3 => w_OMoveC2.(sig_OMoveC2).(msg).(c2) end) <> (match s with st8 w_XJoin w_OJoin w_XMoveC1 w_OMoveC1 w_XMoveC2 w_OMoveC2 w_XMoveC3 w_OMoveC3 => w_XMoveC3.(sig_XMoveC3).(msg).(c3) end))) ((match s with st8 w_XJoin w_OJoin w_XMoveC1 w_OMoveC1 w_XMoveC2 w_OMoveC2 w_XMoveC3 w_OMoveC3 => w_OMoveC2.(sig_OMoveC2).(msg).(c2) end) <> (match s with st8 w_XJoin w_OJoin w_XMoveC1 w_OMoveC1 w_XMoveC2 w_OMoveC2 w_XMoveC3 w_OMoveC3 => w_OMoveC3.(sig_OMoveC3).(msg).(c3) end))) ((match s with st8 w_XJoin w_OJoin w_XMoveC1 w_OMoveC1 w_XMoveC2 w_OMoveC2 w_XMoveC3 w_OMoveC3 => w_OMoveC2.(sig_OMoveC2).(msg).(c2) end) <> sig.(msg).(c4))) ((match s with st8 w_XJoin w_OJoin w_XMoveC1 w_OMoveC1 w_XMoveC2 w_OMoveC2 w_XMoveC3 w_OMoveC3 => w_XMoveC3.(sig_XMoveC3).(msg).(c3) end) <> (match s with st8 w_XJoin w_OJoin w_XMoveC1 w_OMoveC1 w_XMoveC2 w_OMoveC2 w_XMoveC3 w_OMoveC3 => w_OMoveC3.(sig_OMoveC3).(msg).(c3) end))) ((match s with st8 w_XJoin w_OJoin w_XMoveC1 w_OMoveC1 w_XMoveC2 w_OMoveC2 w_XMoveC3 w_OMoveC3 => w_XMoveC3.(sig_XMoveC3).(msg).(c3) end) <> sig.(msg).(c4))) ((match s with st8 w_XJoin w_OJoin w_XMoveC1 w_OMoveC1 w_XMoveC2 w_OMoveC2 w_XMoveC3 w_OMoveC3 => w_OMoveC3.(sig_OMoveC3).(msg).(c3) end) <> sig.(msg).(c4)))) : State S9 :=
  match s with
  | st8 w_XJoin w_OJoin w_XMoveC1 w_OMoveC1 w_XMoveC2 w_OMoveC2 w_XMoveC3 w_OMoveC3 =>
      st9 w_XJoin w_OJoin w_XMoveC1 w_OMoveC1 w_XMoveC2 w_OMoveC2 w_XMoveC3 w_OMoveC3 {| sig_XMoveC4 := sig; guard := Hguard |}
  end.


[Change at line 113]   sig_XMoveC3 : Signed X P_XMoveC3;
  guard : andb andb andb andb andb andb andb andb andb (w_XMoveC1.(sig_XMoveC1).(msg).(c1) <> w_OMoveC1.(sig_OMoveC1).(msg).(c1)) (w_XMoveC1.(sig_XMoveC1).(msg).(c1) <> w_XMoveC2.(sig_XMoveC2).(msg).(c2)) (w_XMoveC1.(sig_XMoveC1).(msg).(c1) <> w_OMoveC2.(sig_OMoveC2).(msg).(c2)) (w_XMoveC1.(sig_XMoveC1).(msg).(c1) <> w_XMoveC3.(sig_XMoveC3).(msg).(c3)) (w_OMoveC1.(sig_OMoveC1).(msg).(c1) <> w_XMoveC2.(sig_XMoveC2).(msg).(c2)) (w_OMoveC1.(sig_OMoveC1).(msg).(c1) <> w_OMoveC2.(sig_OMoveC2).(msg).(c2)) (w_OMoveC1.(sig_OMoveC1).(msg).(c1) <> w_XMoveC3.(sig_XMoveC3).(msg).(c3)) (w_XMoveC2.(sig_XMoveC2).(msg).(c2) <> w_OMoveC2.(sig_OMoveC2).(msg).(c2)) (w_XMoveC2.(sig_XMoveC2).(msg).(c2) <> w_XMoveC3.(sig_XMoveC3).(msg).(c3)) (w_OMoveC2.(sig_OMoveC2).(msg).(c2) <> w_XMoveC3.(sig_XMoveC3).(msg).(c3));
}.

Record W_OMoveC3 (w_XJoin : W_XJoin) (w_OJoin : (W_OJoin w_XJoin)) (w_XMoveC1 : (W_XMoveC1 w_XJoin w_OJoin)) (w_OMoveC1 : (W_OMoveC1 w_XJoin w_OJoin w_XMoveC1)) (w_XMoveC2 : (W_XMoveC2 w_XJoin w_OJoin w_XMoveC1 w_OMoveC1)) (w_OMoveC2 : (W_OMoveC2 w_XJoin w_OJoin w_XMoveC1 w_OMoveC1 w_XMoveC2)) (w_XMoveC3 : (W_XMoveC3 w_XJoin w_OJoin w_XMoveC1 w_OMoveC1 w_XMoveC2 w_OMoveC2)) : Type := {
  sig_OMoveC3 : Signed O P_OMoveC3;
  guard : andb andb andb andb andb andb andb andb andb andb andb andb andb andb (w_XMoveC1.(sig_XMoveC1).(msg).(c1) <> w_OMoveC1.(sig_OMoveC1).(msg).(c1)) (w_XMoveC1.(sig_XMoveC1).(msg).(c1) <> w_XMoveC2.(sig_XMoveC2).(msg).(c2)) (w_XMoveC1.(sig_XMoveC1).(msg).(c1) <> w_OMoveC2.(sig_OMoveC2).(msg).(c2)) (w_XMoveC1.(sig_XMoveC1).(msg).(c1) <> w_XMoveC3.(sig_XMoveC3).(msg).(c3)) (w_XMoveC1.(sig_XMoveC1).(msg).(c1) <> w_OMoveC3.(sig_OMoveC3).(msg).(c3)) (w_OMoveC1.(sig_OMoveC1).(msg).(c1) <> w_XMoveC2.(sig_XMoveC2).(msg).(c2)) (w_OMoveC1.(sig_OMoveC1).(msg).(c1) <> w_OMoveC2.(sig_OMoveC2).(msg).(c2)) (w_OMoveC1.(sig_OMoveC1).(msg).(c1) <> w_XMoveC3.(sig_XMoveC3).(msg).(c3)) (w_OMoveC1.(sig_OMoveC1).(msg).(c1) <> w_OMoveC3.(sig_OMoveC3).(msg).(c3)) (w_XMoveC2.(sig_XMoveC2).(msg).(c2) <> w_OMoveC2.(sig_OMoveC2).(msg).(c2)) (w_XMoveC2.(sig_XMoveC2).(msg).(c2) <> w_XMoveC3.(sig_XMoveC3).(msg).(c3)) (w_XMoveC2.(sig_XMoveC2).(msg).(c2) <> w_OMoveC3.(sig_OMoveC3).(msg).(c3)) (w_OMoveC2.(sig_OMoveC2).(msg).(c2) <> w_XMoveC3.(sig_XMoveC3).(msg).(c3)) (w_OMoveC2.(sig_OMoveC2).(msg).(c2) <> w_OMoveC3.(sig_OMoveC3).(msg).(c3)) (w_XMoveC3.(sig_XMoveC3).(msg).(c3) <> w_OMoveC3.(sig_OMoveC3).(msg).(c3));
}.

Record W_XMoveC4 (w_XJoin : W_XJoin) (w_OJoin : (W_OJoin w_XJoin)) (w_XMoveC1 : (W_XMoveC1 w_XJoin w_OJoin)) (w_OMoveC1 : (W_OMoveC1 w_XJoin w_OJoin w_XMoveC1)) (w_XMoveC2 : (W_XMoveC2 w_XJoin w_OJoin w_XMoveC1 w_OMoveC1)) (w_OMoveC2 : (W_OMoveC2 w_XJoin w_OJoin w_XMoveC1 w_OMoveC1 w_XMoveC2)) (w_XMoveC3 : (W_XMoveC3 w_XJoin w_OJoin w_XMoveC1 w_OMoveC1 w_XMoveC2 w_OMoveC2)) (w_OMoveC3 : (W_OMoveC3 w_XJoin w_OJoin w_XMoveC1 w_OMoveC1 w_XMoveC2 w_OMoveC2 w_XMoveC3)) : Type := {
  sig_XMoveC4 : Signed X P_XMoveC4;
  guard : andb andb andb andb andb andb andb andb andb andb andb andb andb andb andb andb andb andb andb andb (w_XMoveC1.(sig_XMoveC1).(msg).(c1) <> w_OMoveC1.(sig_OMoveC1).(msg).(c1)) (w_XMoveC1.(sig_XMoveC1).(msg).(c1) <> w_XMoveC2.(sig_XMoveC2).(msg).(c2)) (w_XMoveC1.(sig_XMoveC1).(msg).(c1) <> w_OMoveC2.(sig_OMoveC2).(msg).(c2)) (w_XMoveC1.(sig_XMoveC1).(msg).(c1) <> w_XMoveC3.(sig_XMoveC3).(msg).(c3)) (w_XMoveC1.(sig_XMoveC1).(msg).(c1) <> w_OMoveC3.(sig_OMoveC3).(msg).(c3)) (w_XMoveC1.(sig_XMoveC1).(msg).(c1) <> w_XMoveC4.(sig_XMoveC4).(msg).(c4)) (w_OMoveC1.(sig_OMoveC1).(msg).(c1) <> w_XMoveC2.(sig_XMoveC2).(msg).(c2)) (w_OMoveC1.(sig_OMoveC1).(msg).(c1) <> w_OMoveC2.(sig_OMoveC2).(msg).(c2)) (w_OMoveC1.(sig_OMoveC1).(msg).(c1) <> w_XMoveC3.(sig_XMoveC3).(msg).(c3)) (w_OMoveC1.(sig_OMoveC1).(msg).(c1) <> w_OMoveC3.(sig_OMoveC3).(msg).(c3)) (w_OMoveC1.(sig_OMoveC1).(msg).(c1) <> w_XMoveC4.(sig_XMoveC4).(msg).(c4)) (w_XMoveC2.(sig_XMoveC2).(msg).(c2) <> w_OMoveC2.(sig_OMoveC2).(msg).(c2)) (w_XMoveC2.(sig_XMoveC2).(msg).(c2) <> w_XMoveC3.(sig_XMoveC3).(msg).(c3)) (w_XMoveC2.(sig_XMoveC2).(msg).(c2) <> w_OMoveC3.(sig_OMoveC3).(msg).(c3)) (w_XMoveC2.(sig_XMoveC2).(msg).(c2) <> w_XMoveC4.(sig_XMoveC4).(msg).(c4)) (w_OMoveC2.(sig_OMoveC2).(msg).(c2) <> w_XMoveC3.(sig_XMoveC3).(msg).(c3)) (w_OMoveC2.(sig_OMoveC2).(msg).(c2) <> w_OMoveC3.(sig_OMoveC3).(msg).(c3)) (w_OMoveC2.(sig_OMoveC2).(msg).(c2) <> w_XMoveC4.(sig_XMoveC4).(msg).(c4)) (w_XMoveC3.(sig_XMoveC3).(msg).(c3) <> w_OMoveC3.(sig_OMoveC3).(msg).(c3)) (w_XMoveC3.(sig_XMoveC3).(msg).(c3) <> w_XMoveC4.(sig_XMoveC4).(msg).(c4)) (w_OMoveC3.(sig_OMoveC3).(msg).(c3) <> w_XMoveC4.(sig_XMoveC4).(msg).(c4));
}.

Record W_OMoveC4 (w_XJoin : W_XJoin) (w_OJoin : (W_OJoin w_XJoin)) (w_XMoveC1 : (W_XMoveC1 w_XJoin w_OJoin)) (w_OMoveC1 : (W_OMoveC1 w_XJoin w_OJoin w_XMoveC1)) (w_XMoveC2 : (W_XMoveC2 w_XJoin w_OJoin w_XMoveC1 w_OMoveC1)) (w_OMoveC2 : (W_OMoveC2 w_XJoin w_OJoin w_XMoveC1 w_OMoveC1 w_XMoveC2)) (w_XMoveC3 : (W_XMoveC3 w_XJoin w_OJoin w_XMoveC1 w_OMoveC1 w_XMoveC2 w_OMoveC2)) (w_OMoveC3 : (W_OMoveC3 w_XJoin w_OJoin w_XMoveC1 w_OMoveC1 w_XMoveC2 w_OMoveC2 w_XMoveC3)) (w_XMoveC4 : (W_XMoveC4 w_XJoin w_OJoin w_XMoveC1 w_OMoveC1 w_XMoveC2 w_OMoveC2 w_XMoveC3 w_OMoveC3)) : Type := {
  sig_OMoveC4 : Signed O P_OMoveC4;
  guard : andb andb andb andb andb andb andb andb andb andb andb andb andb andb andb andb andb andb andb andb andb andb andb andb andb andb andb (w_XMoveC1.(sig_XMoveC1).(msg).(c1) <> w_OMoveC1.(sig_OMoveC1).(msg).(c1)) (w_XMoveC1.(sig_XMoveC1).(msg).(c1) <> w_XMoveC2.(sig_XMoveC2).(msg).(c2)) (w_XMoveC1.(sig_XMoveC1).(msg).(c1) <> w_OMoveC2.(sig_OMoveC2).(msg).(c2)) (w_XMoveC1.(sig_XMoveC1).(msg).(c1) <> w_XMoveC3.(sig_XMoveC3).(msg).(c3)) (w_XMoveC1.(sig_XMoveC1).(msg).(c1) <> w_OMoveC3.(sig_OMoveC3).(msg).(c3)) (w_XMoveC1.(sig_XMoveC1).(msg).(c1) <> w_XMoveC4.(sig_XMoveC4).(msg).(c4)) (w_XMoveC1.(sig_XMoveC1).(msg).(c1) <> w_OMoveC4.(sig_OMoveC4).(msg).(c4)) (w_OMoveC1.(sig_OMoveC1).(msg).(c1) <> w_XMoveC2.(sig_XMoveC2).(msg).(c2)) (w_OMoveC1.(sig_OMoveC1).(msg).(c1) <> w_OMoveC2.(sig_OMoveC2).(msg).(c2)) (w_OMoveC1.(sig_OMoveC1).(msg).(c1) <> w_XMoveC3.(sig_XMoveC3).(msg).(c3)) (w_OMoveC1.(sig_OMoveC1).(msg).(c1) <> w_OMoveC3.(sig_OMoveC3).(msg).(c3)) (w_OMoveC1.(sig_OMoveC1).(msg).(c1) <> w_XMoveC4.(sig_XMoveC4).(msg).(c4)) (w_OMoveC1.(sig_OMoveC1).(msg).(c1) <> w_OMoveC4.(sig_OMoveC4).(msg).(c4)) (w_XMoveC2.(sig_XMoveC2).(msg).(c2) <> w_OMoveC2.(sig_OMoveC2).(msg).(c2)) (w_XMoveC2.(sig_XMoveC2).(msg).(c2) <> w_XMoveC3.(sig_XMoveC3).(msg).(c3)) (w_XMoveC2.(sig_XMoveC2).(msg).(c2) <> w_OMoveC3.(sig_OMoveC3).(msg).(c3)) (w_XMoveC2.(sig_XMoveC2).(msg).(c2) <> w_XMoveC4.(sig_XMoveC4).(msg).(c4)) (w_XMoveC2.(sig_XMoveC2).(msg).(c2) <> w_OMoveC4.(sig_OMoveC4).(msg).(c4)) (w_OMoveC2.(sig_OMoveC2).(msg).(c2) <> w_XMoveC3.(sig_XMoveC3).(msg).(c3)) (w_OMoveC2.(sig_OMoveC2).(msg).(c2) <> w_OMoveC3.(sig_OMoveC3).(msg).(c3)) (w_OMoveC2.(sig_OMoveC2).(msg).(c2) <> w_XMoveC4.(sig_XMoveC4).(msg).(c4)) (w_OMoveC2.(sig_OMoveC2).(msg).(c2) <> w_OMoveC4.(sig_OMoveC4).(msg).(c4)) (w_XMoveC3.(sig_XMoveC3).(msg).(c3) <> w_OMoveC3.(sig_OMoveC3).(msg).(c3)) (w_XMoveC3.(sig_XMoveC3).(msg).(c3) <> w_XMoveC4.(sig_XMoveC4).(msg).(c4)) (w_XMoveC3.(sig_XMoveC3).(msg).(c3) <> w_OMoveC4.(sig_OMoveC4).(msg).(c4)) (w_OMoveC3.(sig_OMoveC3).(msg).(c3) <> w_XMoveC4.(sig_XMoveC4).(msg).(c4)) (w_OMoveC3.(sig_OMoveC3).(msg).(c3) <> w_OMoveC4.(sig_OMoveC4).(msg).(c4)) (w_XMoveC4.(sig_XMoveC4).(msg).(c4) <> w_OMoveC4.(sig_OMoveC4).(msg).(c4));
}.

(* ===================== *)
(* 5) Typed runtime/ESM  *)
(* ===================== *)

Inductive Stage : Type :=
S0 | S1 | S2 | S3 | S4 | S5 | S6 | S7 | S8 | S9 | S10.

Inductive State : Stage -> Type :=
| st0 : State S0
| st1 : (w_XJoin : W_XJoin) -> State S1
| st2 : (w_XJoin : W_XJoin) (w_OJoin : (W_OJoin w_XJoin)) -> State S2
| st3 : (w_XJoin : W_XJoin) (w_OJoin : (W_OJoin w_XJoin)) (w_XMoveC1 : (W_XMoveC1 w_XJoin w_OJoin)) -> State S3
| st4 : (w_XJoin : W_XJoin) (w_OJoin : (W_OJoin w_XJoin)) (w_XMoveC1 : (W_XMoveC1 w_XJoin w_OJoin)) (w_OMoveC1 : (W_OMoveC1 w_XJoin w_OJoin w_XMoveC1)) -> State S4
| st5 : (w_XJoin : W_XJoin) (w_OJoin : (W_OJoin w_XJoin)) (w_XMoveC1 : (W_XMoveC1 w_XJoin w_OJoin)) (w_OMoveC1 : (W_OMoveC1 w_XJoin w_OJoin w_XMoveC1)) (w_XMoveC2 : (W_XMoveC2 w_XJoin w_OJoin w_XMoveC1 w_OMoveC1)) -> State S5
| st6 : (w_XJoin : W_XJoin) (w_OJoin : (W_OJoin w_XJoin)) (w_XMoveC1 : (W_XMoveC1 w_XJoin w_OJoin)) (w_OMoveC1 : (W_OMoveC1 w_XJoin w_OJoin w_XMoveC1)) (w_XMoveC2 : (W_XMoveC2 w_XJoin w_OJoin w_XMoveC1 w_OMoveC1)) (w_OMoveC2 : (W_OMoveC2 w_XJoin w_OJoin w_XMoveC1 w_OMoveC1 w_XMoveC2)) -> State S6
| st7 : (w_XJoin : W_XJoin) (w_OJoin : (W_OJoin w_XJoin)) (w_XMoveC1 : (W_XMoveC1 w_XJoin w_OJoin)) (w_OMoveC1 : (W_OMoveC1 w_XJoin w_OJoin w_XMoveC1)) (w_XMoveC2 : (W_XMoveC2 w_XJoin w_OJoin w_XMoveC1 w_OMoveC1)) (w_OMoveC2 : (W_OMoveC2 w_XJoin w_OJoin w_XMoveC1 w_OMoveC1 w_XMoveC2)) (w_XMoveC3 : (W_XMoveC3 w_XJoin w_OJoin w_XMoveC1 w_OMoveC1 w_XMoveC2 w_OMoveC2)) -> State S7
| st8 : (w_XJoin : W_XJoin) (w_OJoin : (W_OJoin w_XJoin)) (w_XMoveC1 : (W_XMoveC1 w_XJoin w_OJoin)) (w_OMoveC1 : (W_OMoveC1 w_XJoin w_OJoin w_XMoveC1)) (w_XMoveC2 : (W_XMoveC2 w_XJoin w_OJoin w_XMoveC1 w_OMoveC1)) (w_OMoveC2 : (W_OMoveC2 w_XJoin w_OJoin w_XMoveC1 w_OMoveC1 w_XMoveC2)) (w_XMoveC3 : (W_XMoveC3 w_XJoin w_OJoin w_XMoveC1 w_OMoveC1 w_XMoveC2 w_OMoveC2)) (w_OMoveC3 : (W_OMoveC3 w_XJoin w_OJoin w_XMoveC1 w_OMoveC1 w_XMoveC2 w_OMoveC2 w_XMoveC3)) -> State S8
| st9 : (w_XJoin : W_XJoin) (w_OJoin : (W_OJoin w_XJoin)) (w_XMoveC1 : (W_XMoveC1 w_XJoin w_OJoin)) (w_OMoveC1 : (W_OMoveC1 w_XJoin w_OJoin w_XMoveC1)) (w_XMoveC2 : (W_XMoveC2 w_XJoin w_OJoin w_XMoveC1 w_OMoveC1)) (w_OMoveC2 : (W_OMoveC2 w_XJoin w_OJoin w_XMoveC1 w_OMoveC1 w_XMoveC2)) (w_XMoveC3 : (W_XMoveC3 w_XJoin w_OJoin w_XMoveC1 w_OMoveC1 w_XMoveC2 w_OMoveC2)) (w_OMoveC3 : (W_OMoveC3 w_XJoin w_OJoin w_XMoveC1 w_OMoveC1 w_XMoveC2 w_OMoveC2 w_XMoveC3)) (w_XMoveC4 : (W_XMoveC4 w_XJoin w_OJoin w_XMoveC1 w_OMoveC1 w_XMoveC2 w_OMoveC2 w_XMoveC3 w_OMoveC3)) -> State S9
| st10 : (w_XJoin : W_XJoin) (w_OJoin : (W_OJoin w_XJoin)) (w_XMoveC1 : (W_XMoveC1 w_XJoin w_OJoin)) (w_OMoveC1 : (W_OMoveC1 w_XJoin w_OJoin w_XMoveC1)) (w_XMoveC2 : (W_XMoveC2 w_XJoin w_OJoin w_XMoveC1 w_OMoveC1)) (w_OMoveC2 : (W_OMoveC2 w_XJoin w_OJoin w_XMoveC1 w_OMoveC1 w_XMoveC2)) (w_XMoveC3 : (W_XMoveC3 w_XJoin w_OJoin w_XMoveC1 w_OMoveC1 w_XMoveC2 w_OMoveC2)) (w_OMoveC3 : (W_OMoveC3 w_XJoin w_OJoin w_XMoveC1 w_OMoveC1 w_XMoveC2 w_OMoveC2 w_XMoveC3)) (w_XMoveC4 : (W_XMoveC4 w_XJoin w_OJoin w_XMoveC1 w_OMoveC1 w_XMoveC2 w_OMoveC2 w_XMoveC3 w_OMoveC3)) (w_OMoveC4 : (W_OMoveC4 w_XJoin w_OJoin w_XMoveC1 w_OMoveC1 w_XMoveC2 w_OMoveC2 w_XMoveC3 w_OMoveC3 w_XMoveC4)) -> State S10
.

(* Step API *)
Definition step_xjoin_from_s0 (s : State S0) (sig : Signed X P_XJoin)
 : State S1 :=
  match s with
  | st0 =>
      st1 {| sig_XJoin := sig |}
  end.

Definition step_ojoin_from_s1 (s : State S1) (sig : Signed O P_OJoin)
 : State S2 :=
  match s with
  | st1 w_XJoin =>
      st2 w_XJoin {| sig_OJoin := sig |}
  end.

Definition step_xmovec1_from_s2 (s : State S2) (sig : Signed X P_XMoveC1)
 : State S3 :=
  match s with
  | st2 w_XJoin w_OJoin =>
      st3 w_XJoin w_OJoin {| sig_XMoveC1 := sig |}
  end.

Definition step_omovec1_from_s3 (s : State S3) (sig : Signed O P_OMoveC1)
  (Hguard : ((match s with st3 w_XJoin w_OJoin w_XMoveC1 => w_XMoveC1.(sig_XMoveC1).(msg).(c1) end) <> sig.(msg).(c1))) : State S4 :=
  match s with
  | st3 w_XJoin w_OJoin w_XMoveC1 =>
      st4 w_XJoin w_OJoin w_XMoveC1 {| sig_OMoveC1 := sig; guard := Hguard |}
  end.

Definition step_xmovec2_from_s4 (s : State S4) (sig : Signed X P_XMoveC2)
  (Hguard : (andb (andb ((match s with st4 w_XJoin w_OJoin w_XMoveC1 w_OMoveC1 => w_XMoveC1.(sig_XMoveC1).(msg).(c1) end) <> (match s with st4 w_XJoin w_OJoin w_XMoveC1 w_OMoveC1 => w_OMoveC1.(sig_OMoveC1).(msg).(c1) end)) ((match s with st4 w_XJoin w_OJoin w_XMoveC1 w_OMoveC1 => w_XMoveC1.(sig_XMoveC1).(msg).(c1) end) <> sig.(msg).(c2))) ((match s with st4 w_XJoin w_OJoin w_XMoveC1 w_OMoveC1 => w_OMoveC1.(sig_OMoveC1).(msg).(c1) end) <> sig.(msg).(c2)))) : State S5 :=
  match s with
  | st4 w_XJoin w_OJoin w_XMoveC1 w_OMoveC1 =>
      st5 w_XJoin w_OJoin w_XMoveC1 w_OMoveC1 {| sig_XMoveC2 := sig; guard := Hguard |}
  end.

Definition step_omovec2_from_s5 (s : State S5) (sig : Signed O P_OMoveC2)
  (Hguard : (andb (andb (andb (andb (andb ((match s with st5 w_XJoin w_OJoin w_XMoveC1 w_OMoveC1 w_XMoveC2 => w_XMoveC1.(sig_XMoveC1).(msg).(c1) end) <> (match s with st5 w_XJoin w_OJoin w_XMoveC1 w_OMoveC1 w_XMoveC2 => w_OMoveC1.(sig_OMoveC1).(msg).(c1) end)) ((match s with st5 w_XJoin w_OJoin w_XMoveC1 w_OMoveC1 w_XMoveC2 => w_XMoveC1.(sig_XMoveC1).(msg).(c1) end) <> (match s with st5 w_XJoin w_OJoin w_XMoveC1 w_OMoveC1 w_XMoveC2 => w_XMoveC2.(sig_XMoveC2).(msg).(c2) end))) ((match s with st5 w_XJoin w_OJoin w_XMoveC1 w_OMoveC1 w_XMoveC2 => w_XMoveC1.(sig_XMoveC1).(msg).(c1) end) <> sig.(msg).(c2))) ((match s with st5 w_XJoin w_OJoin w_XMoveC1 w_OMoveC1 w_XMoveC2 => w_OMoveC1.(sig_OMoveC1).(msg).(c1) end) <> (match s with st5 w_XJoin w_OJoin w_XMoveC1 w_OMoveC1 w_XMoveC2 => w_XMoveC2.(sig_XMoveC2).(msg).(c2) end))) ((match s with st5 w_XJoin w_OJoin w_XMoveC1 w_OMoveC1 w_XMoveC2 => w_OMoveC1.(sig_OMoveC1).(msg).(c1) end) <> sig.(msg).(c2))) ((match s with st5 w_XJoin w_OJoin w_XMoveC1 w_OMoveC1 w_XMoveC2 => w_XMoveC2.(sig_XMoveC2).(msg).(c2) end) <> sig.(msg).(c2)))) : State S6 :=
  match s with
  | st5 w_XJoin w_OJoin w_XMoveC1 w_OMoveC1 w_XMoveC2 =>
      st6 w_XJoin w_OJoin w_XMoveC1 w_OMoveC1 w_XMoveC2 {| sig_OMoveC2 := sig; guard := Hguard |}
  end.

Definition step_xmovec3_from_s6 (s : State S6) (sig : Signed X P_XMoveC3)
  (Hguard : (andb (andb (andb (andb (andb (andb (andb (andb (andb ((match s with st6 w_XJoin w_OJoin w_XMoveC1 w_OMoveC1 w_XMoveC2 w_OMoveC2 => w_XMoveC1.(sig_XMoveC1).(msg).(c1) end) <> (match s with st6 w_XJoin w_OJoin w_XMoveC1 w_OMoveC1 w_XMoveC2 w_OMoveC2 => w_OMoveC1.(sig_OMoveC1).(msg).(c1) end)) ((match s with st6 w_XJoin w_OJoin w_XMoveC1 w_OMoveC1 w_XMoveC2 w_OMoveC2 => w_XMoveC1.(sig_XMoveC1).(msg).(c1) end) <> (match s with st6 w_XJoin w_OJoin w_XMoveC1 w_OMoveC1 w_XMoveC2 w_OMoveC2 => w_XMoveC2.(sig_XMoveC2).(msg).(c2) end))) ((match s with st6 w_XJoin w_OJoin w_XMoveC1 w_OMoveC1 w_XMoveC2 w_OMoveC2 => w_XMoveC1.(sig_XMoveC1).(msg).(c1) end) <> (match s with st6 w_XJoin w_OJoin w_XMoveC1 w_OMoveC1 w_XMoveC2 w_OMoveC2 => w_OMoveC2.(sig_OMoveC2).(msg).(c2) end))) ((match s with st6 w_XJoin w_OJoin w_XMoveC1 w_OMoveC1 w_XMoveC2 w_OMoveC2 => w_XMoveC1.(sig_XMoveC1).(msg).(c1) end) <> sig.(msg).(c3))) ((match s with st6 w_XJoin w_OJoin w_XMoveC1 w_OMoveC1 w_XMoveC2 w_OMoveC2 => w_OMoveC1.(sig_OMoveC1).(msg).(c1) end) <> (match s with st6 w_XJoin w_OJoin w_XMoveC1 w_OMoveC1 w_XMoveC2 w_OMoveC2 => w_XMoveC2.(sig_XMoveC2).(msg).(c2) end))) ((match s with st6 w_XJoin w_OJoin w_XMoveC1 w_OMoveC1 w_XMoveC2 w_OMoveC2 => w_OMoveC1.(sig_OMoveC1).(msg).(c1) end) <> (match s with st6 w_XJoin w_OJoin w_XMoveC1 w_OMoveC1 w_XMoveC2 w_OMoveC2 => w_OMoveC2.(sig_OMoveC2).(msg).(c2) end))) ((match s with st6 w_XJoin w_OJoin w_XMoveC1 w_OMoveC1 w_XMoveC2 w_OMoveC2 => w_OMoveC1.(sig_OMoveC1).(msg).(c1) end) <> sig.(msg).(c3))) ((match s with st6 w_XJoin w_OJoin w_XMoveC1 w_OMoveC1 w_XMoveC2 w_OMoveC2 => w_XMoveC2.(sig_XMoveC2).(msg).(c2) end) <> (match s with st6 w_XJoin w_OJoin w_XMoveC1 w_OMoveC1 w_XMoveC2 w_OMoveC2 => w_OMoveC2.(sig_OMoveC2).(msg).(c2) end))) ((match s with st6 w_XJoin w_OJoin w_XMoveC1 w_OMoveC1 w_XMoveC2 w_OMoveC2 => w_XMoveC2.(sig_XMoveC2).(msg).(c2) end) <> sig.(msg).(c3))) ((match s with st6 w_XJoin w_OJoin w_XMoveC1 w_OMoveC1 w_XMoveC2 w_OMoveC2 => w_OMoveC2.(sig_OMoveC2).(msg).(c2) end) <> sig.(msg).(c3)))) : State S7 :=
  match s with
  | st6 w_XJoin w_OJoin w_XMoveC1 w_OMoveC1 w_XMoveC2 w_OMoveC2 =>
      st7 w_XJoin w_OJoin w_XMoveC1 w_OMoveC1 w_XMoveC2 w_OMoveC2 {| sig_XMoveC3 := sig; guard := Hguard |}
  end.

Definition step_omovec3_from_s7 (s : State S7) (sig : Signed O P_OMoveC3)
  (Hguard : (andb (andb (andb (andb (andb (andb (andb (andb (andb (andb (andb (andb (andb (andb ((match s with st7 w_XJoin w_OJoin w_XMoveC1 w_OMoveC1 w_XMoveC2 w_OMoveC2 w_XMoveC3 => w_XMoveC1.(sig_XMoveC1).(msg).(c1) end) <> (match s with st7 w_XJoin w_OJoin w_XMoveC1 w_OMoveC1 w_XMoveC2 w_OMoveC2 w_XMoveC3 => w_OMoveC1.(sig_OMoveC1).(msg).(c1) end)) ((match s with st7 w_XJoin w_OJoin w_XMoveC1 w_OMoveC1 w_XMoveC2 w_OMoveC2 w_XMoveC3 => w_XMoveC1.(sig_XMoveC1).(msg).(c1) end) <> (match s with st7 w_XJoin w_OJoin w_XMoveC1 w_OMoveC1 w_XMoveC2 w_OMoveC2 w_XMoveC3 => w_XMoveC2.(sig_XMoveC2).(msg).(c2) end))) ((match s with st7 w_XJoin w_OJoin w_XMoveC1 w_OMoveC1 w_XMoveC2 w_OMoveC2 w_XMoveC3 => w_XMoveC1.(sig_XMoveC1).(msg).(c1) end) <> (match s with st7 w_XJoin w_OJoin w_XMoveC1 w_OMoveC1 w_XMoveC2 w_OMoveC2 w_XMoveC3 => w_OMoveC2.(sig_OMoveC2).(msg).(c2) end))) ((match s with st7 w_XJoin w_OJoin w_XMoveC1 w_OMoveC1 w_XMoveC2 w_OMoveC2 w_XMoveC3 => w_XMoveC1.(sig_XMoveC1).(msg).(c1) end) <> (match s with st7 w_XJoin w_OJoin w_XMoveC1 w_OMoveC1 w_XMoveC2 w_OMoveC2 w_XMoveC3 => w_XMoveC3.(sig_XMoveC3).(msg).(c3) end))) ((match s with st7 w_XJoin w_OJoin w_XMoveC1 w_OMoveC1 w_XMoveC2 w_OMoveC2 w_XMoveC3 => w_XMoveC1.(sig_XMoveC1).(msg).(c1) end) <> sig.(msg).(c3))) ((match s with st7 w_XJoin w_OJoin w_XMoveC1 w_OMoveC1 w_XMoveC2 w_OMoveC2 w_XMoveC3 => w_OMoveC1.(sig_OMoveC1).(msg).(c1) end) <> (match s with st7 w_XJoin w_OJoin w_XMoveC1 w_OMoveC1 w_XMoveC2 w_OMoveC2 w_XMoveC3 => w_XMoveC2.(sig_XMoveC2).(msg).(c2) end))) ((match s with st7 w_XJoin w_OJoin w_XMoveC1 w_OMoveC1 w_XMoveC2 w_OMoveC2 w_XMoveC3 => w_OMoveC1.(sig_OMoveC1).(msg).(c1) end) <> (match s with st7 w_XJoin w_OJoin w_XMoveC1 w_OMoveC1 w_XMoveC2 w_OMoveC2 w_XMoveC3 => w_OMoveC2.(sig_OMoveC2).(msg).(c2) end))) ((match s with st7 w_XJoin w_OJoin w_XMoveC1 w_OMoveC1 w_XMoveC2 w_OMoveC2 w_XMoveC3 => w_OMoveC1.(sig_OMoveC1).(msg).(c1) end) <> (match s with st7 w_XJoin w_OJoin w_XMoveC1 w_OMoveC1 w_XMoveC2 w_OMoveC2 w_XMoveC3 => w_XMoveC3.(sig_XMoveC3).(msg).(c3) end))) ((match s with st7 w_XJoin w_OJoin w_XMoveC1 w_OMoveC1 w_XMoveC2 w_OMoveC2 w_XMoveC3 => w_OMoveC1.(sig_OMoveC1).(msg).(c1) end) <> sig.(msg).(c3))) ((match s with st7 w_XJoin w_OJoin w_XMoveC1 w_OMoveC1 w_XMoveC2 w_OMoveC2 w_XMoveC3 => w_XMoveC2.(sig_XMoveC2).(msg).(c2) end) <> (match s with st7 w_XJoin w_OJoin w_XMoveC1 w_OMoveC1 w_XMoveC2 w_OMoveC2 w_XMoveC3 => w_OMoveC2.(sig_OMoveC2).(msg).(c2) end))) ((match s with st7 w_XJoin w_OJoin w_XMoveC1 w_OMoveC1 w_XMoveC2 w_OMoveC2 w_XMoveC3 => w_XMoveC2.(sig_XMoveC2).(msg).(c2) end) <> (match s with st7 w_XJoin w_OJoin w_XMoveC1 w_OMoveC1 w_XMoveC2 w_OMoveC2 w_XMoveC3 => w_XMoveC3.(sig_XMoveC3).(msg).(c3) end))) ((match s with st7 w_XJoin w_OJoin w_XMoveC1 w_OMoveC1 w_XMoveC2 w_OMoveC2 w_XMoveC3 => w_XMoveC2.(sig_XMoveC2).(msg).(c2) end) <> sig.(msg).(c3))) ((match s with st7 w_XJoin w_OJoin w_XMoveC1 w_OMoveC1 w_XMoveC2 w_OMoveC2 w_XMoveC3 => w_OMoveC2.(sig_OMoveC2).(msg).(c2) end) <> (match s with st7 w_XJoin w_OJoin w_XMoveC1 w_OMoveC1 w_XMoveC2 w_OMoveC2 w_XMoveC3 => w_XMoveC3.(sig_XMoveC3).(msg).(c3) end))) ((match s with st7 w_XJoin w_OJoin w_XMoveC1 w_OMoveC1 w_XMoveC2 w_OMoveC2 w_XMoveC3 => w_OMoveC2.(sig_OMoveC2).(msg).(c2) end) <> sig.(msg).(c3))) ((match s with st7 w_XJoin w_OJoin w_XMoveC1 w_OMoveC1 w_XMoveC2 w_OMoveC2 w_XMoveC3 => w_XMoveC3.(sig_XMoveC3).(msg).(c3) end) <> sig.(msg).(c3)))) : State S8 :=
  match s with
  | st7 w_XJoin w_OJoin w_XMoveC1 w_OMoveC1 w_XMoveC2 w_OMoveC2 w_XMoveC3 =>
      st8 w_XJoin w_OJoin w_XMoveC1 w_OMoveC1 w_XMoveC2 w_OMoveC2 w_XMoveC3 {| sig_OMoveC3 := sig; guard := Hguard |}
  end.

Definition step_xmovec4_from_s8 (s : State S8) (sig : Signed X P_XMoveC4)
  (Hguard : (andb (andb (andb (andb (andb (andb (andb (andb (andb (andb (andb (andb (andb (andb (andb (andb (andb (andb (andb (andb ((match s with st8 w_XJoin w_OJoin w_XMoveC1 w_OMoveC1 w_XMoveC2 w_OMoveC2 w_XMoveC3 w_OMoveC3 => w_XMoveC1.(sig_XMoveC1).(msg).(c1) end) <> (match s with st8 w_XJoin w_OJoin w_XMoveC1 w_OMoveC1 w_XMoveC2 w_OMoveC2 w_XMoveC3 w_OMoveC3 => w_OMoveC1.(sig_OMoveC1).(msg).(c1) end)) ((match s with st8 w_XJoin w_OJoin w_XMoveC1 w_OMoveC1 w_XMoveC2 w_OMoveC2 w_XMoveC3 w_OMoveC3 => w_XMoveC1.(sig_XMoveC1).(msg).(c1) end) <> (match s with st8 w_XJoin w_OJoin w_XMoveC1 w_OMoveC1 w_XMoveC2 w_OMoveC2 w_XMoveC3 w_OMoveC3 => w_XMoveC2.(sig_XMoveC2).(msg).(c2) end))) ((match s with st8 w_XJoin w_OJoin w_XMoveC1 w_OMoveC1 w_XMoveC2 w_OMoveC2 w_XMoveC3 w_OMoveC3 => w_XMoveC1.(sig_XMoveC1).(msg).(c1) end) <> (match s with st8 w_XJoin w_OJoin w_XMoveC1 w_OMoveC1 w_XMoveC2 w_OMoveC2 w_XMoveC3 w_OMoveC3 => w_OMoveC2.(sig_OMoveC2).(msg).(c2) end))) ((match s with st8 w_XJoin w_OJoin w_XMoveC1 w_OMoveC1 w_XMoveC2 w_OMoveC2 w_XMoveC3 w_OMoveC3 => w_XMoveC1.(sig_XMoveC1).(msg).(c1) end) <> (match s with st8 w_XJoin w_OJoin w_XMoveC1 w_OMoveC1 w_XMoveC2 w_OMoveC2 w_XMoveC3 w_OMoveC3 => w_XMoveC3.(sig_XMoveC3).(msg).(c3) end))) ((match s with st8 w_XJoin w_OJoin w_XMoveC1 w_OMoveC1 w_XMoveC2 w_OMoveC2 w_XMoveC3 w_OMoveC3 => w_XMoveC1.(sig_XMoveC1).(msg).(c1) end) <> (match s with st8 w_XJoin w_OJoin w_XMoveC1 w_OMoveC1 w_XMoveC2 w_OMoveC2 w_XMoveC3 w_OMoveC3 => w_OMoveC3.(sig_OMoveC3).(msg).(c3) end))) ((match s with st8 w_XJoin w_OJoin w_XMoveC1 w_OMoveC1 w_XMoveC2 w_OMoveC2 w_XMoveC3 w_OMoveC3 => w_XMoveC1.(sig_XMoveC1).(msg).(c1) end) <> sig.(msg).(c4))) ((match s with st8 w_XJoin w_OJoin w_XMoveC1 w_OMoveC1 w_XMoveC2 w_OMoveC2 w_XMoveC3 w_OMoveC3 => w_OMoveC1.(sig_OMoveC1).(msg).(c1) end) <> (match s with st8 w_XJoin w_OJoin w_XMoveC1 w_OMoveC1 w_XMoveC2 w_OMoveC2 w_XMoveC3 w_OMoveC3 => w_XMoveC2.(sig_XMoveC2).(msg).(c2) end))) ((match s with st8 w_XJoin w_OJoin w_XMoveC1 w_OMoveC1 w_XMoveC2 w_OMoveC2 w_XMoveC3 w_OMoveC3 => w_OMoveC1.(sig_OMoveC1).(msg).(c1) end) <> (match s with st8 w_XJoin w_OJoin w_XMoveC1 w_OMoveC1 w_XMoveC2 w_OMoveC2 w_XMoveC3 w_OMoveC3 => w_OMoveC2.(sig_OMoveC2).(msg).(c2) end))) ((match s with st8 w_XJoin w_OJoin w_XMoveC1 w_OMoveC1 w_XMoveC2 w_OMoveC2 w_XMoveC3 w_OMoveC3 => w_OMoveC1.(sig_OMoveC1).(msg).(c1) end) <> (match s with st8 w_XJoin w_OJoin w_XMoveC1 w_OMoveC1 w_XMoveC2 w_OMoveC2 w_XMoveC3 w_OMoveC3 => w_XMoveC3.(sig_XMoveC3).(msg).(c3) end))) ((match s with st8 w_XJoin w_OJoin w_XMoveC1 w_OMoveC1 w_XMoveC2 w_OMoveC2 w_XMoveC3 w_OMoveC3 => w_OMoveC1.(sig_OMoveC1).(msg).(c1) end) <> (match s with st8 w_XJoin w_OJoin w_XMoveC1 w_OMoveC1 w_XMoveC2 w_OMoveC2 w_XMoveC3 w_OMoveC3 => w_OMoveC3.(sig_OMoveC3).(msg).(c3) end))) ((match s with st8 w_XJoin w_OJoin w_XMoveC1 w_OMoveC1 w_XMoveC2 w_OMoveC2 w_XMoveC3 w_OMoveC3 => w_OMoveC1.(sig_OMoveC1).(msg).(c1) end) <> sig.(msg).(c4))) ((match s with st8 w_XJoin w_OJoin w_XMoveC1 w_OMoveC1 w_XMoveC2 w_OMoveC2 w_XMoveC3 w_OMoveC3 => w_XMoveC2.(sig_XMoveC2).(msg).(c2) end) <> (match s with st8 w_XJoin w_OJoin w_XMoveC1 w_OMoveC1 w_XMoveC2 w_OMoveC2 w_XMoveC3 w_OMoveC3 => w_OMoveC2.(sig_OMoveC2).(msg).(c2) end))) ((match s with st8 w_XJoin w_OJoin w_XMoveC1 w_OMoveC1 w_XMoveC2 w_OMoveC2 w_XMoveC3 w_OMoveC3 => w_XMoveC2.(sig_XMoveC2).(msg).(c2) end) <> (match s with st8 w_XJoin w_OJoin w_XMoveC1 w_OMoveC1 w_XMoveC2 w_OMoveC2 w_XMoveC3 w_OMoveC3 => w_XMoveC3.(sig_XMoveC3).(msg).(c3) end))) ((match s with st8 w_XJoin w_OJoin w_XMoveC1 w_OMoveC1 w_XMoveC2 w_OMoveC2 w_XMoveC3 w_OMoveC3 => w_XMoveC2.(sig_XMoveC2).(msg).(c2) end) <> (match s with st8 w_XJoin w_OJoin w_XMoveC1 w_OMoveC1 w_XMoveC2 w_OMoveC2 w_XMoveC3 w_OMoveC3 => w_OMoveC3.(sig_OMoveC3).(msg).(c3) end))) ((match s with st8 w_XJoin w_OJoin w_XMoveC1 w_OMoveC1 w_XMoveC2 w_OMoveC2 w_XMoveC3 w_OMoveC3 => w_XMoveC2.(sig_XMoveC2).(msg).(c2) end) <> sig.(msg).(c4))) ((match s with st8 w_XJoin w_OJoin w_XMoveC1 w_OMoveC1 w_XMoveC2 w_OMoveC2 w_XMoveC3 w_OMoveC3 => w_OMoveC2.(sig_OMoveC2).(msg).(c2) end) <> (match s with st8 w_XJoin w_OJoin w_XMoveC1 w_OMoveC1 w_XMoveC2 w_OMoveC2 w_XMoveC3 w_OMoveC3 => w_XMoveC3.(sig_XMoveC3).(msg).(c3) end))) ((match s with st8 w_XJoin w_OJoin w_XMoveC1 w_OMoveC1 w_XMoveC2 w_OMoveC2 w_XMoveC3 w_OMoveC3 => w_OMoveC2.(sig_OMoveC2).(msg).(c2) end) <> (match s with st8 w_XJoin w_OJoin w_XMoveC1 w_OMoveC1 w_XMoveC2 w_OMoveC2 w_XMoveC3 w_OMoveC3 => w_OMoveC3.(sig_OMoveC3).(msg).(c3) end))) ((match s with st8 w_XJoin w_OJoin w_XMoveC1 w_OMoveC1 w_XMoveC2 w_OMoveC2 w_XMoveC3 w_OMoveC3 => w_OMoveC2.(sig_OMoveC2).(msg).(c2) end) <> sig.(msg).(c4))) ((match s with st8 w_XJoin w_OJoin w_XMoveC1 w_OMoveC1 w_XMoveC2 w_OMoveC2 w_XMoveC3 w_OMoveC3 => w_XMoveC3.(sig_XMoveC3).(msg).(c3) end) <> (match s with st8 w_XJoin w_OJoin w_XMoveC1 w_OMoveC1 w_XMoveC2 w_OMoveC2 w_XMoveC3 w_OMoveC3 => w_OMoveC3.(sig_OMoveC3).(msg).(c3) end))) ((match s with st8 w_XJoin w_OJoin w_XMoveC1 w_OMoveC1 w_XMoveC2 w_OMoveC2 w_XMoveC3 w_OMoveC3 => w_XMoveC3.(sig_XMoveC3).(msg).(c3) end) <> sig.(msg).(c4))) ((match s with st8 w_XJoin w_OJoin w_XMoveC1 w_OMoveC1 w_XMoveC2 w_OMoveC2 w_XMoveC3 w_OMoveC3 => w_OMoveC3.(sig_OMoveC3).(msg).(c3) end) <> sig.(msg).(c4)))) : State S9 :=
  match s with
  | st8 w_XJoin w_OJoin w_XMoveC1 w_OMoveC1 w_XMoveC2 w_OMoveC2 w_XMoveC3 w_OMoveC3 =>
      st9 w_XJoin w_OJoin w_XMoveC1 w_OMoveC1 w_XMoveC2 w_OMoveC2 w_XMoveC3 w_OMoveC3 {| sig_XMoveC4 := sig; guard := Hguard |}
  end.

Definition step_omovec4_from_s9 (s : State S9) (sig : Signed O P_OMoveC4)
  (Hguard : (andb (andb (andb (andb (andb (andb (andb (andb (andb (andb (andb (andb (andb (andb (andb (andb (andb (andb (andb (andb (andb (andb (andb (andb (andb (andb (andb ((match s with st9 w_XJoin w_OJoin w_XMoveC1 w_OMoveC1 w_XMoveC2 w_OMoveC2 w_XMoveC3 w_OMoveC3 w_XMoveC4 => w_XMoveC1.(sig_XMoveC1).(msg).(c1) end) <> (match s with st9 w_XJoin w_OJoin w_XMoveC1 w_OMoveC1 w_XMoveC2 w_OMoveC2 w_XMoveC3 w_OMoveC3 w_XMoveC4 => w_OMoveC1.(sig_OMoveC1).(msg).(c1) end)) ((match s with st9 w_XJoin w_OJoin w_XMoveC1 w_OMoveC1 w_XMoveC2 w_OMoveC2 w_XMoveC3 w_OMoveC3 w_XMoveC4 => w_XMoveC1.(sig_XMoveC1).(msg).(c1) end) <> (match s with st9 w_XJoin w_OJoin w_XMoveC1 w_OMoveC1 w_XMoveC2 w_OMoveC2 w_XMoveC3 w_OMoveC3 w_XMoveC4 => w_XMoveC2.(sig_XMoveC2).(msg).(c2) end))) ((match s with st9 w_XJoin w_OJoin w_XMoveC1 w_OMoveC1 w_XMoveC2 w_OMoveC2 w_XMoveC3 w_OMoveC3 w_XMoveC4 => w_XMoveC1.(sig_XMoveC1).(msg).(c1) end) <> (match s with st9 w_XJoin w_OJoin w_XMoveC1 w_OMoveC1 w_XMoveC2 w_OMoveC2 w_XMoveC3 w_OMoveC3 w_XMoveC4 => w_OMoveC2.(sig_OMoveC2).(msg).(c2) end))) ((match s with st9 w_XJoin w_OJoin w_XMoveC1 w_OMoveC1 w_XMoveC2 w_OMoveC2 w_XMoveC3 w_OMoveC3 w_XMoveC4 => w_XMoveC1.(sig_XMoveC1).(msg).(c1) end) <> (match s with st9 w_XJoin w_OJoin w_XMoveC1 w_OMoveC1 w_XMoveC2 w_OMoveC2 w_XMoveC3 w_OMoveC3 w_XMoveC4 => w_XMoveC3.(sig_XMoveC3).(msg).(c3) end))) ((match s with st9 w_XJoin w_OJoin w_XMoveC1 w_OMoveC1 w_XMoveC2 w_OMoveC2 w_XMoveC3 w_OMoveC3 w_XMoveC4 => w_XMoveC1.(sig_XMoveC1).(msg).(c1) end) <> (match s with st9 w_XJoin w_OJoin w_XMoveC1 w_OMoveC1 w_XMoveC2 w_OMoveC2 w_XMoveC3 w_OMoveC3 w_XMoveC4 => w_OMoveC3.(sig_OMoveC3).(msg).(c3) end))) ((match s with st9 w_XJoin w_OJoin w_XMoveC1 w_OMoveC1 w_XMoveC2 w_OMoveC2 w_XMoveC3 w_OMoveC3 w_XMoveC4 => w_XMoveC1.(sig_XMoveC1).(msg).(c1) end) <> (match s with st9 w_XJoin w_OJoin w_XMoveC1 w_OMoveC1 w_XMoveC2 w_OMoveC2 w_XMoveC3 w_OMoveC3 w_XMoveC4 => w_XMoveC4.(sig_XMoveC4).(msg).(c4) end))) ((match s with st9 w_XJoin w_OJoin w_XMoveC1 w_OMoveC1 w_XMoveC2 w_OMoveC2 w_XMoveC3 w_OMoveC3 w_XMoveC4 => w_XMoveC1.(sig_XMoveC1).(msg).(c1) end) <> sig.(msg).(c4))) ((match s with st9 w_XJoin w_OJoin w_XMoveC1 w_OMoveC1 w_XMoveC2 w_OMoveC2 w_XMoveC3 w_OMoveC3 w_XMoveC4 => w_OMoveC1.(sig_OMoveC1).(msg).(c1) end) <> (match s with st9 w_XJoin w_OJoin w_XMoveC1 w_OMoveC1 w_XMoveC2 w_OMoveC2 w_XMoveC3 w_OMoveC3 w_XMoveC4 => w_XMoveC2.(sig_XMoveC2).(msg).(c2) end))) ((match s with st9 w_XJoin w_OJoin w_XMoveC1 w_OMoveC1 w_XMoveC2 w_OMoveC2 w_XMoveC3 w_OMoveC3 w_XMoveC4 => w_OMoveC1.(sig_OMoveC1).(msg).(c1) end) <> (match s with st9 w_XJoin w_OJoin w_XMoveC1 w_OMoveC1 w_XMoveC2 w_OMoveC2 w_XMoveC3 w_OMoveC3 w_XMoveC4 => w_OMoveC2.(sig_OMoveC2).(msg).(c2) end))) ((match s with st9 w_XJoin w_OJoin w_XMoveC1 w_OMoveC1 w_XMoveC2 w_OMoveC2 w_XMoveC3 w_OMoveC3 w_XMoveC4 => w_OMoveC1.(sig_OMoveC1).(msg).(c1) end) <> (match s with st9 w_XJoin w_OJoin w_XMoveC1 w_OMoveC1 w_XMoveC2 w_OMoveC2 w_XMoveC3 w_OMoveC3 w_XMoveC4 => w_XMoveC3.(sig_XMoveC3).(msg).(c3) end))) ((match s with st9 w_XJoin w_OJoin w_XMoveC1 w_OMoveC1 w_XMoveC2 w_OMoveC2 w_XMoveC3 w_OMoveC3 w_XMoveC4 => w_OMoveC1.(sig_OMoveC1).(msg).(c1) end) <> (match s with st9 w_XJoin w_OJoin w_XMoveC1 w_OMoveC1 w_XMoveC2 w_OMoveC2 w_XMoveC3 w_OMoveC3 w_XMoveC4 => w_OMoveC3.(sig_OMoveC3).(msg).(c3) end))) ((match s with st9 w_XJoin w_OJoin w_XMoveC1 w_OMoveC1 w_XMoveC2 w_OMoveC2 w_XMoveC3 w_OMoveC3 w_XMoveC4 => w_OMoveC1.(sig_OMoveC1).(msg).(c1) end) <> (match s with st9 w_XJoin w_OJoin w_XMoveC1 w_OMoveC1 w_XMoveC2 w_OMoveC2 w_XMoveC3 w_OMoveC3 w_XMoveC4 => w_XMoveC4.(sig_XMoveC4).(msg).(c4) end))) ((match s with st9 w_XJoin w_OJoin w_XMoveC1 w_OMoveC1 w_XMoveC2 w_OMoveC2 w_XMoveC3 w_OMoveC3 w_XMoveC4 => w_OMoveC1.(sig_OMoveC1).(msg).(c1) end) <> sig.(msg).(c4))) ((match s with st9 w_XJoin w_OJoin w_XMoveC1 w_OMoveC1 w_XMoveC2 w_OMoveC2 w_XMoveC3 w_OMoveC3 w_XMoveC4 => w_XMoveC2.(sig_XMoveC2).(msg).(c2) end) <> (match s with st9 w_XJoin w_OJoin w_XMoveC1 w_OMoveC1 w_XMoveC2 w_OMoveC2 w_XMoveC3 w_OMoveC3 w_XMoveC4 => w_OMoveC2.(sig_OMoveC2).(msg).(c2) end))) ((match s with st9 w_XJoin w_OJoin w_XMoveC1 w_OMoveC1 w_XMoveC2 w_OMoveC2 w_XMoveC3 w_OMoveC3 w_XMoveC4 => w_XMoveC2.(sig_XMoveC2).(msg).(c2) end) <> (match s with st9 w_XJoin w_OJoin w_XMoveC1 w_OMoveC1 w_XMoveC2 w_OMoveC2 w_XMoveC3 w_OMoveC3 w_XMoveC4 => w_XMoveC3.(sig_XMoveC3).(msg).(c3) end))) ((match s with st9 w_XJoin w_OJoin w_XMoveC1 w_OMoveC1 w_XMoveC2 w_OMoveC2 w_XMoveC3 w_OMoveC3 w_XMoveC4 => w_XMoveC2.(sig_XMoveC2).(msg).(c2) end) <> (match s with st9 w_XJoin w_OJoin w_XMoveC1 w_OMoveC1 w_XMoveC2 w_OMoveC2 w_XMoveC3 w_OMoveC3 w_XMoveC4 => w_OMoveC3.(sig_OMoveC3).(msg).(c3) end))) ((match s with st9 w_XJoin w_OJoin w_XMoveC1 w_OMoveC1 w_XMoveC2 w_OMoveC2 w_XMoveC3 w_OMoveC3 w_XMoveC4 => w_XMoveC2.(sig_XMoveC2).(msg).(c2) end) <> (match s with st9 w_XJoin w_OJoin w_XMoveC1 w_OMoveC1 w_XMoveC2 w_OMoveC2 w_XMoveC3 w_OMoveC3 w_XMoveC4 => w_XMoveC4.(sig_XMoveC4).(msg).(c4) end))) ((match s with st9 w_XJoin w_OJoin w_XMoveC1 w_OMoveC1 w_XMoveC2 w_OMoveC2 w_XMoveC3 w_OMoveC3 w_XMoveC4 => w_XMoveC2.(sig_XMoveC2).(msg).(c2) end) <> sig.(msg).(c4))) ((match s with st9 w_XJoin w_OJoin w_XMoveC1 w_OMoveC1 w_XMoveC2 w_OMoveC2 w_XMoveC3 w_OMoveC3 w_XMoveC4 => w_OMoveC2.(sig_OMoveC2).(msg).(c2) end) <> (match s with st9 w_XJoin w_OJoin w_XMoveC1 w_OMoveC1 w_XMoveC2 w_OMoveC2 w_XMoveC3 w_OMoveC3 w_XMoveC4 => w_XMoveC3.(sig_XMoveC3).(msg).(c3) end))) ((match s with st9 w_XJoin w_OJoin w_XMoveC1 w_OMoveC1 w_XMoveC2 w_OMoveC2 w_XMoveC3 w_OMoveC3 w_XMoveC4 => w_OMoveC2.(sig_OMoveC2).(msg).(c2) end) <> (match s with st9 w_XJoin w_OJoin w_XMoveC1 w_OMoveC1 w_XMoveC2 w_OMoveC2 w_XMoveC3 w_OMoveC3 w_XMoveC4 => w_OMoveC3.(sig_OMoveC3).(msg).(c3) end))) ((match s with st9 w_XJoin w_OJoin w_XMoveC1 w_OMoveC1 w_XMoveC2 w_OMoveC2 w_XMoveC3 w_OMoveC3 w_XMoveC4 => w_OMoveC2.(sig_OMoveC2).(msg).(c2) end) <> (match s with st9 w_XJoin w_OJoin w_XMoveC1 w_OMoveC1 w_XMoveC2 w_OMoveC2 w_XMoveC3 w_OMoveC3 w_XMoveC4 => w_XMoveC4.(sig_XMoveC4).(msg).(c4) end))) ((match s with st9 w_XJoin w_OJoin w_XMoveC1 w_OMoveC1 w_XMoveC2 w_OMoveC2 w_XMoveC3 w_OMoveC3 w_XMoveC4 => w_OMoveC2.(sig_OMoveC2).(msg).(c2) end) <> sig.(msg).(c4))) ((match s with st9 w_XJoin w_OJoin w_XMoveC1 w_OMoveC1 w_XMoveC2 w_OMoveC2 w_XMoveC3 w_OMoveC3 w_XMoveC4 => w_XMoveC3.(sig_XMoveC3).(msg).(c3) end) <> (match s with st9 w_XJoin w_OJoin w_XMoveC1 w_OMoveC1 w_XMoveC2 w_OMoveC2 w_XMoveC3 w_OMoveC3 w_XMoveC4 => w_OMoveC3.(sig_OMoveC3).(msg).(c3) end))) ((match s with st9 w_XJoin w_OJoin w_XMoveC1 w_OMoveC1 w_XMoveC2 w_OMoveC2 w_XMoveC3 w_OMoveC3 w_XMoveC4 => w_XMoveC3.(sig_XMoveC3).(msg).(c3) end) <> (match s with st9 w_XJoin w_OJoin w_XMoveC1 w_OMoveC1 w_XMoveC2 w_OMoveC2 w_XMoveC3 w_OMoveC3 w_XMoveC4 => w_XMoveC4.(sig_XMoveC4).(msg).(c4) end))) ((match s with st9 w_XJoin w_OJoin w_XMoveC1 w_OMoveC1 w_XMoveC2 w_OMoveC2 w_XMoveC3 w_OMoveC3 w_XMoveC4 => w_XMoveC3.(sig_XMoveC3).(msg).(c3) end) <> sig.(msg).(c4))) ((match s with st9 w_XJoin w_OJoin w_XMoveC1 w_OMoveC1 w_XMoveC2 w_OMoveC2 w_XMoveC3 w_OMoveC3 w_XMoveC4 => w_OMoveC3.(sig_OMoveC3).(msg).(c3) end) <> (match s with st9 w_XJoin w_OJoin w_XMoveC1 w_OMoveC1 w_XMoveC2 w_OMoveC2 w_XMoveC3 w_OMoveC3 w_XMoveC4 => w_XMoveC4.(sig_XMoveC4).(msg).(c4) end))) ((match s with st9 w_XJoin w_OJoin w_XMoveC1 w_OMoveC1 w_XMoveC2 w_OMoveC2 w_XMoveC3 w_OMoveC3 w_XMoveC4 => w_OMoveC3.(sig_OMoveC3).(msg).(c3) end) <> sig.(msg).(c4))) ((match s with st9 w_XJoin w_OJoin w_XMoveC1 w_OMoveC1 w_XMoveC2 w_OMoveC2 w_XMoveC3 w_OMoveC3 w_XMoveC4 => w_XMoveC4.(sig_XMoveC4).(msg).(c4) end) <> sig.(msg).(c4)))) : State S10 :=
  match s with
  | st9 w_XJoin w_OJoin w_XMoveC1 w_OMoveC1 w_XMoveC2 w_OMoveC2 w_XMoveC3 w_OMoveC3 w_XMoveC4 =>
      st10 w_XJoin w_OJoin w_XMoveC1 w_OMoveC1 w_XMoveC2 w_OMoveC2 w_XMoveC3 w_OMoveC3 w_XMoveC4 {| sig_OMoveC4 := sig; guard := Hguard |}
  end.

End TicTacToe_Protocol.

[Change at line 118]   sig_OMoveC3 : Signed O P_OMoveC3;
  guard : andb andb andb andb andb andb andb andb andb andb andb andb andb andb (w_XMoveC1.(sig_XMoveC1).(msg).(c1) <> w_OMoveC1.(sig_OMoveC1).(msg).(c1)) (w_XMoveC1.(sig_XMoveC1).(msg).(c1) <> w_XMoveC2.(sig_XMoveC2).(msg).(c2)) (w_XMoveC1.(sig_XMoveC1).(msg).(c1) <> w_OMoveC2.(sig_OMoveC2).(msg).(c2)) (w_XMoveC1.(sig_XMoveC1).(msg).(c1) <> w_XMoveC3.(sig_XMoveC3).(msg).(c3)) (w_XMoveC1.(sig_XMoveC1).(msg).(c1) <> w_OMoveC3.(sig_OMoveC3).(msg).(c3)) (w_OMoveC1.(sig_OMoveC1).(msg).(c1) <> w_XMoveC2.(sig_XMoveC2).(msg).(c2)) (w_OMoveC1.(sig_OMoveC1).(msg).(c1) <> w_OMoveC2.(sig_OMoveC2).(msg).(c2)) (w_OMoveC1.(sig_OMoveC1).(msg).(c1) <> w_XMoveC3.(sig_XMoveC3).(msg).(c3)) (w_OMoveC1.(sig_OMoveC1).(msg).(c1) <> w_OMoveC3.(sig_OMoveC3).(msg).(c3)) (w_XMoveC2.(sig_XMoveC2).(msg).(c2) <> w_OMoveC2.(sig_OMoveC2).(msg).(c2)) (w_XMoveC2.(sig_XMoveC2).(msg).(c2) <> w_XMoveC3.(sig_XMoveC3).(msg).(c3)) (w_XMoveC2.(sig_XMoveC2).(msg).(c2) <> w_OMoveC3.(sig_OMoveC3).(msg).(c3)) (w_OMoveC2.(sig_OMoveC2).(msg).(c2) <> w_XMoveC3.(sig_XMoveC3).(msg).(c3)) (w_OMoveC2.(sig_OMoveC2).(msg).(c2) <> w_OMoveC3.(sig_OMoveC3).(msg).(c3)) (w_XMoveC3.(sig_XMoveC3).(msg).(c3) <> w_OMoveC3.(sig_OMoveC3).(msg).(c3));
}.

Record W_XMoveC4 (w_XJoin : W_XJoin) (w_OJoin : (W_OJoin w_XJoin)) (w_XMoveC1 : (W_XMoveC1 w_XJoin w_OJoin)) (w_OMoveC1 : (W_OMoveC1 w_XJoin w_OJoin w_XMoveC1)) (w_XMoveC2 : (W_XMoveC2 w_XJoin w_OJoin w_XMoveC1 w_OMoveC1)) (w_OMoveC2 : (W_OMoveC2 w_XJoin w_OJoin w_XMoveC1 w_OMoveC1 w_XMoveC2)) (w_XMoveC3 : (W_XMoveC3 w_XJoin w_OJoin w_XMoveC1 w_OMoveC1 w_XMoveC2 w_OMoveC2)) (w_OMoveC3 : (W_OMoveC3 w_XJoin w_OJoin w_XMoveC1 w_OMoveC1 w_XMoveC2 w_OMoveC2 w_XMoveC3)) : Type := {
  sig_XMoveC4 : Signed X P_XMoveC4;
  guard : andb andb andb andb andb andb andb andb andb andb andb andb andb andb andb andb andb andb andb andb (w_XMoveC1.(sig_XMoveC1).(msg).(c1) <> w_OMoveC1.(sig_OMoveC1).(msg).(c1)) (w_XMoveC1.(sig_XMoveC1).(msg).(c1) <> w_XMoveC2.(sig_XMoveC2).(msg).(c2)) (w_XMoveC1.(sig_XMoveC1).(msg).(c1) <> w_OMoveC2.(sig_OMoveC2).(msg).(c2)) (w_XMoveC1.(sig_XMoveC1).(msg).(c1) <> w_XMoveC3.(sig_XMoveC3).(msg).(c3)) (w_XMoveC1.(sig_XMoveC1).(msg).(c1) <> w_OMoveC3.(sig_OMoveC3).(msg).(c3)) (w_XMoveC1.(sig_XMoveC1).(msg).(c1) <> w_XMoveC4.(sig_XMoveC4).(msg).(c4)) (w_OMoveC1.(sig_OMoveC1).(msg).(c1) <> w_XMoveC2.(sig_XMoveC2).(msg).(c2)) (w_OMoveC1.(sig_OMoveC1).(msg).(c1) <> w_OMoveC2.(sig_OMoveC2).(msg).(c2)) (w_OMoveC1.(sig_OMoveC1).(msg).(c1) <> w_XMoveC3.(sig_XMoveC3).(msg).(c3)) (w_OMoveC1.(sig_OMoveC1).(msg).(c1) <> w_OMoveC3.(sig_OMoveC3).(msg).(c3)) (w_OMoveC1.(sig_OMoveC1).(msg).(c1) <> w_XMoveC4.(sig_XMoveC4).(msg).(c4)) (w_XMoveC2.(sig_XMoveC2).(msg).(c2) <> w_OMoveC2.(sig_OMoveC2).(msg).(c2)) (w_XMoveC2.(sig_XMoveC2).(msg).(c2) <> w_XMoveC3.(sig_XMoveC3).(msg).(c3)) (w_XMoveC2.(sig_XMoveC2).(msg).(c2) <> w_OMoveC3.(sig_OMoveC3).(msg).(c3)) (w_XMoveC2.(sig_XMoveC2).(msg).(c2) <> w_XMoveC4.(sig_XMoveC4).(msg).(c4)) (w_OMoveC2.(sig_OMoveC2).(msg).(c2) <> w_XMoveC3.(sig_XMoveC3).(msg).(c3)) (w_OMoveC2.(sig_OMoveC2).(msg).(c2) <> w_OMoveC3.(sig_OMoveC3).(msg).(c3)) (w_OMoveC2.(sig_OMoveC2).(msg).(c2) <> w_XMoveC4.(sig_XMoveC4).(msg).(c4)) (w_XMoveC3.(sig_XMoveC3).(msg).(c3) <> w_OMoveC3.(sig_OMoveC3).(msg).(c3)) (w_XMoveC3.(sig_XMoveC3).(msg).(c3) <> w_XMoveC4.(sig_XMoveC4).(msg).(c4)) (w_OMoveC3.(sig_OMoveC3).(msg).(c3) <> w_XMoveC4.(sig_XMoveC4).(msg).(c4));
}.

Record W_OMoveC4 (w_XJoin : W_XJoin) (w_OJoin : (W_OJoin w_XJoin)) (w_XMoveC1 : (W_XMoveC1 w_XJoin w_OJoin)) (w_OMoveC1 : (W_OMoveC1 w_XJoin w_OJoin w_XMoveC1)) (w_XMoveC2 : (W_XMoveC2 w_XJoin w_OJoin w_XMoveC1 w_OMoveC1)) (w_OMoveC2 : (W_OMoveC2 w_XJoin w_OJoin w_XMoveC1 w_OMoveC1 w_XMoveC2)) (w_XMoveC3 : (W_XMoveC3 w_XJoin w_OJoin w_XMoveC1 w_OMoveC1 w_XMoveC2 w_OMoveC2)) (w_OMoveC3 : (W_OMoveC3 w_XJoin w_OJoin w_XMoveC1 w_OMoveC1 w_XMoveC2 w_OMoveC2 w_XMoveC3)) (w_XMoveC4 : (W_XMoveC4 w_XJoin w_OJoin w_XMoveC1 w_OMoveC1 w_XMoveC2 w_OMoveC2 w_XMoveC3 w_OMoveC3)) : Type := {
  sig_OMoveC4 : Signed O P_OMoveC4;
  guard : andb andb andb andb andb andb andb andb andb andb andb andb andb andb andb andb andb andb andb andb andb andb andb andb andb andb andb (w_XMoveC1.(sig_XMoveC1).(msg).(c1) <> w_OMoveC1.(sig_OMoveC1).(msg).(c1)) (w_XMoveC1.(sig_XMoveC1).(msg).(c1) <> w_XMoveC2.(sig_XMoveC2).(msg).(c2)) (w_XMoveC1.(sig_XMoveC1).(msg).(c1) <> w_OMoveC2.(sig_OMoveC2).(msg).(c2)) (w_XMoveC1.(sig_XMoveC1).(msg).(c1) <> w_XMoveC3.(sig_XMoveC3).(msg).(c3)) (w_XMoveC1.(sig_XMoveC1).(msg).(c1) <> w_OMoveC3.(sig_OMoveC3).(msg).(c3)) (w_XMoveC1.(sig_XMoveC1).(msg).(c1) <> w_XMoveC4.(sig_XMoveC4).(msg).(c4)) (w_XMoveC1.(sig_XMoveC1).(msg).(c1) <> w_OMoveC4.(sig_OMoveC4).(msg).(c4)) (w_OMoveC1.(sig_OMoveC1).(msg).(c1) <> w_XMoveC2.(sig_XMoveC2).(msg).(c2)) (w_OMoveC1.(sig_OMoveC1).(msg).(c1) <> w_OMoveC2.(sig_OMoveC2).(msg).(c2)) (w_OMoveC1.(sig_OMoveC1).(msg).(c1) <> w_XMoveC3.(sig_XMoveC3).(msg).(c3)) (w_OMoveC1.(sig_OMoveC1).(msg).(c1) <> w_OMoveC3.(sig_OMoveC3).(msg).(c3)) (w_OMoveC1.(sig_OMoveC1).(msg).(c1) <> w_XMoveC4.(sig_XMoveC4).(msg).(c4)) (w_OMoveC1.(sig_OMoveC1).(msg).(c1) <> w_OMoveC4.(sig_OMoveC4).(msg).(c4)) (w_XMoveC2.(sig_XMoveC2).(msg).(c2) <> w_OMoveC2.(sig_OMoveC2).(msg).(c2)) (w_XMoveC2.(sig_XMoveC2).(msg).(c2) <> w_XMoveC3.(sig_XMoveC3).(msg).(c3)) (w_XMoveC2.(sig_XMoveC2).(msg).(c2) <> w_OMoveC3.(sig_OMoveC3).(msg).(c3)) (w_XMoveC2.(sig_XMoveC2).(msg).(c2) <> w_XMoveC4.(sig_XMoveC4).(msg).(c4)) (w_XMoveC2.(sig_XMoveC2).(msg).(c2) <> w_OMoveC4.(sig_OMoveC4).(msg).(c4)) (w_OMoveC2.(sig_OMoveC2).(msg).(c2) <> w_XMoveC3.(sig_XMoveC3).(msg).(c3)) (w_OMoveC2.(sig_OMoveC2).(msg).(c2) <> w_OMoveC3.(sig_OMoveC3).(msg).(c3)) (w_OMoveC2.(sig_OMoveC2).(msg).(c2) <> w_XMoveC4.(sig_XMoveC4).(msg).(c4)) (w_OMoveC2.(sig_OMoveC2).(msg).(c2) <> w_OMoveC4.(sig_OMoveC4).(msg).(c4)) (w_XMoveC3.(sig_XMoveC3).(msg).(c3) <> w_OMoveC3.(sig_OMoveC3).(msg).(c3)) (w_XMoveC3.(sig_XMoveC3).(msg).(c3) <> w_XMoveC4.(sig_XMoveC4).(msg).(c4)) (w_XMoveC3.(sig_XMoveC3).(msg).(c3) <> w_OMoveC4.(sig_OMoveC4).(msg).(c4)) (w_OMoveC3.(sig_OMoveC3).(msg).(c3) <> w_XMoveC4.(sig_XMoveC4).(msg).(c4)) (w_OMoveC3.(sig_OMoveC3).(msg).(c3) <> w_OMoveC4.(sig_OMoveC4).(msg).(c4)) (w_XMoveC4.(sig_XMoveC4).(msg).(c4) <> w_OMoveC4.(sig_OMoveC4).(msg).(c4));
}.

(* ===================== *)
(* 5) Typed runtime/ESM  *)
(* ===================== *)

Inductive Stage : Type :=
S0 | S1 | S2 | S3 | S4 | S5 | S6 | S7 | S8 | S9 | S10.

Inductive State : Stage -> Type :=
| st0 : State S0
| st1 : (w_XJoin : W_XJoin) -> State S1
| st2 : (w_XJoin : W_XJoin) (w_OJoin : (W_OJoin w_XJoin)) -> State S2
| st3 : (w_XJoin : W_XJoin) (w_OJoin : (W_OJoin w_XJoin)) (w_XMoveC1 : (W_XMoveC1 w_XJoin w_OJoin)) -> State S3
| st4 : (w_XJoin : W_XJoin) (w_OJoin : (W_OJoin w_XJoin)) (w_XMoveC1 : (W_XMoveC1 w_XJoin w_OJoin)) (w_OMoveC1 : (W_OMoveC1 w_XJoin w_OJoin w_XMoveC1)) -> State S4
| st5 : (w_XJoin : W_XJoin) (w_OJoin : (W_OJoin w_XJoin)) (w_XMoveC1 : (W_XMoveC1 w_XJoin w_OJoin)) (w_OMoveC1 : (W_OMoveC1 w_XJoin w_OJoin w_XMoveC1)) (w_XMoveC2 : (W_XMoveC2 w_XJoin w_OJoin w_XMoveC1 w_OMoveC1)) -> State S5
| st6 : (w_XJoin : W_XJoin) (w_OJoin : (W_OJoin w_XJoin)) (w_XMoveC1 : (W_XMoveC1 w_XJoin w_OJoin)) (w_OMoveC1 : (W_OMoveC1 w_XJoin w_OJoin w_XMoveC1)) (w_XMoveC2 : (W_XMoveC2 w_XJoin w_OJoin w_XMoveC1 w_OMoveC1)) (w_OMoveC2 : (W_OMoveC2 w_XJoin w_OJoin w_XMoveC1 w_OMoveC1 w_XMoveC2)) -> State S6
| st7 : (w_XJoin : W_XJoin) (w_OJoin : (W_OJoin w_XJoin)) (w_XMoveC1 : (W_XMoveC1 w_XJoin w_OJoin)) (w_OMoveC1 : (W_OMoveC1 w_XJoin w_OJoin w_XMoveC1)) (w_XMoveC2 : (W_XMoveC2 w_XJoin w_OJoin w_XMoveC1 w_OMoveC1)) (w_OMoveC2 : (W_OMoveC2 w_XJoin w_OJoin w_XMoveC1 w_OMoveC1 w_XMoveC2)) (w_XMoveC3 : (W_XMoveC3 w_XJoin w_OJoin w_XMoveC1 w_OMoveC1 w_XMoveC2 w_OMoveC2)) -> State S7
| st8 : (w_XJoin : W_XJoin) (w_OJoin : (W_OJoin w_XJoin)) (w_XMoveC1 : (W_XMoveC1 w_XJoin w_OJoin)) (w_OMoveC1 : (W_OMoveC1 w_XJoin w_OJoin w_XMoveC1)) (w_XMoveC2 : (W_XMoveC2 w_XJoin w_OJoin w_XMoveC1 w_OMoveC1)) (w_OMoveC2 : (W_OMoveC2 w_XJoin w_OJoin w_XMoveC1 w_OMoveC1 w_XMoveC2)) (w_XMoveC3 : (W_XMoveC3 w_XJoin w_OJoin w_XMoveC1 w_OMoveC1 w_XMoveC2 w_OMoveC2)) (w_OMoveC3 : (W_OMoveC3 w_XJoin w_OJoin w_XMoveC1 w_OMoveC1 w_XMoveC2 w_OMoveC2 w_XMoveC3)) -> State S8
| st9 : (w_XJoin : W_XJoin) (w_OJoin : (W_OJoin w_XJoin)) (w_XMoveC1 : (W_XMoveC1 w_XJoin w_OJoin)) (w_OMoveC1 : (W_OMoveC1 w_XJoin w_OJoin w_XMoveC1)) (w_XMoveC2 : (W_XMoveC2 w_XJoin w_OJoin w_XMoveC1 w_OMoveC1)) (w_OMoveC2 : (W_OMoveC2 w_XJoin w_OJoin w_XMoveC1 w_OMoveC1 w_XMoveC2)) (w_XMoveC3 : (W_XMoveC3 w_XJoin w_OJoin w_XMoveC1 w_OMoveC1 w_XMoveC2 w_OMoveC2)) (w_OMoveC3 : (W_OMoveC3 w_XJoin w_OJoin w_XMoveC1 w_OMoveC1 w_XMoveC2 w_OMoveC2 w_XMoveC3)) (w_XMoveC4 : (W_XMoveC4 w_XJoin w_OJoin w_XMoveC1 w_OMoveC1 w_XMoveC2 w_OMoveC2 w_XMoveC3 w_OMoveC3)) -> State S9
| st10 : (w_XJoin : W_XJoin) (w_OJoin : (W_OJoin w_XJoin)) (w_XMoveC1 : (W_XMoveC1 w_XJoin w_OJoin)) (w_OMoveC1 : (W_OMoveC1 w_XJoin w_OJoin w_XMoveC1)) (w_XMoveC2 : (W_XMoveC2 w_XJoin w_OJoin w_XMoveC1 w_OMoveC1)) (w_OMoveC2 : (W_OMoveC2 w_XJoin w_OJoin w_XMoveC1 w_OMoveC1 w_XMoveC2)) (w_XMoveC3 : (W_XMoveC3 w_XJoin w_OJoin w_XMoveC1 w_OMoveC1 w_XMoveC2 w_OMoveC2)) (w_OMoveC3 : (W_OMoveC3 w_XJoin w_OJoin w_XMoveC1 w_OMoveC1 w_XMoveC2 w_OMoveC2 w_XMoveC3)) (w_XMoveC4 : (W_XMoveC4 w_XJoin w_OJoin w_XMoveC1 w_OMoveC1 w_XMoveC2 w_OMoveC2 w_XMoveC3 w_OMoveC3)) (w_OMoveC4 : (W_OMoveC4 w_XJoin w_OJoin w_XMoveC1 w_OMoveC1 w_XMoveC2 w_OMoveC2 w_XMoveC3 w_OMoveC3 w_XMoveC4)) -> State S10
.

(* Step API *)
Definition step_xjoin_from_s0 (s : State S0) (sig : Signed X P_XJoin)
 : State S1 :=
  match s with
  | st0 =>
      st1 {| sig_XJoin := sig |}
  end.

Definition step_ojoin_from_s1 (s : State S1) (sig : Signed O P_OJoin)
 : State S2 :=
  match s with
  | st1 w_XJoin =>
      st2 w_XJoin {| sig_OJoin := sig |}
  end.

Definition step_xmovec1_from_s2 (s : State S2) (sig : Signed X P_XMoveC1)
 : State S3 :=
  match s with
  | st2 w_XJoin w_OJoin =>
      st3 w_XJoin w_OJoin {| sig_XMoveC1 := sig |}
  end.

Definition step_omovec1_from_s3 (s : State S3) (sig : Signed O P_OMoveC1)
  (Hguard : ((match s with st3 w_XJoin w_OJoin w_XMoveC1 => w_XMoveC1.(sig_XMoveC1).(msg).(c1) end) <> sig.(msg).(c1))) : State S4 :=
  match s with
  | st3 w_XJoin w_OJoin w_XMoveC1 =>
      st4 w_XJoin w_OJoin w_XMoveC1 {| sig_OMoveC1 := sig; guard := Hguard |}
  end.

Definition step_xmovec2_from_s4 (s : State S4) (sig : Signed X P_XMoveC2)
  (Hguard : (andb (andb ((match s with st4 w_XJoin w_OJoin w_XMoveC1 w_OMoveC1 => w_XMoveC1.(sig_XMoveC1).(msg).(c1) end) <> (match s with st4 w_XJoin w_OJoin w_XMoveC1 w_OMoveC1 => w_OMoveC1.(sig_OMoveC1).(msg).(c1) end)) ((match s with st4 w_XJoin w_OJoin w_XMoveC1 w_OMoveC1 => w_XMoveC1.(sig_XMoveC1).(msg).(c1) end) <> sig.(msg).(c2))) ((match s with st4 w_XJoin w_OJoin w_XMoveC1 w_OMoveC1 => w_OMoveC1.(sig_OMoveC1).(msg).(c1) end) <> sig.(msg).(c2)))) : State S5 :=
  match s with
  | st4 w_XJoin w_OJoin w_XMoveC1 w_OMoveC1 =>
      st5 w_XJoin w_OJoin w_XMoveC1 w_OMoveC1 {| sig_XMoveC2 := sig; guard := Hguard |}
  end.

Definition step_omovec2_from_s5 (s : State S5) (sig : Signed O P_OMoveC2)
  (Hguard : (andb (andb (andb (andb (andb ((match s with st5 w_XJoin w_OJoin w_XMoveC1 w_OMoveC1 w_XMoveC2 => w_XMoveC1.(sig_XMoveC1).(msg).(c1) end) <> (match s with st5 w_XJoin w_OJoin w_XMoveC1 w_OMoveC1 w_XMoveC2 => w_OMoveC1.(sig_OMoveC1).(msg).(c1) end)) ((match s with st5 w_XJoin w_OJoin w_XMoveC1 w_OMoveC1 w_XMoveC2 => w_XMoveC1.(sig_XMoveC1).(msg).(c1) end) <> (match s with st5 w_XJoin w_OJoin w_XMoveC1 w_OMoveC1 w_XMoveC2 => w_XMoveC2.(sig_XMoveC2).(msg).(c2) end))) ((match s with st5 w_XJoin w_OJoin w_XMoveC1 w_OMoveC1 w_XMoveC2 => w_XMoveC1.(sig_XMoveC1).(msg).(c1) end) <> sig.(msg).(c2))) ((match s with st5 w_XJoin w_OJoin w_XMoveC1 w_OMoveC1 w_XMoveC2 => w_OMoveC1.(sig_OMoveC1).(msg).(c1) end) <> (match s with st5 w_XJoin w_OJoin w_XMoveC1 w_OMoveC1 w_XMoveC2 => w_XMoveC2.(sig_XMoveC2).(msg).(c2) end))) ((match s with st5 w_XJoin w_OJoin w_XMoveC1 w_OMoveC1 w_XMoveC2 => w_OMoveC1.(sig_OMoveC1).(msg).(c1) end) <> sig.(msg).(c2))) ((match s with st5 w_XJoin w_OJoin w_XMoveC1 w_OMoveC1 w_XMoveC2 => w_XMoveC2.(sig_XMoveC2).(msg).(c2) end) <> sig.(msg).(c2)))) : State S6 :=
  match s with
  | st5 w_XJoin w_OJoin w_XMoveC1 w_OMoveC1 w_XMoveC2 =>
      st6 w_XJoin w_OJoin w_XMoveC1 w_OMoveC1 w_XMoveC2 {| sig_OMoveC2 := sig; guard := Hguard |}
  end.

Definition step_xmovec3_from_s6 (s : State S6) (sig : Signed X P_XMoveC3)
  (Hguard : (andb (andb (andb (andb (andb (andb (andb (andb (andb ((match s with st6 w_XJoin w_OJoin w_XMoveC1 w_OMoveC1 w_XMoveC2 w_OMoveC2 => w_XMoveC1.(sig_XMoveC1).(msg).(c1) end) <> (match s with st6 w_XJoin w_OJoin w_XMoveC1 w_OMoveC1 w_XMoveC2 w_OMoveC2 => w_OMoveC1.(sig_OMoveC1).(msg).(c1) end)) ((match s with st6 w_XJoin w_OJoin w_XMoveC1 w_OMoveC1 w_XMoveC2 w_OMoveC2 => w_XMoveC1.(sig_XMoveC1).(msg).(c1) end) <> (match s with st6 w_XJoin w_OJoin w_XMoveC1 w_OMoveC1 w_XMoveC2 w_OMoveC2 => w_XMoveC2.(sig_XMoveC2).(msg).(c2) end))) ((match s with st6 w_XJoin w_OJoin w_XMoveC1 w_OMoveC1 w_XMoveC2 w_OMoveC2 => w_XMoveC1.(sig_XMoveC1).(msg).(c1) end) <> (match s with st6 w_XJoin w_OJoin w_XMoveC1 w_OMoveC1 w_XMoveC2 w_OMoveC2 => w_OMoveC2.(sig_OMoveC2).(msg).(c2) end))) ((match s with st6 w_XJoin w_OJoin w_XMoveC1 w_OMoveC1 w_XMoveC2 w_OMoveC2 => w_XMoveC1.(sig_XMoveC1).(msg).(c1) end) <> sig.(msg).(c3))) ((match s with st6 w_XJoin w_OJoin w_XMoveC1 w_OMoveC1 w_XMoveC2 w_OMoveC2 => w_OMoveC1.(sig_OMoveC1).(msg).(c1) end) <> (match s with st6 w_XJoin w_OJoin w_XMoveC1 w_OMoveC1 w_XMoveC2 w_OMoveC2 => w_XMoveC2.(sig_XMoveC2).(msg).(c2) end))) ((match s with st6 w_XJoin w_OJoin w_XMoveC1 w_OMoveC1 w_XMoveC2 w_OMoveC2 => w_OMoveC1.(sig_OMoveC1).(msg).(c1) end) <> (match s with st6 w_XJoin w_OJoin w_XMoveC1 w_OMoveC1 w_XMoveC2 w_OMoveC2 => w_OMoveC2.(sig_OMoveC2).(msg).(c2) end))) ((match s with st6 w_XJoin w_OJoin w_XMoveC1 w_OMoveC1 w_XMoveC2 w_OMoveC2 => w_OMoveC1.(sig_OMoveC1).(msg).(c1) end) <> sig.(msg).(c3))) ((match s with st6 w_XJoin w_OJoin w_XMoveC1 w_OMoveC1 w_XMoveC2 w_OMoveC2 => w_XMoveC2.(sig_XMoveC2).(msg).(c2) end) <> (match s with st6 w_XJoin w_OJoin w_XMoveC1 w_OMoveC1 w_XMoveC2 w_OMoveC2 => w_OMoveC2.(sig_OMoveC2).(msg).(c2) end))) ((match s with st6 w_XJoin w_OJoin w_XMoveC1 w_OMoveC1 w_XMoveC2 w_OMoveC2 => w_XMoveC2.(sig_XMoveC2).(msg).(c2) end) <> sig.(msg).(c3))) ((match s with st6 w_XJoin w_OJoin w_XMoveC1 w_OMoveC1 w_XMoveC2 w_OMoveC2 => w_OMoveC2.(sig_OMoveC2).(msg).(c2) end) <> sig.(msg).(c3)))) : State S7 :=
  match s with
  | st6 w_XJoin w_OJoin w_XMoveC1 w_OMoveC1 w_XMoveC2 w_OMoveC2 =>
      st7 w_XJoin w_OJoin w_XMoveC1 w_OMoveC1 w_XMoveC2 w_OMoveC2 {| sig_XMoveC3 := sig; guard := Hguard |}
  end.

Definition step_omovec3_from_s7 (s : State S7) (sig : Signed O P_OMoveC3)
  (Hguard : (andb (andb (andb (andb (andb (andb (andb (andb (andb (andb (andb (andb (andb (andb ((match s with st7 w_XJoin w_OJoin w_XMoveC1 w_OMoveC1 w_XMoveC2 w_OMoveC2 w_XMoveC3 => w_XMoveC1.(sig_XMoveC1).(msg).(c1) end) <> (match s with st7 w_XJoin w_OJoin w_XMoveC1 w_OMoveC1 w_XMoveC2 w_OMoveC2 w_XMoveC3 => w_OMoveC1.(sig_OMoveC1).(msg).(c1) end)) ((match s with st7 w_XJoin w_OJoin w_XMoveC1 w_OMoveC1 w_XMoveC2 w_OMoveC2 w_XMoveC3 => w_XMoveC1.(sig_XMoveC1).(msg).(c1) end) <> (match s with st7 w_XJoin w_OJoin w_XMoveC1 w_OMoveC1 w_XMoveC2 w_OMoveC2 w_XMoveC3 => w_XMoveC2.(sig_XMoveC2).(msg).(c2) end))) ((match s with st7 w_XJoin w_OJoin w_XMoveC1 w_OMoveC1 w_XMoveC2 w_OMoveC2 w_XMoveC3 => w_XMoveC1.(sig_XMoveC1).(msg).(c1) end) <> (match s with st7 w_XJoin w_OJoin w_XMoveC1 w_OMoveC1 w_XMoveC2 w_OMoveC2 w_XMoveC3 => w_OMoveC2.(sig_OMoveC2).(msg).(c2) end))) ((match s with st7 w_XJoin w_OJoin w_XMoveC1 w_OMoveC1 w_XMoveC2 w_OMoveC2 w_XMoveC3 => w_XMoveC1.(sig_XMoveC1).(msg).(c1) end) <> (match s with st7 w_XJoin w_OJoin w_XMoveC1 w_OMoveC1 w_XMoveC2 w_OMoveC2 w_XMoveC3 => w_XMoveC3.(sig_XMoveC3).(msg).(c3) end))) ((match s with st7 w_XJoin w_OJoin w_XMoveC1 w_OMoveC1 w_XMoveC2 w_OMoveC2 w_XMoveC3 => w_XMoveC1.(sig_XMoveC1).(msg).(c1) end) <> sig.(msg).(c3))) ((match s with st7 w_XJoin w_OJoin w_XMoveC1 w_OMoveC1 w_XMoveC2 w_OMoveC2 w_XMoveC3 => w_OMoveC1.(sig_OMoveC1).(msg).(c1) end) <> (match s with st7 w_XJoin w_OJoin w_XMoveC1 w_OMoveC1 w_XMoveC2 w_OMoveC2 w_XMoveC3 => w_XMoveC2.(sig_XMoveC2).(msg).(c2) end))) ((match s with st7 w_XJoin w_OJoin w_XMoveC1 w_OMoveC1 w_XMoveC2 w_OMoveC2 w_XMoveC3 => w_OMoveC1.(sig_OMoveC1).(msg).(c1) end) <> (match s with st7 w_XJoin w_OJoin w_XMoveC1 w_OMoveC1 w_XMoveC2 w_OMoveC2 w_XMoveC3 => w_OMoveC2.(sig_OMoveC2).(msg).(c2) end))) ((match s with st7 w_XJoin w_OJoin w_XMoveC1 w_OMoveC1 w_XMoveC2 w_OMoveC2 w_XMoveC3 => w_OMoveC1.(sig_OMoveC1).(msg).(c1) end) <> (match s with st7 w_XJoin w_OJoin w_XMoveC1 w_OMoveC1 w_XMoveC2 w_OMoveC2 w_XMoveC3 => w_XMoveC3.(sig_XMoveC3).(msg).(c3) end))) ((match s with st7 w_XJoin w_OJoin w_XMoveC1 w_OMoveC1 w_XMoveC2 w_OMoveC2 w_XMoveC3 => w_OMoveC1.(sig_OMoveC1).(msg).(c1) end) <> sig.(msg).(c3))) ((match s with st7 w_XJoin w_OJoin w_XMoveC1 w_OMoveC1 w_XMoveC2 w_OMoveC2 w_XMoveC3 => w_XMoveC2.(sig_XMoveC2).(msg).(c2) end) <> (match s with st7 w_XJoin w_OJoin w_XMoveC1 w_OMoveC1 w_XMoveC2 w_OMoveC2 w_XMoveC3 => w_OMoveC2.(sig_OMoveC2).(msg).(c2) end))) ((match s with st7 w_XJoin w_OJoin w_XMoveC1 w_OMoveC1 w_XMoveC2 w_OMoveC2 w_XMoveC3 => w_XMoveC2.(sig_XMoveC2).(msg).(c2) end) <> (match s with st7 w_XJoin w_OJoin w_XMoveC1 w_OMoveC1 w_XMoveC2 w_OMoveC2 w_XMoveC3 => w_XMoveC3.(sig_XMoveC3).(msg).(c3) end))) ((match s with st7 w_XJoin w_OJoin w_XMoveC1 w_OMoveC1 w_XMoveC2 w_OMoveC2 w_XMoveC3 => w_XMoveC2.(sig_XMoveC2).(msg).(c2) end) <> sig.(msg).(c3))) ((match s with st7 w_XJoin w_OJoin w_XMoveC1 w_OMoveC1 w_XMoveC2 w_OMoveC2 w_XMoveC3 => w_OMoveC2.(sig_OMoveC2).(msg).(c2) end) <> (match s with st7 w_XJoin w_OJoin w_XMoveC1 w_OMoveC1 w_XMoveC2 w_OMoveC2 w_XMoveC3 => w_XMoveC3.(sig_XMoveC3).(msg).(c3) end))) ((match s with st7 w_XJoin w_OJoin w_XMoveC1 w_OMoveC1 w_XMoveC2 w_OMoveC2 w_XMoveC3 => w_OMoveC2.(sig_OMoveC2).(msg).(c2) end) <> sig.(msg).(c3))) ((match s with st7 w_XJoin w_OJoin w_XMoveC1 w_OMoveC1 w_XMoveC2 w_OMoveC2 w_XMoveC3 => w_XMoveC3.(sig_XMoveC3).(msg).(c3) end) <> sig.(msg).(c3)))) : State S8 :=
  match s with
  | st7 w_XJoin w_OJoin w_XMoveC1 w_OMoveC1 w_XMoveC2 w_OMoveC2 w_XMoveC3 =>
      st8 w_XJoin w_OJoin w_XMoveC1 w_OMoveC1 w_XMoveC2 w_OMoveC2 w_XMoveC3 {| sig_OMoveC3 := sig; guard := Hguard |}
  end.

Definition step_xmovec4_from_s8 (s : State S8) (sig : Signed X P_XMoveC4)
  (Hguard : (andb (andb (andb (andb (andb (andb (andb (andb (andb (andb (andb (andb (andb (andb (andb (andb (andb (andb (andb (andb ((match s with st8 w_XJoin w_OJoin w_XMoveC1 w_OMoveC1 w_XMoveC2 w_OMoveC2 w_XMoveC3 w_OMoveC3 => w_XMoveC1.(sig_XMoveC1).(msg).(c1) end) <> (match s with st8 w_XJoin w_OJoin w_XMoveC1 w_OMoveC1 w_XMoveC2 w_OMoveC2 w_XMoveC3 w_OMoveC3 => w_OMoveC1.(sig_OMoveC1).(msg).(c1) end)) ((match s with st8 w_XJoin w_OJoin w_XMoveC1 w_OMoveC1 w_XMoveC2 w_OMoveC2 w_XMoveC3 w_OMoveC3 => w_XMoveC1.(sig_XMoveC1).(msg).(c1) end) <> (match s with st8 w_XJoin w_OJoin w_XMoveC1 w_OMoveC1 w_XMoveC2 w_OMoveC2 w_XMoveC3 w_OMoveC3 => w_XMoveC2.(sig_XMoveC2).(msg).(c2) end))) ((match s with st8 w_XJoin w_OJoin w_XMoveC1 w_OMoveC1 w_XMoveC2 w_OMoveC2 w_XMoveC3 w_OMoveC3 => w_XMoveC1.(sig_XMoveC1).(msg).(c1) end) <> (match s with st8 w_XJoin w_OJoin w_XMoveC1 w_OMoveC1 w_XMoveC2 w_OMoveC2 w_XMoveC3 w_OMoveC3 => w_OMoveC2.(sig_OMoveC2).(msg).(c2) end))) ((match s with st8 w_XJoin w_OJoin w_XMoveC1 w_OMoveC1 w_XMoveC2 w_OMoveC2 w_XMoveC3 w_OMoveC3 => w_XMoveC1.(sig_XMoveC1).(msg).(c1) end) <> (match s with st8 w_XJoin w_OJoin w_XMoveC1 w_OMoveC1 w_XMoveC2 w_OMoveC2 w_XMoveC3 w_OMoveC3 => w_XMoveC3.(sig_XMoveC3).(msg).(c3) end))) ((match s with st8 w_XJoin w_OJoin w_XMoveC1 w_OMoveC1 w_XMoveC2 w_OMoveC2 w_XMoveC3 w_OMoveC3 => w_XMoveC1.(sig_XMoveC1).(msg).(c1) end) <> (match s with st8 w_XJoin w_OJoin w_XMoveC1 w_OMoveC1 w_XMoveC2 w_OMoveC2 w_XMoveC3 w_OMoveC3 => w_OMoveC3.(sig_OMoveC3).(msg).(c3) end))) ((match s with st8 w_XJoin w_OJoin w_XMoveC1 w_OMoveC1 w_XMoveC2 w_OMoveC2 w_XMoveC3 w_OMoveC3 => w_XMoveC1.(sig_XMoveC1).(msg).(c1) end) <> sig.(msg).(c4))) ((match s with st8 w_XJoin w_OJoin w_XMoveC1 w_OMoveC1 w_XMoveC2 w_OMoveC2 w_XMoveC3 w_OMoveC3 => w_OMoveC1.(sig_OMoveC1).(msg).(c1) end) <> (match s with st8 w_XJoin w_OJoin w_XMoveC1 w_OMoveC1 w_XMoveC2 w_OMoveC2 w_XMoveC3 w_OMoveC3 => w_XMoveC2.(sig_XMoveC2).(msg).(c2) end))) ((match s with st8 w_XJoin w_OJoin w_XMoveC1 w_OMoveC1 w_XMoveC2 w_OMoveC2 w_XMoveC3 w_OMoveC3 => w_OMoveC1.(sig_OMoveC1).(msg).(c1) end) <> (match s with st8 w_XJoin w_OJoin w_XMoveC1 w_OMoveC1 w_XMoveC2 w_OMoveC2 w_XMoveC3 w_OMoveC3 => w_OMoveC2.(sig_OMoveC2).(msg).(c2) end))) ((match s with st8 w_XJoin w_OJoin w_XMoveC1 w_OMoveC1 w_XMoveC2 w_OMoveC2 w_XMoveC3 w_OMoveC3 => w_OMoveC1.(sig_OMoveC1).(msg).(c1) end) <> (match s with st8 w_XJoin w_OJoin w_XMoveC1 w_OMoveC1 w_XMoveC2 w_OMoveC2 w_XMoveC3 w_OMoveC3 => w_XMoveC3.(sig_XMoveC3).(msg).(c3) end))) ((match s with st8 w_XJoin w_OJoin w_XMoveC1 w_OMoveC1 w_XMoveC2 w_OMoveC2 w_XMoveC3 w_OMoveC3 => w_OMoveC1.(sig_OMoveC1).(msg).(c1) end) <> (match s with st8 w_XJoin w_OJoin w_XMoveC1 w_OMoveC1 w_XMoveC2 w_OMoveC2 w_XMoveC3 w_OMoveC3 => w_OMoveC3.(sig_OMoveC3).(msg).(c3) end))) ((match s with st8 w_XJoin w_OJoin w_XMoveC1 w_OMoveC1 w_XMoveC2 w_OMoveC2 w_XMoveC3 w_OMoveC3 => w_OMoveC1.(sig_OMoveC1).(msg).(c1) end) <> sig.(msg).(c4))) ((match s with st8 w_XJoin w_OJoin w_XMoveC1 w_OMoveC1 w_XMoveC2 w_OMoveC2 w_XMoveC3 w_OMoveC3 => w_XMoveC2.(sig_XMoveC2).(msg).(c2) end) <> (match s with st8 w_XJoin w_OJoin w_XMoveC1 w_OMoveC1 w_XMoveC2 w_OMoveC2 w_XMoveC3 w_OMoveC3 => w_OMoveC2.(sig_OMoveC2).(msg).(c2) end))) ((match s with st8 w_XJoin w_OJoin w_XMoveC1 w_OMoveC1 w_XMoveC2 w_OMoveC2 w_XMoveC3 w_OMoveC3 => w_XMoveC2.(sig_XMoveC2).(msg).(c2) end) <> (match s with st8 w_XJoin w_OJoin w_XMoveC1 w_OMoveC1 w_XMoveC2 w_OMoveC2 w_XMoveC3 w_OMoveC3 => w_XMoveC3.(sig_XMoveC3).(msg).(c3) end))) ((match s with st8 w_XJoin w_OJoin w_XMoveC1 w_OMoveC1 w_XMoveC2 w_OMoveC2 w_XMoveC3 w_OMoveC3 => w_XMoveC2.(sig_XMoveC2).(msg).(c2) end) <> (match s with st8 w_XJoin w_OJoin w_XMoveC1 w_OMoveC1 w_XMoveC2 w_OMoveC2 w_XMoveC3 w_OMoveC3 => w_OMoveC3.(sig_OMoveC3).(msg).(c3) end))) ((match s with st8 w_XJoin w_OJoin w_XMoveC1 w_OMoveC1 w_XMoveC2 w_OMoveC2 w_XMoveC3 w_OMoveC3 => w_XMoveC2.(sig_XMoveC2).(msg).(c2) end) <> sig.(msg).(c4))) ((match s with st8 w_XJoin w_OJoin w_XMoveC1 w_OMoveC1 w_XMoveC2 w_OMoveC2 w_XMoveC3 w_OMoveC3 => w_OMoveC2.(sig_OMoveC2).(msg).(c2) end) <> (match s with st8 w_XJoin w_OJoin w_XMoveC1 w_OMoveC1 w_XMoveC2 w_OMoveC2 w_XMoveC3 w_OMoveC3 => w_XMoveC3.(sig_XMoveC3).(msg).(c3) end))) ((match s with st8 w_XJoin w_OJoin w_XMoveC1 w_OMoveC1 w_XMoveC2 w_OMoveC2 w_XMoveC3 w_OMoveC3 => w_OMoveC2.(sig_OMoveC2).(msg).(c2) end) <> (match s with st8 w_XJoin w_OJoin w_XMoveC1 w_OMoveC1 w_XMoveC2 w_OMoveC2 w_XMoveC3 w_OMoveC3 => w_OMoveC3.(sig_OMoveC3).(msg).(c3) end))) ((match s with st8 w_XJoin w_OJoin w_XMoveC1 w_OMoveC1 w_XMoveC2 w_OMoveC2 w_XMoveC3 w_OMoveC3 => w_OMoveC2.(sig_OMoveC2).(msg).(c2) end) <> sig.(msg).(c4))) ((match s with st8 w_XJoin w_OJoin w_XMoveC1 w_OMoveC1 w_XMoveC2 w_OMoveC2 w_XMoveC3 w_OMoveC3 => w_XMoveC3.(sig_XMoveC3).(msg).(c3) end) <> (match s with st8 w_XJoin w_OJoin w_XMoveC1 w_OMoveC1 w_XMoveC2 w_OMoveC2 w_XMoveC3 w_OMoveC3 => w_OMoveC3.(sig_OMoveC3).(msg).(c3) end))) ((match s with st8 w_XJoin w_OJoin w_XMoveC1 w_OMoveC1 w_XMoveC2 w_OMoveC2 w_XMoveC3 w_OMoveC3 => w_XMoveC3.(sig_XMoveC3).(msg).(c3) end) <> sig.(msg).(c4))) ((match s with st8 w_XJoin w_OJoin w_XMoveC1 w_OMoveC1 w_XMoveC2 w_OMoveC2 w_XMoveC3 w_OMoveC3 => w_OMoveC3.(sig_OMoveC3).(msg).(c3) end) <> sig.(msg).(c4)))) : State S9 :=
  match s with
  | st8 w_XJoin w_OJoin w_XMoveC1 w_OMoveC1 w_XMoveC2 w_OMoveC2 w_XMoveC3 w_OMoveC3 =>
      st9 w_XJoin w_OJoin w_XMoveC1 w_OMoveC1 w_XMoveC2 w_OMoveC2 w_XMoveC3 w_OMoveC3 {| sig_XMoveC4 := sig; guard := Hguard |}
  end.

Definition step_omovec4_from_s9 (s : State S9) (sig : Signed O P_OMoveC4)
  (Hguard : (andb (andb (andb (andb (andb (andb (andb (andb (andb (andb (andb (andb (andb (andb (andb (andb (andb (andb (andb (andb (andb (andb (andb (andb (andb (andb (andb ((match s with st9 w_XJoin w_OJoin w_XMoveC1 w_OMoveC1 w_XMoveC2 w_OMoveC2 w_XMoveC3 w_OMoveC3 w_XMoveC4 => w_XMoveC1.(sig_XMoveC1).(msg).(c1) end) <> (match s with st9 w_XJoin w_OJoin w_XMoveC1 w_OMoveC1 w_XMoveC2 w_OMoveC2 w_XMoveC3 w_OMoveC3 w_XMoveC4 => w_OMoveC1.(sig_OMoveC1).(msg).(c1) end)) ((match s with st9 w_XJoin w_OJoin w_XMoveC1 w_OMoveC1 w_XMoveC2 w_OMoveC2 w_XMoveC3 w_OMoveC3 w_XMoveC4 => w_XMoveC1.(sig_XMoveC1).(msg).(c1) end) <> (match s with st9 w_XJoin w_OJoin w_XMoveC1 w_OMoveC1 w_XMoveC2 w_OMoveC2 w_XMoveC3 w_OMoveC3 w_XMoveC4 => w_XMoveC2.(sig_XMoveC2).(msg).(c2) end))) ((match s with st9 w_XJoin w_OJoin w_XMoveC1 w_OMoveC1 w_XMoveC2 w_OMoveC2 w_XMoveC3 w_OMoveC3 w_XMoveC4 => w_XMoveC1.(sig_XMoveC1).(msg).(c1) end) <> (match s with st9 w_XJoin w_OJoin w_XMoveC1 w_OMoveC1 w_XMoveC2 w_OMoveC2 w_XMoveC3 w_OMoveC3 w_XMoveC4 => w_OMoveC2.(sig_OMoveC2).(msg).(c2) end))) ((match s with st9 w_XJoin w_OJoin w_XMoveC1 w_OMoveC1 w_XMoveC2 w_OMoveC2 w_XMoveC3 w_OMoveC3 w_XMoveC4 => w_XMoveC1.(sig_XMoveC1).(msg).(c1) end) <> (match s with st9 w_XJoin w_OJoin w_XMoveC1 w_OMoveC1 w_XMoveC2 w_OMoveC2 w_XMoveC3 w_OMoveC3 w_XMoveC4 => w_XMoveC3.(sig_XMoveC3).(msg).(c3) end))) ((match s with st9 w_XJoin w_OJoin w_XMoveC1 w_OMoveC1 w_XMoveC2 w_OMoveC2 w_XMoveC3 w_OMoveC3 w_XMoveC4 => w_XMoveC1.(sig_XMoveC1).(msg).(c1) end) <> (match s with st9 w_XJoin w_OJoin w_XMoveC1 w_OMoveC1 w_XMoveC2 w_OMoveC2 w_XMoveC3 w_OMoveC3 w_XMoveC4 => w_OMoveC3.(sig_OMoveC3).(msg).(c3) end))) ((match s with st9 w_XJoin w_OJoin w_XMoveC1 w_OMoveC1 w_XMoveC2 w_OMoveC2 w_XMoveC3 w_OMoveC3 w_XMoveC4 => w_XMoveC1.(sig_XMoveC1).(msg).(c1) end) <> (match s with st9 w_XJoin w_OJoin w_XMoveC1 w_OMoveC1 w_XMoveC2 w_OMoveC2 w_XMoveC3 w_OMoveC3 w_XMoveC4 => w_XMoveC4.(sig_XMoveC4).(msg).(c4) end))) ((match s with st9 w_XJoin w_OJoin w_XMoveC1 w_OMoveC1 w_XMoveC2 w_OMoveC2 w_XMoveC3 w_OMoveC3 w_XMoveC4 => w_XMoveC1.(sig_XMoveC1).(msg).(c1) end) <> sig.(msg).(c4))) ((match s with st9 w_XJoin w_OJoin w_XMoveC1 w_OMoveC1 w_XMoveC2 w_OMoveC2 w_XMoveC3 w_OMoveC3 w_XMoveC4 => w_OMoveC1.(sig_OMoveC1).(msg).(c1) end) <> (match s with st9 w_XJoin w_OJoin w_XMoveC1 w_OMoveC1 w_XMoveC2 w_OMoveC2 w_XMoveC3 w_OMoveC3 w_XMoveC4 => w_XMoveC2.(sig_XMoveC2).(msg).(c2) end))) ((match s with st9 w_XJoin w_OJoin w_XMoveC1 w_OMoveC1 w_XMoveC2 w_OMoveC2 w_XMoveC3 w_OMoveC3 w_XMoveC4 => w_OMoveC1.(sig_OMoveC1).(msg).(c1) end) <> (match s with st9 w_XJoin w_OJoin w_XMoveC1 w_OMoveC1 w_XMoveC2 w_OMoveC2 w_XMoveC3 w_OMoveC3 w_XMoveC4 => w_OMoveC2.(sig_OMoveC2).(msg).(c2) end))) ((match s with st9 w_XJoin w_OJoin w_XMoveC1 w_OMoveC1 w_XMoveC2 w_OMoveC2 w_XMoveC3 w_OMoveC3 w_XMoveC4 => w_OMoveC1.(sig_OMoveC1).(msg).(c1) end) <> (match s with st9 w_XJoin w_OJoin w_XMoveC1 w_OMoveC1 w_XMoveC2 w_OMoveC2 w_XMoveC3 w_OMoveC3 w_XMoveC4 => w_XMoveC3.(sig_XMoveC3).(msg).(c3) end))) ((match s with st9 w_XJoin w_OJoin w_XMoveC1 w_OMoveC1 w_XMoveC2 w_OMoveC2 w_XMoveC3 w_OMoveC3 w_XMoveC4 => w_OMoveC1.(sig_OMoveC1).(msg).(c1) end) <> (match s with st9 w_XJoin w_OJoin w_XMoveC1 w_OMoveC1 w_XMoveC2 w_OMoveC2 w_XMoveC3 w_OMoveC3 w_XMoveC4 => w_OMoveC3.(sig_OMoveC3).(msg).(c3) end))) ((match s with st9 w_XJoin w_OJoin w_XMoveC1 w_OMoveC1 w_XMoveC2 w_OMoveC2 w_XMoveC3 w_OMoveC3 w_XMoveC4 => w_OMoveC1.(sig_OMoveC1).(msg).(c1) end) <> (match s with st9 w_XJoin w_OJoin w_XMoveC1 w_OMoveC1 w_XMoveC2 w_OMoveC2 w_XMoveC3 w_OMoveC3 w_XMoveC4 => w_XMoveC4.(sig_XMoveC4).(msg).(c4) end))) ((match s with st9 w_XJoin w_OJoin w_XMoveC1 w_OMoveC1 w_XMoveC2 w_OMoveC2 w_XMoveC3 w_OMoveC3 w_XMoveC4 => w_OMoveC1.(sig_OMoveC1).(msg).(c1) end) <> sig.(msg).(c4))) ((match s with st9 w_XJoin w_OJoin w_XMoveC1 w_OMoveC1 w_XMoveC2 w_OMoveC2 w_XMoveC3 w_OMoveC3 w_XMoveC4 => w_XMoveC2.(sig_XMoveC2).(msg).(c2) end) <> (match s with st9 w_XJoin w_OJoin w_XMoveC1 w_OMoveC1 w_XMoveC2 w_OMoveC2 w_XMoveC3 w_OMoveC3 w_XMoveC4 => w_OMoveC2.(sig_OMoveC2).(msg).(c2) end))) ((match s with st9 w_XJoin w_OJoin w_XMoveC1 w_OMoveC1 w_XMoveC2 w_OMoveC2 w_XMoveC3 w_OMoveC3 w_XMoveC4 => w_XMoveC2.(sig_XMoveC2).(msg).(c2) end) <> (match s with st9 w_XJoin w_OJoin w_XMoveC1 w_OMoveC1 w_XMoveC2 w_OMoveC2 w_XMoveC3 w_OMoveC3 w_XMoveC4 => w_XMoveC3.(sig_XMoveC3).(msg).(c3) end))) ((match s with st9 w_XJoin w_OJoin w_XMoveC1 w_OMoveC1 w_XMoveC2 w_OMoveC2 w_XMoveC3 w_OMoveC3 w_XMoveC4 => w_XMoveC2.(sig_XMoveC2).(msg).(c2) end) <> (match s with st9 w_XJoin w_OJoin w_XMoveC1 w_OMoveC1 w_XMoveC2 w_OMoveC2 w_XMoveC3 w_OMoveC3 w_XMoveC4 => w_OMoveC3.(sig_OMoveC3).(msg).(c3) end))) ((match s with st9 w_XJoin w_OJoin w_XMoveC1 w_OMoveC1 w_XMoveC2 w_OMoveC2 w_XMoveC3 w_OMoveC3 w_XMoveC4 => w_XMoveC2.(sig_XMoveC2).(msg).(c2) end) <> (match s with st9 w_XJoin w_OJoin w_XMoveC1 w_OMoveC1 w_XMoveC2 w_OMoveC2 w_XMoveC3 w_OMoveC3 w_XMoveC4 => w_XMoveC4.(sig_XMoveC4).(msg).(c4) end))) ((match s with st9 w_XJoin w_OJoin w_XMoveC1 w_OMoveC1 w_XMoveC2 w_OMoveC2 w_XMoveC3 w_OMoveC3 w_XMoveC4 => w_XMoveC2.(sig_XMoveC2).(msg).(c2) end) <> sig.(msg).(c4))) ((match s with st9 w_XJoin w_OJoin w_XMoveC1 w_OMoveC1 w_XMoveC2 w_OMoveC2 w_XMoveC3 w_OMoveC3 w_XMoveC4 => w_OMoveC2.(sig_OMoveC2).(msg).(c2) end) <> (match s with st9 w_XJoin w_OJoin w_XMoveC1 w_OMoveC1 w_XMoveC2 w_OMoveC2 w_XMoveC3 w_OMoveC3 w_XMoveC4 => w_XMoveC3.(sig_XMoveC3).(msg).(c3) end))) ((match s with st9 w_XJoin w_OJoin w_XMoveC1 w_OMoveC1 w_XMoveC2 w_OMoveC2 w_XMoveC3 w_OMoveC3 w_XMoveC4 => w_OMoveC2.(sig_OMoveC2).(msg).(c2) end) <> (match s with st9 w_XJoin w_OJoin w_XMoveC1 w_OMoveC1 w_XMoveC2 w_OMoveC2 w_XMoveC3 w_OMoveC3 w_XMoveC4 => w_OMoveC3.(sig_OMoveC3).(msg).(c3) end))) ((match s with st9 w_XJoin w_OJoin w_XMoveC1 w_OMoveC1 w_XMoveC2 w_OMoveC2 w_XMoveC3 w_OMoveC3 w_XMoveC4 => w_OMoveC2.(sig_OMoveC2).(msg).(c2) end) <> (match s with st9 w_XJoin w_OJoin w_XMoveC1 w_OMoveC1 w_XMoveC2 w_OMoveC2 w_XMoveC3 w_OMoveC3 w_XMoveC4 => w_XMoveC4.(sig_XMoveC4).(msg).(c4) end))) ((match s with st9 w_XJoin w_OJoin w_XMoveC1 w_OMoveC1 w_XMoveC2 w_OMoveC2 w_XMoveC3 w_OMoveC3 w_XMoveC4 => w_OMoveC2.(sig_OMoveC2).(msg).(c2) end) <> sig.(msg).(c4))) ((match s with st9 w_XJoin w_OJoin w_XMoveC1 w_OMoveC1 w_XMoveC2 w_OMoveC2 w_XMoveC3 w_OMoveC3 w_XMoveC4 => w_XMoveC3.(sig_XMoveC3).(msg).(c3) end) <> (match s with st9 w_XJoin w_OJoin w_XMoveC1 w_OMoveC1 w_XMoveC2 w_OMoveC2 w_XMoveC3 w_OMoveC3 w_XMoveC4 => w_OMoveC3.(sig_OMoveC3).(msg).(c3) end))) ((match s with st9 w_XJoin w_OJoin w_XMoveC1 w_OMoveC1 w_XMoveC2 w_OMoveC2 w_XMoveC3 w_OMoveC3 w_XMoveC4 => w_XMoveC3.(sig_XMoveC3).(msg).(c3) end) <> (match s with st9 w_XJoin w_OJoin w_XMoveC1 w_OMoveC1 w_XMoveC2 w_OMoveC2 w_XMoveC3 w_OMoveC3 w_XMoveC4 => w_XMoveC4.(sig_XMoveC4).(msg).(c4) end))) ((match s with st9 w_XJoin w_OJoin w_XMoveC1 w_OMoveC1 w_XMoveC2 w_OMoveC2 w_XMoveC3 w_OMoveC3 w_XMoveC4 => w_XMoveC3.(sig_XMoveC3).(msg).(c3) end) <> sig.(msg).(c4))) ((match s with st9 w_XJoin w_OJoin w_XMoveC1 w_OMoveC1 w_XMoveC2 w_OMoveC2 w_XMoveC3 w_OMoveC3 w_XMoveC4 => w_OMoveC3.(sig_OMoveC3).(msg).(c3) end) <> (match s with st9 w_XJoin w_OJoin w_XMoveC1 w_OMoveC1 w_XMoveC2 w_OMoveC2 w_XMoveC3 w_OMoveC3 w_XMoveC4 => w_XMoveC4.(sig_XMoveC4).(msg).(c4) end))) ((match s with st9 w_XJoin w_OJoin w_XMoveC1 w_OMoveC1 w_XMoveC2 w_OMoveC2 w_XMoveC3 w_OMoveC3 w_XMoveC4 => w_OMoveC3.(sig_OMoveC3).(msg).(c3) end) <> sig.(msg).(c4))) ((match s with st9 w_XJoin w_OJoin w_XMoveC1 w_OMoveC1 w_XMoveC2 w_OMoveC2 w_XMoveC3 w_OMoveC3 w_XMoveC4 => w_XMoveC4.(sig_XMoveC4).(msg).(c4) end) <> sig.(msg).(c4)))) : State S10 :=
  match s with
  | st9 w_XJoin w_OJoin w_XMoveC1 w_OMoveC1 w_XMoveC2 w_OMoveC2 w_XMoveC3 w_OMoveC3 w_XMoveC4 =>
      st10 w_XJoin w_OJoin w_XMoveC1 w_OMoveC1 w_XMoveC2 w_OMoveC2 w_XMoveC3 w_OMoveC3 w_XMoveC4 {| sig_OMoveC4 := sig; guard := Hguard |}
  end.

End TicTacToe_Protocol.

[Change at line 123]   sig_XMoveC4 : Signed X P_XMoveC4;
  guard : andb andb andb andb andb andb andb andb andb andb andb andb andb andb andb andb andb andb andb andb (w_XMoveC1.(sig_XMoveC1).(msg).(c1) <> w_OMoveC1.(sig_OMoveC1).(msg).(c1)) (w_XMoveC1.(sig_XMoveC1).(msg).(c1) <> w_XMoveC2.(sig_XMoveC2).(msg).(c2)) (w_XMoveC1.(sig_XMoveC1).(msg).(c1) <> w_OMoveC2.(sig_OMoveC2).(msg).(c2)) (w_XMoveC1.(sig_XMoveC1).(msg).(c1) <> w_XMoveC3.(sig_XMoveC3).(msg).(c3)) (w_XMoveC1.(sig_XMoveC1).(msg).(c1) <> w_OMoveC3.(sig_OMoveC3).(msg).(c3)) (w_XMoveC1.(sig_XMoveC1).(msg).(c1) <> w_XMoveC4.(sig_XMoveC4).(msg).(c4)) (w_OMoveC1.(sig_OMoveC1).(msg).(c1) <> w_XMoveC2.(sig_XMoveC2).(msg).(c2)) (w_OMoveC1.(sig_OMoveC1).(msg).(c1) <> w_OMoveC2.(sig_OMoveC2).(msg).(c2)) (w_OMoveC1.(sig_OMoveC1).(msg).(c1) <> w_XMoveC3.(sig_XMoveC3).(msg).(c3)) (w_OMoveC1.(sig_OMoveC1).(msg).(c1) <> w_OMoveC3.(sig_OMoveC3).(msg).(c3)) (w_OMoveC1.(sig_OMoveC1).(msg).(c1) <> w_XMoveC4.(sig_XMoveC4).(msg).(c4)) (w_XMoveC2.(sig_XMoveC2).(msg).(c2) <> w_OMoveC2.(sig_OMoveC2).(msg).(c2)) (w_XMoveC2.(sig_XMoveC2).(msg).(c2) <> w_XMoveC3.(sig_XMoveC3).(msg).(c3)) (w_XMoveC2.(sig_XMoveC2).(msg).(c2) <> w_OMoveC3.(sig_OMoveC3).(msg).(c3)) (w_XMoveC2.(sig_XMoveC2).(msg).(c2) <> w_XMoveC4.(sig_XMoveC4).(msg).(c4)) (w_OMoveC2.(sig_OMoveC2).(msg).(c2) <> w_XMoveC3.(sig_XMoveC3).(msg).(c3)) (w_OMoveC2.(sig_OMoveC2).(msg).(c2) <> w_OMoveC3.(sig_OMoveC3).(msg).(c3)) (w_OMoveC2.(sig_OMoveC2).(msg).(c2) <> w_XMoveC4.(sig_XMoveC4).(msg).(c4)) (w_XMoveC3.(sig_XMoveC3).(msg).(c3) <> w_OMoveC3.(sig_OMoveC3).(msg).(c3)) (w_XMoveC3.(sig_XMoveC3).(msg).(c3) <> w_XMoveC4.(sig_XMoveC4).(msg).(c4)) (w_OMoveC3.(sig_OMoveC3).(msg).(c3) <> w_XMoveC4.(sig_XMoveC4).(msg).(c4));
}.

Record W_OMoveC4 (w_XJoin : W_XJoin) (w_OJoin : (W_OJoin w_XJoin)) (w_XMoveC1 : (W_XMoveC1 w_XJoin w_OJoin)) (w_OMoveC1 : (W_OMoveC1 w_XJoin w_OJoin w_XMoveC1)) (w_XMoveC2 : (W_XMoveC2 w_XJoin w_OJoin w_XMoveC1 w_OMoveC1)) (w_OMoveC2 : (W_OMoveC2 w_XJoin w_OJoin w_XMoveC1 w_OMoveC1 w_XMoveC2)) (w_XMoveC3 : (W_XMoveC3 w_XJoin w_OJoin w_XMoveC1 w_OMoveC1 w_XMoveC2 w_OMoveC2)) (w_OMoveC3 : (W_OMoveC3 w_XJoin w_OJoin w_XMoveC1 w_OMoveC1 w_XMoveC2 w_OMoveC2 w_XMoveC3)) (w_XMoveC4 : (W_XMoveC4 w_XJoin w_OJoin w_XMoveC1 w_OMoveC1 w_XMoveC2 w_OMoveC2 w_XMoveC3 w_OMoveC3)) : Type := {
  sig_OMoveC4 : Signed O P_OMoveC4;
  guard : andb andb andb andb andb andb andb andb andb andb andb andb andb andb andb andb andb andb andb andb andb andb andb andb andb andb andb (w_XMoveC1.(sig_XMoveC1).(msg).(c1) <> w_OMoveC1.(sig_OMoveC1).(msg).(c1)) (w_XMoveC1.(sig_XMoveC1).(msg).(c1) <> w_XMoveC2.(sig_XMoveC2).(msg).(c2)) (w_XMoveC1.(sig_XMoveC1).(msg).(c1) <> w_OMoveC2.(sig_OMoveC2).(msg).(c2)) (w_XMoveC1.(sig_XMoveC1).(msg).(c1) <> w_XMoveC3.(sig_XMoveC3).(msg).(c3)) (w_XMoveC1.(sig_XMoveC1).(msg).(c1) <> w_OMoveC3.(sig_OMoveC3).(msg).(c3)) (w_XMoveC1.(sig_XMoveC1).(msg).(c1) <> w_XMoveC4.(sig_XMoveC4).(msg).(c4)) (w_XMoveC1.(sig_XMoveC1).(msg).(c1) <> w_OMoveC4.(sig_OMoveC4).(msg).(c4)) (w_OMoveC1.(sig_OMoveC1).(msg).(c1) <> w_XMoveC2.(sig_XMoveC2).(msg).(c2)) (w_OMoveC1.(sig_OMoveC1).(msg).(c1) <> w_OMoveC2.(sig_OMoveC2).(msg).(c2)) (w_OMoveC1.(sig_OMoveC1).(msg).(c1) <> w_XMoveC3.(sig_XMoveC3).(msg).(c3)) (w_OMoveC1.(sig_OMoveC1).(msg).(c1) <> w_OMoveC3.(sig_OMoveC3).(msg).(c3)) (w_OMoveC1.(sig_OMoveC1).(msg).(c1) <> w_XMoveC4.(sig_XMoveC4).(msg).(c4)) (w_OMoveC1.(sig_OMoveC1).(msg).(c1) <> w_OMoveC4.(sig_OMoveC4).(msg).(c4)) (w_XMoveC2.(sig_XMoveC2).(msg).(c2) <> w_OMoveC2.(sig_OMoveC2).(msg).(c2)) (w_XMoveC2.(sig_XMoveC2).(msg).(c2) <> w_XMoveC3.(sig_XMoveC3).(msg).(c3)) (w_XMoveC2.(sig_XMoveC2).(msg).(c2) <> w_OMoveC3.(sig_OMoveC3).(msg).(c3)) (w_XMoveC2.(sig_XMoveC2).(msg).(c2) <> w_XMoveC4.(sig_XMoveC4).(msg).(c4)) (w_XMoveC2.(sig_XMoveC2).(msg).(c2) <> w_OMoveC4.(sig_OMoveC4).(msg).(c4)) (w_OMoveC2.(sig_OMoveC2).(msg).(c2) <> w_XMoveC3.(sig_XMoveC3).(msg).(c3)) (w_OMoveC2.(sig_OMoveC2).(msg).(c2) <> w_OMoveC3.(sig_OMoveC3).(msg).(c3)) (w_OMoveC2.(sig_OMoveC2).(msg).(c2) <> w_XMoveC4.(sig_XMoveC4).(msg).(c4)) (w_OMoveC2.(sig_OMoveC2).(msg).(c2) <> w_OMoveC4.(sig_OMoveC4).(msg).(c4)) (w_XMoveC3.(sig_XMoveC3).(msg).(c3) <> w_OMoveC3.(sig_OMoveC3).(msg).(c3)) (w_XMoveC3.(sig_XMoveC3).(msg).(c3) <> w_XMoveC4.(sig_XMoveC4).(msg).(c4)) (w_XMoveC3.(sig_XMoveC3).(msg).(c3) <> w_OMoveC4.(sig_OMoveC4).(msg).(c4)) (w_OMoveC3.(sig_OMoveC3).(msg).(c3) <> w_XMoveC4.(sig_XMoveC4).(msg).(c4)) (w_OMoveC3.(sig_OMoveC3).(msg).(c3) <> w_OMoveC4.(sig_OMoveC4).(msg).(c4)) (w_XMoveC4.(sig_XMoveC4).(msg).(c4) <> w_OMoveC4.(sig_OMoveC4).(msg).(c4));
}.

(* ===================== *)
(* 5) Typed runtime/ESM  *)
(* ===================== *)

Inductive Stage : Type :=
S0 | S1 | S2 | S3 | S4 | S5 | S6 | S7 | S8 | S9 | S10.

Inductive State : Stage -> Type :=
| st0 : State S0
| st1 : (w_XJoin : W_XJoin) -> State S1
| st2 : (w_XJoin : W_XJoin) (w_OJoin : (W_OJoin w_XJoin)) -> State S2
| st3 : (w_XJoin : W_XJoin) (w_OJoin : (W_OJoin w_XJoin)) (w_XMoveC1 : (W_XMoveC1 w_XJoin w_OJoin)) -> State S3
| st4 : (w_XJoin : W_XJoin) (w_OJoin : (W_OJoin w_XJoin)) (w_XMoveC1 : (W_XMoveC1 w_XJoin w_OJoin)) (w_OMoveC1 : (W_OMoveC1 w_XJoin w_OJoin w_XMoveC1)) -> State S4
| st5 : (w_XJoin : W_XJoin) (w_OJoin : (W_OJoin w_XJoin)) (w_XMoveC1 : (W_XMoveC1 w_XJoin w_OJoin)) (w_OMoveC1 : (W_OMoveC1 w_XJoin w_OJoin w_XMoveC1)) (w_XMoveC2 : (W_XMoveC2 w_XJoin w_OJoin w_XMoveC1 w_OMoveC1)) -> State S5
| st6 : (w_XJoin : W_XJoin) (w_OJoin : (W_OJoin w_XJoin)) (w_XMoveC1 : (W_XMoveC1 w_XJoin w_OJoin)) (w_OMoveC1 : (W_OMoveC1 w_XJoin w_OJoin w_XMoveC1)) (w_XMoveC2 : (W_XMoveC2 w_XJoin w_OJoin w_XMoveC1 w_OMoveC1)) (w_OMoveC2 : (W_OMoveC2 w_XJoin w_OJoin w_XMoveC1 w_OMoveC1 w_XMoveC2)) -> State S6
| st7 : (w_XJoin : W_XJoin) (w_OJoin : (W_OJoin w_XJoin)) (w_XMoveC1 : (W_XMoveC1 w_XJoin w_OJoin)) (w_OMoveC1 : (W_OMoveC1 w_XJoin w_OJoin w_XMoveC1)) (w_XMoveC2 : (W_XMoveC2 w_XJoin w_OJoin w_XMoveC1 w_OMoveC1)) (w_OMoveC2 : (W_OMoveC2 w_XJoin w_OJoin w_XMoveC1 w_OMoveC1 w_XMoveC2)) (w_XMoveC3 : (W_XMoveC3 w_XJoin w_OJoin w_XMoveC1 w_OMoveC1 w_XMoveC2 w_OMoveC2)) -> State S7
| st8 : (w_XJoin : W_XJoin) (w_OJoin : (W_OJoin w_XJoin)) (w_XMoveC1 : (W_XMoveC1 w_XJoin w_OJoin)) (w_OMoveC1 : (W_OMoveC1 w_XJoin w_OJoin w_XMoveC1)) (w_XMoveC2 : (W_XMoveC2 w_XJoin w_OJoin w_XMoveC1 w_OMoveC1)) (w_OMoveC2 : (W_OMoveC2 w_XJoin w_OJoin w_XMoveC1 w_OMoveC1 w_XMoveC2)) (w_XMoveC3 : (W_XMoveC3 w_XJoin w_OJoin w_XMoveC1 w_OMoveC1 w_XMoveC2 w_OMoveC2)) (w_OMoveC3 : (W_OMoveC3 w_XJoin w_OJoin w_XMoveC1 w_OMoveC1 w_XMoveC2 w_OMoveC2 w_XMoveC3)) -> State S8
| st9 : (w_XJoin : W_XJoin) (w_OJoin : (W_OJoin w_XJoin)) (w_XMoveC1 : (W_XMoveC1 w_XJoin w_OJoin)) (w_OMoveC1 : (W_OMoveC1 w_XJoin w_OJoin w_XMoveC1)) (w_XMoveC2 : (W_XMoveC2 w_XJoin w_OJoin w_XMoveC1 w_OMoveC1)) (w_OMoveC2 : (W_OMoveC2 w_XJoin w_OJoin w_XMoveC1 w_OMoveC1 w_XMoveC2)) (w_XMoveC3 : (W_XMoveC3 w_XJoin w_OJoin w_XMoveC1 w_OMoveC1 w_XMoveC2 w_OMoveC2)) (w_OMoveC3 : (W_OMoveC3 w_XJoin w_OJoin w_XMoveC1 w_OMoveC1 w_XMoveC2 w_OMoveC2 w_XMoveC3)) (w_XMoveC4 : (W_XMoveC4 w_XJoin w_OJoin w_XMoveC1 w_OMoveC1 w_XMoveC2 w_OMoveC2 w_XMoveC3 w_OMoveC3)) -> State S9
| st10 : (w_XJoin : W_XJoin) (w_OJoin : (W_OJoin w_XJoin)) (w_XMoveC1 : (W_XMoveC1 w_XJoin w_OJoin)) (w_OMoveC1 : (W_OMoveC1 w_XJoin w_OJoin w_XMoveC1)) (w_XMoveC2 : (W_XMoveC2 w_XJoin w_OJoin w_XMoveC1 w_OMoveC1)) (w_OMoveC2 : (W_OMoveC2 w_XJoin w_OJoin w_XMoveC1 w_OMoveC1 w_XMoveC2)) (w_XMoveC3 : (W_XMoveC3 w_XJoin w_OJoin w_XMoveC1 w_OMoveC1 w_XMoveC2 w_OMoveC2)) (w_OMoveC3 : (W_OMoveC3 w_XJoin w_OJoin w_XMoveC1 w_OMoveC1 w_XMoveC2 w_OMoveC2 w_XMoveC3)) (w_XMoveC4 : (W_XMoveC4 w_XJoin w_OJoin w_XMoveC1 w_OMoveC1 w_XMoveC2 w_OMoveC2 w_XMoveC3 w_OMoveC3)) (w_OMoveC4 : (W_OMoveC4 w_XJoin w_OJoin w_XMoveC1 w_OMoveC1 w_XMoveC2 w_OMoveC2 w_XMoveC3 w_OMoveC3 w_XMoveC4)) -> State S10
.

(* Step API *)
Definition step_xjoin_from_s0 (s : State S0) (sig : Signed X P_XJoin)
 : State S1 :=
  match s with
  | st0 =>
      st1 {| sig_XJoin := sig |}
  end.

Definition step_ojoin_from_s1 (s : State S1) (sig : Signed O P_OJoin)
 : State S2 :=
  match s with
  | st1 w_XJoin =>
      st2 w_XJoin {| sig_OJoin := sig |}
  end.

Definition step_xmovec1_from_s2 (s : State S2) (sig : Signed X P_XMoveC1)
 : State S3 :=
  match s with
  | st2 w_XJoin w_OJoin =>
      st3 w_XJoin w_OJoin {| sig_XMoveC1 := sig |}
  end.

Definition step_omovec1_from_s3 (s : State S3) (sig : Signed O P_OMoveC1)
  (Hguard : ((match s with st3 w_XJoin w_OJoin w_XMoveC1 => w_XMoveC1.(sig_XMoveC1).(msg).(c1) end) <> sig.(msg).(c1))) : State S4 :=
  match s with
  | st3 w_XJoin w_OJoin w_XMoveC1 =>
      st4 w_XJoin w_OJoin w_XMoveC1 {| sig_OMoveC1 := sig; guard := Hguard |}
  end.

Definition step_xmovec2_from_s4 (s : State S4) (sig : Signed X P_XMoveC2)
  (Hguard : (andb (andb ((match s with st4 w_XJoin w_OJoin w_XMoveC1 w_OMoveC1 => w_XMoveC1.(sig_XMoveC1).(msg).(c1) end) <> (match s with st4 w_XJoin w_OJoin w_XMoveC1 w_OMoveC1 => w_OMoveC1.(sig_OMoveC1).(msg).(c1) end)) ((match s with st4 w_XJoin w_OJoin w_XMoveC1 w_OMoveC1 => w_XMoveC1.(sig_XMoveC1).(msg).(c1) end) <> sig.(msg).(c2))) ((match s with st4 w_XJoin w_OJoin w_XMoveC1 w_OMoveC1 => w_OMoveC1.(sig_OMoveC1).(msg).(c1) end) <> sig.(msg).(c2)))) : State S5 :=
  match s with
  | st4 w_XJoin w_OJoin w_XMoveC1 w_OMoveC1 =>
      st5 w_XJoin w_OJoin w_XMoveC1 w_OMoveC1 {| sig_XMoveC2 := sig; guard := Hguard |}
  end.

Definition step_omovec2_from_s5 (s : State S5) (sig : Signed O P_OMoveC2)
  (Hguard : (andb (andb (andb (andb (andb ((match s with st5 w_XJoin w_OJoin w_XMoveC1 w_OMoveC1 w_XMoveC2 => w_XMoveC1.(sig_XMoveC1).(msg).(c1) end) <> (match s with st5 w_XJoin w_OJoin w_XMoveC1 w_OMoveC1 w_XMoveC2 => w_OMoveC1.(sig_OMoveC1).(msg).(c1) end)) ((match s with st5 w_XJoin w_OJoin w_XMoveC1 w_OMoveC1 w_XMoveC2 => w_XMoveC1.(sig_XMoveC1).(msg).(c1) end) <> (match s with st5 w_XJoin w_OJoin w_XMoveC1 w_OMoveC1 w_XMoveC2 => w_XMoveC2.(sig_XMoveC2).(msg).(c2) end))) ((match s with st5 w_XJoin w_OJoin w_XMoveC1 w_OMoveC1 w_XMoveC2 => w_XMoveC1.(sig_XMoveC1).(msg).(c1) end) <> sig.(msg).(c2))) ((match s with st5 w_XJoin w_OJoin w_XMoveC1 w_OMoveC1 w_XMoveC2 => w_OMoveC1.(sig_OMoveC1).(msg).(c1) end) <> (match s with st5 w_XJoin w_OJoin w_XMoveC1 w_OMoveC1 w_XMoveC2 => w_XMoveC2.(sig_XMoveC2).(msg).(c2) end))) ((match s with st5 w_XJoin w_OJoin w_XMoveC1 w_OMoveC1 w_XMoveC2 => w_OMoveC1.(sig_OMoveC1).(msg).(c1) end) <> sig.(msg).(c2))) ((match s with st5 w_XJoin w_OJoin w_XMoveC1 w_OMoveC1 w_XMoveC2 => w_XMoveC2.(sig_XMoveC2).(msg).(c2) end) <> sig.(msg).(c2)))) : State S6 :=
  match s with
  | st5 w_XJoin w_OJoin w_XMoveC1 w_OMoveC1 w_XMoveC2 =>
      st6 w_XJoin w_OJoin w_XMoveC1 w_OMoveC1 w_XMoveC2 {| sig_OMoveC2 := sig; guard := Hguard |}
  end.

Definition step_xmovec3_from_s6 (s : State S6) (sig : Signed X P_XMoveC3)
  (Hguard : (andb (andb (andb (andb (andb (andb (andb (andb (andb ((match s with st6 w_XJoin w_OJoin w_XMoveC1 w_OMoveC1 w_XMoveC2 w_OMoveC2 => w_XMoveC1.(sig_XMoveC1).(msg).(c1) end) <> (match s with st6 w_XJoin w_OJoin w_XMoveC1 w_OMoveC1 w_XMoveC2 w_OMoveC2 => w_OMoveC1.(sig_OMoveC1).(msg).(c1) end)) ((match s with st6 w_XJoin w_OJoin w_XMoveC1 w_OMoveC1 w_XMoveC2 w_OMoveC2 => w_XMoveC1.(sig_XMoveC1).(msg).(c1) end) <> (match s with st6 w_XJoin w_OJoin w_XMoveC1 w_OMoveC1 w_XMoveC2 w_OMoveC2 => w_XMoveC2.(sig_XMoveC2).(msg).(c2) end))) ((match s with st6 w_XJoin w_OJoin w_XMoveC1 w_OMoveC1 w_XMoveC2 w_OMoveC2 => w_XMoveC1.(sig_XMoveC1).(msg).(c1) end) <> (match s with st6 w_XJoin w_OJoin w_XMoveC1 w_OMoveC1 w_XMoveC2 w_OMoveC2 => w_OMoveC2.(sig_OMoveC2).(msg).(c2) end))) ((match s with st6 w_XJoin w_OJoin w_XMoveC1 w_OMoveC1 w_XMoveC2 w_OMoveC2 => w_XMoveC1.(sig_XMoveC1).(msg).(c1) end) <> sig.(msg).(c3))) ((match s with st6 w_XJoin w_OJoin w_XMoveC1 w_OMoveC1 w_XMoveC2 w_OMoveC2 => w_OMoveC1.(sig_OMoveC1).(msg).(c1) end) <> (match s with st6 w_XJoin w_OJoin w_XMoveC1 w_OMoveC1 w_XMoveC2 w_OMoveC2 => w_XMoveC2.(sig_XMoveC2).(msg).(c2) end))) ((match s with st6 w_XJoin w_OJoin w_XMoveC1 w_OMoveC1 w_XMoveC2 w_OMoveC2 => w_OMoveC1.(sig_OMoveC1).(msg).(c1) end) <> (match s with st6 w_XJoin w_OJoin w_XMoveC1 w_OMoveC1 w_XMoveC2 w_OMoveC2 => w_OMoveC2.(sig_OMoveC2).(msg).(c2) end))) ((match s with st6 w_XJoin w_OJoin w_XMoveC1 w_OMoveC1 w_XMoveC2 w_OMoveC2 => w_OMoveC1.(sig_OMoveC1).(msg).(c1) end) <> sig.(msg).(c3))) ((match s with st6 w_XJoin w_OJoin w_XMoveC1 w_OMoveC1 w_XMoveC2 w_OMoveC2 => w_XMoveC2.(sig_XMoveC2).(msg).(c2) end) <> (match s with st6 w_XJoin w_OJoin w_XMoveC1 w_OMoveC1 w_XMoveC2 w_OMoveC2 => w_OMoveC2.(sig_OMoveC2).(msg).(c2) end))) ((match s with st6 w_XJoin w_OJoin w_XMoveC1 w_OMoveC1 w_XMoveC2 w_OMoveC2 => w_XMoveC2.(sig_XMoveC2).(msg).(c2) end) <> sig.(msg).(c3))) ((match s with st6 w_XJoin w_OJoin w_XMoveC1 w_OMoveC1 w_XMoveC2 w_OMoveC2 => w_OMoveC2.(sig_OMoveC2).(msg).(c2) end) <> sig.(msg).(c3)))) : State S7 :=
  match s with
  | st6 w_XJoin w_OJoin w_XMoveC1 w_OMoveC1 w_XMoveC2 w_OMoveC2 =>
      st7 w_XJoin w_OJoin w_XMoveC1 w_OMoveC1 w_XMoveC2 w_OMoveC2 {| sig_XMoveC3 := sig; guard := Hguard |}
  end.

Definition step_omovec3_from_s7 (s : State S7) (sig : Signed O P_OMoveC3)
  (Hguard : (andb (andb (andb (andb (andb (andb (andb (andb (andb (andb (andb (andb (andb (andb ((match s with st7 w_XJoin w_OJoin w_XMoveC1 w_OMoveC1 w_XMoveC2 w_OMoveC2 w_XMoveC3 => w_XMoveC1.(sig_XMoveC1).(msg).(c1) end) <> (match s with st7 w_XJoin w_OJoin w_XMoveC1 w_OMoveC1 w_XMoveC2 w_OMoveC2 w_XMoveC3 => w_OMoveC1.(sig_OMoveC1).(msg).(c1) end)) ((match s with st7 w_XJoin w_OJoin w_XMoveC1 w_OMoveC1 w_XMoveC2 w_OMoveC2 w_XMoveC3 => w_XMoveC1.(sig_XMoveC1).(msg).(c1) end) <> (match s with st7 w_XJoin w_OJoin w_XMoveC1 w_OMoveC1 w_XMoveC2 w_OMoveC2 w_XMoveC3 => w_XMoveC2.(sig_XMoveC2).(msg).(c2) end))) ((match s with st7 w_XJoin w_OJoin w_XMoveC1 w_OMoveC1 w_XMoveC2 w_OMoveC2 w_XMoveC3 => w_XMoveC1.(sig_XMoveC1).(msg).(c1) end) <> (match s with st7 w_XJoin w_OJoin w_XMoveC1 w_OMoveC1 w_XMoveC2 w_OMoveC2 w_XMoveC3 => w_OMoveC2.(sig_OMoveC2).(msg).(c2) end))) ((match s with st7 w_XJoin w_OJoin w_XMoveC1 w_OMoveC1 w_XMoveC2 w_OMoveC2 w_XMoveC3 => w_XMoveC1.(sig_XMoveC1).(msg).(c1) end) <> (match s with st7 w_XJoin w_OJoin w_XMoveC1 w_OMoveC1 w_XMoveC2 w_OMoveC2 w_XMoveC3 => w_XMoveC3.(sig_XMoveC3).(msg).(c3) end))) ((match s with st7 w_XJoin w_OJoin w_XMoveC1 w_OMoveC1 w_XMoveC2 w_OMoveC2 w_XMoveC3 => w_XMoveC1.(sig_XMoveC1).(msg).(c1) end) <> sig.(msg).(c3))) ((match s with st7 w_XJoin w_OJoin w_XMoveC1 w_OMoveC1 w_XMoveC2 w_OMoveC2 w_XMoveC3 => w_OMoveC1.(sig_OMoveC1).(msg).(c1) end) <> (match s with st7 w_XJoin w_OJoin w_XMoveC1 w_OMoveC1 w_XMoveC2 w_OMoveC2 w_XMoveC3 => w_XMoveC2.(sig_XMoveC2).(msg).(c2) end))) ((match s with st7 w_XJoin w_OJoin w_XMoveC1 w_OMoveC1 w_XMoveC2 w_OMoveC2 w_XMoveC3 => w_OMoveC1.(sig_OMoveC1).(msg).(c1) end) <> (match s with st7 w_XJoin w_OJoin w_XMoveC1 w_OMoveC1 w_XMoveC2 w_OMoveC2 w_XMoveC3 => w_OMoveC2.(sig_OMoveC2).(msg).(c2) end))) ((match s with st7 w_XJoin w_OJoin w_XMoveC1 w_OMoveC1 w_XMoveC2 w_OMoveC2 w_XMoveC3 => w_OMoveC1.(sig_OMoveC1).(msg).(c1) end) <> (match s with st7 w_XJoin w_OJoin w_XMoveC1 w_OMoveC1 w_XMoveC2 w_OMoveC2 w_XMoveC3 => w_XMoveC3.(sig_XMoveC3).(msg).(c3) end))) ((match s with st7 w_XJoin w_OJoin w_XMoveC1 w_OMoveC1 w_XMoveC2 w_OMoveC2 w_XMoveC3 => w_OMoveC1.(sig_OMoveC1).(msg).(c1) end) <> sig.(msg).(c3))) ((match s with st7 w_XJoin w_OJoin w_XMoveC1 w_OMoveC1 w_XMoveC2 w_OMoveC2 w_XMoveC3 => w_XMoveC2.(sig_XMoveC2).(msg).(c2) end) <> (match s with st7 w_XJoin w_OJoin w_XMoveC1 w_OMoveC1 w_XMoveC2 w_OMoveC2 w_XMoveC3 => w_OMoveC2.(sig_OMoveC2).(msg).(c2) end))) ((match s with st7 w_XJoin w_OJoin w_XMoveC1 w_OMoveC1 w_XMoveC2 w_OMoveC2 w_XMoveC3 => w_XMoveC2.(sig_XMoveC2).(msg).(c2) end) <> (match s with st7 w_XJoin w_OJoin w_XMoveC1 w_OMoveC1 w_XMoveC2 w_OMoveC2 w_XMoveC3 => w_XMoveC3.(sig_XMoveC3).(msg).(c3) end))) ((match s with st7 w_XJoin w_OJoin w_XMoveC1 w_OMoveC1 w_XMoveC2 w_OMoveC2 w_XMoveC3 => w_XMoveC2.(sig_XMoveC2).(msg).(c2) end) <> sig.(msg).(c3))) ((match s with st7 w_XJoin w_OJoin w_XMoveC1 w_OMoveC1 w_XMoveC2 w_OMoveC2 w_XMoveC3 => w_OMoveC2.(sig_OMoveC2).(msg).(c2) end) <> (match s with st7 w_XJoin w_OJoin w_XMoveC1 w_OMoveC1 w_XMoveC2 w_OMoveC2 w_XMoveC3 => w_XMoveC3.(sig_XMoveC3).(msg).(c3) end))) ((match s with st7 w_XJoin w_OJoin w_XMoveC1 w_OMoveC1 w_XMoveC2 w_OMoveC2 w_XMoveC3 => w_OMoveC2.(sig_OMoveC2).(msg).(c2) end) <> sig.(msg).(c3))) ((match s with st7 w_XJoin w_OJoin w_XMoveC1 w_OMoveC1 w_XMoveC2 w_OMoveC2 w_XMoveC3 => w_XMoveC3.(sig_XMoveC3).(msg).(c3) end) <> sig.(msg).(c3)))) : State S8 :=
  match s with
  | st7 w_XJoin w_OJoin w_XMoveC1 w_OMoveC1 w_XMoveC2 w_OMoveC2 w_XMoveC3 =>
      st8 w_XJoin w_OJoin w_XMoveC1 w_OMoveC1 w_XMoveC2 w_OMoveC2 w_XMoveC3 {| sig_OMoveC3 := sig; guard := Hguard |}
  end.

Definition step_xmovec4_from_s8 (s : State S8) (sig : Signed X P_XMoveC4)
  (Hguard : (andb (andb (andb (andb (andb (andb (andb (andb (andb (andb (andb (andb (andb (andb (andb (andb (andb (andb (andb (andb ((match s with st8 w_XJoin w_OJoin w_XMoveC1 w_OMoveC1 w_XMoveC2 w_OMoveC2 w_XMoveC3 w_OMoveC3 => w_XMoveC1.(sig_XMoveC1).(msg).(c1) end) <> (match s with st8 w_XJoin w_OJoin w_XMoveC1 w_OMoveC1 w_XMoveC2 w_OMoveC2 w_XMoveC3 w_OMoveC3 => w_OMoveC1.(sig_OMoveC1).(msg).(c1) end)) ((match s with st8 w_XJoin w_OJoin w_XMoveC1 w_OMoveC1 w_XMoveC2 w_OMoveC2 w_XMoveC3 w_OMoveC3 => w_XMoveC1.(sig_XMoveC1).(msg).(c1) end) <> (match s with st8 w_XJoin w_OJoin w_XMoveC1 w_OMoveC1 w_XMoveC2 w_OMoveC2 w_XMoveC3 w_OMoveC3 => w_XMoveC2.(sig_XMoveC2).(msg).(c2) end))) ((match s with st8 w_XJoin w_OJoin w_XMoveC1 w_OMoveC1 w_XMoveC2 w_OMoveC2 w_XMoveC3 w_OMoveC3 => w_XMoveC1.(sig_XMoveC1).(msg).(c1) end) <> (match s with st8 w_XJoin w_OJoin w_XMoveC1 w_OMoveC1 w_XMoveC2 w_OMoveC2 w_XMoveC3 w_OMoveC3 => w_OMoveC2.(sig_OMoveC2).(msg).(c2) end))) ((match s with st8 w_XJoin w_OJoin w_XMoveC1 w_OMoveC1 w_XMoveC2 w_OMoveC2 w_XMoveC3 w_OMoveC3 => w_XMoveC1.(sig_XMoveC1).(msg).(c1) end) <> (match s with st8 w_XJoin w_OJoin w_XMoveC1 w_OMoveC1 w_XMoveC2 w_OMoveC2 w_XMoveC3 w_OMoveC3 => w_XMoveC3.(sig_XMoveC3).(msg).(c3) end))) ((match s with st8 w_XJoin w_OJoin w_XMoveC1 w_OMoveC1 w_XMoveC2 w_OMoveC2 w_XMoveC3 w_OMoveC3 => w_XMoveC1.(sig_XMoveC1).(msg).(c1) end) <> (match s with st8 w_XJoin w_OJoin w_XMoveC1 w_OMoveC1 w_XMoveC2 w_OMoveC2 w_XMoveC3 w_OMoveC3 => w_OMoveC3.(sig_OMoveC3).(msg).(c3) end))) ((match s with st8 w_XJoin w_OJoin w_XMoveC1 w_OMoveC1 w_XMoveC2 w_OMoveC2 w_XMoveC3 w_OMoveC3 => w_XMoveC1.(sig_XMoveC1).(msg).(c1) end) <> sig.(msg).(c4))) ((match s with st8 w_XJoin w_OJoin w_XMoveC1 w_OMoveC1 w_XMoveC2 w_OMoveC2 w_XMoveC3 w_OMoveC3 => w_OMoveC1.(sig_OMoveC1).(msg).(c1) end) <> (match s with st8 w_XJoin w_OJoin w_XMoveC1 w_OMoveC1 w_XMoveC2 w_OMoveC2 w_XMoveC3 w_OMoveC3 => w_XMoveC2.(sig_XMoveC2).(msg).(c2) end))) ((match s with st8 w_XJoin w_OJoin w_XMoveC1 w_OMoveC1 w_XMoveC2 w_OMoveC2 w_XMoveC3 w_OMoveC3 => w_OMoveC1.(sig_OMoveC1).(msg).(c1) end) <> (match s with st8 w_XJoin w_OJoin w_XMoveC1 w_OMoveC1 w_XMoveC2 w_OMoveC2 w_XMoveC3 w_OMoveC3 => w_OMoveC2.(sig_OMoveC2).(msg).(c2) end))) ((match s with st8 w_XJoin w_OJoin w_XMoveC1 w_OMoveC1 w_XMoveC2 w_OMoveC2 w_XMoveC3 w_OMoveC3 => w_OMoveC1.(sig_OMoveC1).(msg).(c1) end) <> (match s with st8 w_XJoin w_OJoin w_XMoveC1 w_OMoveC1 w_XMoveC2 w_OMoveC2 w_XMoveC3 w_OMoveC3 => w_XMoveC3.(sig_XMoveC3).(msg).(c3) end))) ((match s with st8 w_XJoin w_OJoin w_XMoveC1 w_OMoveC1 w_XMoveC2 w_OMoveC2 w_XMoveC3 w_OMoveC3 => w_OMoveC1.(sig_OMoveC1).(msg).(c1) end) <> (match s with st8 w_XJoin w_OJoin w_XMoveC1 w_OMoveC1 w_XMoveC2 w_OMoveC2 w_XMoveC3 w_OMoveC3 => w_OMoveC3.(sig_OMoveC3).(msg).(c3) end))) ((match s with st8 w_XJoin w_OJoin w_XMoveC1 w_OMoveC1 w_XMoveC2 w_OMoveC2 w_XMoveC3 w_OMoveC3 => w_OMoveC1.(sig_OMoveC1).(msg).(c1) end) <> sig.(msg).(c4))) ((match s with st8 w_XJoin w_OJoin w_XMoveC1 w_OMoveC1 w_XMoveC2 w_OMoveC2 w_XMoveC3 w_OMoveC3 => w_XMoveC2.(sig_XMoveC2).(msg).(c2) end) <> (match s with st8 w_XJoin w_OJoin w_XMoveC1 w_OMoveC1 w_XMoveC2 w_OMoveC2 w_XMoveC3 w_OMoveC3 => w_OMoveC2.(sig_OMoveC2).(msg).(c2) end))) ((match s with st8 w_XJoin w_OJoin w_XMoveC1 w_OMoveC1 w_XMoveC2 w_OMoveC2 w_XMoveC3 w_OMoveC3 => w_XMoveC2.(sig_XMoveC2).(msg).(c2) end) <> (match s with st8 w_XJoin w_OJoin w_XMoveC1 w_OMoveC1 w_XMoveC2 w_OMoveC2 w_XMoveC3 w_OMoveC3 => w_XMoveC3.(sig_XMoveC3).(msg).(c3) end))) ((match s with st8 w_XJoin w_OJoin w_XMoveC1 w_OMoveC1 w_XMoveC2 w_OMoveC2 w_XMoveC3 w_OMoveC3 => w_XMoveC2.(sig_XMoveC2).(msg).(c2) end) <> (match s with st8 w_XJoin w_OJoin w_XMoveC1 w_OMoveC1 w_XMoveC2 w_OMoveC2 w_XMoveC3 w_OMoveC3 => w_OMoveC3.(sig_OMoveC3).(msg).(c3) end))) ((match s with st8 w_XJoin w_OJoin w_XMoveC1 w_OMoveC1 w_XMoveC2 w_OMoveC2 w_XMoveC3 w_OMoveC3 => w_XMoveC2.(sig_XMoveC2).(msg).(c2) end) <> sig.(msg).(c4))) ((match s with st8 w_XJoin w_OJoin w_XMoveC1 w_OMoveC1 w_XMoveC2 w_OMoveC2 w_XMoveC3 w_OMoveC3 => w_OMoveC2.(sig_OMoveC2).(msg).(c2) end) <> (match s with st8 w_XJoin w_OJoin w_XMoveC1 w_OMoveC1 w_XMoveC2 w_OMoveC2 w_XMoveC3 w_OMoveC3 => w_XMoveC3.(sig_XMoveC3).(msg).(c3) end))) ((match s with st8 w_XJoin w_OJoin w_XMoveC1 w_OMoveC1 w_XMoveC2 w_OMoveC2 w_XMoveC3 w_OMoveC3 => w_OMoveC2.(sig_OMoveC2).(msg).(c2) end) <> (match s with st8 w_XJoin w_OJoin w_XMoveC1 w_OMoveC1 w_XMoveC2 w_OMoveC2 w_XMoveC3 w_OMoveC3 => w_OMoveC3.(sig_OMoveC3).(msg).(c3) end))) ((match s with st8 w_XJoin w_OJoin w_XMoveC1 w_OMoveC1 w_XMoveC2 w_OMoveC2 w_XMoveC3 w_OMoveC3 => w_OMoveC2.(sig_OMoveC2).(msg).(c2) end) <> sig.(msg).(c4))) ((match s with st8 w_XJoin w_OJoin w_XMoveC1 w_OMoveC1 w_XMoveC2 w_OMoveC2 w_XMoveC3 w_OMoveC3 => w_XMoveC3.(sig_XMoveC3).(msg).(c3) end) <> (match s with st8 w_XJoin w_OJoin w_XMoveC1 w_OMoveC1 w_XMoveC2 w_OMoveC2 w_XMoveC3 w_OMoveC3 => w_OMoveC3.(sig_OMoveC3).(msg).(c3) end))) ((match s with st8 w_XJoin w_OJoin w_XMoveC1 w_OMoveC1 w_XMoveC2 w_OMoveC2 w_XMoveC3 w_OMoveC3 => w_XMoveC3.(sig_XMoveC3).(msg).(c3) end) <> sig.(msg).(c4))) ((match s with st8 w_XJoin w_OJoin w_XMoveC1 w_OMoveC1 w_XMoveC2 w_OMoveC2 w_XMoveC3 w_OMoveC3 => w_OMoveC3.(sig_OMoveC3).(msg).(c3) end) <> sig.(msg).(c4)))) : State S9 :=
  match s with
  | st8 w_XJoin w_OJoin w_XMoveC1 w_OMoveC1 w_XMoveC2 w_OMoveC2 w_XMoveC3 w_OMoveC3 =>
      st9 w_XJoin w_OJoin w_XMoveC1 w_OMoveC1 w_XMoveC2 w_OMoveC2 w_XMoveC3 w_OMoveC3 {| sig_XMoveC4 := sig; guard := Hguard |}
  end.

Definition step_omovec4_from_s9 (s : State S9) (sig : Signed O P_OMoveC4)
  (Hguard : (andb (andb (andb (andb (andb (andb (andb (andb (andb (andb (andb (andb (andb (andb (andb (andb (andb (andb (andb (andb (andb (andb (andb (andb (andb (andb (andb ((match s with st9 w_XJoin w_OJoin w_XMoveC1 w_OMoveC1 w_XMoveC2 w_OMoveC2 w_XMoveC3 w_OMoveC3 w_XMoveC4 => w_XMoveC1.(sig_XMoveC1).(msg).(c1) end) <> (match s with st9 w_XJoin w_OJoin w_XMoveC1 w_OMoveC1 w_XMoveC2 w_OMoveC2 w_XMoveC3 w_OMoveC3 w_XMoveC4 => w_OMoveC1.(sig_OMoveC1).(msg).(c1) end)) ((match s with st9 w_XJoin w_OJoin w_XMoveC1 w_OMoveC1 w_XMoveC2 w_OMoveC2 w_XMoveC3 w_OMoveC3 w_XMoveC4 => w_XMoveC1.(sig_XMoveC1).(msg).(c1) end) <> (match s with st9 w_XJoin w_OJoin w_XMoveC1 w_OMoveC1 w_XMoveC2 w_OMoveC2 w_XMoveC3 w_OMoveC3 w_XMoveC4 => w_XMoveC2.(sig_XMoveC2).(msg).(c2) end))) ((match s with st9 w_XJoin w_OJoin w_XMoveC1 w_OMoveC1 w_XMoveC2 w_OMoveC2 w_XMoveC3 w_OMoveC3 w_XMoveC4 => w_XMoveC1.(sig_XMoveC1).(msg).(c1) end) <> (match s with st9 w_XJoin w_OJoin w_XMoveC1 w_OMoveC1 w_XMoveC2 w_OMoveC2 w_XMoveC3 w_OMoveC3 w_XMoveC4 => w_OMoveC2.(sig_OMoveC2).(msg).(c2) end))) ((match s with st9 w_XJoin w_OJoin w_XMoveC1 w_OMoveC1 w_XMoveC2 w_OMoveC2 w_XMoveC3 w_OMoveC3 w_XMoveC4 => w_XMoveC1.(sig_XMoveC1).(msg).(c1) end) <> (match s with st9 w_XJoin w_OJoin w_XMoveC1 w_OMoveC1 w_XMoveC2 w_OMoveC2 w_XMoveC3 w_OMoveC3 w_XMoveC4 => w_XMoveC3.(sig_XMoveC3).(msg).(c3) end))) ((match s with st9 w_XJoin w_OJoin w_XMoveC1 w_OMoveC1 w_XMoveC2 w_OMoveC2 w_XMoveC3 w_OMoveC3 w_XMoveC4 => w_XMoveC1.(sig_XMoveC1).(msg).(c1) end) <> (match s with st9 w_XJoin w_OJoin w_XMoveC1 w_OMoveC1 w_XMoveC2 w_OMoveC2 w_XMoveC3 w_OMoveC3 w_XMoveC4 => w_OMoveC3.(sig_OMoveC3).(msg).(c3) end))) ((match s with st9 w_XJoin w_OJoin w_XMoveC1 w_OMoveC1 w_XMoveC2 w_OMoveC2 w_XMoveC3 w_OMoveC3 w_XMoveC4 => w_XMoveC1.(sig_XMoveC1).(msg).(c1) end) <> (match s with st9 w_XJoin w_OJoin w_XMoveC1 w_OMoveC1 w_XMoveC2 w_OMoveC2 w_XMoveC3 w_OMoveC3 w_XMoveC4 => w_XMoveC4.(sig_XMoveC4).(msg).(c4) end))) ((match s with st9 w_XJoin w_OJoin w_XMoveC1 w_OMoveC1 w_XMoveC2 w_OMoveC2 w_XMoveC3 w_OMoveC3 w_XMoveC4 => w_XMoveC1.(sig_XMoveC1).(msg).(c1) end) <> sig.(msg).(c4))) ((match s with st9 w_XJoin w_OJoin w_XMoveC1 w_OMoveC1 w_XMoveC2 w_OMoveC2 w_XMoveC3 w_OMoveC3 w_XMoveC4 => w_OMoveC1.(sig_OMoveC1).(msg).(c1) end) <> (match s with st9 w_XJoin w_OJoin w_XMoveC1 w_OMoveC1 w_XMoveC2 w_OMoveC2 w_XMoveC3 w_OMoveC3 w_XMoveC4 => w_XMoveC2.(sig_XMoveC2).(msg).(c2) end))) ((match s with st9 w_XJoin w_OJoin w_XMoveC1 w_OMoveC1 w_XMoveC2 w_OMoveC2 w_XMoveC3 w_OMoveC3 w_XMoveC4 => w_OMoveC1.(sig_OMoveC1).(msg).(c1) end) <> (match s with st9 w_XJoin w_OJoin w_XMoveC1 w_OMoveC1 w_XMoveC2 w_OMoveC2 w_XMoveC3 w_OMoveC3 w_XMoveC4 => w_OMoveC2.(sig_OMoveC2).(msg).(c2) end))) ((match s with st9 w_XJoin w_OJoin w_XMoveC1 w_OMoveC1 w_XMoveC2 w_OMoveC2 w_XMoveC3 w_OMoveC3 w_XMoveC4 => w_OMoveC1.(sig_OMoveC1).(msg).(c1) end) <> (match s with st9 w_XJoin w_OJoin w_XMoveC1 w_OMoveC1 w_XMoveC2 w_OMoveC2 w_XMoveC3 w_OMoveC3 w_XMoveC4 => w_XMoveC3.(sig_XMoveC3).(msg).(c3) end))) ((match s with st9 w_XJoin w_OJoin w_XMoveC1 w_OMoveC1 w_XMoveC2 w_OMoveC2 w_XMoveC3 w_OMoveC3 w_XMoveC4 => w_OMoveC1.(sig_OMoveC1).(msg).(c1) end) <> (match s with st9 w_XJoin w_OJoin w_XMoveC1 w_OMoveC1 w_XMoveC2 w_OMoveC2 w_XMoveC3 w_OMoveC3 w_XMoveC4 => w_OMoveC3.(sig_OMoveC3).(msg).(c3) end))) ((match s with st9 w_XJoin w_OJoin w_XMoveC1 w_OMoveC1 w_XMoveC2 w_OMoveC2 w_XMoveC3 w_OMoveC3 w_XMoveC4 => w_OMoveC1.(sig_OMoveC1).(msg).(c1) end) <> (match s with st9 w_XJoin w_OJoin w_XMoveC1 w_OMoveC1 w_XMoveC2 w_OMoveC2 w_XMoveC3 w_OMoveC3 w_XMoveC4 => w_XMoveC4.(sig_XMoveC4).(msg).(c4) end))) ((match s with st9 w_XJoin w_OJoin w_XMoveC1 w_OMoveC1 w_XMoveC2 w_OMoveC2 w_XMoveC3 w_OMoveC3 w_XMoveC4 => w_OMoveC1.(sig_OMoveC1).(msg).(c1) end) <> sig.(msg).(c4))) ((match s with st9 w_XJoin w_OJoin w_XMoveC1 w_OMoveC1 w_XMoveC2 w_OMoveC2 w_XMoveC3 w_OMoveC3 w_XMoveC4 => w_XMoveC2.(sig_XMoveC2).(msg).(c2) end) <> (match s with st9 w_XJoin w_OJoin w_XMoveC1 w_OMoveC1 w_XMoveC2 w_OMoveC2 w_XMoveC3 w_OMoveC3 w_XMoveC4 => w_OMoveC2.(sig_OMoveC2).(msg).(c2) end))) ((match s with st9 w_XJoin w_OJoin w_XMoveC1 w_OMoveC1 w_XMoveC2 w_OMoveC2 w_XMoveC3 w_OMoveC3 w_XMoveC4 => w_XMoveC2.(sig_XMoveC2).(msg).(c2) end) <> (match s with st9 w_XJoin w_OJoin w_XMoveC1 w_OMoveC1 w_XMoveC2 w_OMoveC2 w_XMoveC3 w_OMoveC3 w_XMoveC4 => w_XMoveC3.(sig_XMoveC3).(msg).(c3) end))) ((match s with st9 w_XJoin w_OJoin w_XMoveC1 w_OMoveC1 w_XMoveC2 w_OMoveC2 w_XMoveC3 w_OMoveC3 w_XMoveC4 => w_XMoveC2.(sig_XMoveC2).(msg).(c2) end) <> (match s with st9 w_XJoin w_OJoin w_XMoveC1 w_OMoveC1 w_XMoveC2 w_OMoveC2 w_XMoveC3 w_OMoveC3 w_XMoveC4 => w_OMoveC3.(sig_OMoveC3).(msg).(c3) end))) ((match s with st9 w_XJoin w_OJoin w_XMoveC1 w_OMoveC1 w_XMoveC2 w_OMoveC2 w_XMoveC3 w_OMoveC3 w_XMoveC4 => w_XMoveC2.(sig_XMoveC2).(msg).(c2) end) <> (match s with st9 w_XJoin w_OJoin w_XMoveC1 w_OMoveC1 w_XMoveC2 w_OMoveC2 w_XMoveC3 w_OMoveC3 w_XMoveC4 => w_XMoveC4.(sig_XMoveC4).(msg).(c4) end))) ((match s with st9 w_XJoin w_OJoin w_XMoveC1 w_OMoveC1 w_XMoveC2 w_OMoveC2 w_XMoveC3 w_OMoveC3 w_XMoveC4 => w_XMoveC2.(sig_XMoveC2).(msg).(c2) end) <> sig.(msg).(c4))) ((match s with st9 w_XJoin w_OJoin w_XMoveC1 w_OMoveC1 w_XMoveC2 w_OMoveC2 w_XMoveC3 w_OMoveC3 w_XMoveC4 => w_OMoveC2.(sig_OMoveC2).(msg).(c2) end) <> (match s with st9 w_XJoin w_OJoin w_XMoveC1 w_OMoveC1 w_XMoveC2 w_OMoveC2 w_XMoveC3 w_OMoveC3 w_XMoveC4 => w_XMoveC3.(sig_XMoveC3).(msg).(c3) end))) ((match s with st9 w_XJoin w_OJoin w_XMoveC1 w_OMoveC1 w_XMoveC2 w_OMoveC2 w_XMoveC3 w_OMoveC3 w_XMoveC4 => w_OMoveC2.(sig_OMoveC2).(msg).(c2) end) <> (match s with st9 w_XJoin w_OJoin w_XMoveC1 w_OMoveC1 w_XMoveC2 w_OMoveC2 w_XMoveC3 w_OMoveC3 w_XMoveC4 => w_OMoveC3.(sig_OMoveC3).(msg).(c3) end))) ((match s with st9 w_XJoin w_OJoin w_XMoveC1 w_OMoveC1 w_XMoveC2 w_OMoveC2 w_XMoveC3 w_OMoveC3 w_XMoveC4 => w_OMoveC2.(sig_OMoveC2).(msg).(c2) end) <> (match s with st9 w_XJoin w_OJoin w_XMoveC1 w_OMoveC1 w_XMoveC2 w_OMoveC2 w_XMoveC3 w_OMoveC3 w_XMoveC4 => w_XMoveC4.(sig_XMoveC4).(msg).(c4) end))) ((match s with st9 w_XJoin w_OJoin w_XMoveC1 w_OMoveC1 w_XMoveC2 w_OMoveC2 w_XMoveC3 w_OMoveC3 w_XMoveC4 => w_OMoveC2.(sig_OMoveC2).(msg).(c2) end) <> sig.(msg).(c4))) ((match s with st9 w_XJoin w_OJoin w_XMoveC1 w_OMoveC1 w_XMoveC2 w_OMoveC2 w_XMoveC3 w_OMoveC3 w_XMoveC4 => w_XMoveC3.(sig_XMoveC3).(msg).(c3) end) <> (match s with st9 w_XJoin w_OJoin w_XMoveC1 w_OMoveC1 w_XMoveC2 w_OMoveC2 w_XMoveC3 w_OMoveC3 w_XMoveC4 => w_OMoveC3.(sig_OMoveC3).(msg).(c3) end))) ((match s with st9 w_XJoin w_OJoin w_XMoveC1 w_OMoveC1 w_XMoveC2 w_OMoveC2 w_XMoveC3 w_OMoveC3 w_XMoveC4 => w_XMoveC3.(sig_XMoveC3).(msg).(c3) end) <> (match s with st9 w_XJoin w_OJoin w_XMoveC1 w_OMoveC1 w_XMoveC2 w_OMoveC2 w_XMoveC3 w_OMoveC3 w_XMoveC4 => w_XMoveC4.(sig_XMoveC4).(msg).(c4) end))) ((match s with st9 w_XJoin w_OJoin w_XMoveC1 w_OMoveC1 w_XMoveC2 w_OMoveC2 w_XMoveC3 w_OMoveC3 w_XMoveC4 => w_XMoveC3.(sig_XMoveC3).(msg).(c3) end) <> sig.(msg).(c4))) ((match s with st9 w_XJoin w_OJoin w_XMoveC1 w_OMoveC1 w_XMoveC2 w_OMoveC2 w_XMoveC3 w_OMoveC3 w_XMoveC4 => w_OMoveC3.(sig_OMoveC3).(msg).(c3) end) <> (match s with st9 w_XJoin w_OJoin w_XMoveC1 w_OMoveC1 w_XMoveC2 w_OMoveC2 w_XMoveC3 w_OMoveC3 w_XMoveC4 => w_XMoveC4.(sig_XMoveC4).(msg).(c4) end))) ((match s with st9 w_XJoin w_OJoin w_XMoveC1 w_OMoveC1 w_XMoveC2 w_OMoveC2 w_XMoveC3 w_OMoveC3 w_XMoveC4 => w_OMoveC3.(sig_OMoveC3).(msg).(c3) end) <> sig.(msg).(c4))) ((match s with st9 w_XJoin w_OJoin w_XMoveC1 w_OMoveC1 w_XMoveC2 w_OMoveC2 w_XMoveC3 w_OMoveC3 w_XMoveC4 => w_XMoveC4.(sig_XMoveC4).(msg).(c4) end) <> sig.(msg).(c4)))) : State S10 :=
  match s with
  | st9 w_XJoin w_OJoin w_XMoveC1 w_OMoveC1 w_XMoveC2 w_OMoveC2 w_XMoveC3 w_OMoveC3 w_XMoveC4 =>
      st10 w_XJoin w_OJoin w_XMoveC1 w_OMoveC1 w_XMoveC2 w_OMoveC2 w_XMoveC3 w_OMoveC3 w_XMoveC4 {| sig_OMoveC4 := sig; guard := Hguard |}
  end.

End TicTacToe_Protocol.

[Change at line 128]   sig_OMoveC4 : Signed O P_OMoveC4;
  guard : andb andb andb andb andb andb andb andb andb andb andb andb andb andb andb andb andb andb andb andb andb andb andb andb andb andb andb (w_XMoveC1.(sig_XMoveC1).(msg).(c1) <> w_OMoveC1.(sig_OMoveC1).(msg).(c1)) (w_XMoveC1.(sig_XMoveC1).(msg).(c1) <> w_XMoveC2.(sig_XMoveC2).(msg).(c2)) (w_XMoveC1.(sig_XMoveC1).(msg).(c1) <> w_OMoveC2.(sig_OMoveC2).(msg).(c2)) (w_XMoveC1.(sig_XMoveC1).(msg).(c1) <> w_XMoveC3.(sig_XMoveC3).(msg).(c3)) (w_XMoveC1.(sig_XMoveC1).(msg).(c1) <> w_OMoveC3.(sig_OMoveC3).(msg).(c3)) (w_XMoveC1.(sig_XMoveC1).(msg).(c1) <> w_XMoveC4.(sig_XMoveC4).(msg).(c4)) (w_XMoveC1.(sig_XMoveC1).(msg).(c1) <> w_OMoveC4.(sig_OMoveC4).(msg).(c4)) (w_OMoveC1.(sig_OMoveC1).(msg).(c1) <> w_XMoveC2.(sig_XMoveC2).(msg).(c2)) (w_OMoveC1.(sig_OMoveC1).(msg).(c1) <> w_OMoveC2.(sig_OMoveC2).(msg).(c2)) (w_OMoveC1.(sig_OMoveC1).(msg).(c1) <> w_XMoveC3.(sig_XMoveC3).(msg).(c3)) (w_OMoveC1.(sig_OMoveC1).(msg).(c1) <> w_OMoveC3.(sig_OMoveC3).(msg).(c3)) (w_OMoveC1.(sig_OMoveC1).(msg).(c1) <> w_XMoveC4.(sig_XMoveC4).(msg).(c4)) (w_OMoveC1.(sig_OMoveC1).(msg).(c1) <> w_OMoveC4.(sig_OMoveC4).(msg).(c4)) (w_XMoveC2.(sig_XMoveC2).(msg).(c2) <> w_OMoveC2.(sig_OMoveC2).(msg).(c2)) (w_XMoveC2.(sig_XMoveC2).(msg).(c2) <> w_XMoveC3.(sig_XMoveC3).(msg).(c3)) (w_XMoveC2.(sig_XMoveC2).(msg).(c2) <> w_OMoveC3.(sig_OMoveC3).(msg).(c3)) (w_XMoveC2.(sig_XMoveC2).(msg).(c2) <> w_XMoveC4.(sig_XMoveC4).(msg).(c4)) (w_XMoveC2.(sig_XMoveC2).(msg).(c2) <> w_OMoveC4.(sig_OMoveC4).(msg).(c4)) (w_OMoveC2.(sig_OMoveC2).(msg).(c2) <> w_XMoveC3.(sig_XMoveC3).(msg).(c3)) (w_OMoveC2.(sig_OMoveC2).(msg).(c2) <> w_OMoveC3.(sig_OMoveC3).(msg).(c3)) (w_OMoveC2.(sig_OMoveC2).(msg).(c2) <> w_XMoveC4.(sig_XMoveC4).(msg).(c4)) (w_OMoveC2.(sig_OMoveC2).(msg).(c2) <> w_OMoveC4.(sig_OMoveC4).(msg).(c4)) (w_XMoveC3.(sig_XMoveC3).(msg).(c3) <> w_OMoveC3.(sig_OMoveC3).(msg).(c3)) (w_XMoveC3.(sig_XMoveC3).(msg).(c3) <> w_XMoveC4.(sig_XMoveC4).(msg).(c4)) (w_XMoveC3.(sig_XMoveC3).(msg).(c3) <> w_OMoveC4.(sig_OMoveC4).(msg).(c4)) (w_OMoveC3.(sig_OMoveC3).(msg).(c3) <> w_XMoveC4.(sig_XMoveC4).(msg).(c4)) (w_OMoveC3.(sig_OMoveC3).(msg).(c3) <> w_OMoveC4.(sig_OMoveC4).(msg).(c4)) (w_XMoveC4.(sig_XMoveC4).(msg).(c4) <> w_OMoveC4.(sig_OMoveC4).(msg).(c4));
}.

(* ===================== *)
(* 5) Typed runtime/ESM  *)
(* ===================== *)

Inductive Stage : Type :=
S0 | S1 | S2 | S3 | S4 | S5 | S6 | S7 | S8 | S9 | S10.

Inductive State : Stage -> Type :=
| st0 : State S0
| st1 : (w_XJoin : W_XJoin) -> State S1
| st2 : (w_XJoin : W_XJoin) (w_OJoin : (W_OJoin w_XJoin)) -> State S2
| st3 : (w_XJoin : W_XJoin) (w_OJoin : (W_OJoin w_XJoin)) (w_XMoveC1 : (W_XMoveC1 w_XJoin w_OJoin)) -> State S3
| st4 : (w_XJoin : W_XJoin) (w_OJoin : (W_OJoin w_XJoin)) (w_XMoveC1 : (W_XMoveC1 w_XJoin w_OJoin)) (w_OMoveC1 : (W_OMoveC1 w_XJoin w_OJoin w_XMoveC1)) -> State S4
| st5 : (w_XJoin : W_XJoin) (w_OJoin : (W_OJoin w_XJoin)) (w_XMoveC1 : (W_XMoveC1 w_XJoin w_OJoin)) (w_OMoveC1 : (W_OMoveC1 w_XJoin w_OJoin w_XMoveC1)) (w_XMoveC2 : (W_XMoveC2 w_XJoin w_OJoin w_XMoveC1 w_OMoveC1)) -> State S5
| st6 : (w_XJoin : W_XJoin) (w_OJoin : (W_OJoin w_XJoin)) (w_XMoveC1 : (W_XMoveC1 w_XJoin w_OJoin)) (w_OMoveC1 : (W_OMoveC1 w_XJoin w_OJoin w_XMoveC1)) (w_XMoveC2 : (W_XMoveC2 w_XJoin w_OJoin w_XMoveC1 w_OMoveC1)) (w_OMoveC2 : (W_OMoveC2 w_XJoin w_OJoin w_XMoveC1 w_OMoveC1 w_XMoveC2)) -> State S6
| st7 : (w_XJoin : W_XJoin) (w_OJoin : (W_OJoin w_XJoin)) (w_XMoveC1 : (W_XMoveC1 w_XJoin w_OJoin)) (w_OMoveC1 : (W_OMoveC1 w_XJoin w_OJoin w_XMoveC1)) (w_XMoveC2 : (W_XMoveC2 w_XJoin w_OJoin w_XMoveC1 w_OMoveC1)) (w_OMoveC2 : (W_OMoveC2 w_XJoin w_OJoin w_XMoveC1 w_OMoveC1 w_XMoveC2)) (w_XMoveC3 : (W_XMoveC3 w_XJoin w_OJoin w_XMoveC1 w_OMoveC1 w_XMoveC2 w_OMoveC2)) -> State S7
| st8 : (w_XJoin : W_XJoin) (w_OJoin : (W_OJoin w_XJoin)) (w_XMoveC1 : (W_XMoveC1 w_XJoin w_OJoin)) (w_OMoveC1 : (W_OMoveC1 w_XJoin w_OJoin w_XMoveC1)) (w_XMoveC2 : (W_XMoveC2 w_XJoin w_OJoin w_XMoveC1 w_OMoveC1)) (w_OMoveC2 : (W_OMoveC2 w_XJoin w_OJoin w_XMoveC1 w_OMoveC1 w_XMoveC2)) (w_XMoveC3 : (W_XMoveC3 w_XJoin w_OJoin w_XMoveC1 w_OMoveC1 w_XMoveC2 w_OMoveC2)) (w_OMoveC3 : (W_OMoveC3 w_XJoin w_OJoin w_XMoveC1 w_OMoveC1 w_XMoveC2 w_OMoveC2 w_XMoveC3)) -> State S8
| st9 : (w_XJoin : W_XJoin) (w_OJoin : (W_OJoin w_XJoin)) (w_XMoveC1 : (W_XMoveC1 w_XJoin w_OJoin)) (w_OMoveC1 : (W_OMoveC1 w_XJoin w_OJoin w_XMoveC1)) (w_XMoveC2 : (W_XMoveC2 w_XJoin w_OJoin w_XMoveC1 w_OMoveC1)) (w_OMoveC2 : (W_OMoveC2 w_XJoin w_OJoin w_XMoveC1 w_OMoveC1 w_XMoveC2)) (w_XMoveC3 : (W_XMoveC3 w_XJoin w_OJoin w_XMoveC1 w_OMoveC1 w_XMoveC2 w_OMoveC2)) (w_OMoveC3 : (W_OMoveC3 w_XJoin w_OJoin w_XMoveC1 w_OMoveC1 w_XMoveC2 w_OMoveC2 w_XMoveC3)) (w_XMoveC4 : (W_XMoveC4 w_XJoin w_OJoin w_XMoveC1 w_OMoveC1 w_XMoveC2 w_OMoveC2 w_XMoveC3 w_OMoveC3)) -> State S9
| st10 : (w_XJoin : W_XJoin) (w_OJoin : (W_OJoin w_XJoin)) (w_XMoveC1 : (W_XMoveC1 w_XJoin w_OJoin)) (w_OMoveC1 : (W_OMoveC1 w_XJoin w_OJoin w_XMoveC1)) (w_XMoveC2 : (W_XMoveC2 w_XJoin w_OJoin w_XMoveC1 w_OMoveC1)) (w_OMoveC2 : (W_OMoveC2 w_XJoin w_OJoin w_XMoveC1 w_OMoveC1 w_XMoveC2)) (w_XMoveC3 : (W_XMoveC3 w_XJoin w_OJoin w_XMoveC1 w_OMoveC1 w_XMoveC2 w_OMoveC2)) (w_OMoveC3 : (W_OMoveC3 w_XJoin w_OJoin w_XMoveC1 w_OMoveC1 w_XMoveC2 w_OMoveC2 w_XMoveC3)) (w_XMoveC4 : (W_XMoveC4 w_XJoin w_OJoin w_XMoveC1 w_OMoveC1 w_XMoveC2 w_OMoveC2 w_XMoveC3 w_OMoveC3)) (w_OMoveC4 : (W_OMoveC4 w_XJoin w_OJoin w_XMoveC1 w_OMoveC1 w_XMoveC2 w_OMoveC2 w_XMoveC3 w_OMoveC3 w_XMoveC4)) -> State S10
.

(* Step API *)
Definition step_xjoin_from_s0 (s : State S0) (sig : Signed X P_XJoin)
 : State S1 :=
  match s with
  | st0 =>
      st1 {| sig_XJoin := sig |}
  end.

Definition step_ojoin_from_s1 (s : State S1) (sig : Signed O P_OJoin)
 : State S2 :=
  match s with
  | st1 w_XJoin =>
      st2 w_XJoin {| sig_OJoin := sig |}
  end.

Definition step_xmovec1_from_s2 (s : State S2) (sig : Signed X P_XMoveC1)
 : State S3 :=
  match s with
  | st2 w_XJoin w_OJoin =>
      st3 w_XJoin w_OJoin {| sig_XMoveC1 := sig |}
  end.

Definition step_omovec1_from_s3 (s : State S3) (sig : Signed O P_OMoveC1)
  (Hguard : ((match s with st3 w_XJoin w_OJoin w_XMoveC1 => w_XMoveC1.(sig_XMoveC1).(msg).(c1) end) <> sig.(msg).(c1))) : State S4 :=
  match s with
  | st3 w_XJoin w_OJoin w_XMoveC1 =>
      st4 w_XJoin w_OJoin w_XMoveC1 {| sig_OMoveC1 := sig; guard := Hguard |}
  end.

Definition step_xmovec2_from_s4 (s : State S4) (sig : Signed X P_XMoveC2)
  (Hguard : (andb (andb ((match s with st4 w_XJoin w_OJoin w_XMoveC1 w_OMoveC1 => w_XMoveC1.(sig_XMoveC1).(msg).(c1) end) <> (match s with st4 w_XJoin w_OJoin w_XMoveC1 w_OMoveC1 => w_OMoveC1.(sig_OMoveC1).(msg).(c1) end)) ((match s with st4 w_XJoin w_OJoin w_XMoveC1 w_OMoveC1 => w_XMoveC1.(sig_XMoveC1).(msg).(c1) end) <> sig.(msg).(c2))) ((match s with st4 w_XJoin w_OJoin w_XMoveC1 w_OMoveC1 => w_OMoveC1.(sig_OMoveC1).(msg).(c1) end) <> sig.(msg).(c2)))) : State S5 :=
  match s with
  | st4 w_XJoin w_OJoin w_XMoveC1 w_OMoveC1 =>
      st5 w_XJoin w_OJoin w_XMoveC1 w_OMoveC1 {| sig_XMoveC2 := sig; guard := Hguard |}
  end.

Definition step_omovec2_from_s5 (s : State S5) (sig : Signed O P_OMoveC2)
  (Hguard : (andb (andb (andb (andb (andb ((match s with st5 w_XJoin w_OJoin w_XMoveC1 w_OMoveC1 w_XMoveC2 => w_XMoveC1.(sig_XMoveC1).(msg).(c1) end) <> (match s with st5 w_XJoin w_OJoin w_XMoveC1 w_OMoveC1 w_XMoveC2 => w_OMoveC1.(sig_OMoveC1).(msg).(c1) end)) ((match s with st5 w_XJoin w_OJoin w_XMoveC1 w_OMoveC1 w_XMoveC2 => w_XMoveC1.(sig_XMoveC1).(msg).(c1) end) <> (match s with st5 w_XJoin w_OJoin w_XMoveC1 w_OMoveC1 w_XMoveC2 => w_XMoveC2.(sig_XMoveC2).(msg).(c2) end))) ((match s with st5 w_XJoin w_OJoin w_XMoveC1 w_OMoveC1 w_XMoveC2 => w_XMoveC1.(sig_XMoveC1).(msg).(c1) end) <> sig.(msg).(c2))) ((match s with st5 w_XJoin w_OJoin w_XMoveC1 w_OMoveC1 w_XMoveC2 => w_OMoveC1.(sig_OMoveC1).(msg).(c1) end) <> (match s with st5 w_XJoin w_OJoin w_XMoveC1 w_OMoveC1 w_XMoveC2 => w_XMoveC2.(sig_XMoveC2).(msg).(c2) end))) ((match s with st5 w_XJoin w_OJoin w_XMoveC1 w_OMoveC1 w_XMoveC2 => w_OMoveC1.(sig_OMoveC1).(msg).(c1) end) <> sig.(msg).(c2))) ((match s with st5 w_XJoin w_OJoin w_XMoveC1 w_OMoveC1 w_XMoveC2 => w_XMoveC2.(sig_XMoveC2).(msg).(c2) end) <> sig.(msg).(c2)))) : State S6 :=
  match s with
  | st5 w_XJoin w_OJoin w_XMoveC1 w_OMoveC1 w_XMoveC2 =>
      st6 w_XJoin w_OJoin w_XMoveC1 w_OMoveC1 w_XMoveC2 {| sig_OMoveC2 := sig; guard := Hguard |}
  end.

Definition step_xmovec3_from_s6 (s : State S6) (sig : Signed X P_XMoveC3)
  (Hguard : (andb (andb (andb (andb (andb (andb (andb (andb (andb ((match s with st6 w_XJoin w_OJoin w_XMoveC1 w_OMoveC1 w_XMoveC2 w_OMoveC2 => w_XMoveC1.(sig_XMoveC1).(msg).(c1) end) <> (match s with st6 w_XJoin w_OJoin w_XMoveC1 w_OMoveC1 w_XMoveC2 w_OMoveC2 => w_OMoveC1.(sig_OMoveC1).(msg).(c1) end)) ((match s with st6 w_XJoin w_OJoin w_XMoveC1 w_OMoveC1 w_XMoveC2 w_OMoveC2 => w_XMoveC1.(sig_XMoveC1).(msg).(c1) end) <> (match s with st6 w_XJoin w_OJoin w_XMoveC1 w_OMoveC1 w_XMoveC2 w_OMoveC2 => w_XMoveC2.(sig_XMoveC2).(msg).(c2) end))) ((match s with st6 w_XJoin w_OJoin w_XMoveC1 w_OMoveC1 w_XMoveC2 w_OMoveC2 => w_XMoveC1.(sig_XMoveC1).(msg).(c1) end) <> (match s with st6 w_XJoin w_OJoin w_XMoveC1 w_OMoveC1 w_XMoveC2 w_OMoveC2 => w_OMoveC2.(sig_OMoveC2).(msg).(c2) end))) ((match s with st6 w_XJoin w_OJoin w_XMoveC1 w_OMoveC1 w_XMoveC2 w_OMoveC2 => w_XMoveC1.(sig_XMoveC1).(msg).(c1) end) <> sig.(msg).(c3))) ((match s with st6 w_XJoin w_OJoin w_XMoveC1 w_OMoveC1 w_XMoveC2 w_OMoveC2 => w_OMoveC1.(sig_OMoveC1).(msg).(c1) end) <> (match s with st6 w_XJoin w_OJoin w_XMoveC1 w_OMoveC1 w_XMoveC2 w_OMoveC2 => w_XMoveC2.(sig_XMoveC2).(msg).(c2) end))) ((match s with st6 w_XJoin w_OJoin w_XMoveC1 w_OMoveC1 w_XMoveC2 w_OMoveC2 => w_OMoveC1.(sig_OMoveC1).(msg).(c1) end) <> (match s with st6 w_XJoin w_OJoin w_XMoveC1 w_OMoveC1 w_XMoveC2 w_OMoveC2 => w_OMoveC2.(sig_OMoveC2).(msg).(c2) end))) ((match s with st6 w_XJoin w_OJoin w_XMoveC1 w_OMoveC1 w_XMoveC2 w_OMoveC2 => w_OMoveC1.(sig_OMoveC1).(msg).(c1) end) <> sig.(msg).(c3))) ((match s with st6 w_XJoin w_OJoin w_XMoveC1 w_OMoveC1 w_XMoveC2 w_OMoveC2 => w_XMoveC2.(sig_XMoveC2).(msg).(c2) end) <> (match s with st6 w_XJoin w_OJoin w_XMoveC1 w_OMoveC1 w_XMoveC2 w_OMoveC2 => w_OMoveC2.(sig_OMoveC2).(msg).(c2) end))) ((match s with st6 w_XJoin w_OJoin w_XMoveC1 w_OMoveC1 w_XMoveC2 w_OMoveC2 => w_XMoveC2.(sig_XMoveC2).(msg).(c2) end) <> sig.(msg).(c3))) ((match s with st6 w_XJoin w_OJoin w_XMoveC1 w_OMoveC1 w_XMoveC2 w_OMoveC2 => w_OMoveC2.(sig_OMoveC2).(msg).(c2) end) <> sig.(msg).(c3)))) : State S7 :=
  match s with
  | st6 w_XJoin w_OJoin w_XMoveC1 w_OMoveC1 w_XMoveC2 w_OMoveC2 =>
      st7 w_XJoin w_OJoin w_XMoveC1 w_OMoveC1 w_XMoveC2 w_OMoveC2 {| sig_XMoveC3 := sig; guard := Hguard |}
  end.

Definition step_omovec3_from_s7 (s : State S7) (sig : Signed O P_OMoveC3)
  (Hguard : (andb (andb (andb (andb (andb (andb (andb (andb (andb (andb (andb (andb (andb (andb ((match s with st7 w_XJoin w_OJoin w_XMoveC1 w_OMoveC1 w_XMoveC2 w_OMoveC2 w_XMoveC3 => w_XMoveC1.(sig_XMoveC1).(msg).(c1) end) <> (match s with st7 w_XJoin w_OJoin w_XMoveC1 w_OMoveC1 w_XMoveC2 w_OMoveC2 w_XMoveC3 => w_OMoveC1.(sig_OMoveC1).(msg).(c1) end)) ((match s with st7 w_XJoin w_OJoin w_XMoveC1 w_OMoveC1 w_XMoveC2 w_OMoveC2 w_XMoveC3 => w_XMoveC1.(sig_XMoveC1).(msg).(c1) end) <> (match s with st7 w_XJoin w_OJoin w_XMoveC1 w_OMoveC1 w_XMoveC2 w_OMoveC2 w_XMoveC3 => w_XMoveC2.(sig_XMoveC2).(msg).(c2) end))) ((match s with st7 w_XJoin w_OJoin w_XMoveC1 w_OMoveC1 w_XMoveC2 w_OMoveC2 w_XMoveC3 => w_XMoveC1.(sig_XMoveC1).(msg).(c1) end) <> (match s with st7 w_XJoin w_OJoin w_XMoveC1 w_OMoveC1 w_XMoveC2 w_OMoveC2 w_XMoveC3 => w_OMoveC2.(sig_OMoveC2).(msg).(c2) end))) ((match s with st7 w_XJoin w_OJoin w_XMoveC1 w_OMoveC1 w_XMoveC2 w_OMoveC2 w_XMoveC3 => w_XMoveC1.(sig_XMoveC1).(msg).(c1) end) <> (match s with st7 w_XJoin w_OJoin w_XMoveC1 w_OMoveC1 w_XMoveC2 w_OMoveC2 w_XMoveC3 => w_XMoveC3.(sig_XMoveC3).(msg).(c3) end))) ((match s with st7 w_XJoin w_OJoin w_XMoveC1 w_OMoveC1 w_XMoveC2 w_OMoveC2 w_XMoveC3 => w_XMoveC1.(sig_XMoveC1).(msg).(c1) end) <> sig.(msg).(c3))) ((match s with st7 w_XJoin w_OJoin w_XMoveC1 w_OMoveC1 w_XMoveC2 w_OMoveC2 w_XMoveC3 => w_OMoveC1.(sig_OMoveC1).(msg).(c1) end) <> (match s with st7 w_XJoin w_OJoin w_XMoveC1 w_OMoveC1 w_XMoveC2 w_OMoveC2 w_XMoveC3 => w_XMoveC2.(sig_XMoveC2).(msg).(c2) end))) ((match s with st7 w_XJoin w_OJoin w_XMoveC1 w_OMoveC1 w_XMoveC2 w_OMoveC2 w_XMoveC3 => w_OMoveC1.(sig_OMoveC1).(msg).(c1) end) <> (match s with st7 w_XJoin w_OJoin w_XMoveC1 w_OMoveC1 w_XMoveC2 w_OMoveC2 w_XMoveC3 => w_OMoveC2.(sig_OMoveC2).(msg).(c2) end))) ((match s with st7 w_XJoin w_OJoin w_XMoveC1 w_OMoveC1 w_XMoveC2 w_OMoveC2 w_XMoveC3 => w_OMoveC1.(sig_OMoveC1).(msg).(c1) end) <> (match s with st7 w_XJoin w_OJoin w_XMoveC1 w_OMoveC1 w_XMoveC2 w_OMoveC2 w_XMoveC3 => w_XMoveC3.(sig_XMoveC3).(msg).(c3) end))) ((match s with st7 w_XJoin w_OJoin w_XMoveC1 w_OMoveC1 w_XMoveC2 w_OMoveC2 w_XMoveC3 => w_OMoveC1.(sig_OMoveC1).(msg).(c1) end) <> sig.(msg).(c3))) ((match s with st7 w_XJoin w_OJoin w_XMoveC1 w_OMoveC1 w_XMoveC2 w_OMoveC2 w_XMoveC3 => w_XMoveC2.(sig_XMoveC2).(msg).(c2) end) <> (match s with st7 w_XJoin w_OJoin w_XMoveC1 w_OMoveC1 w_XMoveC2 w_OMoveC2 w_XMoveC3 => w_OMoveC2.(sig_OMoveC2).(msg).(c2) end))) ((match s with st7 w_XJoin w_OJoin w_XMoveC1 w_OMoveC1 w_XMoveC2 w_OMoveC2 w_XMoveC3 => w_XMoveC2.(sig_XMoveC2).(msg).(c2) end) <> (match s with st7 w_XJoin w_OJoin w_XMoveC1 w_OMoveC1 w_XMoveC2 w_OMoveC2 w_XMoveC3 => w_XMoveC3.(sig_XMoveC3).(msg).(c3) end))) ((match s with st7 w_XJoin w_OJoin w_XMoveC1 w_OMoveC1 w_XMoveC2 w_OMoveC2 w_XMoveC3 => w_XMoveC2.(sig_XMoveC2).(msg).(c2) end) <> sig.(msg).(c3))) ((match s with st7 w_XJoin w_OJoin w_XMoveC1 w_OMoveC1 w_XMoveC2 w_OMoveC2 w_XMoveC3 => w_OMoveC2.(sig_OMoveC2).(msg).(c2) end) <> (match s with st7 w_XJoin w_OJoin w_XMoveC1 w_OMoveC1 w_XMoveC2 w_OMoveC2 w_XMoveC3 => w_XMoveC3.(sig_XMoveC3).(msg).(c3) end))) ((match s with st7 w_XJoin w_OJoin w_XMoveC1 w_OMoveC1 w_XMoveC2 w_OMoveC2 w_XMoveC3 => w_OMoveC2.(sig_OMoveC2).(msg).(c2) end) <> sig.(msg).(c3))) ((match s with st7 w_XJoin w_OJoin w_XMoveC1 w_OMoveC1 w_XMoveC2 w_OMoveC2 w_XMoveC3 => w_XMoveC3.(sig_XMoveC3).(msg).(c3) end) <> sig.(msg).(c3)))) : State S8 :=
  match s with
  | st7 w_XJoin w_OJoin w_XMoveC1 w_OMoveC1 w_XMoveC2 w_OMoveC2 w_XMoveC3 =>
      st8 w_XJoin w_OJoin w_XMoveC1 w_OMoveC1 w_XMoveC2 w_OMoveC2 w_XMoveC3 {| sig_OMoveC3 := sig; guard := Hguard |}
  end.

Definition step_xmovec4_from_s8 (s : State S8) (sig : Signed X P_XMoveC4)
  (Hguard : (andb (andb (andb (andb (andb (andb (andb (andb (andb (andb (andb (andb (andb (andb (andb (andb (andb (andb (andb (andb ((match s with st8 w_XJoin w_OJoin w_XMoveC1 w_OMoveC1 w_XMoveC2 w_OMoveC2 w_XMoveC3 w_OMoveC3 => w_XMoveC1.(sig_XMoveC1).(msg).(c1) end) <> (match s with st8 w_XJoin w_OJoin w_XMoveC1 w_OMoveC1 w_XMoveC2 w_OMoveC2 w_XMoveC3 w_OMoveC3 => w_OMoveC1.(sig_OMoveC1).(msg).(c1) end)) ((match s with st8 w_XJoin w_OJoin w_XMoveC1 w_OMoveC1 w_XMoveC2 w_OMoveC2 w_XMoveC3 w_OMoveC3 => w_XMoveC1.(sig_XMoveC1).(msg).(c1) end) <> (match s with st8 w_XJoin w_OJoin w_XMoveC1 w_OMoveC1 w_XMoveC2 w_OMoveC2 w_XMoveC3 w_OMoveC3 => w_XMoveC2.(sig_XMoveC2).(msg).(c2) end))) ((match s with st8 w_XJoin w_OJoin w_XMoveC1 w_OMoveC1 w_XMoveC2 w_OMoveC2 w_XMoveC3 w_OMoveC3 => w_XMoveC1.(sig_XMoveC1).(msg).(c1) end) <> (match s with st8 w_XJoin w_OJoin w_XMoveC1 w_OMoveC1 w_XMoveC2 w_OMoveC2 w_XMoveC3 w_OMoveC3 => w_OMoveC2.(sig_OMoveC2).(msg).(c2) end))) ((match s with st8 w_XJoin w_OJoin w_XMoveC1 w_OMoveC1 w_XMoveC2 w_OMoveC2 w_XMoveC3 w_OMoveC3 => w_XMoveC1.(sig_XMoveC1).(msg).(c1) end) <> (match s with st8 w_XJoin w_OJoin w_XMoveC1 w_OMoveC1 w_XMoveC2 w_OMoveC2 w_XMoveC3 w_OMoveC3 => w_XMoveC3.(sig_XMoveC3).(msg).(c3) end))) ((match s with st8 w_XJoin w_OJoin w_XMoveC1 w_OMoveC1 w_XMoveC2 w_OMoveC2 w_XMoveC3 w_OMoveC3 => w_XMoveC1.(sig_XMoveC1).(msg).(c1) end) <> (match s with st8 w_XJoin w_OJoin w_XMoveC1 w_OMoveC1 w_XMoveC2 w_OMoveC2 w_XMoveC3 w_OMoveC3 => w_OMoveC3.(sig_OMoveC3).(msg).(c3) end))) ((match s with st8 w_XJoin w_OJoin w_XMoveC1 w_OMoveC1 w_XMoveC2 w_OMoveC2 w_XMoveC3 w_OMoveC3 => w_XMoveC1.(sig_XMoveC1).(msg).(c1) end) <> sig.(msg).(c4))) ((match s with st8 w_XJoin w_OJoin w_XMoveC1 w_OMoveC1 w_XMoveC2 w_OMoveC2 w_XMoveC3 w_OMoveC3 => w_OMoveC1.(sig_OMoveC1).(msg).(c1) end) <> (match s with st8 w_XJoin w_OJoin w_XMoveC1 w_OMoveC1 w_XMoveC2 w_OMoveC2 w_XMoveC3 w_OMoveC3 => w_XMoveC2.(sig_XMoveC2).(msg).(c2) end))) ((match s with st8 w_XJoin w_OJoin w_XMoveC1 w_OMoveC1 w_XMoveC2 w_OMoveC2 w_XMoveC3 w_OMoveC3 => w_OMoveC1.(sig_OMoveC1).(msg).(c1) end) <> (match s with st8 w_XJoin w_OJoin w_XMoveC1 w_OMoveC1 w_XMoveC2 w_OMoveC2 w_XMoveC3 w_OMoveC3 => w_OMoveC2.(sig_OMoveC2).(msg).(c2) end))) ((match s with st8 w_XJoin w_OJoin w_XMoveC1 w_OMoveC1 w_XMoveC2 w_OMoveC2 w_XMoveC3 w_OMoveC3 => w_OMoveC1.(sig_OMoveC1).(msg).(c1) end) <> (match s with st8 w_XJoin w_OJoin w_XMoveC1 w_OMoveC1 w_XMoveC2 w_OMoveC2 w_XMoveC3 w_OMoveC3 => w_XMoveC3.(sig_XMoveC3).(msg).(c3) end))) ((match s with st8 w_XJoin w_OJoin w_XMoveC1 w_OMoveC1 w_XMoveC2 w_OMoveC2 w_XMoveC3 w_OMoveC3 => w_OMoveC1.(sig_OMoveC1).(msg).(c1) end) <> (match s with st8 w_XJoin w_OJoin w_XMoveC1 w_OMoveC1 w_XMoveC2 w_OMoveC2 w_XMoveC3 w_OMoveC3 => w_OMoveC3.(sig_OMoveC3).(msg).(c3) end))) ((match s with st8 w_XJoin w_OJoin w_XMoveC1 w_OMoveC1 w_XMoveC2 w_OMoveC2 w_XMoveC3 w_OMoveC3 => w_OMoveC1.(sig_OMoveC1).(msg).(c1) end) <> sig.(msg).(c4))) ((match s with st8 w_XJoin w_OJoin w_XMoveC1 w_OMoveC1 w_XMoveC2 w_OMoveC2 w_XMoveC3 w_OMoveC3 => w_XMoveC2.(sig_XMoveC2).(msg).(c2) end) <> (match s with st8 w_XJoin w_OJoin w_XMoveC1 w_OMoveC1 w_XMoveC2 w_OMoveC2 w_XMoveC3 w_OMoveC3 => w_OMoveC2.(sig_OMoveC2).(msg).(c2) end))) ((match s with st8 w_XJoin w_OJoin w_XMoveC1 w_OMoveC1 w_XMoveC2 w_OMoveC2 w_XMoveC3 w_OMoveC3 => w_XMoveC2.(sig_XMoveC2).(msg).(c2) end) <> (match s with st8 w_XJoin w_OJoin w_XMoveC1 w_OMoveC1 w_XMoveC2 w_OMoveC2 w_XMoveC3 w_OMoveC3 => w_XMoveC3.(sig_XMoveC3).(msg).(c3) end))) ((match s with st8 w_XJoin w_OJoin w_XMoveC1 w_OMoveC1 w_XMoveC2 w_OMoveC2 w_XMoveC3 w_OMoveC3 => w_XMoveC2.(sig_XMoveC2).(msg).(c2) end) <> (match s with st8 w_XJoin w_OJoin w_XMoveC1 w_OMoveC1 w_XMoveC2 w_OMoveC2 w_XMoveC3 w_OMoveC3 => w_OMoveC3.(sig_OMoveC3).(msg).(c3) end))) ((match s with st8 w_XJoin w_OJoin w_XMoveC1 w_OMoveC1 w_XMoveC2 w_OMoveC2 w_XMoveC3 w_OMoveC3 => w_XMoveC2.(sig_XMoveC2).(msg).(c2) end) <> sig.(msg).(c4))) ((match s with st8 w_XJoin w_OJoin w_XMoveC1 w_OMoveC1 w_XMoveC2 w_OMoveC2 w_XMoveC3 w_OMoveC3 => w_OMoveC2.(sig_OMoveC2).(msg).(c2) end) <> (match s with st8 w_XJoin w_OJoin w_XMoveC1 w_OMoveC1 w_XMoveC2 w_OMoveC2 w_XMoveC3 w_OMoveC3 => w_XMoveC3.(sig_XMoveC3).(msg).(c3) end))) ((match s with st8 w_XJoin w_OJoin w_XMoveC1 w_OMoveC1 w_XMoveC2 w_OMoveC2 w_XMoveC3 w_OMoveC3 => w_OMoveC2.(sig_OMoveC2).(msg).(c2) end) <> (match s with st8 w_XJoin w_OJoin w_XMoveC1 w_OMoveC1 w_XMoveC2 w_OMoveC2 w_XMoveC3 w_OMoveC3 => w_OMoveC3.(sig_OMoveC3).(msg).(c3) end))) ((match s with st8 w_XJoin w_OJoin w_XMoveC1 w_OMoveC1 w_XMoveC2 w_OMoveC2 w_XMoveC3 w_OMoveC3 => w_OMoveC2.(sig_OMoveC2).(msg).(c2) end) <> sig.(msg).(c4))) ((match s with st8 w_XJoin w_OJoin w_XMoveC1 w_OMoveC1 w_XMoveC2 w_OMoveC2 w_XMoveC3 w_OMoveC3 => w_XMoveC3.(sig_XMoveC3).(msg).(c3) end) <> (match s with st8 w_XJoin w_OJoin w_XMoveC1 w_OMoveC1 w_XMoveC2 w_OMoveC2 w_XMoveC3 w_OMoveC3 => w_OMoveC3.(sig_OMoveC3).(msg).(c3) end))) ((match s with st8 w_XJoin w_OJoin w_XMoveC1 w_OMoveC1 w_XMoveC2 w_OMoveC2 w_XMoveC3 w_OMoveC3 => w_XMoveC3.(sig_XMoveC3).(msg).(c3) end) <> sig.(msg).(c4))) ((match s with st8 w_XJoin w_OJoin w_XMoveC1 w_OMoveC1 w_XMoveC2 w_OMoveC2 w_XMoveC3 w_OMoveC3 => w_OMoveC3.(sig_OMoveC3).(msg).(c3) end) <> sig.(msg).(c4)))) : State S9 :=
  match s with
  | st8 w_XJoin w_OJoin w_XMoveC1 w_OMoveC1 w_XMoveC2 w_OMoveC2 w_XMoveC3 w_OMoveC3 =>
      st9 w_XJoin w_OJoin w_XMoveC1 w_OMoveC1 w_XMoveC2 w_OMoveC2 w_XMoveC3 w_OMoveC3 {| sig_XMoveC4 := sig; guard := Hguard |}
  end.

Definition step_omovec4_from_s9 (s : State S9) (sig : Signed O P_OMoveC4)
  (Hguard : (andb (andb (andb (andb (andb (andb (andb (andb (andb (andb (andb (andb (andb (andb (andb (andb (andb (andb (andb (andb (andb (andb (andb (andb (andb (andb (andb ((match s with st9 w_XJoin w_OJoin w_XMoveC1 w_OMoveC1 w_XMoveC2 w_OMoveC2 w_XMoveC3 w_OMoveC3 w_XMoveC4 => w_XMoveC1.(sig_XMoveC1).(msg).(c1) end) <> (match s with st9 w_XJoin w_OJoin w_XMoveC1 w_OMoveC1 w_XMoveC2 w_OMoveC2 w_XMoveC3 w_OMoveC3 w_XMoveC4 => w_OMoveC1.(sig_OMoveC1).(msg).(c1) end)) ((match s with st9 w_XJoin w_OJoin w_XMoveC1 w_OMoveC1 w_XMoveC2 w_OMoveC2 w_XMoveC3 w_OMoveC3 w_XMoveC4 => w_XMoveC1.(sig_XMoveC1).(msg).(c1) end) <> (match s with st9 w_XJoin w_OJoin w_XMoveC1 w_OMoveC1 w_XMoveC2 w_OMoveC2 w_XMoveC3 w_OMoveC3 w_XMoveC4 => w_XMoveC2.(sig_XMoveC2).(msg).(c2) end))) ((match s with st9 w_XJoin w_OJoin w_XMoveC1 w_OMoveC1 w_XMoveC2 w_OMoveC2 w_XMoveC3 w_OMoveC3 w_XMoveC4 => w_XMoveC1.(sig_XMoveC1).(msg).(c1) end) <> (match s with st9 w_XJoin w_OJoin w_XMoveC1 w_OMoveC1 w_XMoveC2 w_OMoveC2 w_XMoveC3 w_OMoveC3 w_XMoveC4 => w_OMoveC2.(sig_OMoveC2).(msg).(c2) end))) ((match s with st9 w_XJoin w_OJoin w_XMoveC1 w_OMoveC1 w_XMoveC2 w_OMoveC2 w_XMoveC3 w_OMoveC3 w_XMoveC4 => w_XMoveC1.(sig_XMoveC1).(msg).(c1) end) <> (match s with st9 w_XJoin w_OJoin w_XMoveC1 w_OMoveC1 w_XMoveC2 w_OMoveC2 w_XMoveC3 w_OMoveC3 w_XMoveC4 => w_XMoveC3.(sig_XMoveC3).(msg).(c3) end))) ((match s with st9 w_XJoin w_OJoin w_XMoveC1 w_OMoveC1 w_XMoveC2 w_OMoveC2 w_XMoveC3 w_OMoveC3 w_XMoveC4 => w_XMoveC1.(sig_XMoveC1).(msg).(c1) end) <> (match s with st9 w_XJoin w_OJoin w_XMoveC1 w_OMoveC1 w_XMoveC2 w_OMoveC2 w_XMoveC3 w_OMoveC3 w_XMoveC4 => w_OMoveC3.(sig_OMoveC3).(msg).(c3) end))) ((match s with st9 w_XJoin w_OJoin w_XMoveC1 w_OMoveC1 w_XMoveC2 w_OMoveC2 w_XMoveC3 w_OMoveC3 w_XMoveC4 => w_XMoveC1.(sig_XMoveC1).(msg).(c1) end) <> (match s with st9 w_XJoin w_OJoin w_XMoveC1 w_OMoveC1 w_XMoveC2 w_OMoveC2 w_XMoveC3 w_OMoveC3 w_XMoveC4 => w_XMoveC4.(sig_XMoveC4).(msg).(c4) end))) ((match s with st9 w_XJoin w_OJoin w_XMoveC1 w_OMoveC1 w_XMoveC2 w_OMoveC2 w_XMoveC3 w_OMoveC3 w_XMoveC4 => w_XMoveC1.(sig_XMoveC1).(msg).(c1) end) <> sig.(msg).(c4))) ((match s with st9 w_XJoin w_OJoin w_XMoveC1 w_OMoveC1 w_XMoveC2 w_OMoveC2 w_XMoveC3 w_OMoveC3 w_XMoveC4 => w_OMoveC1.(sig_OMoveC1).(msg).(c1) end) <> (match s with st9 w_XJoin w_OJoin w_XMoveC1 w_OMoveC1 w_XMoveC2 w_OMoveC2 w_XMoveC3 w_OMoveC3 w_XMoveC4 => w_XMoveC2.(sig_XMoveC2).(msg).(c2) end))) ((match s with st9 w_XJoin w_OJoin w_XMoveC1 w_OMoveC1 w_XMoveC2 w_OMoveC2 w_XMoveC3 w_OMoveC3 w_XMoveC4 => w_OMoveC1.(sig_OMoveC1).(msg).(c1) end) <> (match s with st9 w_XJoin w_OJoin w_XMoveC1 w_OMoveC1 w_XMoveC2 w_OMoveC2 w_XMoveC3 w_OMoveC3 w_XMoveC4 => w_OMoveC2.(sig_OMoveC2).(msg).(c2) end))) ((match s with st9 w_XJoin w_OJoin w_XMoveC1 w_OMoveC1 w_XMoveC2 w_OMoveC2 w_XMoveC3 w_OMoveC3 w_XMoveC4 => w_OMoveC1.(sig_OMoveC1).(msg).(c1) end) <> (match s with st9 w_XJoin w_OJoin w_XMoveC1 w_OMoveC1 w_XMoveC2 w_OMoveC2 w_XMoveC3 w_OMoveC3 w_XMoveC4 => w_XMoveC3.(sig_XMoveC3).(msg).(c3) end))) ((match s with st9 w_XJoin w_OJoin w_XMoveC1 w_OMoveC1 w_XMoveC2 w_OMoveC2 w_XMoveC3 w_OMoveC3 w_XMoveC4 => w_OMoveC1.(sig_OMoveC1).(msg).(c1) end) <> (match s with st9 w_XJoin w_OJoin w_XMoveC1 w_OMoveC1 w_XMoveC2 w_OMoveC2 w_XMoveC3 w_OMoveC3 w_XMoveC4 => w_OMoveC3.(sig_OMoveC3).(msg).(c3) end))) ((match s with st9 w_XJoin w_OJoin w_XMoveC1 w_OMoveC1 w_XMoveC2 w_OMoveC2 w_XMoveC3 w_OMoveC3 w_XMoveC4 => w_OMoveC1.(sig_OMoveC1).(msg).(c1) end) <> (match s with st9 w_XJoin w_OJoin w_XMoveC1 w_OMoveC1 w_XMoveC2 w_OMoveC2 w_XMoveC3 w_OMoveC3 w_XMoveC4 => w_XMoveC4.(sig_XMoveC4).(msg).(c4) end))) ((match s with st9 w_XJoin w_OJoin w_XMoveC1 w_OMoveC1 w_XMoveC2 w_OMoveC2 w_XMoveC3 w_OMoveC3 w_XMoveC4 => w_OMoveC1.(sig_OMoveC1).(msg).(c1) end) <> sig.(msg).(c4))) ((match s with st9 w_XJoin w_OJoin w_XMoveC1 w_OMoveC1 w_XMoveC2 w_OMoveC2 w_XMoveC3 w_OMoveC3 w_XMoveC4 => w_XMoveC2.(sig_XMoveC2).(msg).(c2) end) <> (match s with st9 w_XJoin w_OJoin w_XMoveC1 w_OMoveC1 w_XMoveC2 w_OMoveC2 w_XMoveC3 w_OMoveC3 w_XMoveC4 => w_OMoveC2.(sig_OMoveC2).(msg).(c2) end))) ((match s with st9 w_XJoin w_OJoin w_XMoveC1 w_OMoveC1 w_XMoveC2 w_OMoveC2 w_XMoveC3 w_OMoveC3 w_XMoveC4 => w_XMoveC2.(sig_XMoveC2).(msg).(c2) end) <> (match s with st9 w_XJoin w_OJoin w_XMoveC1 w_OMoveC1 w_XMoveC2 w_OMoveC2 w_XMoveC3 w_OMoveC3 w_XMoveC4 => w_XMoveC3.(sig_XMoveC3).(msg).(c3) end))) ((match s with st9 w_XJoin w_OJoin w_XMoveC1 w_OMoveC1 w_XMoveC2 w_OMoveC2 w_XMoveC3 w_OMoveC3 w_XMoveC4 => w_XMoveC2.(sig_XMoveC2).(msg).(c2) end) <> (match s with st9 w_XJoin w_OJoin w_XMoveC1 w_OMoveC1 w_XMoveC2 w_OMoveC2 w_XMoveC3 w_OMoveC3 w_XMoveC4 => w_OMoveC3.(sig_OMoveC3).(msg).(c3) end))) ((match s with st9 w_XJoin w_OJoin w_XMoveC1 w_OMoveC1 w_XMoveC2 w_OMoveC2 w_XMoveC3 w_OMoveC3 w_XMoveC4 => w_XMoveC2.(sig_XMoveC2).(msg).(c2) end) <> (match s with st9 w_XJoin w_OJoin w_XMoveC1 w_OMoveC1 w_XMoveC2 w_OMoveC2 w_XMoveC3 w_OMoveC3 w_XMoveC4 => w_XMoveC4.(sig_XMoveC4).(msg).(c4) end))) ((match s with st9 w_XJoin w_OJoin w_XMoveC1 w_OMoveC1 w_XMoveC2 w_OMoveC2 w_XMoveC3 w_OMoveC3 w_XMoveC4 => w_XMoveC2.(sig_XMoveC2).(msg).(c2) end) <> sig.(msg).(c4))) ((match s with st9 w_XJoin w_OJoin w_XMoveC1 w_OMoveC1 w_XMoveC2 w_OMoveC2 w_XMoveC3 w_OMoveC3 w_XMoveC4 => w_OMoveC2.(sig_OMoveC2).(msg).(c2) end) <> (match s with st9 w_XJoin w_OJoin w_XMoveC1 w_OMoveC1 w_XMoveC2 w_OMoveC2 w_XMoveC3 w_OMoveC3 w_XMoveC4 => w_XMoveC3.(sig_XMoveC3).(msg).(c3) end))) ((match s with st9 w_XJoin w_OJoin w_XMoveC1 w_OMoveC1 w_XMoveC2 w_OMoveC2 w_XMoveC3 w_OMoveC3 w_XMoveC4 => w_OMoveC2.(sig_OMoveC2).(msg).(c2) end) <> (match s with st9 w_XJoin w_OJoin w_XMoveC1 w_OMoveC1 w_XMoveC2 w_OMoveC2 w_XMoveC3 w_OMoveC3 w_XMoveC4 => w_OMoveC3.(sig_OMoveC3).(msg).(c3) end))) ((match s with st9 w_XJoin w_OJoin w_XMoveC1 w_OMoveC1 w_XMoveC2 w_OMoveC2 w_XMoveC3 w_OMoveC3 w_XMoveC4 => w_OMoveC2.(sig_OMoveC2).(msg).(c2) end) <> (match s with st9 w_XJoin w_OJoin w_XMoveC1 w_OMoveC1 w_XMoveC2 w_OMoveC2 w_XMoveC3 w_OMoveC3 w_XMoveC4 => w_XMoveC4.(sig_XMoveC4).(msg).(c4) end))) ((match s with st9 w_XJoin w_OJoin w_XMoveC1 w_OMoveC1 w_XMoveC2 w_OMoveC2 w_XMoveC3 w_OMoveC3 w_XMoveC4 => w_OMoveC2.(sig_OMoveC2).(msg).(c2) end) <> sig.(msg).(c4))) ((match s with st9 w_XJoin w_OJoin w_XMoveC1 w_OMoveC1 w_XMoveC2 w_OMoveC2 w_XMoveC3 w_OMoveC3 w_XMoveC4 => w_XMoveC3.(sig_XMoveC3).(msg).(c3) end) <> (match s with st9 w_XJoin w_OJoin w_XMoveC1 w_OMoveC1 w_XMoveC2 w_OMoveC2 w_XMoveC3 w_OMoveC3 w_XMoveC4 => w_OMoveC3.(sig_OMoveC3).(msg).(c3) end))) ((match s with st9 w_XJoin w_OJoin w_XMoveC1 w_OMoveC1 w_XMoveC2 w_OMoveC2 w_XMoveC3 w_OMoveC3 w_XMoveC4 => w_XMoveC3.(sig_XMoveC3).(msg).(c3) end) <> (match s with st9 w_XJoin w_OJoin w_XMoveC1 w_OMoveC1 w_XMoveC2 w_OMoveC2 w_XMoveC3 w_OMoveC3 w_XMoveC4 => w_XMoveC4.(sig_XMoveC4).(msg).(c4) end))) ((match s with st9 w_XJoin w_OJoin w_XMoveC1 w_OMoveC1 w_XMoveC2 w_OMoveC2 w_XMoveC3 w_OMoveC3 w_XMoveC4 => w_XMoveC3.(sig_XMoveC3).(msg).(c3) end) <> sig.(msg).(c4))) ((match s with st9 w_XJoin w_OJoin w_XMoveC1 w_OMoveC1 w_XMoveC2 w_OMoveC2 w_XMoveC3 w_OMoveC3 w_XMoveC4 => w_OMoveC3.(sig_OMoveC3).(msg).(c3) end) <> (match s with st9 w_XJoin w_OJoin w_XMoveC1 w_OMoveC1 w_XMoveC2 w_OMoveC2 w_XMoveC3 w_OMoveC3 w_XMoveC4 => w_XMoveC4.(sig_XMoveC4).(msg).(c4) end))) ((match s with st9 w_XJoin w_OJoin w_XMoveC1 w_OMoveC1 w_XMoveC2 w_OMoveC2 w_XMoveC3 w_OMoveC3 w_XMoveC4 => w_OMoveC3.(sig_OMoveC3).(msg).(c3) end) <> sig.(msg).(c4))) ((match s with st9 w_XJoin w_OJoin w_XMoveC1 w_OMoveC1 w_XMoveC2 w_OMoveC2 w_XMoveC3 w_OMoveC3 w_XMoveC4 => w_XMoveC4.(sig_XMoveC4).(msg).(c4) end) <> sig.(msg).(c4)))) : State S10 :=
  match s with
  | st9 w_XJoin w_OJoin w_XMoveC1 w_OMoveC1 w_XMoveC2 w_OMoveC2 w_XMoveC3 w_OMoveC3 w_XMoveC4 =>
      st10 w_XJoin w_OJoin w_XMoveC1 w_OMoveC1 w_XMoveC2 w_OMoveC2 w_XMoveC3 w_OMoveC3 w_XMoveC4 {| sig_OMoveC4 := sig; guard := Hguard |}
  end.

End TicTacToe_Protocol.> but was:<[Change at line 98]   sig_OMoveC1 : Signed O P_OMoveC1;
  guard : (w_XMoveC1.(sig_XMoveC1).(msg).(c1) <> sig_OMoveC1.(msg).(c1));
}.

Record W_XMoveC2 (w_XJoin : W_XJoin) (w_OJoin : (W_OJoin w_XJoin)) (w_XMoveC1 : (W_XMoveC1 w_XJoin w_OJoin)) (w_OMoveC1 : (W_OMoveC1 w_XJoin w_OJoin w_XMoveC1)) : Type := {
  sig_XMoveC2 : Signed X P_XMoveC2;
  guard : andb andb (w_XMoveC1.(sig_XMoveC1).(msg).(c1) <> w_OMoveC1.(sig_OMoveC1).(msg).(c1)) (w_XMoveC1.(sig_XMoveC1).(msg).(c1) <> sig_XMoveC2.(msg).(c2)) (w_OMoveC1.(sig_OMoveC1).(msg).(c1) <> sig_XMoveC2.(msg).(c2));
}.

Record W_OMoveC2 (w_XJoin : W_XJoin) (w_OJoin : (W_OJoin w_XJoin)) (w_XMoveC1 : (W_XMoveC1 w_XJoin w_OJoin)) (w_OMoveC1 : (W_OMoveC1 w_XJoin w_OJoin w_XMoveC1)) (w_XMoveC2 : (W_XMoveC2 w_XJoin w_OJoin w_XMoveC1 w_OMoveC1)) : Type := {
  sig_OMoveC2 : Signed O P_OMoveC2;
  guard : andb andb andb andb andb (w_XMoveC1.(sig_XMoveC1).(msg).(c1) <> w_OMoveC1.(sig_OMoveC1).(msg).(c1)) (w_XMoveC1.(sig_XMoveC1).(msg).(c1) <> w_XMoveC2.(sig_XMoveC2).(msg).(c2)) (w_XMoveC1.(sig_XMoveC1).(msg).(c1) <> sig_OMoveC2.(msg).(c2)) (w_OMoveC1.(sig_OMoveC1).(msg).(c1) <> w_XMoveC2.(sig_XMoveC2).(msg).(c2)) (w_OMoveC1.(sig_OMoveC1).(msg).(c1) <> sig_OMoveC2.(msg).(c2)) (w_XMoveC2.(sig_XMoveC2).(msg).(c2) <> sig_OMoveC2.(msg).(c2));
}.

Record W_XMoveC3 (w_XJoin : W_XJoin) (w_OJoin : (W_OJoin w_XJoin)) (w_XMoveC1 : (W_XMoveC1 w_XJoin w_OJoin)) (w_OMoveC1 : (W_OMoveC1 w_XJoin w_OJoin w_XMoveC1)) (w_XMoveC2 : (W_XMoveC2 w_XJoin w_OJoin w_XMoveC1 w_OMoveC1)) (w_OMoveC2 : (W_OMoveC2 w_XJoin w_OJoin w_XMoveC1 w_OMoveC1 w_XMoveC2)) : Type := {
  sig_XMoveC3 : Signed X P_XMoveC3;
  guard : andb andb andb andb andb andb andb andb andb (w_XMoveC1.(sig_XMoveC1).(msg).(c1) <> w_OMoveC1.(sig_OMoveC1).(msg).(c1)) (w_XMoveC1.(sig_XMoveC1).(msg).(c1) <> w_XMoveC2.(sig_XMoveC2).(msg).(c2)) (w_XMoveC1.(sig_XMoveC1).(msg).(c1) <> w_OMoveC2.(sig_OMoveC2).(msg).(c2)) (w_XMoveC1.(sig_XMoveC1).(msg).(c1) <> sig_XMoveC3.(msg).(c3)) (w_OMoveC1.(sig_OMoveC1).(msg).(c1) <> w_XMoveC2.(sig_XMoveC2).(msg).(c2)) (w_OMoveC1.(sig_OMoveC1).(msg).(c1) <> w_OMoveC2.(sig_OMoveC2).(msg).(c2)) (w_OMoveC1.(sig_OMoveC1).(msg).(c1) <> sig_XMoveC3.(msg).(c3)) (w_XMoveC2.(sig_XMoveC2).(msg).(c2) <> w_OMoveC2.(sig_OMoveC2).(msg).(c2)) (w_XMoveC2.(sig_XMoveC2).(msg).(c2) <> sig_XMoveC3.(msg).(c3)) (w_OMoveC2.(sig_OMoveC2).(msg).(c2) <> sig_XMoveC3.(msg).(c3));
}.

Record W_OMoveC3 (w_XJoin : W_XJoin) (w_OJoin : (W_OJoin w_XJoin)) (w_XMoveC1 : (W_XMoveC1 w_XJoin w_OJoin)) (w_OMoveC1 : (W_OMoveC1 w_XJoin w_OJoin w_XMoveC1)) (w_XMoveC2 : (W_XMoveC2 w_XJoin w_OJoin w_XMoveC1 w_OMoveC1)) (w_OMoveC2 : (W_OMoveC2 w_XJoin w_OJoin w_XMoveC1 w_OMoveC1 w_XMoveC2)) (w_XMoveC3 : (W_XMoveC3 w_XJoin w_OJoin w_XMoveC1 w_OMoveC1 w_XMoveC2 w_OMoveC2)) : Type := {
  sig_OMoveC3 : Signed O P_OMoveC3;
  guard : andb andb andb andb andb andb andb andb andb andb andb andb andb andb (w_XMoveC1.(sig_XMoveC1).(msg).(c1) <> w_OMoveC1.(sig_OMoveC1).(msg).(c1)) (w_XMoveC1.(sig_XMoveC1).(msg).(c1) <> w_XMoveC2.(sig_XMoveC2).(msg).(c2)) (w_XMoveC1.(sig_XMoveC1).(msg).(c1) <> w_OMoveC2.(sig_OMoveC2).(msg).(c2)) (w_XMoveC1.(sig_XMoveC1).(msg).(c1) <> w_XMoveC3.(sig_XMoveC3).(msg).(c3)) (w_XMoveC1.(sig_XMoveC1).(msg).(c1) <> sig_OMoveC3.(msg).(c3)) (w_OMoveC1.(sig_OMoveC1).(msg).(c1) <> w_XMoveC2.(sig_XMoveC2).(msg).(c2)) (w_OMoveC1.(sig_OMoveC1).(msg).(c1) <> w_OMoveC2.(sig_OMoveC2).(msg).(c2)) (w_OMoveC1.(sig_OMoveC1).(msg).(c1) <> w_XMoveC3.(sig_XMoveC3).(msg).(c3)) (w_OMoveC1.(sig_OMoveC1).(msg).(c1) <> sig_OMoveC3.(msg).(c3)) (w_XMoveC2.(sig_XMoveC2).(msg).(c2) <> w_OMoveC2.(sig_OMoveC2).(msg).(c2)) (w_XMoveC2.(sig_XMoveC2).(msg).(c2) <> w_XMoveC3.(sig_XMoveC3).(msg).(c3)) (w_XMoveC2.(sig_XMoveC2).(msg).(c2) <> sig_OMoveC3.(msg).(c3)) (w_OMoveC2.(sig_OMoveC2).(msg).(c2) <> w_XMoveC3.(sig_XMoveC3).(msg).(c3)) (w_OMoveC2.(sig_OMoveC2).(msg).(c2) <> sig_OMoveC3.(msg).(c3)) (w_XMoveC3.(sig_XMoveC3).(msg).(c3) <> sig_OMoveC3.(msg).(c3));
}.

Record W_XMoveC4 (w_XJoin : W_XJoin) (w_OJoin : (W_OJoin w_XJoin)) (w_XMoveC1 : (W_XMoveC1 w_XJoin w_OJoin)) (w_OMoveC1 : (W_OMoveC1 w_XJoin w_OJoin w_XMoveC1)) (w_XMoveC2 : (W_XMoveC2 w_XJoin w_OJoin w_XMoveC1 w_OMoveC1)) (w_OMoveC2 : (W_OMoveC2 w_XJoin w_OJoin w_XMoveC1 w_OMoveC1 w_XMoveC2)) (w_XMoveC3 : (W_XMoveC3 w_XJoin w_OJoin w_XMoveC1 w_OMoveC1 w_XMoveC2 w_OMoveC2)) (w_OMoveC3 : (W_OMoveC3 w_XJoin w_OJoin w_XMoveC1 w_OMoveC1 w_XMoveC2 w_OMoveC2 w_XMoveC3)) : Type := {
  sig_XMoveC4 : Signed X P_XMoveC4;
  guard : andb andb andb andb andb andb andb andb andb andb andb andb andb andb andb andb andb andb andb andb (w_XMoveC1.(sig_XMoveC1).(msg).(c1) <> w_OMoveC1.(sig_OMoveC1).(msg).(c1)) (w_XMoveC1.(sig_XMoveC1).(msg).(c1) <> w_XMoveC2.(sig_XMoveC2).(msg).(c2)) (w_XMoveC1.(sig_XMoveC1).(msg).(c1) <> w_OMoveC2.(sig_OMoveC2).(msg).(c2)) (w_XMoveC1.(sig_XMoveC1).(msg).(c1) <> w_XMoveC3.(sig_XMoveC3).(msg).(c3)) (w_XMoveC1.(sig_XMoveC1).(msg).(c1) <> w_OMoveC3.(sig_OMoveC3).(msg).(c3)) (w_XMoveC1.(sig_XMoveC1).(msg).(c1) <> sig_XMoveC4.(msg).(c4)) (w_OMoveC1.(sig_OMoveC1).(msg).(c1) <> w_XMoveC2.(sig_XMoveC2).(msg).(c2)) (w_OMoveC1.(sig_OMoveC1).(msg).(c1) <> w_OMoveC2.(sig_OMoveC2).(msg).(c2)) (w_OMoveC1.(sig_OMoveC1).(msg).(c1) <> w_XMoveC3.(sig_XMoveC3).(msg).(c3)) (w_OMoveC1.(sig_OMoveC1).(msg).(c1) <> w_OMoveC3.(sig_OMoveC3).(msg).(c3)) (w_OMoveC1.(sig_OMoveC1).(msg).(c1) <> sig_XMoveC4.(msg).(c4)) (w_XMoveC2.(sig_XMoveC2).(msg).(c2) <> w_OMoveC2.(sig_OMoveC2).(msg).(c2)) (w_XMoveC2.(sig_XMoveC2).(msg).(c2) <> w_XMoveC3.(sig_XMoveC3).(msg).(c3)) (w_XMoveC2.(sig_XMoveC2).(msg).(c2) <> w_OMoveC3.(sig_OMoveC3).(msg).(c3)) (w_XMoveC2.(sig_XMoveC2).(msg).(c2) <> sig_XMoveC4.(msg).(c4)) (w_OMoveC2.(sig_OMoveC2).(msg).(c2) <> w_XMoveC3.(sig_XMoveC3).(msg).(c3)) (w_OMoveC2.(sig_OMoveC2).(msg).(c2) <> w_OMoveC3.(sig_OMoveC3).(msg).(c3)) (w_OMoveC2.(sig_OMoveC2).(msg).(c2) <> sig_XMoveC4.(msg).(c4)) (w_XMoveC3.(sig_XMoveC3).(msg).(c3) <> w_OMoveC3.(sig_OMoveC3).(msg).(c3)) (w_XMoveC3.(sig_XMoveC3).(msg).(c3) <> sig_XMoveC4.(msg).(c4)) (w_OMoveC3.(sig_OMoveC3).(msg).(c3) <> sig_XMoveC4.(msg).(c4));
}.

Record W_OMoveC4 (w_XJoin : W_XJoin) (w_OJoin : (W_OJoin w_XJoin)) (w_XMoveC1 : (W_XMoveC1 w_XJoin w_OJoin)) (w_OMoveC1 : (W_OMoveC1 w_XJoin w_OJoin w_XMoveC1)) (w_XMoveC2 : (W_XMoveC2 w_XJoin w_OJoin w_XMoveC1 w_OMoveC1)) (w_OMoveC2 : (W_OMoveC2 w_XJoin w_OJoin w_XMoveC1 w_OMoveC1 w_XMoveC2)) (w_XMoveC3 : (W_XMoveC3 w_XJoin w_OJoin w_XMoveC1 w_OMoveC1 w_XMoveC2 w_OMoveC2)) (w_OMoveC3 : (W_OMoveC3 w_XJoin w_OJoin w_XMoveC1 w_OMoveC1 w_XMoveC2 w_OMoveC2 w_XMoveC3)) (w_XMoveC4 : (W_XMoveC4 w_XJoin w_OJoin w_XMoveC1 w_OMoveC1 w_XMoveC2 w_OMoveC2 w_XMoveC3 w_OMoveC3)) : Type := {
  sig_OMoveC4 : Signed O P_OMoveC4;
  guard : andb andb andb andb andb andb andb andb andb andb andb andb andb andb andb andb andb andb andb andb andb andb andb andb andb andb andb (w_XMoveC1.(sig_XMoveC1).(msg).(c1) <> w_OMoveC1.(sig_OMoveC1).(msg).(c1)) (w_XMoveC1.(sig_XMoveC1).(msg).(c1) <> w_XMoveC2.(sig_XMoveC2).(msg).(c2)) (w_XMoveC1.(sig_XMoveC1).(msg).(c1) <> w_OMoveC2.(sig_OMoveC2).(msg).(c2)) (w_XMoveC1.(sig_XMoveC1).(msg).(c1) <> w_XMoveC3.(sig_XMoveC3).(msg).(c3)) (w_XMoveC1.(sig_XMoveC1).(msg).(c1) <> w_OMoveC3.(sig_OMoveC3).(msg).(c3)) (w_XMoveC1.(sig_XMoveC1).(msg).(c1) <> w_XMoveC4.(sig_XMoveC4).(msg).(c4)) (w_XMoveC1.(sig_XMoveC1).(msg).(c1) <> sig_OMoveC4.(msg).(c4)) (w_OMoveC1.(sig_OMoveC1).(msg).(c1) <> w_XMoveC2.(sig_XMoveC2).(msg).(c2)) (w_OMoveC1.(sig_OMoveC1).(msg).(c1) <> w_OMoveC2.(sig_OMoveC2).(msg).(c2)) (w_OMoveC1.(sig_OMoveC1).(msg).(c1) <> w_XMoveC3.(sig_XMoveC3).(msg).(c3)) (w_OMoveC1.(sig_OMoveC1).(msg).(c1) <> w_OMoveC3.(sig_OMoveC3).(msg).(c3)) (w_OMoveC1.(sig_OMoveC1).(msg).(c1) <> w_XMoveC4.(sig_XMoveC4).(msg).(c4)) (w_OMoveC1.(sig_OMoveC1).(msg).(c1) <> sig_OMoveC4.(msg).(c4)) (w_XMoveC2.(sig_XMoveC2).(msg).(c2) <> w_OMoveC2.(sig_OMoveC2).(msg).(c2)) (w_XMoveC2.(sig_XMoveC2).(msg).(c2) <> w_XMoveC3.(sig_XMoveC3).(msg).(c3)) (w_XMoveC2.(sig_XMoveC2).(msg).(c2) <> w_OMoveC3.(sig_OMoveC3).(msg).(c3)) (w_XMoveC2.(sig_XMoveC2).(msg).(c2) <> w_XMoveC4.(sig_XMoveC4).(msg).(c4)) (w_XMoveC2.(sig_XMoveC2).(msg).(c2) <> sig_OMoveC4.(msg).(c4)) (w_OMoveC2.(sig_OMoveC2).(msg).(c2) <> w_XMoveC3.(sig_XMoveC3).(msg).(c3)) (w_OMoveC2.(sig_OMoveC2).(msg).(c2) <> w_OMoveC3.(sig_OMoveC3).(msg).(c3)) (w_OMoveC2.(sig_OMoveC2).(msg).(c2) <> w_XMoveC4.(sig_XMoveC4).(msg).(c4)) (w_OMoveC2.(sig_OMoveC2).(msg).(c2) <> sig_OMoveC4.(msg).(c4)) (w_XMoveC3.(sig_XMoveC3).(msg).(c3) <> w_OMoveC3.(sig_OMoveC3).(msg).(c3)) (w_XMoveC3.(sig_XMoveC3).(msg).(c3) <> w_XMoveC4.(sig_XMoveC4).(msg).(c4)) (w_XMoveC3.(sig_XMoveC3).(msg).(c3) <> sig_OMoveC4.(msg).(c4)) (w_OMoveC3.(sig_OMoveC3).(msg).(c3) <> w_XMoveC4.(sig_XMoveC4).(msg).(c4)) (w_OMoveC3.(sig_OMoveC3).(msg).(c3) <> sig_OMoveC4.(msg).(c4)) (w_XMoveC4.(sig_XMoveC4).(msg).(c4) <> sig_OMoveC4.(msg).(c4));
}.

(* ===================== *)
(* 5) Typed runtime/ESM  *)
(* ===================== *)

Inductive Stage : Type :=
S0 | S1 | S2 | S3 | S4 | S5 | S6 | S7 | S8 | S9 | S10.

Inductive State : Stage -> Type :=
| st0 : State S0
| st1 : (w_XJoin : W_XJoin) -> State S1
| st2 : (w_XJoin : W_XJoin) (w_OJoin : (W_OJoin w_XJoin)) -> State S2
| st3 : (w_XJoin : W_XJoin) (w_OJoin : (W_OJoin w_XJoin)) (w_XMoveC1 : (W_XMoveC1 w_XJoin w_OJoin)) -> State S3
| st4 : (w_XJoin : W_XJoin) (w_OJoin : (W_OJoin w_XJoin)) (w_XMoveC1 : (W_XMoveC1 w_XJoin w_OJoin)) (w_OMoveC1 : (W_OMoveC1 w_XJoin w_OJoin w_XMoveC1)) -> State S4
| st5 : (w_XJoin : W_XJoin) (w_OJoin : (W_OJoin w_XJoin)) (w_XMoveC1 : (W_XMoveC1 w_XJoin w_OJoin)) (w_OMoveC1 : (W_OMoveC1 w_XJoin w_OJoin w_XMoveC1)) (w_XMoveC2 : (W_XMoveC2 w_XJoin w_OJoin w_XMoveC1 w_OMoveC1)) -> State S5
| st6 : (w_XJoin : W_XJoin) (w_OJoin : (W_OJoin w_XJoin)) (w_XMoveC1 : (W_XMoveC1 w_XJoin w_OJoin)) (w_OMoveC1 : (W_OMoveC1 w_XJoin w_OJoin w_XMoveC1)) (w_XMoveC2 : (W_XMoveC2 w_XJoin w_OJoin w_XMoveC1 w_OMoveC1)) (w_OMoveC2 : (W_OMoveC2 w_XJoin w_OJoin w_XMoveC1 w_OMoveC1 w_XMoveC2)) -> State S6
| st7 : (w_XJoin : W_XJoin) (w_OJoin : (W_OJoin w_XJoin)) (w_XMoveC1 : (W_XMoveC1 w_XJoin w_OJoin)) (w_OMoveC1 : (W_OMoveC1 w_XJoin w_OJoin w_XMoveC1)) (w_XMoveC2 : (W_XMoveC2 w_XJoin w_OJoin w_XMoveC1 w_OMoveC1)) (w_OMoveC2 : (W_OMoveC2 w_XJoin w_OJoin w_XMoveC1 w_OMoveC1 w_XMoveC2)) (w_XMoveC3 : (W_XMoveC3 w_XJoin w_OJoin w_XMoveC1 w_OMoveC1 w_XMoveC2 w_OMoveC2)) -> State S7
| st8 : (w_XJoin : W_XJoin) (w_OJoin : (W_OJoin w_XJoin)) (w_XMoveC1 : (W_XMoveC1 w_XJoin w_OJoin)) (w_OMoveC1 : (W_OMoveC1 w_XJoin w_OJoin w_XMoveC1)) (w_XMoveC2 : (W_XMoveC2 w_XJoin w_OJoin w_XMoveC1 w_OMoveC1)) (w_OMoveC2 : (W_OMoveC2 w_XJoin w_OJoin w_XMoveC1 w_OMoveC1 w_XMoveC2)) (w_XMoveC3 : (W_XMoveC3 w_XJoin w_OJoin w_XMoveC1 w_OMoveC1 w_XMoveC2 w_OMoveC2)) (w_OMoveC3 : (W_OMoveC3 w_XJoin w_OJoin w_XMoveC1 w_OMoveC1 w_XMoveC2 w_OMoveC2 w_XMoveC3)) -> State S8
| st9 : (w_XJoin : W_XJoin) (w_OJoin : (W_OJoin w_XJoin)) (w_XMoveC1 : (W_XMoveC1 w_XJoin w_OJoin)) (w_OMoveC1 : (W_OMoveC1 w_XJoin w_OJoin w_XMoveC1)) (w_XMoveC2 : (W_XMoveC2 w_XJoin w_OJoin w_XMoveC1 w_OMoveC1)) (w_OMoveC2 : (W_OMoveC2 w_XJoin w_OJoin w_XMoveC1 w_OMoveC1 w_XMoveC2)) (w_XMoveC3 : (W_XMoveC3 w_XJoin w_OJoin w_XMoveC1 w_OMoveC1 w_XMoveC2 w_OMoveC2)) (w_OMoveC3 : (W_OMoveC3 w_XJoin w_OJoin w_XMoveC1 w_OMoveC1 w_XMoveC2 w_OMoveC2 w_XMoveC3)) (w_XMoveC4 : (W_XMoveC4 w_XJoin w_OJoin w_XMoveC1 w_OMoveC1 w_XMoveC2 w_OMoveC2 w_XMoveC3 w_OMoveC3)) -> State S9
| st10 : (w_XJoin : W_XJoin) (w_OJoin : (W_OJoin w_XJoin)) (w_XMoveC1 : (W_XMoveC1 w_XJoin w_OJoin)) (w_OMoveC1 : (W_OMoveC1 w_XJoin w_OJoin w_XMoveC1)) (w_XMoveC2 : (W_XMoveC2 w_XJoin w_OJoin w_XMoveC1 w_OMoveC1)) (w_OMoveC2 : (W_OMoveC2 w_XJoin w_OJoin w_XMoveC1 w_OMoveC1 w_XMoveC2)) (w_XMoveC3 : (W_XMoveC3 w_XJoin w_OJoin w_XMoveC1 w_OMoveC1 w_XMoveC2 w_OMoveC2)) (w_OMoveC3 : (W_OMoveC3 w_XJoin w_OJoin w_XMoveC1 w_OMoveC1 w_XMoveC2 w_OMoveC2 w_XMoveC3)) (w_XMoveC4 : (W_XMoveC4 w_XJoin w_OJoin w_XMoveC1 w_OMoveC1 w_XMoveC2 w_OMoveC2 w_XMoveC3 w_OMoveC3)) (w_OMoveC4 : (W_OMoveC4 w_XJoin w_OJoin w_XMoveC1 w_OMoveC1 w_XMoveC2 w_OMoveC2 w_XMoveC3 w_OMoveC3 w_XMoveC4)) -> State S10
.

(* Step API *)
Definition step_xjoin_from_s0 (s : State S0) (sig : Signed X P_XJoin)
 : State S1 :=
  match s with
  | st0 =>
      st1 {| sig_XJoin := sig |}
  end.

Definition step_ojoin_from_s1 (s : State S1) (sig : Signed O P_OJoin)
 : State S2 :=
  match s with
  | st1 w_XJoin =>
      st2 w_XJoin {| sig_OJoin := sig |}
  end.

Definition step_xmovec1_from_s2 (s : State S2) (sig : Signed X P_XMoveC1)
 : State S3 :=
  match s with
  | st2 w_XJoin w_OJoin =>
      st3 w_XJoin w_OJoin {| sig_XMoveC1 := sig |}
  end.

Definition step_omovec1_from_s3 (s : State S3) (sig : Signed O P_OMoveC1)
  (Hguard : ((match s with st3 w_XJoin w_OJoin w_XMoveC1 => w_XMoveC1.(sig_XMoveC1).(msg).(c1) end) <> sig.(msg).(c1))) : State S4 :=
  match s with
  | st3 w_XJoin w_OJoin w_XMoveC1 =>
      st4 w_XJoin w_OJoin w_XMoveC1 {| sig_OMoveC1 := sig; guard := Hguard |}
  end.

Definition step_xmovec2_from_s4 (s : State S4) (sig : Signed X P_XMoveC2)
  (Hguard : (andb (andb ((match s with st4 w_XJoin w_OJoin w_XMoveC1 w_OMoveC1 => w_XMoveC1.(sig_XMoveC1).(msg).(c1) end) <> (match s with st4 w_XJoin w_OJoin w_XMoveC1 w_OMoveC1 => w_OMoveC1.(sig_OMoveC1).(msg).(c1) end)) ((match s with st4 w_XJoin w_OJoin w_XMoveC1 w_OMoveC1 => w_XMoveC1.(sig_XMoveC1).(msg).(c1) end) <> sig.(msg).(c2))) ((match s with st4 w_XJoin w_OJoin w_XMoveC1 w_OMoveC1 => w_OMoveC1.(sig_OMoveC1).(msg).(c1) end) <> sig.(msg).(c2)))) : State S5 :=
  match s with
  | st4 w_XJoin w_OJoin w_XMoveC1 w_OMoveC1 =>
      st5 w_XJoin w_OJoin w_XMoveC1 w_OMoveC1 {| sig_XMoveC2 := sig; guard := Hguard |}
  end.

Definition step_omovec2_from_s5 (s : State S5) (sig : Signed O P_OMoveC2)
  (Hguard : (andb (andb (andb (andb (andb ((match s with st5 w_XJoin w_OJoin w_XMoveC1 w_OMoveC1 w_XMoveC2 => w_XMoveC1.(sig_XMoveC1).(msg).(c1) end) <> (match s with st5 w_XJoin w_OJoin w_XMoveC1 w_OMoveC1 w_XMoveC2 => w_OMoveC1.(sig_OMoveC1).(msg).(c1) end)) ((match s with st5 w_XJoin w_OJoin w_XMoveC1 w_OMoveC1 w_XMoveC2 => w_XMoveC1.(sig_XMoveC1).(msg).(c1) end) <> (match s with st5 w_XJoin w_OJoin w_XMoveC1 w_OMoveC1 w_XMoveC2 => w_XMoveC2.(sig_XMoveC2).(msg).(c2) end))) ((match s with st5 w_XJoin w_OJoin w_XMoveC1 w_OMoveC1 w_XMoveC2 => w_XMoveC1.(sig_XMoveC1).(msg).(c1) end) <> sig.(msg).(c2))) ((match s with st5 w_XJoin w_OJoin w_XMoveC1 w_OMoveC1 w_XMoveC2 => w_OMoveC1.(sig_OMoveC1).(msg).(c1) end) <> (match s with st5 w_XJoin w_OJoin w_XMoveC1 w_OMoveC1 w_XMoveC2 => w_XMoveC2.(sig_XMoveC2).(msg).(c2) end))) ((match s with st5 w_XJoin w_OJoin w_XMoveC1 w_OMoveC1 w_XMoveC2 => w_OMoveC1.(sig_OMoveC1).(msg).(c1) end) <> sig.(msg).(c2))) ((match s with st5 w_XJoin w_OJoin w_XMoveC1 w_OMoveC1 w_XMoveC2 => w_XMoveC2.(sig_XMoveC2).(msg).(c2) end) <> sig.(msg).(c2)))) : State S6 :=
  match s with
  | st5 w_XJoin w_OJoin w_XMoveC1 w_OMoveC1 w_XMoveC2 =>
      st6 w_XJoin w_OJoin w_XMoveC1 w_OMoveC1 w_XMoveC2 {| sig_OMoveC2 := sig; guard := Hguard |}
  end.

Definition step_xmovec3_from_s6 (s : State S6) (sig : Signed X P_XMoveC3)

[Change at line 103]   sig_XMoveC2 : Signed X P_XMoveC2;
  guard : andb andb (w_XMoveC1.(sig_XMoveC1).(msg).(c1) <> w_OMoveC1.(sig_OMoveC1).(msg).(c1)) (w_XMoveC1.(sig_XMoveC1).(msg).(c1) <> sig_XMoveC2.(msg).(c2)) (w_OMoveC1.(sig_OMoveC1).(msg).(c1) <> sig_XMoveC2.(msg).(c2));
}.

Record W_OMoveC2 (w_XJoin : W_XJoin) (w_OJoin : (W_OJoin w_XJoin)) (w_XMoveC1 : (W_XMoveC1 w_XJoin w_OJoin)) (w_OMoveC1 : (W_OMoveC1 w_XJoin w_OJoin w_XMoveC1)) (w_XMoveC2 : (W_XMoveC2 w_XJoin w_OJoin w_XMoveC1 w_OMoveC1)) : Type := {
  sig_OMoveC2 : Signed O P_OMoveC2;
  guard : andb andb andb andb andb (w_XMoveC1.(sig_XMoveC1).(msg).(c1) <> w_OMoveC1.(sig_OMoveC1).(msg).(c1)) (w_XMoveC1.(sig_XMoveC1).(msg).(c1) <> w_XMoveC2.(sig_XMoveC2).(msg).(c2)) (w_XMoveC1.(sig_XMoveC1).(msg).(c1) <> sig_OMoveC2.(msg).(c2)) (w_OMoveC1.(sig_OMoveC1).(msg).(c1) <> w_XMoveC2.(sig_XMoveC2).(msg).(c2)) (w_OMoveC1.(sig_OMoveC1).(msg).(c1) <> sig_OMoveC2.(msg).(c2)) (w_XMoveC2.(sig_XMoveC2).(msg).(c2) <> sig_OMoveC2.(msg).(c2));
}.

Record W_XMoveC3 (w_XJoin : W_XJoin) (w_OJoin : (W_OJoin w_XJoin)) (w_XMoveC1 : (W_XMoveC1 w_XJoin w_OJoin)) (w_OMoveC1 : (W_OMoveC1 w_XJoin w_OJoin w_XMoveC1)) (w_XMoveC2 : (W_XMoveC2 w_XJoin w_OJoin w_XMoveC1 w_OMoveC1)) (w_OMoveC2 : (W_OMoveC2 w_XJoin w_OJoin w_XMoveC1 w_OMoveC1 w_XMoveC2)) : Type := {
  sig_XMoveC3 : Signed X P_XMoveC3;
  guard : andb andb andb andb andb andb andb andb andb (w_XMoveC1.(sig_XMoveC1).(msg).(c1) <> w_OMoveC1.(sig_OMoveC1).(msg).(c1)) (w_XMoveC1.(sig_XMoveC1).(msg).(c1) <> w_XMoveC2.(sig_XMoveC2).(msg).(c2)) (w_XMoveC1.(sig_XMoveC1).(msg).(c1) <> w_OMoveC2.(sig_OMoveC2).(msg).(c2)) (w_XMoveC1.(sig_XMoveC1).(msg).(c1) <> sig_XMoveC3.(msg).(c3)) (w_OMoveC1.(sig_OMoveC1).(msg).(c1) <> w_XMoveC2.(sig_XMoveC2).(msg).(c2)) (w_OMoveC1.(sig_OMoveC1).(msg).(c1) <> w_OMoveC2.(sig_OMoveC2).(msg).(c2)) (w_OMoveC1.(sig_OMoveC1).(msg).(c1) <> sig_XMoveC3.(msg).(c3)) (w_XMoveC2.(sig_XMoveC2).(msg).(c2) <> w_OMoveC2.(sig_OMoveC2).(msg).(c2)) (w_XMoveC2.(sig_XMoveC2).(msg).(c2) <> sig_XMoveC3.(msg).(c3)) (w_OMoveC2.(sig_OMoveC2).(msg).(c2) <> sig_XMoveC3.(msg).(c3));
}.

Record W_OMoveC3 (w_XJoin : W_XJoin) (w_OJoin : (W_OJoin w_XJoin)) (w_XMoveC1 : (W_XMoveC1 w_XJoin w_OJoin)) (w_OMoveC1 : (W_OMoveC1 w_XJoin w_OJoin w_XMoveC1)) (w_XMoveC2 : (W_XMoveC2 w_XJoin w_OJoin w_XMoveC1 w_OMoveC1)) (w_OMoveC2 : (W_OMoveC2 w_XJoin w_OJoin w_XMoveC1 w_OMoveC1 w_XMoveC2)) (w_XMoveC3 : (W_XMoveC3 w_XJoin w_OJoin w_XMoveC1 w_OMoveC1 w_XMoveC2 w_OMoveC2)) : Type := {
  sig_OMoveC3 : Signed O P_OMoveC3;
  guard : andb andb andb andb andb andb andb andb andb andb andb andb andb andb (w_XMoveC1.(sig_XMoveC1).(msg).(c1) <> w_OMoveC1.(sig_OMoveC1).(msg).(c1)) (w_XMoveC1.(sig_XMoveC1).(msg).(c1) <> w_XMoveC2.(sig_XMoveC2).(msg).(c2)) (w_XMoveC1.(sig_XMoveC1).(msg).(c1) <> w_OMoveC2.(sig_OMoveC2).(msg).(c2)) (w_XMoveC1.(sig_XMoveC1).(msg).(c1) <> w_XMoveC3.(sig_XMoveC3).(msg).(c3)) (w_XMoveC1.(sig_XMoveC1).(msg).(c1) <> sig_OMoveC3.(msg).(c3)) (w_OMoveC1.(sig_OMoveC1).(msg).(c1) <> w_XMoveC2.(sig_XMoveC2).(msg).(c2)) (w_OMoveC1.(sig_OMoveC1).(msg).(c1) <> w_OMoveC2.(sig_OMoveC2).(msg).(c2)) (w_OMoveC1.(sig_OMoveC1).(msg).(c1) <> w_XMoveC3.(sig_XMoveC3).(msg).(c3)) (w_OMoveC1.(sig_OMoveC1).(msg).(c1) <> sig_OMoveC3.(msg).(c3)) (w_XMoveC2.(sig_XMoveC2).(msg).(c2) <> w_OMoveC2.(sig_OMoveC2).(msg).(c2)) (w_XMoveC2.(sig_XMoveC2).(msg).(c2) <> w_XMoveC3.(sig_XMoveC3).(msg).(c3)) (w_XMoveC2.(sig_XMoveC2).(msg).(c2) <> sig_OMoveC3.(msg).(c3)) (w_OMoveC2.(sig_OMoveC2).(msg).(c2) <> w_XMoveC3.(sig_XMoveC3).(msg).(c3)) (w_OMoveC2.(sig_OMoveC2).(msg).(c2) <> sig_OMoveC3.(msg).(c3)) (w_XMoveC3.(sig_XMoveC3).(msg).(c3) <> sig_OMoveC3.(msg).(c3));
}.

Record W_XMoveC4 (w_XJoin : W_XJoin) (w_OJoin : (W_OJoin w_XJoin)) (w_XMoveC1 : (W_XMoveC1 w_XJoin w_OJoin)) (w_OMoveC1 : (W_OMoveC1 w_XJoin w_OJoin w_XMoveC1)) (w_XMoveC2 : (W_XMoveC2 w_XJoin w_OJoin w_XMoveC1 w_OMoveC1)) (w_OMoveC2 : (W_OMoveC2 w_XJoin w_OJoin w_XMoveC1 w_OMoveC1 w_XMoveC2)) (w_XMoveC3 : (W_XMoveC3 w_XJoin w_OJoin w_XMoveC1 w_OMoveC1 w_XMoveC2 w_OMoveC2)) (w_OMoveC3 : (W_OMoveC3 w_XJoin w_OJoin w_XMoveC1 w_OMoveC1 w_XMoveC2 w_OMoveC2 w_XMoveC3)) : Type := {
  sig_XMoveC4 : Signed X P_XMoveC4;
  guard : andb andb andb andb andb andb andb andb andb andb andb andb andb andb andb andb andb andb andb andb (w_XMoveC1.(sig_XMoveC1).(msg).(c1) <> w_OMoveC1.(sig_OMoveC1).(msg).(c1)) (w_XMoveC1.(sig_XMoveC1).(msg).(c1) <> w_XMoveC2.(sig_XMoveC2).(msg).(c2)) (w_XMoveC1.(sig_XMoveC1).(msg).(c1) <> w_OMoveC2.(sig_OMoveC2).(msg).(c2)) (w_XMoveC1.(sig_XMoveC1).(msg).(c1) <> w_XMoveC3.(sig_XMoveC3).(msg).(c3)) (w_XMoveC1.(sig_XMoveC1).(msg).(c1) <> w_OMoveC3.(sig_OMoveC3).(msg).(c3)) (w_XMoveC1.(sig_XMoveC1).(msg).(c1) <> sig_XMoveC4.(msg).(c4)) (w_OMoveC1.(sig_OMoveC1).(msg).(c1) <> w_XMoveC2.(sig_XMoveC2).(msg).(c2)) (w_OMoveC1.(sig_OMoveC1).(msg).(c1) <> w_OMoveC2.(sig_OMoveC2).(msg).(c2)) (w_OMoveC1.(sig_OMoveC1).(msg).(c1) <> w_XMoveC3.(sig_XMoveC3).(msg).(c3)) (w_OMoveC1.(sig_OMoveC1).(msg).(c1) <> w_OMoveC3.(sig_OMoveC3).(msg).(c3)) (w_OMoveC1.(sig_OMoveC1).(msg).(c1) <> sig_XMoveC4.(msg).(c4)) (w_XMoveC2.(sig_XMoveC2).(msg).(c2) <> w_OMoveC2.(sig_OMoveC2).(msg).(c2)) (w_XMoveC2.(sig_XMoveC2).(msg).(c2) <> w_XMoveC3.(sig_XMoveC3).(msg).(c3)) (w_XMoveC2.(sig_XMoveC2).(msg).(c2) <> w_OMoveC3.(sig_OMoveC3).(msg).(c3)) (w_XMoveC2.(sig_XMoveC2).(msg).(c2) <> sig_XMoveC4.(msg).(c4)) (w_OMoveC2.(sig_OMoveC2).(msg).(c2) <> w_XMoveC3.(sig_XMoveC3).(msg).(c3)) (w_OMoveC2.(sig_OMoveC2).(msg).(c2) <> w_OMoveC3.(sig_OMoveC3).(msg).(c3)) (w_OMoveC2.(sig_OMoveC2).(msg).(c2) <> sig_XMoveC4.(msg).(c4)) (w_XMoveC3.(sig_XMoveC3).(msg).(c3) <> w_OMoveC3.(sig_OMoveC3).(msg).(c3)) (w_XMoveC3.(sig_XMoveC3).(msg).(c3) <> sig_XMoveC4.(msg).(c4)) (w_OMoveC3.(sig_OMoveC3).(msg).(c3) <> sig_XMoveC4.(msg).(c4));
}.

Record W_OMoveC4 (w_XJoin : W_XJoin) (w_OJoin : (W_OJoin w_XJoin)) (w_XMoveC1 : (W_XMoveC1 w_XJoin w_OJoin)) (w_OMoveC1 : (W_OMoveC1 w_XJoin w_OJoin w_XMoveC1)) (w_XMoveC2 : (W_XMoveC2 w_XJoin w_OJoin w_XMoveC1 w_OMoveC1)) (w_OMoveC2 : (W_OMoveC2 w_XJoin w_OJoin w_XMoveC1 w_OMoveC1 w_XMoveC2)) (w_XMoveC3 : (W_XMoveC3 w_XJoin w_OJoin w_XMoveC1 w_OMoveC1 w_XMoveC2 w_OMoveC2)) (w_OMoveC3 : (W_OMoveC3 w_XJoin w_OJoin w_XMoveC1 w_OMoveC1 w_XMoveC2 w_OMoveC2 w_XMoveC3)) (w_XMoveC4 : (W_XMoveC4 w_XJoin w_OJoin w_XMoveC1 w_OMoveC1 w_XMoveC2 w_OMoveC2 w_XMoveC3 w_OMoveC3)) : Type := {
  sig_OMoveC4 : Signed O P_OMoveC4;
  guard : andb andb andb andb andb andb andb andb andb andb andb andb andb andb andb andb andb andb andb andb andb andb andb andb andb andb andb (w_XMoveC1.(sig_XMoveC1).(msg).(c1) <> w_OMoveC1.(sig_OMoveC1).(msg).(c1)) (w_XMoveC1.(sig_XMoveC1).(msg).(c1) <> w_XMoveC2.(sig_XMoveC2).(msg).(c2)) (w_XMoveC1.(sig_XMoveC1).(msg).(c1) <> w_OMoveC2.(sig_OMoveC2).(msg).(c2)) (w_XMoveC1.(sig_XMoveC1).(msg).(c1) <> w_XMoveC3.(sig_XMoveC3).(msg).(c3)) (w_XMoveC1.(sig_XMoveC1).(msg).(c1) <> w_OMoveC3.(sig_OMoveC3).(msg).(c3)) (w_XMoveC1.(sig_XMoveC1).(msg).(c1) <> w_XMoveC4.(sig_XMoveC4).(msg).(c4)) (w_XMoveC1.(sig_XMoveC1).(msg).(c1) <> sig_OMoveC4.(msg).(c4)) (w_OMoveC1.(sig_OMoveC1).(msg).(c1) <> w_XMoveC2.(sig_XMoveC2).(msg).(c2)) (w_OMoveC1.(sig_OMoveC1).(msg).(c1) <> w_OMoveC2.(sig_OMoveC2).(msg).(c2)) (w_OMoveC1.(sig_OMoveC1).(msg).(c1) <> w_XMoveC3.(sig_XMoveC3).(msg).(c3)) (w_OMoveC1.(sig_OMoveC1).(msg).(c1) <> w_OMoveC3.(sig_OMoveC3).(msg).(c3)) (w_OMoveC1.(sig_OMoveC1).(msg).(c1) <> w_XMoveC4.(sig_XMoveC4).(msg).(c4)) (w_OMoveC1.(sig_OMoveC1).(msg).(c1) <> sig_OMoveC4.(msg).(c4)) (w_XMoveC2.(sig_XMoveC2).(msg).(c2) <> w_OMoveC2.(sig_OMoveC2).(msg).(c2)) (w_XMoveC2.(sig_XMoveC2).(msg).(c2) <> w_XMoveC3.(sig_XMoveC3).(msg).(c3)) (w_XMoveC2.(sig_XMoveC2).(msg).(c2) <> w_OMoveC3.(sig_OMoveC3).(msg).(c3)) (w_XMoveC2.(sig_XMoveC2).(msg).(c2) <> w_XMoveC4.(sig_XMoveC4).(msg).(c4)) (w_XMoveC2.(sig_XMoveC2).(msg).(c2) <> sig_OMoveC4.(msg).(c4)) (w_OMoveC2.(sig_OMoveC2).(msg).(c2) <> w_XMoveC3.(sig_XMoveC3).(msg).(c3)) (w_OMoveC2.(sig_OMoveC2).(msg).(c2) <> w_OMoveC3.(sig_OMoveC3).(msg).(c3)) (w_OMoveC2.(sig_OMoveC2).(msg).(c2) <> w_XMoveC4.(sig_XMoveC4).(msg).(c4)) (w_OMoveC2.(sig_OMoveC2).(msg).(c2) <> sig_OMoveC4.(msg).(c4)) (w_XMoveC3.(sig_XMoveC3).(msg).(c3) <> w_OMoveC3.(sig_OMoveC3).(msg).(c3)) (w_XMoveC3.(sig_XMoveC3).(msg).(c3) <> w_XMoveC4.(sig_XMoveC4).(msg).(c4)) (w_XMoveC3.(sig_XMoveC3).(msg).(c3) <> sig_OMoveC4.(msg).(c4)) (w_OMoveC3.(sig_OMoveC3).(msg).(c3) <> w_XMoveC4.(sig_XMoveC4).(msg).(c4)) (w_OMoveC3.(sig_OMoveC3).(msg).(c3) <> sig_OMoveC4.(msg).(c4)) (w_XMoveC4.(sig_XMoveC4).(msg).(c4) <> sig_OMoveC4.(msg).(c4));
}.

(* ===================== *)
(* 5) Typed runtime/ESM  *)
(* ===================== *)

Inductive Stage : Type :=
S0 | S1 | S2 | S3 | S4 | S5 | S6 | S7 | S8 | S9 | S10.

Inductive State : Stage -> Type :=
| st0 : State S0
| st1 : (w_XJoin : W_XJoin) -> State S1
| st2 : (w_XJoin : W_XJoin) (w_OJoin : (W_OJoin w_XJoin)) -> State S2
| st3 : (w_XJoin : W_XJoin) (w_OJoin : (W_OJoin w_XJoin)) (w_XMoveC1 : (W_XMoveC1 w_XJoin w_OJoin)) -> State S3
| st4 : (w_XJoin : W_XJoin) (w_OJoin : (W_OJoin w_XJoin)) (w_XMoveC1 : (W_XMoveC1 w_XJoin w_OJoin)) (w_OMoveC1 : (W_OMoveC1 w_XJoin w_OJoin w_XMoveC1)) -> State S4
| st5 : (w_XJoin : W_XJoin) (w_OJoin : (W_OJoin w_XJoin)) (w_XMoveC1 : (W_XMoveC1 w_XJoin w_OJoin)) (w_OMoveC1 : (W_OMoveC1 w_XJoin w_OJoin w_XMoveC1)) (w_XMoveC2 : (W_XMoveC2 w_XJoin w_OJoin w_XMoveC1 w_OMoveC1)) -> State S5
| st6 : (w_XJoin : W_XJoin) (w_OJoin : (W_OJoin w_XJoin)) (w_XMoveC1 : (W_XMoveC1 w_XJoin w_OJoin)) (w_OMoveC1 : (W_OMoveC1 w_XJoin w_OJoin w_XMoveC1)) (w_XMoveC2 : (W_XMoveC2 w_XJoin w_OJoin w_XMoveC1 w_OMoveC1)) (w_OMoveC2 : (W_OMoveC2 w_XJoin w_OJoin w_XMoveC1 w_OMoveC1 w_XMoveC2)) -> State S6
| st7 : (w_XJoin : W_XJoin) (w_OJoin : (W_OJoin w_XJoin)) (w_XMoveC1 : (W_XMoveC1 w_XJoin w_OJoin)) (w_OMoveC1 : (W_OMoveC1 w_XJoin w_OJoin w_XMoveC1)) (w_XMoveC2 : (W_XMoveC2 w_XJoin w_OJoin w_XMoveC1 w_OMoveC1)) (w_OMoveC2 : (W_OMoveC2 w_XJoin w_OJoin w_XMoveC1 w_OMoveC1 w_XMoveC2)) (w_XMoveC3 : (W_XMoveC3 w_XJoin w_OJoin w_XMoveC1 w_OMoveC1 w_XMoveC2 w_OMoveC2)) -> State S7
| st8 : (w_XJoin : W_XJoin) (w_OJoin : (W_OJoin w_XJoin)) (w_XMoveC1 : (W_XMoveC1 w_XJoin w_OJoin)) (w_OMoveC1 : (W_OMoveC1 w_XJoin w_OJoin w_XMoveC1)) (w_XMoveC2 : (W_XMoveC2 w_XJoin w_OJoin w_XMoveC1 w_OMoveC1)) (w_OMoveC2 : (W_OMoveC2 w_XJoin w_OJoin w_XMoveC1 w_OMoveC1 w_XMoveC2)) (w_XMoveC3 : (W_XMoveC3 w_XJoin w_OJoin w_XMoveC1 w_OMoveC1 w_XMoveC2 w_OMoveC2)) (w_OMoveC3 : (W_OMoveC3 w_XJoin w_OJoin w_XMoveC1 w_OMoveC1 w_XMoveC2 w_OMoveC2 w_XMoveC3)) -> State S8
| st9 : (w_XJoin : W_XJoin) (w_OJoin : (W_OJoin w_XJoin)) (w_XMoveC1 : (W_XMoveC1 w_XJoin w_OJoin)) (w_OMoveC1 : (W_OMoveC1 w_XJoin w_OJoin w_XMoveC1)) (w_XMoveC2 : (W_XMoveC2 w_XJoin w_OJoin w_XMoveC1 w_OMoveC1)) (w_OMoveC2 : (W_OMoveC2 w_XJoin w_OJoin w_XMoveC1 w_OMoveC1 w_XMoveC2)) (w_XMoveC3 : (W_XMoveC3 w_XJoin w_OJoin w_XMoveC1 w_OMoveC1 w_XMoveC2 w_OMoveC2)) (w_OMoveC3 : (W_OMoveC3 w_XJoin w_OJoin w_XMoveC1 w_OMoveC1 w_XMoveC2 w_OMoveC2 w_XMoveC3)) (w_XMoveC4 : (W_XMoveC4 w_XJoin w_OJoin w_XMoveC1 w_OMoveC1 w_XMoveC2 w_OMoveC2 w_XMoveC3 w_OMoveC3)) -> State S9
| st10 : (w_XJoin : W_XJoin) (w_OJoin : (W_OJoin w_XJoin)) (w_XMoveC1 : (W_XMoveC1 w_XJoin w_OJoin)) (w_OMoveC1 : (W_OMoveC1 w_XJoin w_OJoin w_XMoveC1)) (w_XMoveC2 : (W_XMoveC2 w_XJoin w_OJoin w_XMoveC1 w_OMoveC1)) (w_OMoveC2 : (W_OMoveC2 w_XJoin w_OJoin w_XMoveC1 w_OMoveC1 w_XMoveC2)) (w_XMoveC3 : (W_XMoveC3 w_XJoin w_OJoin w_XMoveC1 w_OMoveC1 w_XMoveC2 w_OMoveC2)) (w_OMoveC3 : (W_OMoveC3 w_XJoin w_OJoin w_XMoveC1 w_OMoveC1 w_XMoveC2 w_OMoveC2 w_XMoveC3)) (w_XMoveC4 : (W_XMoveC4 w_XJoin w_OJoin w_XMoveC1 w_OMoveC1 w_XMoveC2 w_OMoveC2 w_XMoveC3 w_OMoveC3)) (w_OMoveC4 : (W_OMoveC4 w_XJoin w_OJoin w_XMoveC1 w_OMoveC1 w_XMoveC2 w_OMoveC2 w_XMoveC3 w_OMoveC3 w_XMoveC4)) -> State S10
.

(* Step API *)
Definition step_xjoin_from_s0 (s : State S0) (sig : Signed X P_XJoin)
 : State S1 :=
  match s with
  | st0 =>
      st1 {| sig_XJoin := sig |}
  end.

Definition step_ojoin_from_s1 (s : State S1) (sig : Signed O P_OJoin)
 : State S2 :=
  match s with
  | st1 w_XJoin =>
      st2 w_XJoin {| sig_OJoin := sig |}
  end.

Definition step_xmovec1_from_s2 (s : State S2) (sig : Signed X P_XMoveC1)
 : State S3 :=
  match s with
  | st2 w_XJoin w_OJoin =>
      st3 w_XJoin w_OJoin {| sig_XMoveC1 := sig |}
  end.

Definition step_omovec1_from_s3 (s : State S3) (sig : Signed O P_OMoveC1)
  (Hguard : ((match s with st3 w_XJoin w_OJoin w_XMoveC1 => w_XMoveC1.(sig_XMoveC1).(msg).(c1) end) <> sig.(msg).(c1))) : State S4 :=
  match s with
  | st3 w_XJoin w_OJoin w_XMoveC1 =>
      st4 w_XJoin w_OJoin w_XMoveC1 {| sig_OMoveC1 := sig; guard := Hguard |}
  end.

Definition step_xmovec2_from_s4 (s : State S4) (sig : Signed X P_XMoveC2)
  (Hguard : (andb (andb ((match s with st4 w_XJoin w_OJoin w_XMoveC1 w_OMoveC1 => w_XMoveC1.(sig_XMoveC1).(msg).(c1) end) <> (match s with st4 w_XJoin w_OJoin w_XMoveC1 w_OMoveC1 => w_OMoveC1.(sig_OMoveC1).(msg).(c1) end)) ((match s with st4 w_XJoin w_OJoin w_XMoveC1 w_OMoveC1 => w_XMoveC1.(sig_XMoveC1).(msg).(c1) end) <> sig.(msg).(c2))) ((match s with st4 w_XJoin w_OJoin w_XMoveC1 w_OMoveC1 => w_OMoveC1.(sig_OMoveC1).(msg).(c1) end) <> sig.(msg).(c2)))) : State S5 :=
  match s with
  | st4 w_XJoin w_OJoin w_XMoveC1 w_OMoveC1 =>
      st5 w_XJoin w_OJoin w_XMoveC1 w_OMoveC1 {| sig_XMoveC2 := sig; guard := Hguard |}
  end.

Definition step_omovec2_from_s5 (s : State S5) (sig : Signed O P_OMoveC2)
  (Hguard : (andb (andb (andb (andb (andb ((match s with st5 w_XJoin w_OJoin w_XMoveC1 w_OMoveC1 w_XMoveC2 => w_XMoveC1.(sig_XMoveC1).(msg).(c1) end) <> (match s with st5 w_XJoin w_OJoin w_XMoveC1 w_OMoveC1 w_XMoveC2 => w_OMoveC1.(sig_OMoveC1).(msg).(c1) end)) ((match s with st5 w_XJoin w_OJoin w_XMoveC1 w_OMoveC1 w_XMoveC2 => w_XMoveC1.(sig_XMoveC1).(msg).(c1) end) <> (match s with st5 w_XJoin w_OJoin w_XMoveC1 w_OMoveC1 w_XMoveC2 => w_XMoveC2.(sig_XMoveC2).(msg).(c2) end))) ((match s with st5 w_XJoin w_OJoin w_XMoveC1 w_OMoveC1 w_XMoveC2 => w_XMoveC1.(sig_XMoveC1).(msg).(c1) end) <> sig.(msg).(c2))) ((match s with st5 w_XJoin w_OJoin w_XMoveC1 w_OMoveC1 w_XMoveC2 => w_OMoveC1.(sig_OMoveC1).(msg).(c1) end) <> (match s with st5 w_XJoin w_OJoin w_XMoveC1 w_OMoveC1 w_XMoveC2 => w_XMoveC2.(sig_XMoveC2).(msg).(c2) end))) ((match s with st5 w_XJoin w_OJoin w_XMoveC1 w_OMoveC1 w_XMoveC2 => w_OMoveC1.(sig_OMoveC1).(msg).(c1) end) <> sig.(msg).(c2))) ((match s with st5 w_XJoin w_OJoin w_XMoveC1 w_OMoveC1 w_XMoveC2 => w_XMoveC2.(sig_XMoveC2).(msg).(c2) end) <> sig.(msg).(c2)))) : State S6 :=
  match s with
  | st5 w_XJoin w_OJoin w_XMoveC1 w_OMoveC1 w_XMoveC2 =>
      st6 w_XJoin w_OJoin w_XMoveC1 w_OMoveC1 w_XMoveC2 {| sig_OMoveC2 := sig; guard := Hguard |}
  end.

Definition step_xmovec3_from_s6 (s : State S6) (sig : Signed X P_XMoveC3)
  (Hguard : (andb (andb (andb (andb (andb (andb (andb (andb (andb ((match s with st6 w_XJoin w_OJoin w_XMoveC1 w_OMoveC1 w_XMoveC2 w_OMoveC2 => w_XMoveC1.(sig_XMoveC1).(msg).(c1) end) <> (match s with st6 w_XJoin w_OJoin w_XMoveC1 w_OMoveC1 w_XMoveC2 w_OMoveC2 => w_OMoveC1.(sig_OMoveC1).(msg).(c1) end)) ((match s with st6 w_XJoin w_OJoin w_XMoveC1 w_OMoveC1 w_XMoveC2 w_OMoveC2 => w_XMoveC1.(sig_XMoveC1).(msg).(c1) end) <> (match s with st6 w_XJoin w_OJoin w_XMoveC1 w_OMoveC1 w_XMoveC2 w_OMoveC2 => w_XMoveC2.(sig_XMoveC2).(msg).(c2) end))) ((match s with st6 w_XJoin w_OJoin w_XMoveC1 w_OMoveC1 w_XMoveC2 w_OMoveC2 => w_XMoveC1.(sig_XMoveC1).(msg).(c1) end) <> (match s with st6 w_XJoin w_OJoin w_XMoveC1 w_OMoveC1 w_XMoveC2 w_OMoveC2 => w_OMoveC2.(sig_OMoveC2).(msg).(c2) end))) ((match s with st6 w_XJoin w_OJoin w_XMoveC1 w_OMoveC1 w_XMoveC2 w_OMoveC2 => w_XMoveC1.(sig_XMoveC1).(msg).(c1) end) <> sig.(msg).(c3))) ((match s with st6 w_XJoin w_OJoin w_XMoveC1 w_OMoveC1 w_XMoveC2 w_OMoveC2 => w_OMoveC1.(sig_OMoveC1).(msg).(c1) end) <> (match s with st6 w_XJoin w_OJoin w_XMoveC1 w_OMoveC1 w_XMoveC2 w_OMoveC2 => w_XMoveC2.(sig_XMoveC2).(msg).(c2) end))) ((match s with st6 w_XJoin w_OJoin w_XMoveC1 w_OMoveC1 w_XMoveC2 w_OMoveC2 => w_OMoveC1.(sig_OMoveC1).(msg).(c1) end) <> (match s with st6 w_XJoin w_OJoin w_XMoveC1 w_OMoveC1 w_XMoveC2 w_OMoveC2 => w_OMoveC2.(sig_OMoveC2).(msg).(c2) end))) ((match s with st6 w_XJoin w_OJoin w_XMoveC1 w_OMoveC1 w_XMoveC2 w_OMoveC2 => w_OMoveC1.(sig_OMoveC1).(msg).(c1) end) <> sig.(msg).(c3))) ((match s with st6 w_XJoin w_OJoin w_XMoveC1 w_OMoveC1 w_XMoveC2 w_OMoveC2 => w_XMoveC2.(sig_XMoveC2).(msg).(c2) end) <> (match s with st6 w_XJoin w_OJoin w_XMoveC1 w_OMoveC1 w_XMoveC2 w_OMoveC2 => w_OMoveC2.(sig_OMoveC2).(msg).(c2) end))) ((match s with st6 w_XJoin w_OJoin w_XMoveC1 w_OMoveC1 w_XMoveC2 w_OMoveC2 => w_XMoveC2.(sig_XMoveC2).(msg).(c2) end) <> sig.(msg).(c3))) ((match s with st6 w_XJoin w_OJoin w_XMoveC1 w_OMoveC1 w_XMoveC2 w_OMoveC2 => w_OMoveC2.(sig_OMoveC2).(msg).(c2) end) <> sig.(msg).(c3)))) : State S7 :=
  match s with
  | st6 w_XJoin w_OJoin w_XMoveC1 w_OMoveC1 w_XMoveC2 w_OMoveC2 =>
      st7 w_XJoin w_OJoin w_XMoveC1 w_OMoveC1 w_XMoveC2 w_OMoveC2 {| sig_XMoveC3 := sig; guard := Hguard |}
  end.

Definition step_omovec3_from_s7 (s : State S7) (sig : Signed O P_OMoveC3)
  (Hguard : (andb (andb (andb (andb (andb (andb (andb (andb (andb (andb (andb (andb (andb (andb ((match s with st7 w_XJoin w_OJoin w_XMoveC1 w_OMoveC1 w_XMoveC2 w_OMoveC2 w_XMoveC3 => w_XMoveC1.(sig_XMoveC1).(msg).(c1) end) <> (match s with st7 w_XJoin w_OJoin w_XMoveC1 w_OMoveC1 w_XMoveC2 w_OMoveC2 w_XMoveC3 => w_OMoveC1.(sig_OMoveC1).(msg).(c1) end)) ((match s with st7 w_XJoin w_OJoin w_XMoveC1 w_OMoveC1 w_XMoveC2 w_OMoveC2 w_XMoveC3 => w_XMoveC1.(sig_XMoveC1).(msg).(c1) end) <> (match s with st7 w_XJoin w_OJoin w_XMoveC1 w_OMoveC1 w_XMoveC2 w_OMoveC2 w_XMoveC3 => w_XMoveC2.(sig_XMoveC2).(msg).(c2) end))) ((match s with st7 w_XJoin w_OJoin w_XMoveC1 w_OMoveC1 w_XMoveC2 w_OMoveC2 w_XMoveC3 => w_XMoveC1.(sig_XMoveC1).(msg).(c1) end) <> (match s with st7 w_XJoin w_OJoin w_XMoveC1 w_OMoveC1 w_XMoveC2 w_OMoveC2 w_XMoveC3 => w_OMoveC2.(sig_OMoveC2).(msg).(c2) end))) ((match s with st7 w_XJoin w_OJoin w_XMoveC1 w_OMoveC1 w_XMoveC2 w_OMoveC2 w_XMoveC3 => w_XMoveC1.(sig_XMoveC1).(msg).(c1) end) <> (match s with st7 w_XJoin w_OJoin w_XMoveC1 w_OMoveC1 w_XMoveC2 w_OMoveC2 w_XMoveC3 => w_XMoveC3.(sig_XMoveC3).(msg).(c3) end))) ((match s with st7 w_XJoin w_OJoin w_XMoveC1 w_OMoveC1 w_XMoveC2 w_OMoveC2 w_XMoveC3 => w_XMoveC1.(sig_XMoveC1).(msg).(c1) end) <> sig.(msg).(c3))) ((match s with st7 w_XJoin w_OJoin w_XMoveC1 w_OMoveC1 w_XMoveC2 w_OMoveC2 w_XMoveC3 => w_OMoveC1.(sig_OMoveC1).(msg).(c1) end) <> (match s with st7 w_XJoin w_OJoin w_XMoveC1 w_OMoveC1 w_XMoveC2 w_OMoveC2 w_XMoveC3 => w_XMoveC2.(sig_XMoveC2).(msg).(c2) end))) ((match s with st7 w_XJoin w_OJoin w_XMoveC1 w_OMoveC1 w_XMoveC2 w_OMoveC2 w_XMoveC3 => w_OMoveC1.(sig_OMoveC1).(msg).(c1) end) <> (match s with st7 w_XJoin w_OJoin w_XMoveC1 w_OMoveC1 w_XMoveC2 w_OMoveC2 w_XMoveC3 => w_OMoveC2.(sig_OMoveC2).(msg).(c2) end))) ((match s with st7 w_XJoin w_OJoin w_XMoveC1 w_OMoveC1 w_XMoveC2 w_OMoveC2 w_XMoveC3 => w_OMoveC1.(sig_OMoveC1).(msg).(c1) end) <> (match s with st7 w_XJoin w_OJoin w_XMoveC1 w_OMoveC1 w_XMoveC2 w_OMoveC2 w_XMoveC3 => w_XMoveC3.(sig_XMoveC3).(msg).(c3) end))) ((match s with st7 w_XJoin w_OJoin w_XMoveC1 w_OMoveC1 w_XMoveC2 w_OMoveC2 w_XMoveC3 => w_OMoveC1.(sig_OMoveC1).(msg).(c1) end) <> sig.(msg).(c3))) ((match s with st7 w_XJoin w_OJoin w_XMoveC1 w_OMoveC1 w_XMoveC2 w_OMoveC2 w_XMoveC3 => w_XMoveC2.(sig_XMoveC2).(msg).(c2) end) <> (match s with st7 w_XJoin w_OJoin w_XMoveC1 w_OMoveC1 w_XMoveC2 w_OMoveC2 w_XMoveC3 => w_OMoveC2.(sig_OMoveC2).(msg).(c2) end))) ((match s with st7 w_XJoin w_OJoin w_XMoveC1 w_OMoveC1 w_XMoveC2 w_OMoveC2 w_XMoveC3 => w_XMoveC2.(sig_XMoveC2).(msg).(c2) end) <> (match s with st7 w_XJoin w_OJoin w_XMoveC1 w_OMoveC1 w_XMoveC2 w_OMoveC2 w_XMoveC3 => w_XMoveC3.(sig_XMoveC3).(msg).(c3) end))) ((match s with st7 w_XJoin w_OJoin w_XMoveC1 w_OMoveC1 w_XMoveC2 w_OMoveC2 w_XMoveC3 => w_XMoveC2.(sig_XMoveC2).(msg).(c2) end) <> sig.(msg).(c3))) ((match s with st7 w_XJoin w_OJoin w_XMoveC1 w_OMoveC1 w_XMoveC2 w_OMoveC2 w_XMoveC3 => w_OMoveC2.(sig_OMoveC2).(msg).(c2) end) <> (match s with st7 w_XJoin w_OJoin w_XMoveC1 w_OMoveC1 w_XMoveC2 w_OMoveC2 w_XMoveC3 => w_XMoveC3.(sig_XMoveC3).(msg).(c3) end))) ((match s with st7 w_XJoin w_OJoin w_XMoveC1 w_OMoveC1 w_XMoveC2 w_OMoveC2 w_XMoveC3 => w_OMoveC2.(sig_OMoveC2).(msg).(c2) end) <> sig.(msg).(c3))) ((match s with st7 w_XJoin w_OJoin w_XMoveC1 w_OMoveC1 w_XMoveC2 w_OMoveC2 w_XMoveC3 => w_XMoveC3.(sig_XMoveC3).(msg).(c3) end) <> sig.(msg).(c3)))) : State S8 :=
  match s with
  | st7 w_XJoin w_OJoin w_XMoveC1 w_OMoveC1 w_XMoveC2 w_OMoveC2 w_XMoveC3 =>

[Change at line 108]   sig_OMoveC2 : Signed O P_OMoveC2;
  guard : andb andb andb andb andb (w_XMoveC1.(sig_XMoveC1).(msg).(c1) <> w_OMoveC1.(sig_OMoveC1).(msg).(c1)) (w_XMoveC1.(sig_XMoveC1).(msg).(c1) <> w_XMoveC2.(sig_XMoveC2).(msg).(c2)) (w_XMoveC1.(sig_XMoveC1).(msg).(c1) <> sig_OMoveC2.(msg).(c2)) (w_OMoveC1.(sig_OMoveC1).(msg).(c1) <> w_XMoveC2.(sig_XMoveC2).(msg).(c2)) (w_OMoveC1.(sig_OMoveC1).(msg).(c1) <> sig_OMoveC2.(msg).(c2)) (w_XMoveC2.(sig_XMoveC2).(msg).(c2) <> sig_OMoveC2.(msg).(c2));
}.

Record W_XMoveC3 (w_XJoin : W_XJoin) (w_OJoin : (W_OJoin w_XJoin)) (w_XMoveC1 : (W_XMoveC1 w_XJoin w_OJoin)) (w_OMoveC1 : (W_OMoveC1 w_XJoin w_OJoin w_XMoveC1)) (w_XMoveC2 : (W_XMoveC2 w_XJoin w_OJoin w_XMoveC1 w_OMoveC1)) (w_OMoveC2 : (W_OMoveC2 w_XJoin w_OJoin w_XMoveC1 w_OMoveC1 w_XMoveC2)) : Type := {
  sig_XMoveC3 : Signed X P_XMoveC3;
  guard : andb andb andb andb andb andb andb andb andb (w_XMoveC1.(sig_XMoveC1).(msg).(c1) <> w_OMoveC1.(sig_OMoveC1).(msg).(c1)) (w_XMoveC1.(sig_XMoveC1).(msg).(c1) <> w_XMoveC2.(sig_XMoveC2).(msg).(c2)) (w_XMoveC1.(sig_XMoveC1).(msg).(c1) <> w_OMoveC2.(sig_OMoveC2).(msg).(c2)) (w_XMoveC1.(sig_XMoveC1).(msg).(c1) <> sig_XMoveC3.(msg).(c3)) (w_OMoveC1.(sig_OMoveC1).(msg).(c1) <> w_XMoveC2.(sig_XMoveC2).(msg).(c2)) (w_OMoveC1.(sig_OMoveC1).(msg).(c1) <> w_OMoveC2.(sig_OMoveC2).(msg).(c2)) (w_OMoveC1.(sig_OMoveC1).(msg).(c1) <> sig_XMoveC3.(msg).(c3)) (w_XMoveC2.(sig_XMoveC2).(msg).(c2) <> w_OMoveC2.(sig_OMoveC2).(msg).(c2)) (w_XMoveC2.(sig_XMoveC2).(msg).(c2) <> sig_XMoveC3.(msg).(c3)) (w_OMoveC2.(sig_OMoveC2).(msg).(c2) <> sig_XMoveC3.(msg).(c3));
}.

Record W_OMoveC3 (w_XJoin : W_XJoin) (w_OJoin : (W_OJoin w_XJoin)) (w_XMoveC1 : (W_XMoveC1 w_XJoin w_OJoin)) (w_OMoveC1 : (W_OMoveC1 w_XJoin w_OJoin w_XMoveC1)) (w_XMoveC2 : (W_XMoveC2 w_XJoin w_OJoin w_XMoveC1 w_OMoveC1)) (w_OMoveC2 : (W_OMoveC2 w_XJoin w_OJoin w_XMoveC1 w_OMoveC1 w_XMoveC2)) (w_XMoveC3 : (W_XMoveC3 w_XJoin w_OJoin w_XMoveC1 w_OMoveC1 w_XMoveC2 w_OMoveC2)) : Type := {
  sig_OMoveC3 : Signed O P_OMoveC3;
  guard : andb andb andb andb andb andb andb andb andb andb andb andb andb andb (w_XMoveC1.(sig_XMoveC1).(msg).(c1) <> w_OMoveC1.(sig_OMoveC1).(msg).(c1)) (w_XMoveC1.(sig_XMoveC1).(msg).(c1) <> w_XMoveC2.(sig_XMoveC2).(msg).(c2)) (w_XMoveC1.(sig_XMoveC1).(msg).(c1) <> w_OMoveC2.(sig_OMoveC2).(msg).(c2)) (w_XMoveC1.(sig_XMoveC1).(msg).(c1) <> w_XMoveC3.(sig_XMoveC3).(msg).(c3)) (w_XMoveC1.(sig_XMoveC1).(msg).(c1) <> sig_OMoveC3.(msg).(c3)) (w_OMoveC1.(sig_OMoveC1).(msg).(c1) <> w_XMoveC2.(sig_XMoveC2).(msg).(c2)) (w_OMoveC1.(sig_OMoveC1).(msg).(c1) <> w_OMoveC2.(sig_OMoveC2).(msg).(c2)) (w_OMoveC1.(sig_OMoveC1).(msg).(c1) <> w_XMoveC3.(sig_XMoveC3).(msg).(c3)) (w_OMoveC1.(sig_OMoveC1).(msg).(c1) <> sig_OMoveC3.(msg).(c3)) (w_XMoveC2.(sig_XMoveC2).(msg).(c2) <> w_OMoveC2.(sig_OMoveC2).(msg).(c2)) (w_XMoveC2.(sig_XMoveC2).(msg).(c2) <> w_XMoveC3.(sig_XMoveC3).(msg).(c3)) (w_XMoveC2.(sig_XMoveC2).(msg).(c2) <> sig_OMoveC3.(msg).(c3)) (w_OMoveC2.(sig_OMoveC2).(msg).(c2) <> w_XMoveC3.(sig_XMoveC3).(msg).(c3)) (w_OMoveC2.(sig_OMoveC2).(msg).(c2) <> sig_OMoveC3.(msg).(c3)) (w_XMoveC3.(sig_XMoveC3).(msg).(c3) <> sig_OMoveC3.(msg).(c3));
}.

Record W_XMoveC4 (w_XJoin : W_XJoin) (w_OJoin : (W_OJoin w_XJoin)) (w_XMoveC1 : (W_XMoveC1 w_XJoin w_OJoin)) (w_OMoveC1 : (W_OMoveC1 w_XJoin w_OJoin w_XMoveC1)) (w_XMoveC2 : (W_XMoveC2 w_XJoin w_OJoin w_XMoveC1 w_OMoveC1)) (w_OMoveC2 : (W_OMoveC2 w_XJoin w_OJoin w_XMoveC1 w_OMoveC1 w_XMoveC2)) (w_XMoveC3 : (W_XMoveC3 w_XJoin w_OJoin w_XMoveC1 w_OMoveC1 w_XMoveC2 w_OMoveC2)) (w_OMoveC3 : (W_OMoveC3 w_XJoin w_OJoin w_XMoveC1 w_OMoveC1 w_XMoveC2 w_OMoveC2 w_XMoveC3)) : Type := {
  sig_XMoveC4 : Signed X P_XMoveC4;
  guard : andb andb andb andb andb andb andb andb andb andb andb andb andb andb andb andb andb andb andb andb (w_XMoveC1.(sig_XMoveC1).(msg).(c1) <> w_OMoveC1.(sig_OMoveC1).(msg).(c1)) (w_XMoveC1.(sig_XMoveC1).(msg).(c1) <> w_XMoveC2.(sig_XMoveC2).(msg).(c2)) (w_XMoveC1.(sig_XMoveC1).(msg).(c1) <> w_OMoveC2.(sig_OMoveC2).(msg).(c2)) (w_XMoveC1.(sig_XMoveC1).(msg).(c1) <> w_XMoveC3.(sig_XMoveC3).(msg).(c3)) (w_XMoveC1.(sig_XMoveC1).(msg).(c1) <> w_OMoveC3.(sig_OMoveC3).(msg).(c3)) (w_XMoveC1.(sig_XMoveC1).(msg).(c1) <> sig_XMoveC4.(msg).(c4)) (w_OMoveC1.(sig_OMoveC1).(msg).(c1) <> w_XMoveC2.(sig_XMoveC2).(msg).(c2)) (w_OMoveC1.(sig_OMoveC1).(msg).(c1) <> w_OMoveC2.(sig_OMoveC2).(msg).(c2)) (w_OMoveC1.(sig_OMoveC1).(msg).(c1) <> w_XMoveC3.(sig_XMoveC3).(msg).(c3)) (w_OMoveC1.(sig_OMoveC1).(msg).(c1) <> w_OMoveC3.(sig_OMoveC3).(msg).(c3)) (w_OMoveC1.(sig_OMoveC1).(msg).(c1) <> sig_XMoveC4.(msg).(c4)) (w_XMoveC2.(sig_XMoveC2).(msg).(c2) <> w_OMoveC2.(sig_OMoveC2).(msg).(c2)) (w_XMoveC2.(sig_XMoveC2).(msg).(c2) <> w_XMoveC3.(sig_XMoveC3).(msg).(c3)) (w_XMoveC2.(sig_XMoveC2).(msg).(c2) <> w_OMoveC3.(sig_OMoveC3).(msg).(c3)) (w_XMoveC2.(sig_XMoveC2).(msg).(c2) <> sig_XMoveC4.(msg).(c4)) (w_OMoveC2.(sig_OMoveC2).(msg).(c2) <> w_XMoveC3.(sig_XMoveC3).(msg).(c3)) (w_OMoveC2.(sig_OMoveC2).(msg).(c2) <> w_OMoveC3.(sig_OMoveC3).(msg).(c3)) (w_OMoveC2.(sig_OMoveC2).(msg).(c2) <> sig_XMoveC4.(msg).(c4)) (w_XMoveC3.(sig_XMoveC3).(msg).(c3) <> w_OMoveC3.(sig_OMoveC3).(msg).(c3)) (w_XMoveC3.(sig_XMoveC3).(msg).(c3) <> sig_XMoveC4.(msg).(c4)) (w_OMoveC3.(sig_OMoveC3).(msg).(c3) <> sig_XMoveC4.(msg).(c4));
}.

Record W_OMoveC4 (w_XJoin : W_XJoin) (w_OJoin : (W_OJoin w_XJoin)) (w_XMoveC1 : (W_XMoveC1 w_XJoin w_OJoin)) (w_OMoveC1 : (W_OMoveC1 w_XJoin w_OJoin w_XMoveC1)) (w_XMoveC2 : (W_XMoveC2 w_XJoin w_OJoin w_XMoveC1 w_OMoveC1)) (w_OMoveC2 : (W_OMoveC2 w_XJoin w_OJoin w_XMoveC1 w_OMoveC1 w_XMoveC2)) (w_XMoveC3 : (W_XMoveC3 w_XJoin w_OJoin w_XMoveC1 w_OMoveC1 w_XMoveC2 w_OMoveC2)) (w_OMoveC3 : (W_OMoveC3 w_XJoin w_OJoin w_XMoveC1 w_OMoveC1 w_XMoveC2 w_OMoveC2 w_XMoveC3)) (w_XMoveC4 : (W_XMoveC4 w_XJoin w_OJoin w_XMoveC1 w_OMoveC1 w_XMoveC2 w_OMoveC2 w_XMoveC3 w_OMoveC3)) : Type := {
  sig_OMoveC4 : Signed O P_OMoveC4;
  guard : andb andb andb andb andb andb andb andb andb andb andb andb andb andb andb andb andb andb andb andb andb andb andb andb andb andb andb (w_XMoveC1.(sig_XMoveC1).(msg).(c1) <> w_OMoveC1.(sig_OMoveC1).(msg).(c1)) (w_XMoveC1.(sig_XMoveC1).(msg).(c1) <> w_XMoveC2.(sig_XMoveC2).(msg).(c2)) (w_XMoveC1.(sig_XMoveC1).(msg).(c1) <> w_OMoveC2.(sig_OMoveC2).(msg).(c2)) (w_XMoveC1.(sig_XMoveC1).(msg).(c1) <> w_XMoveC3.(sig_XMoveC3).(msg).(c3)) (w_XMoveC1.(sig_XMoveC1).(msg).(c1) <> w_OMoveC3.(sig_OMoveC3).(msg).(c3)) (w_XMoveC1.(sig_XMoveC1).(msg).(c1) <> w_XMoveC4.(sig_XMoveC4).(msg).(c4)) (w_XMoveC1.(sig_XMoveC1).(msg).(c1) <> sig_OMoveC4.(msg).(c4)) (w_OMoveC1.(sig_OMoveC1).(msg).(c1) <> w_XMoveC2.(sig_XMoveC2).(msg).(c2)) (w_OMoveC1.(sig_OMoveC1).(msg).(c1) <> w_OMoveC2.(sig_OMoveC2).(msg).(c2)) (w_OMoveC1.(sig_OMoveC1).(msg).(c1) <> w_XMoveC3.(sig_XMoveC3).(msg).(c3)) (w_OMoveC1.(sig_OMoveC1).(msg).(c1) <> w_OMoveC3.(sig_OMoveC3).(msg).(c3)) (w_OMoveC1.(sig_OMoveC1).(msg).(c1) <> w_XMoveC4.(sig_XMoveC4).(msg).(c4)) (w_OMoveC1.(sig_OMoveC1).(msg).(c1) <> sig_OMoveC4.(msg).(c4)) (w_XMoveC2.(sig_XMoveC2).(msg).(c2) <> w_OMoveC2.(sig_OMoveC2).(msg).(c2)) (w_XMoveC2.(sig_XMoveC2).(msg).(c2) <> w_XMoveC3.(sig_XMoveC3).(msg).(c3)) (w_XMoveC2.(sig_XMoveC2).(msg).(c2) <> w_OMoveC3.(sig_OMoveC3).(msg).(c3)) (w_XMoveC2.(sig_XMoveC2).(msg).(c2) <> w_XMoveC4.(sig_XMoveC4).(msg).(c4)) (w_XMoveC2.(sig_XMoveC2).(msg).(c2) <> sig_OMoveC4.(msg).(c4)) (w_OMoveC2.(sig_OMoveC2).(msg).(c2) <> w_XMoveC3.(sig_XMoveC3).(msg).(c3)) (w_OMoveC2.(sig_OMoveC2).(msg).(c2) <> w_OMoveC3.(sig_OMoveC3).(msg).(c3)) (w_OMoveC2.(sig_OMoveC2).(msg).(c2) <> w_XMoveC4.(sig_XMoveC4).(msg).(c4)) (w_OMoveC2.(sig_OMoveC2).(msg).(c2) <> sig_OMoveC4.(msg).(c4)) (w_XMoveC3.(sig_XMoveC3).(msg).(c3) <> w_OMoveC3.(sig_OMoveC3).(msg).(c3)) (w_XMoveC3.(sig_XMoveC3).(msg).(c3) <> w_XMoveC4.(sig_XMoveC4).(msg).(c4)) (w_XMoveC3.(sig_XMoveC3).(msg).(c3) <> sig_OMoveC4.(msg).(c4)) (w_OMoveC3.(sig_OMoveC3).(msg).(c3) <> w_XMoveC4.(sig_XMoveC4).(msg).(c4)) (w_OMoveC3.(sig_OMoveC3).(msg).(c3) <> sig_OMoveC4.(msg).(c4)) (w_XMoveC4.(sig_XMoveC4).(msg).(c4) <> sig_OMoveC4.(msg).(c4));
}.

(* ===================== *)
(* 5) Typed runtime/ESM  *)
(* ===================== *)

Inductive Stage : Type :=
S0 | S1 | S2 | S3 | S4 | S5 | S6 | S7 | S8 | S9 | S10.

Inductive State : Stage -> Type :=
| st0 : State S0
| st1 : (w_XJoin : W_XJoin) -> State S1
| st2 : (w_XJoin : W_XJoin) (w_OJoin : (W_OJoin w_XJoin)) -> State S2
| st3 : (w_XJoin : W_XJoin) (w_OJoin : (W_OJoin w_XJoin)) (w_XMoveC1 : (W_XMoveC1 w_XJoin w_OJoin)) -> State S3
| st4 : (w_XJoin : W_XJoin) (w_OJoin : (W_OJoin w_XJoin)) (w_XMoveC1 : (W_XMoveC1 w_XJoin w_OJoin)) (w_OMoveC1 : (W_OMoveC1 w_XJoin w_OJoin w_XMoveC1)) -> State S4
| st5 : (w_XJoin : W_XJoin) (w_OJoin : (W_OJoin w_XJoin)) (w_XMoveC1 : (W_XMoveC1 w_XJoin w_OJoin)) (w_OMoveC1 : (W_OMoveC1 w_XJoin w_OJoin w_XMoveC1)) (w_XMoveC2 : (W_XMoveC2 w_XJoin w_OJoin w_XMoveC1 w_OMoveC1)) -> State S5
| st6 : (w_XJoin : W_XJoin) (w_OJoin : (W_OJoin w_XJoin)) (w_XMoveC1 : (W_XMoveC1 w_XJoin w_OJoin)) (w_OMoveC1 : (W_OMoveC1 w_XJoin w_OJoin w_XMoveC1)) (w_XMoveC2 : (W_XMoveC2 w_XJoin w_OJoin w_XMoveC1 w_OMoveC1)) (w_OMoveC2 : (W_OMoveC2 w_XJoin w_OJoin w_XMoveC1 w_OMoveC1 w_XMoveC2)) -> State S6
| st7 : (w_XJoin : W_XJoin) (w_OJoin : (W_OJoin w_XJoin)) (w_XMoveC1 : (W_XMoveC1 w_XJoin w_OJoin)) (w_OMoveC1 : (W_OMoveC1 w_XJoin w_OJoin w_XMoveC1)) (w_XMoveC2 : (W_XMoveC2 w_XJoin w_OJoin w_XMoveC1 w_OMoveC1)) (w_OMoveC2 : (W_OMoveC2 w_XJoin w_OJoin w_XMoveC1 w_OMoveC1 w_XMoveC2)) (w_XMoveC3 : (W_XMoveC3 w_XJoin w_OJoin w_XMoveC1 w_OMoveC1 w_XMoveC2 w_OMoveC2)) -> State S7
| st8 : (w_XJoin : W_XJoin) (w_OJoin : (W_OJoin w_XJoin)) (w_XMoveC1 : (W_XMoveC1 w_XJoin w_OJoin)) (w_OMoveC1 : (W_OMoveC1 w_XJoin w_OJoin w_XMoveC1)) (w_XMoveC2 : (W_XMoveC2 w_XJoin w_OJoin w_XMoveC1 w_OMoveC1)) (w_OMoveC2 : (W_OMoveC2 w_XJoin w_OJoin w_XMoveC1 w_OMoveC1 w_XMoveC2)) (w_XMoveC3 : (W_XMoveC3 w_XJoin w_OJoin w_XMoveC1 w_OMoveC1 w_XMoveC2 w_OMoveC2)) (w_OMoveC3 : (W_OMoveC3 w_XJoin w_OJoin w_XMoveC1 w_OMoveC1 w_XMoveC2 w_OMoveC2 w_XMoveC3)) -> State S8
| st9 : (w_XJoin : W_XJoin) (w_OJoin : (W_OJoin w_XJoin)) (w_XMoveC1 : (W_XMoveC1 w_XJoin w_OJoin)) (w_OMoveC1 : (W_OMoveC1 w_XJoin w_OJoin w_XMoveC1)) (w_XMoveC2 : (W_XMoveC2 w_XJoin w_OJoin w_XMoveC1 w_OMoveC1)) (w_OMoveC2 : (W_OMoveC2 w_XJoin w_OJoin w_XMoveC1 w_OMoveC1 w_XMoveC2)) (w_XMoveC3 : (W_XMoveC3 w_XJoin w_OJoin w_XMoveC1 w_OMoveC1 w_XMoveC2 w_OMoveC2)) (w_OMoveC3 : (W_OMoveC3 w_XJoin w_OJoin w_XMoveC1 w_OMoveC1 w_XMoveC2 w_OMoveC2 w_XMoveC3)) (w_XMoveC4 : (W_XMoveC4 w_XJoin w_OJoin w_XMoveC1 w_OMoveC1 w_XMoveC2 w_OMoveC2 w_XMoveC3 w_OMoveC3)) -> State S9
| st10 : (w_XJoin : W_XJoin) (w_OJoin : (W_OJoin w_XJoin)) (w_XMoveC1 : (W_XMoveC1 w_XJoin w_OJoin)) (w_OMoveC1 : (W_OMoveC1 w_XJoin w_OJoin w_XMoveC1)) (w_XMoveC2 : (W_XMoveC2 w_XJoin w_OJoin w_XMoveC1 w_OMoveC1)) (w_OMoveC2 : (W_OMoveC2 w_XJoin w_OJoin w_XMoveC1 w_OMoveC1 w_XMoveC2)) (w_XMoveC3 : (W_XMoveC3 w_XJoin w_OJoin w_XMoveC1 w_OMoveC1 w_XMoveC2 w_OMoveC2)) (w_OMoveC3 : (W_OMoveC3 w_XJoin w_OJoin w_XMoveC1 w_OMoveC1 w_XMoveC2 w_OMoveC2 w_XMoveC3)) (w_XMoveC4 : (W_XMoveC4 w_XJoin w_OJoin w_XMoveC1 w_OMoveC1 w_XMoveC2 w_OMoveC2 w_XMoveC3 w_OMoveC3)) (w_OMoveC4 : (W_OMoveC4 w_XJoin w_OJoin w_XMoveC1 w_OMoveC1 w_XMoveC2 w_OMoveC2 w_XMoveC3 w_OMoveC3 w_XMoveC4)) -> State S10
.

(* Step API *)
Definition step_xjoin_from_s0 (s : State S0) (sig : Signed X P_XJoin)
 : State S1 :=
  match s with
  | st0 =>
      st1 {| sig_XJoin := sig |}
  end.

Definition step_ojoin_from_s1 (s : State S1) (sig : Signed O P_OJoin)
 : State S2 :=
  match s with
  | st1 w_XJoin =>
      st2 w_XJoin {| sig_OJoin := sig |}
  end.

Definition step_xmovec1_from_s2 (s : State S2) (sig : Signed X P_XMoveC1)
 : State S3 :=
  match s with
  | st2 w_XJoin w_OJoin =>
      st3 w_XJoin w_OJoin {| sig_XMoveC1 := sig |}
  end.

Definition step_omovec1_from_s3 (s : State S3) (sig : Signed O P_OMoveC1)
  (Hguard : ((match s with st3 w_XJoin w_OJoin w_XMoveC1 => w_XMoveC1.(sig_XMoveC1).(msg).(c1) end) <> sig.(msg).(c1))) : State S4 :=
  match s with
  | st3 w_XJoin w_OJoin w_XMoveC1 =>
      st4 w_XJoin w_OJoin w_XMoveC1 {| sig_OMoveC1 := sig; guard := Hguard |}
  end.

Definition step_xmovec2_from_s4 (s : State S4) (sig : Signed X P_XMoveC2)
  (Hguard : (andb (andb ((match s with st4 w_XJoin w_OJoin w_XMoveC1 w_OMoveC1 => w_XMoveC1.(sig_XMoveC1).(msg).(c1) end) <> (match s with st4 w_XJoin w_OJoin w_XMoveC1 w_OMoveC1 => w_OMoveC1.(sig_OMoveC1).(msg).(c1) end)) ((match s with st4 w_XJoin w_OJoin w_XMoveC1 w_OMoveC1 => w_XMoveC1.(sig_XMoveC1).(msg).(c1) end) <> sig.(msg).(c2))) ((match s with st4 w_XJoin w_OJoin w_XMoveC1 w_OMoveC1 => w_OMoveC1.(sig_OMoveC1).(msg).(c1) end) <> sig.(msg).(c2)))) : State S5 :=
  match s with
  | st4 w_XJoin w_OJoin w_XMoveC1 w_OMoveC1 =>
      st5 w_XJoin w_OJoin w_XMoveC1 w_OMoveC1 {| sig_XMoveC2 := sig; guard := Hguard |}
  end.

Definition step_omovec2_from_s5 (s : State S5) (sig : Signed O P_OMoveC2)
  (Hguard : (andb (andb (andb (andb (andb ((match s with st5 w_XJoin w_OJoin w_XMoveC1 w_OMoveC1 w_XMoveC2 => w_XMoveC1.(sig_XMoveC1).(msg).(c1) end) <> (match s with st5 w_XJoin w_OJoin w_XMoveC1 w_OMoveC1 w_XMoveC2 => w_OMoveC1.(sig_OMoveC1).(msg).(c1) end)) ((match s with st5 w_XJoin w_OJoin w_XMoveC1 w_OMoveC1 w_XMoveC2 => w_XMoveC1.(sig_XMoveC1).(msg).(c1) end) <> (match s with st5 w_XJoin w_OJoin w_XMoveC1 w_OMoveC1 w_XMoveC2 => w_XMoveC2.(sig_XMoveC2).(msg).(c2) end))) ((match s with st5 w_XJoin w_OJoin w_XMoveC1 w_OMoveC1 w_XMoveC2 => w_XMoveC1.(sig_XMoveC1).(msg).(c1) end) <> sig.(msg).(c2))) ((match s with st5 w_XJoin w_OJoin w_XMoveC1 w_OMoveC1 w_XMoveC2 => w_OMoveC1.(sig_OMoveC1).(msg).(c1) end) <> (match s with st5 w_XJoin w_OJoin w_XMoveC1 w_OMoveC1 w_XMoveC2 => w_XMoveC2.(sig_XMoveC2).(msg).(c2) end))) ((match s with st5 w_XJoin w_OJoin w_XMoveC1 w_OMoveC1 w_XMoveC2 => w_OMoveC1.(sig_OMoveC1).(msg).(c1) end) <> sig.(msg).(c2))) ((match s with st5 w_XJoin w_OJoin w_XMoveC1 w_OMoveC1 w_XMoveC2 => w_XMoveC2.(sig_XMoveC2).(msg).(c2) end) <> sig.(msg).(c2)))) : State S6 :=
  match s with
  | st5 w_XJoin w_OJoin w_XMoveC1 w_OMoveC1 w_XMoveC2 =>
      st6 w_XJoin w_OJoin w_XMoveC1 w_OMoveC1 w_XMoveC2 {| sig_OMoveC2 := sig; guard := Hguard |}
  end.

Definition step_xmovec3_from_s6 (s : State S6) (sig : Signed X P_XMoveC3)
  (Hguard : (andb (andb (andb (andb (andb (andb (andb (andb (andb ((match s with st6 w_XJoin w_OJoin w_XMoveC1 w_OMoveC1 w_XMoveC2 w_OMoveC2 => w_XMoveC1.(sig_XMoveC1).(msg).(c1) end) <> (match s with st6 w_XJoin w_OJoin w_XMoveC1 w_OMoveC1 w_XMoveC2 w_OMoveC2 => w_OMoveC1.(sig_OMoveC1).(msg).(c1) end)) ((match s with st6 w_XJoin w_OJoin w_XMoveC1 w_OMoveC1 w_XMoveC2 w_OMoveC2 => w_XMoveC1.(sig_XMoveC1).(msg).(c1) end) <> (match s with st6 w_XJoin w_OJoin w_XMoveC1 w_OMoveC1 w_XMoveC2 w_OMoveC2 => w_XMoveC2.(sig_XMoveC2).(msg).(c2) end))) ((match s with st6 w_XJoin w_OJoin w_XMoveC1 w_OMoveC1 w_XMoveC2 w_OMoveC2 => w_XMoveC1.(sig_XMoveC1).(msg).(c1) end) <> (match s with st6 w_XJoin w_OJoin w_XMoveC1 w_OMoveC1 w_XMoveC2 w_OMoveC2 => w_OMoveC2.(sig_OMoveC2).(msg).(c2) end))) ((match s with st6 w_XJoin w_OJoin w_XMoveC1 w_OMoveC1 w_XMoveC2 w_OMoveC2 => w_XMoveC1.(sig_XMoveC1).(msg).(c1) end) <> sig.(msg).(c3))) ((match s with st6 w_XJoin w_OJoin w_XMoveC1 w_OMoveC1 w_XMoveC2 w_OMoveC2 => w_OMoveC1.(sig_OMoveC1).(msg).(c1) end) <> (match s with st6 w_XJoin w_OJoin w_XMoveC1 w_OMoveC1 w_XMoveC2 w_OMoveC2 => w_XMoveC2.(sig_XMoveC2).(msg).(c2) end))) ((match s with st6 w_XJoin w_OJoin w_XMoveC1 w_OMoveC1 w_XMoveC2 w_OMoveC2 => w_OMoveC1.(sig_OMoveC1).(msg).(c1) end) <> (match s with st6 w_XJoin w_OJoin w_XMoveC1 w_OMoveC1 w_XMoveC2 w_OMoveC2 => w_OMoveC2.(sig_OMoveC2).(msg).(c2) end))) ((match s with st6 w_XJoin w_OJoin w_XMoveC1 w_OMoveC1 w_XMoveC2 w_OMoveC2 => w_OMoveC1.(sig_OMoveC1).(msg).(c1) end) <> sig.(msg).(c3))) ((match s with st6 w_XJoin w_OJoin w_XMoveC1 w_OMoveC1 w_XMoveC2 w_OMoveC2 => w_XMoveC2.(sig_XMoveC2).(msg).(c2) end) <> (match s with st6 w_XJoin w_OJoin w_XMoveC1 w_OMoveC1 w_XMoveC2 w_OMoveC2 => w_OMoveC2.(sig_OMoveC2).(msg).(c2) end))) ((match s with st6 w_XJoin w_OJoin w_XMoveC1 w_OMoveC1 w_XMoveC2 w_OMoveC2 => w_XMoveC2.(sig_XMoveC2).(msg).(c2) end) <> sig.(msg).(c3))) ((match s with st6 w_XJoin w_OJoin w_XMoveC1 w_OMoveC1 w_XMoveC2 w_OMoveC2 => w_OMoveC2.(sig_OMoveC2).(msg).(c2) end) <> sig.(msg).(c3)))) : State S7 :=
  match s with
  | st6 w_XJoin w_OJoin w_XMoveC1 w_OMoveC1 w_XMoveC2 w_OMoveC2 =>
      st7 w_XJoin w_OJoin w_XMoveC1 w_OMoveC1 w_XMoveC2 w_OMoveC2 {| sig_XMoveC3 := sig; guard := Hguard |}
  end.

Definition step_omovec3_from_s7 (s : State S7) (sig : Signed O P_OMoveC3)
  (Hguard : (andb (andb (andb (andb (andb (andb (andb (andb (andb (andb (andb (andb (andb (andb ((match s with st7 w_XJoin w_OJoin w_XMoveC1 w_OMoveC1 w_XMoveC2 w_OMoveC2 w_XMoveC3 => w_XMoveC1.(sig_XMoveC1).(msg).(c1) end) <> (match s with st7 w_XJoin w_OJoin w_XMoveC1 w_OMoveC1 w_XMoveC2 w_OMoveC2 w_XMoveC3 => w_OMoveC1.(sig_OMoveC1).(msg).(c1) end)) ((match s with st7 w_XJoin w_OJoin w_XMoveC1 w_OMoveC1 w_XMoveC2 w_OMoveC2 w_XMoveC3 => w_XMoveC1.(sig_XMoveC1).(msg).(c1) end) <> (match s with st7 w_XJoin w_OJoin w_XMoveC1 w_OMoveC1 w_XMoveC2 w_OMoveC2 w_XMoveC3 => w_XMoveC2.(sig_XMoveC2).(msg).(c2) end))) ((match s with st7 w_XJoin w_OJoin w_XMoveC1 w_OMoveC1 w_XMoveC2 w_OMoveC2 w_XMoveC3 => w_XMoveC1.(sig_XMoveC1).(msg).(c1) end) <> (match s with st7 w_XJoin w_OJoin w_XMoveC1 w_OMoveC1 w_XMoveC2 w_OMoveC2 w_XMoveC3 => w_OMoveC2.(sig_OMoveC2).(msg).(c2) end))) ((match s with st7 w_XJoin w_OJoin w_XMoveC1 w_OMoveC1 w_XMoveC2 w_OMoveC2 w_XMoveC3 => w_XMoveC1.(sig_XMoveC1).(msg).(c1) end) <> (match s with st7 w_XJoin w_OJoin w_XMoveC1 w_OMoveC1 w_XMoveC2 w_OMoveC2 w_XMoveC3 => w_XMoveC3.(sig_XMoveC3).(msg).(c3) end))) ((match s with st7 w_XJoin w_OJoin w_XMoveC1 w_OMoveC1 w_XMoveC2 w_OMoveC2 w_XMoveC3 => w_XMoveC1.(sig_XMoveC1).(msg).(c1) end) <> sig.(msg).(c3))) ((match s with st7 w_XJoin w_OJoin w_XMoveC1 w_OMoveC1 w_XMoveC2 w_OMoveC2 w_XMoveC3 => w_OMoveC1.(sig_OMoveC1).(msg).(c1) end) <> (match s with st7 w_XJoin w_OJoin w_XMoveC1 w_OMoveC1 w_XMoveC2 w_OMoveC2 w_XMoveC3 => w_XMoveC2.(sig_XMoveC2).(msg).(c2) end))) ((match s with st7 w_XJoin w_OJoin w_XMoveC1 w_OMoveC1 w_XMoveC2 w_OMoveC2 w_XMoveC3 => w_OMoveC1.(sig_OMoveC1).(msg).(c1) end) <> (match s with st7 w_XJoin w_OJoin w_XMoveC1 w_OMoveC1 w_XMoveC2 w_OMoveC2 w_XMoveC3 => w_OMoveC2.(sig_OMoveC2).(msg).(c2) end))) ((match s with st7 w_XJoin w_OJoin w_XMoveC1 w_OMoveC1 w_XMoveC2 w_OMoveC2 w_XMoveC3 => w_OMoveC1.(sig_OMoveC1).(msg).(c1) end) <> (match s with st7 w_XJoin w_OJoin w_XMoveC1 w_OMoveC1 w_XMoveC2 w_OMoveC2 w_XMoveC3 => w_XMoveC3.(sig_XMoveC3).(msg).(c3) end))) ((match s with st7 w_XJoin w_OJoin w_XMoveC1 w_OMoveC1 w_XMoveC2 w_OMoveC2 w_XMoveC3 => w_OMoveC1.(sig_OMoveC1).(msg).(c1) end) <> sig.(msg).(c3))) ((match s with st7 w_XJoin w_OJoin w_XMoveC1 w_OMoveC1 w_XMoveC2 w_OMoveC2 w_XMoveC3 => w_XMoveC2.(sig_XMoveC2).(msg).(c2) end) <> (match s with st7 w_XJoin w_OJoin w_XMoveC1 w_OMoveC1 w_XMoveC2 w_OMoveC2 w_XMoveC3 => w_OMoveC2.(sig_OMoveC2).(msg).(c2) end))) ((match s with st7 w_XJoin w_OJoin w_XMoveC1 w_OMoveC1 w_XMoveC2 w_OMoveC2 w_XMoveC3 => w_XMoveC2.(sig_XMoveC2).(msg).(c2) end) <> (match s with st7 w_XJoin w_OJoin w_XMoveC1 w_OMoveC1 w_XMoveC2 w_OMoveC2 w_XMoveC3 => w_XMoveC3.(sig_XMoveC3).(msg).(c3) end))) ((match s with st7 w_XJoin w_OJoin w_XMoveC1 w_OMoveC1 w_XMoveC2 w_OMoveC2 w_XMoveC3 => w_XMoveC2.(sig_XMoveC2).(msg).(c2) end) <> sig.(msg).(c3))) ((match s with st7 w_XJoin w_OJoin w_XMoveC1 w_OMoveC1 w_XMoveC2 w_OMoveC2 w_XMoveC3 => w_OMoveC2.(sig_OMoveC2).(msg).(c2) end) <> (match s with st7 w_XJoin w_OJoin w_XMoveC1 w_OMoveC1 w_XMoveC2 w_OMoveC2 w_XMoveC3 => w_XMoveC3.(sig_XMoveC3).(msg).(c3) end))) ((match s with st7 w_XJoin w_OJoin w_XMoveC1 w_OMoveC1 w_XMoveC2 w_OMoveC2 w_XMoveC3 => w_OMoveC2.(sig_OMoveC2).(msg).(c2) end) <> sig.(msg).(c3))) ((match s with st7 w_XJoin w_OJoin w_XMoveC1 w_OMoveC1 w_XMoveC2 w_OMoveC2 w_XMoveC3 => w_XMoveC3.(sig_XMoveC3).(msg).(c3) end) <> sig.(msg).(c3)))) : State S8 :=
  match s with
  | st7 w_XJoin w_OJoin w_XMoveC1 w_OMoveC1 w_XMoveC2 w_OMoveC2 w_XMoveC3 =>
      st8 w_XJoin w_OJoin w_XMoveC1 w_OMoveC1 w_XMoveC2 w_OMoveC2 w_XMoveC3 {| sig_OMoveC3 := sig; guard := Hguard |}
  end.

Definition step_xmovec4_from_s8 (s : State S8) (sig : Signed X P_XMoveC4)
  (Hguard : (andb (andb (andb (andb (andb (andb (andb (andb (andb (andb (andb (andb (andb (andb (andb (andb (andb (andb (andb (andb ((match s with st8 w_XJoin w_OJoin w_XMoveC1 w_OMoveC1 w_XMoveC2 w_OMoveC2 w_XMoveC3 w_OMoveC3 => w_XMoveC1.(sig_XMoveC1).(msg).(c1) end) <> (match s with st8 w_XJoin w_OJoin w_XMoveC1 w_OMoveC1 w_XMoveC2 w_OMoveC2 w_XMoveC3 w_OMoveC3 => w_OMoveC1.(sig_OMoveC1).(msg).(c1) end)) ((match s with st8 w_XJoin w_OJoin w_XMoveC1 w_OMoveC1 w_XMoveC2 w_OMoveC2 w_XMoveC3 w_OMoveC3 => w_XMoveC1.(sig_XMoveC1).(msg).(c1) end) <> (match s with st8 w_XJoin w_OJoin w_XMoveC1 w_OMoveC1 w_XMoveC2 w_OMoveC2 w_XMoveC3 w_OMoveC3 => w_XMoveC2.(sig_XMoveC2).(msg).(c2) end))) ((match s with st8 w_XJoin w_OJoin w_XMoveC1 w_OMoveC1 w_XMoveC2 w_OMoveC2 w_XMoveC3 w_OMoveC3 => w_XMoveC1.(sig_XMoveC1).(msg).(c1) end) <> (match s with st8 w_XJoin w_OJoin w_XMoveC1 w_OMoveC1 w_XMoveC2 w_OMoveC2 w_XMoveC3 w_OMoveC3 => w_OMoveC2.(sig_OMoveC2).(msg).(c2) end))) ((match s with st8 w_XJoin w_OJoin w_XMoveC1 w_OMoveC1 w_XMoveC2 w_OMoveC2 w_XMoveC3 w_OMoveC3 => w_XMoveC1.(sig_XMoveC1).(msg).(c1) end) <> (match s with st8 w_XJoin w_OJoin w_XMoveC1 w_OMoveC1 w_XMoveC2 w_OMoveC2 w_XMoveC3 w_OMoveC3 => w_XMoveC3.(sig_XMoveC3).(msg).(c3) end))) ((match s with st8 w_XJoin w_OJoin w_XMoveC1 w_OMoveC1 w_XMoveC2 w_OMoveC2 w_XMoveC3 w_OMoveC3 => w_XMoveC1.(sig_XMoveC1).(msg).(c1) end) <> (match s with st8 w_XJoin w_OJoin w_XMoveC1 w_OMoveC1 w_XMoveC2 w_OMoveC2 w_XMoveC3 w_OMoveC3 => w_OMoveC3.(sig_OMoveC3).(msg).(c3) end))) ((match s with st8 w_XJoin w_OJoin w_XMoveC1 w_OMoveC1 w_XMoveC2 w_OMoveC2 w_XMoveC3 w_OMoveC3 => w_XMoveC1.(sig_XMoveC1).(msg).(c1) end) <> sig.(msg).(c4))) ((match s with st8 w_XJoin w_OJoin w_XMoveC1 w_OMoveC1 w_XMoveC2 w_OMoveC2 w_XMoveC3 w_OMoveC3 => w_OMoveC1.(sig_OMoveC1).(msg).(c1) end) <> (match s with st8 w_XJoin w_OJoin w_XMoveC1 w_OMoveC1 w_XMoveC2 w_OMoveC2 w_XMoveC3 w_OMoveC3 => w_XMoveC2.(sig_XMoveC2).(msg).(c2) end))) ((match s with st8 w_XJoin w_OJoin w_XMoveC1 w_OMoveC1 w_XMoveC2 w_OMoveC2 w_XMoveC3 w_OMoveC3 => w_OMoveC1.(sig_OMoveC1).(msg).(c1) end) <> (match s with st8 w_XJoin w_OJoin w_XMoveC1 w_OMoveC1 w_XMoveC2 w_OMoveC2 w_XMoveC3 w_OMoveC3 => w_OMoveC2.(sig_OMoveC2).(msg).(c2) end))) ((match s with st8 w_XJoin w_OJoin w_XMoveC1 w_OMoveC1 w_XMoveC2 w_OMoveC2 w_XMoveC3 w_OMoveC3 => w_OMoveC1.(sig_OMoveC1).(msg).(c1) end) <> (match s with st8 w_XJoin w_OJoin w_XMoveC1 w_OMoveC1 w_XMoveC2 w_OMoveC2 w_XMoveC3 w_OMoveC3 => w_XMoveC3.(sig_XMoveC3).(msg).(c3) end))) ((match s with st8 w_XJoin w_OJoin w_XMoveC1 w_OMoveC1 w_XMoveC2 w_OMoveC2 w_XMoveC3 w_OMoveC3 => w_OMoveC1.(sig_OMoveC1).(msg).(c1) end) <> (match s with st8 w_XJoin w_OJoin w_XMoveC1 w_OMoveC1 w_XMoveC2 w_OMoveC2 w_XMoveC3 w_OMoveC3 => w_OMoveC3.(sig_OMoveC3).(msg).(c3) end))) ((match s with st8 w_XJoin w_OJoin w_XMoveC1 w_OMoveC1 w_XMoveC2 w_OMoveC2 w_XMoveC3 w_OMoveC3 => w_OMoveC1.(sig_OMoveC1).(msg).(c1) end) <> sig.(msg).(c4))) ((match s with st8 w_XJoin w_OJoin w_XMoveC1 w_OMoveC1 w_XMoveC2 w_OMoveC2 w_XMoveC3 w_OMoveC3 => w_XMoveC2.(sig_XMoveC2).(msg).(c2) end) <> (match s with st8 w_XJoin w_OJoin w_XMoveC1 w_OMoveC1 w_XMoveC2 w_OMoveC2 w_XMoveC3 w_OMoveC3 => w_OMoveC2.(sig_OMoveC2).(msg).(c2) end))) ((match s with st8 w_XJoin w_OJoin w_XMoveC1 w_OMoveC1 w_XMoveC2 w_OMoveC2 w_XMoveC3 w_OMoveC3 => w_XMoveC2.(sig_XMoveC2).(msg).(c2) end) <> (match s with st8 w_XJoin w_OJoin w_XMoveC1 w_OMoveC1 w_XMoveC2 w_OMoveC2 w_XMoveC3 w_OMoveC3 => w_XMoveC3.(sig_XMoveC3).(msg).(c3) end))) ((match s with st8 w_XJoin w_OJoin w_XMoveC1 w_OMoveC1 w_XMoveC2 w_OMoveC2 w_XMoveC3 w_OMoveC3 => w_XMoveC2.(sig_XMoveC2).(msg).(c2) end) <> (match s with st8 w_XJoin w_OJoin w_XMoveC1 w_OMoveC1 w_XMoveC2 w_OMoveC2 w_XMoveC3 w_OMoveC3 => w_OMoveC3.(sig_OMoveC3).(msg).(c3) end))) ((match s with st8 w_XJoin w_OJoin w_XMoveC1 w_OMoveC1 w_XMoveC2 w_OMoveC2 w_XMoveC3 w_OMoveC3 => w_XMoveC2.(sig_XMoveC2).(msg).(c2) end) <> sig.(msg).(c4))) ((match s with st8 w_XJoin w_OJoin w_XMoveC1 w_OMoveC1 w_XMoveC2 w_OMoveC2 w_XMoveC3 w_OMoveC3 => w_OMoveC2.(sig_OMoveC2).(msg).(c2) end) <> (match s with st8 w_XJoin w_OJoin w_XMoveC1 w_OMoveC1 w_XMoveC2 w_OMoveC2 w_XMoveC3 w_OMoveC3 => w_XMoveC3.(sig_XMoveC3).(msg).(c3) end))) ((match s with st8 w_XJoin w_OJoin w_XMoveC1 w_OMoveC1 w_XMoveC2 w_OMoveC2 w_XMoveC3 w_OMoveC3 => w_OMoveC2.(sig_OMoveC2).(msg).(c2) end) <> (match s with st8 w_XJoin w_OJoin w_XMoveC1 w_OMoveC1 w_XMoveC2 w_OMoveC2 w_XMoveC3 w_OMoveC3 => w_OMoveC3.(sig_OMoveC3).(msg).(c3) end))) ((match s with st8 w_XJoin w_OJoin w_XMoveC1 w_OMoveC1 w_XMoveC2 w_OMoveC2 w_XMoveC3 w_OMoveC3 => w_OMoveC2.(sig_OMoveC2).(msg).(c2) end) <> sig.(msg).(c4))) ((match s with st8 w_XJoin w_OJoin w_XMoveC1 w_OMoveC1 w_XMoveC2 w_OMoveC2 w_XMoveC3 w_OMoveC3 => w_XMoveC3.(sig_XMoveC3).(msg).(c3) end) <> (match s with st8 w_XJoin w_OJoin w_XMoveC1 w_OMoveC1 w_XMoveC2 w_OMoveC2 w_XMoveC3 w_OMoveC3 => w_OMoveC3.(sig_OMoveC3).(msg).(c3) end))) ((match s with st8 w_XJoin w_OJoin w_XMoveC1 w_OMoveC1 w_XMoveC2 w_OMoveC2 w_XMoveC3 w_OMoveC3 => w_XMoveC3.(sig_XMoveC3).(msg).(c3) end) <> sig.(msg).(c4))) ((match s with st8 w_XJoin w_OJoin w_XMoveC1 w_OMoveC1 w_XMoveC2 w_OMoveC2 w_XMoveC3 w_OMoveC3 => w_OMoveC3.(sig_OMoveC3).(msg).(c3) end) <> sig.(msg).(c4)))) : State S9 :=
  match s with
  | st8 w_XJoin w_OJoin w_XMoveC1 w_OMoveC1 w_XMoveC2 w_OMoveC2 w_XMoveC3 w_OMoveC3 =>
      st9 w_XJoin w_OJoin w_XMoveC1 w_OMoveC1 w_XMoveC2 w_OMoveC2 w_XMoveC3 w_OMoveC3 {| sig_XMoveC4 := sig; guard := Hguard |}
  end.


[Change at line 113]   sig_XMoveC3 : Signed X P_XMoveC3;
  guard : andb andb andb andb andb andb andb andb andb (w_XMoveC1.(sig_XMoveC1).(msg).(c1) <> w_OMoveC1.(sig_OMoveC1).(msg).(c1)) (w_XMoveC1.(sig_XMoveC1).(msg).(c1) <> w_XMoveC2.(sig_XMoveC2).(msg).(c2)) (w_XMoveC1.(sig_XMoveC1).(msg).(c1) <> w_OMoveC2.(sig_OMoveC2).(msg).(c2)) (w_XMoveC1.(sig_XMoveC1).(msg).(c1) <> sig_XMoveC3.(msg).(c3)) (w_OMoveC1.(sig_OMoveC1).(msg).(c1) <> w_XMoveC2.(sig_XMoveC2).(msg).(c2)) (w_OMoveC1.(sig_OMoveC1).(msg).(c1) <> w_OMoveC2.(sig_OMoveC2).(msg).(c2)) (w_OMoveC1.(sig_OMoveC1).(msg).(c1) <> sig_XMoveC3.(msg).(c3)) (w_XMoveC2.(sig_XMoveC2).(msg).(c2) <> w_OMoveC2.(sig_OMoveC2).(msg).(c2)) (w_XMoveC2.(sig_XMoveC2).(msg).(c2) <> sig_XMoveC3.(msg).(c3)) (w_OMoveC2.(sig_OMoveC2).(msg).(c2) <> sig_XMoveC3.(msg).(c3));
}.

Record W_OMoveC3 (w_XJoin : W_XJoin) (w_OJoin : (W_OJoin w_XJoin)) (w_XMoveC1 : (W_XMoveC1 w_XJoin w_OJoin)) (w_OMoveC1 : (W_OMoveC1 w_XJoin w_OJoin w_XMoveC1)) (w_XMoveC2 : (W_XMoveC2 w_XJoin w_OJoin w_XMoveC1 w_OMoveC1)) (w_OMoveC2 : (W_OMoveC2 w_XJoin w_OJoin w_XMoveC1 w_OMoveC1 w_XMoveC2)) (w_XMoveC3 : (W_XMoveC3 w_XJoin w_OJoin w_XMoveC1 w_OMoveC1 w_XMoveC2 w_OMoveC2)) : Type := {
  sig_OMoveC3 : Signed O P_OMoveC3;
  guard : andb andb andb andb andb andb andb andb andb andb andb andb andb andb (w_XMoveC1.(sig_XMoveC1).(msg).(c1) <> w_OMoveC1.(sig_OMoveC1).(msg).(c1)) (w_XMoveC1.(sig_XMoveC1).(msg).(c1) <> w_XMoveC2.(sig_XMoveC2).(msg).(c2)) (w_XMoveC1.(sig_XMoveC1).(msg).(c1) <> w_OMoveC2.(sig_OMoveC2).(msg).(c2)) (w_XMoveC1.(sig_XMoveC1).(msg).(c1) <> w_XMoveC3.(sig_XMoveC3).(msg).(c3)) (w_XMoveC1.(sig_XMoveC1).(msg).(c1) <> sig_OMoveC3.(msg).(c3)) (w_OMoveC1.(sig_OMoveC1).(msg).(c1) <> w_XMoveC2.(sig_XMoveC2).(msg).(c2)) (w_OMoveC1.(sig_OMoveC1).(msg).(c1) <> w_OMoveC2.(sig_OMoveC2).(msg).(c2)) (w_OMoveC1.(sig_OMoveC1).(msg).(c1) <> w_XMoveC3.(sig_XMoveC3).(msg).(c3)) (w_OMoveC1.(sig_OMoveC1).(msg).(c1) <> sig_OMoveC3.(msg).(c3)) (w_XMoveC2.(sig_XMoveC2).(msg).(c2) <> w_OMoveC2.(sig_OMoveC2).(msg).(c2)) (w_XMoveC2.(sig_XMoveC2).(msg).(c2) <> w_XMoveC3.(sig_XMoveC3).(msg).(c3)) (w_XMoveC2.(sig_XMoveC2).(msg).(c2) <> sig_OMoveC3.(msg).(c3)) (w_OMoveC2.(sig_OMoveC2).(msg).(c2) <> w_XMoveC3.(sig_XMoveC3).(msg).(c3)) (w_OMoveC2.(sig_OMoveC2).(msg).(c2) <> sig_OMoveC3.(msg).(c3)) (w_XMoveC3.(sig_XMoveC3).(msg).(c3) <> sig_OMoveC3.(msg).(c3));
}.

Record W_XMoveC4 (w_XJoin : W_XJoin) (w_OJoin : (W_OJoin w_XJoin)) (w_XMoveC1 : (W_XMoveC1 w_XJoin w_OJoin)) (w_OMoveC1 : (W_OMoveC1 w_XJoin w_OJoin w_XMoveC1)) (w_XMoveC2 : (W_XMoveC2 w_XJoin w_OJoin w_XMoveC1 w_OMoveC1)) (w_OMoveC2 : (W_OMoveC2 w_XJoin w_OJoin w_XMoveC1 w_OMoveC1 w_XMoveC2)) (w_XMoveC3 : (W_XMoveC3 w_XJoin w_OJoin w_XMoveC1 w_OMoveC1 w_XMoveC2 w_OMoveC2)) (w_OMoveC3 : (W_OMoveC3 w_XJoin w_OJoin w_XMoveC1 w_OMoveC1 w_XMoveC2 w_OMoveC2 w_XMoveC3)) : Type := {
  sig_XMoveC4 : Signed X P_XMoveC4;
  guard : andb andb andb andb andb andb andb andb andb andb andb andb andb andb andb andb andb andb andb andb (w_XMoveC1.(sig_XMoveC1).(msg).(c1) <> w_OMoveC1.(sig_OMoveC1).(msg).(c1)) (w_XMoveC1.(sig_XMoveC1).(msg).(c1) <> w_XMoveC2.(sig_XMoveC2).(msg).(c2)) (w_XMoveC1.(sig_XMoveC1).(msg).(c1) <> w_OMoveC2.(sig_OMoveC2).(msg).(c2)) (w_XMoveC1.(sig_XMoveC1).(msg).(c1) <> w_XMoveC3.(sig_XMoveC3).(msg).(c3)) (w_XMoveC1.(sig_XMoveC1).(msg).(c1) <> w_OMoveC3.(sig_OMoveC3).(msg).(c3)) (w_XMoveC1.(sig_XMoveC1).(msg).(c1) <> sig_XMoveC4.(msg).(c4)) (w_OMoveC1.(sig_OMoveC1).(msg).(c1) <> w_XMoveC2.(sig_XMoveC2).(msg).(c2)) (w_OMoveC1.(sig_OMoveC1).(msg).(c1) <> w_OMoveC2.(sig_OMoveC2).(msg).(c2)) (w_OMoveC1.(sig_OMoveC1).(msg).(c1) <> w_XMoveC3.(sig_XMoveC3).(msg).(c3)) (w_OMoveC1.(sig_OMoveC1).(msg).(c1) <> w_OMoveC3.(sig_OMoveC3).(msg).(c3)) (w_OMoveC1.(sig_OMoveC1).(msg).(c1) <> sig_XMoveC4.(msg).(c4)) (w_XMoveC2.(sig_XMoveC2).(msg).(c2) <> w_OMoveC2.(sig_OMoveC2).(msg).(c2)) (w_XMoveC2.(sig_XMoveC2).(msg).(c2) <> w_XMoveC3.(sig_XMoveC3).(msg).(c3)) (w_XMoveC2.(sig_XMoveC2).(msg).(c2) <> w_OMoveC3.(sig_OMoveC3).(msg).(c3)) (w_XMoveC2.(sig_XMoveC2).(msg).(c2) <> sig_XMoveC4.(msg).(c4)) (w_OMoveC2.(sig_OMoveC2).(msg).(c2) <> w_XMoveC3.(sig_XMoveC3).(msg).(c3)) (w_OMoveC2.(sig_OMoveC2).(msg).(c2) <> w_OMoveC3.(sig_OMoveC3).(msg).(c3)) (w_OMoveC2.(sig_OMoveC2).(msg).(c2) <> sig_XMoveC4.(msg).(c4)) (w_XMoveC3.(sig_XMoveC3).(msg).(c3) <> w_OMoveC3.(sig_OMoveC3).(msg).(c3)) (w_XMoveC3.(sig_XMoveC3).(msg).(c3) <> sig_XMoveC4.(msg).(c4)) (w_OMoveC3.(sig_OMoveC3).(msg).(c3) <> sig_XMoveC4.(msg).(c4));
}.

Record W_OMoveC4 (w_XJoin : W_XJoin) (w_OJoin : (W_OJoin w_XJoin)) (w_XMoveC1 : (W_XMoveC1 w_XJoin w_OJoin)) (w_OMoveC1 : (W_OMoveC1 w_XJoin w_OJoin w_XMoveC1)) (w_XMoveC2 : (W_XMoveC2 w_XJoin w_OJoin w_XMoveC1 w_OMoveC1)) (w_OMoveC2 : (W_OMoveC2 w_XJoin w_OJoin w_XMoveC1 w_OMoveC1 w_XMoveC2)) (w_XMoveC3 : (W_XMoveC3 w_XJoin w_OJoin w_XMoveC1 w_OMoveC1 w_XMoveC2 w_OMoveC2)) (w_OMoveC3 : (W_OMoveC3 w_XJoin w_OJoin w_XMoveC1 w_OMoveC1 w_XMoveC2 w_OMoveC2 w_XMoveC3)) (w_XMoveC4 : (W_XMoveC4 w_XJoin w_OJoin w_XMoveC1 w_OMoveC1 w_XMoveC2 w_OMoveC2 w_XMoveC3 w_OMoveC3)) : Type := {
  sig_OMoveC4 : Signed O P_OMoveC4;
  guard : andb andb andb andb andb andb andb andb andb andb andb andb andb andb andb andb andb andb andb andb andb andb andb andb andb andb andb (w_XMoveC1.(sig_XMoveC1).(msg).(c1) <> w_OMoveC1.(sig_OMoveC1).(msg).(c1)) (w_XMoveC1.(sig_XMoveC1).(msg).(c1) <> w_XMoveC2.(sig_XMoveC2).(msg).(c2)) (w_XMoveC1.(sig_XMoveC1).(msg).(c1) <> w_OMoveC2.(sig_OMoveC2).(msg).(c2)) (w_XMoveC1.(sig_XMoveC1).(msg).(c1) <> w_XMoveC3.(sig_XMoveC3).(msg).(c3)) (w_XMoveC1.(sig_XMoveC1).(msg).(c1) <> w_OMoveC3.(sig_OMoveC3).(msg).(c3)) (w_XMoveC1.(sig_XMoveC1).(msg).(c1) <> w_XMoveC4.(sig_XMoveC4).(msg).(c4)) (w_XMoveC1.(sig_XMoveC1).(msg).(c1) <> sig_OMoveC4.(msg).(c4)) (w_OMoveC1.(sig_OMoveC1).(msg).(c1) <> w_XMoveC2.(sig_XMoveC2).(msg).(c2)) (w_OMoveC1.(sig_OMoveC1).(msg).(c1) <> w_OMoveC2.(sig_OMoveC2).(msg).(c2)) (w_OMoveC1.(sig_OMoveC1).(msg).(c1) <> w_XMoveC3.(sig_XMoveC3).(msg).(c3)) (w_OMoveC1.(sig_OMoveC1).(msg).(c1) <> w_OMoveC3.(sig_OMoveC3).(msg).(c3)) (w_OMoveC1.(sig_OMoveC1).(msg).(c1) <> w_XMoveC4.(sig_XMoveC4).(msg).(c4)) (w_OMoveC1.(sig_OMoveC1).(msg).(c1) <> sig_OMoveC4.(msg).(c4)) (w_XMoveC2.(sig_XMoveC2).(msg).(c2) <> w_OMoveC2.(sig_OMoveC2).(msg).(c2)) (w_XMoveC2.(sig_XMoveC2).(msg).(c2) <> w_XMoveC3.(sig_XMoveC3).(msg).(c3)) (w_XMoveC2.(sig_XMoveC2).(msg).(c2) <> w_OMoveC3.(sig_OMoveC3).(msg).(c3)) (w_XMoveC2.(sig_XMoveC2).(msg).(c2) <> w_XMoveC4.(sig_XMoveC4).(msg).(c4)) (w_XMoveC2.(sig_XMoveC2).(msg).(c2) <> sig_OMoveC4.(msg).(c4)) (w_OMoveC2.(sig_OMoveC2).(msg).(c2) <> w_XMoveC3.(sig_XMoveC3).(msg).(c3)) (w_OMoveC2.(sig_OMoveC2).(msg).(c2) <> w_OMoveC3.(sig_OMoveC3).(msg).(c3)) (w_OMoveC2.(sig_OMoveC2).(msg).(c2) <> w_XMoveC4.(sig_XMoveC4).(msg).(c4)) (w_OMoveC2.(sig_OMoveC2).(msg).(c2) <> sig_OMoveC4.(msg).(c4)) (w_XMoveC3.(sig_XMoveC3).(msg).(c3) <> w_OMoveC3.(sig_OMoveC3).(msg).(c3)) (w_XMoveC3.(sig_XMoveC3).(msg).(c3) <> w_XMoveC4.(sig_XMoveC4).(msg).(c4)) (w_XMoveC3.(sig_XMoveC3).(msg).(c3) <> sig_OMoveC4.(msg).(c4)) (w_OMoveC3.(sig_OMoveC3).(msg).(c3) <> w_XMoveC4.(sig_XMoveC4).(msg).(c4)) (w_OMoveC3.(sig_OMoveC3).(msg).(c3) <> sig_OMoveC4.(msg).(c4)) (w_XMoveC4.(sig_XMoveC4).(msg).(c4) <> sig_OMoveC4.(msg).(c4));
}.

(* ===================== *)
(* 5) Typed runtime/ESM  *)
(* ===================== *)

Inductive Stage : Type :=
S0 | S1 | S2 | S3 | S4 | S5 | S6 | S7 | S8 | S9 | S10.

Inductive State : Stage -> Type :=
| st0 : State S0
| st1 : (w_XJoin : W_XJoin) -> State S1
| st2 : (w_XJoin : W_XJoin) (w_OJoin : (W_OJoin w_XJoin)) -> State S2
| st3 : (w_XJoin : W_XJoin) (w_OJoin : (W_OJoin w_XJoin)) (w_XMoveC1 : (W_XMoveC1 w_XJoin w_OJoin)) -> State S3
| st4 : (w_XJoin : W_XJoin) (w_OJoin : (W_OJoin w_XJoin)) (w_XMoveC1 : (W_XMoveC1 w_XJoin w_OJoin)) (w_OMoveC1 : (W_OMoveC1 w_XJoin w_OJoin w_XMoveC1)) -> State S4
| st5 : (w_XJoin : W_XJoin) (w_OJoin : (W_OJoin w_XJoin)) (w_XMoveC1 : (W_XMoveC1 w_XJoin w_OJoin)) (w_OMoveC1 : (W_OMoveC1 w_XJoin w_OJoin w_XMoveC1)) (w_XMoveC2 : (W_XMoveC2 w_XJoin w_OJoin w_XMoveC1 w_OMoveC1)) -> State S5
| st6 : (w_XJoin : W_XJoin) (w_OJoin : (W_OJoin w_XJoin)) (w_XMoveC1 : (W_XMoveC1 w_XJoin w_OJoin)) (w_OMoveC1 : (W_OMoveC1 w_XJoin w_OJoin w_XMoveC1)) (w_XMoveC2 : (W_XMoveC2 w_XJoin w_OJoin w_XMoveC1 w_OMoveC1)) (w_OMoveC2 : (W_OMoveC2 w_XJoin w_OJoin w_XMoveC1 w_OMoveC1 w_XMoveC2)) -> State S6
| st7 : (w_XJoin : W_XJoin) (w_OJoin : (W_OJoin w_XJoin)) (w_XMoveC1 : (W_XMoveC1 w_XJoin w_OJoin)) (w_OMoveC1 : (W_OMoveC1 w_XJoin w_OJoin w_XMoveC1)) (w_XMoveC2 : (W_XMoveC2 w_XJoin w_OJoin w_XMoveC1 w_OMoveC1)) (w_OMoveC2 : (W_OMoveC2 w_XJoin w_OJoin w_XMoveC1 w_OMoveC1 w_XMoveC2)) (w_XMoveC3 : (W_XMoveC3 w_XJoin w_OJoin w_XMoveC1 w_OMoveC1 w_XMoveC2 w_OMoveC2)) -> State S7
| st8 : (w_XJoin : W_XJoin) (w_OJoin : (W_OJoin w_XJoin)) (w_XMoveC1 : (W_XMoveC1 w_XJoin w_OJoin)) (w_OMoveC1 : (W_OMoveC1 w_XJoin w_OJoin w_XMoveC1)) (w_XMoveC2 : (W_XMoveC2 w_XJoin w_OJoin w_XMoveC1 w_OMoveC1)) (w_OMoveC2 : (W_OMoveC2 w_XJoin w_OJoin w_XMoveC1 w_OMoveC1 w_XMoveC2)) (w_XMoveC3 : (W_XMoveC3 w_XJoin w_OJoin w_XMoveC1 w_OMoveC1 w_XMoveC2 w_OMoveC2)) (w_OMoveC3 : (W_OMoveC3 w_XJoin w_OJoin w_XMoveC1 w_OMoveC1 w_XMoveC2 w_OMoveC2 w_XMoveC3)) -> State S8
| st9 : (w_XJoin : W_XJoin) (w_OJoin : (W_OJoin w_XJoin)) (w_XMoveC1 : (W_XMoveC1 w_XJoin w_OJoin)) (w_OMoveC1 : (W_OMoveC1 w_XJoin w_OJoin w_XMoveC1)) (w_XMoveC2 : (W_XMoveC2 w_XJoin w_OJoin w_XMoveC1 w_OMoveC1)) (w_OMoveC2 : (W_OMoveC2 w_XJoin w_OJoin w_XMoveC1 w_OMoveC1 w_XMoveC2)) (w_XMoveC3 : (W_XMoveC3 w_XJoin w_OJoin w_XMoveC1 w_OMoveC1 w_XMoveC2 w_OMoveC2)) (w_OMoveC3 : (W_OMoveC3 w_XJoin w_OJoin w_XMoveC1 w_OMoveC1 w_XMoveC2 w_OMoveC2 w_XMoveC3)) (w_XMoveC4 : (W_XMoveC4 w_XJoin w_OJoin w_XMoveC1 w_OMoveC1 w_XMoveC2 w_OMoveC2 w_XMoveC3 w_OMoveC3)) -> State S9
| st10 : (w_XJoin : W_XJoin) (w_OJoin : (W_OJoin w_XJoin)) (w_XMoveC1 : (W_XMoveC1 w_XJoin w_OJoin)) (w_OMoveC1 : (W_OMoveC1 w_XJoin w_OJoin w_XMoveC1)) (w_XMoveC2 : (W_XMoveC2 w_XJoin w_OJoin w_XMoveC1 w_OMoveC1)) (w_OMoveC2 : (W_OMoveC2 w_XJoin w_OJoin w_XMoveC1 w_OMoveC1 w_XMoveC2)) (w_XMoveC3 : (W_XMoveC3 w_XJoin w_OJoin w_XMoveC1 w_OMoveC1 w_XMoveC2 w_OMoveC2)) (w_OMoveC3 : (W_OMoveC3 w_XJoin w_OJoin w_XMoveC1 w_OMoveC1 w_XMoveC2 w_OMoveC2 w_XMoveC3)) (w_XMoveC4 : (W_XMoveC4 w_XJoin w_OJoin w_XMoveC1 w_OMoveC1 w_XMoveC2 w_OMoveC2 w_XMoveC3 w_OMoveC3)) (w_OMoveC4 : (W_OMoveC4 w_XJoin w_OJoin w_XMoveC1 w_OMoveC1 w_XMoveC2 w_OMoveC2 w_XMoveC3 w_OMoveC3 w_XMoveC4)) -> State S10
.

(* Step API *)
Definition step_xjoin_from_s0 (s : State S0) (sig : Signed X P_XJoin)
 : State S1 :=
  match s with
  | st0 =>
      st1 {| sig_XJoin := sig |}
  end.

Definition step_ojoin_from_s1 (s : State S1) (sig : Signed O P_OJoin)
 : State S2 :=
  match s with
  | st1 w_XJoin =>
      st2 w_XJoin {| sig_OJoin := sig |}
  end.

Definition step_xmovec1_from_s2 (s : State S2) (sig : Signed X P_XMoveC1)
 : State S3 :=
  match s with
  | st2 w_XJoin w_OJoin =>
      st3 w_XJoin w_OJoin {| sig_XMoveC1 := sig |}
  end.

Definition step_omovec1_from_s3 (s : State S3) (sig : Signed O P_OMoveC1)
  (Hguard : ((match s with st3 w_XJoin w_OJoin w_XMoveC1 => w_XMoveC1.(sig_XMoveC1).(msg).(c1) end) <> sig.(msg).(c1))) : State S4 :=
  match s with
  | st3 w_XJoin w_OJoin w_XMoveC1 =>
      st4 w_XJoin w_OJoin w_XMoveC1 {| sig_OMoveC1 := sig; guard := Hguard |}
  end.

Definition step_xmovec2_from_s4 (s : State S4) (sig : Signed X P_XMoveC2)
  (Hguard : (andb (andb ((match s with st4 w_XJoin w_OJoin w_XMoveC1 w_OMoveC1 => w_XMoveC1.(sig_XMoveC1).(msg).(c1) end) <> (match s with st4 w_XJoin w_OJoin w_XMoveC1 w_OMoveC1 => w_OMoveC1.(sig_OMoveC1).(msg).(c1) end)) ((match s with st4 w_XJoin w_OJoin w_XMoveC1 w_OMoveC1 => w_XMoveC1.(sig_XMoveC1).(msg).(c1) end) <> sig.(msg).(c2))) ((match s with st4 w_XJoin w_OJoin w_XMoveC1 w_OMoveC1 => w_OMoveC1.(sig_OMoveC1).(msg).(c1) end) <> sig.(msg).(c2)))) : State S5 :=
  match s with
  | st4 w_XJoin w_OJoin w_XMoveC1 w_OMoveC1 =>
      st5 w_XJoin w_OJoin w_XMoveC1 w_OMoveC1 {| sig_XMoveC2 := sig; guard := Hguard |}
  end.

Definition step_omovec2_from_s5 (s : State S5) (sig : Signed O P_OMoveC2)
  (Hguard : (andb (andb (andb (andb (andb ((match s with st5 w_XJoin w_OJoin w_XMoveC1 w_OMoveC1 w_XMoveC2 => w_XMoveC1.(sig_XMoveC1).(msg).(c1) end) <> (match s with st5 w_XJoin w_OJoin w_XMoveC1 w_OMoveC1 w_XMoveC2 => w_OMoveC1.(sig_OMoveC1).(msg).(c1) end)) ((match s with st5 w_XJoin w_OJoin w_XMoveC1 w_OMoveC1 w_XMoveC2 => w_XMoveC1.(sig_XMoveC1).(msg).(c1) end) <> (match s with st5 w_XJoin w_OJoin w_XMoveC1 w_OMoveC1 w_XMoveC2 => w_XMoveC2.(sig_XMoveC2).(msg).(c2) end))) ((match s with st5 w_XJoin w_OJoin w_XMoveC1 w_OMoveC1 w_XMoveC2 => w_XMoveC1.(sig_XMoveC1).(msg).(c1) end) <> sig.(msg).(c2))) ((match s with st5 w_XJoin w_OJoin w_XMoveC1 w_OMoveC1 w_XMoveC2 => w_OMoveC1.(sig_OMoveC1).(msg).(c1) end) <> (match s with st5 w_XJoin w_OJoin w_XMoveC1 w_OMoveC1 w_XMoveC2 => w_XMoveC2.(sig_XMoveC2).(msg).(c2) end))) ((match s with st5 w_XJoin w_OJoin w_XMoveC1 w_OMoveC1 w_XMoveC2 => w_OMoveC1.(sig_OMoveC1).(msg).(c1) end) <> sig.(msg).(c2))) ((match s with st5 w_XJoin w_OJoin w_XMoveC1 w_OMoveC1 w_XMoveC2 => w_XMoveC2.(sig_XMoveC2).(msg).(c2) end) <> sig.(msg).(c2)))) : State S6 :=
  match s with
  | st5 w_XJoin w_OJoin w_XMoveC1 w_OMoveC1 w_XMoveC2 =>
      st6 w_XJoin w_OJoin w_XMoveC1 w_OMoveC1 w_XMoveC2 {| sig_OMoveC2 := sig; guard := Hguard |}
  end.

Definition step_xmovec3_from_s6 (s : State S6) (sig : Signed X P_XMoveC3)
  (Hguard : (andb (andb (andb (andb (andb (andb (andb (andb (andb ((match s with st6 w_XJoin w_OJoin w_XMoveC1 w_OMoveC1 w_XMoveC2 w_OMoveC2 => w_XMoveC1.(sig_XMoveC1).(msg).(c1) end) <> (match s with st6 w_XJoin w_OJoin w_XMoveC1 w_OMoveC1 w_XMoveC2 w_OMoveC2 => w_OMoveC1.(sig_OMoveC1).(msg).(c1) end)) ((match s with st6 w_XJoin w_OJoin w_XMoveC1 w_OMoveC1 w_XMoveC2 w_OMoveC2 => w_XMoveC1.(sig_XMoveC1).(msg).(c1) end) <> (match s with st6 w_XJoin w_OJoin w_XMoveC1 w_OMoveC1 w_XMoveC2 w_OMoveC2 => w_XMoveC2.(sig_XMoveC2).(msg).(c2) end))) ((match s with st6 w_XJoin w_OJoin w_XMoveC1 w_OMoveC1 w_XMoveC2 w_OMoveC2 => w_XMoveC1.(sig_XMoveC1).(msg).(c1) end) <> (match s with st6 w_XJoin w_OJoin w_XMoveC1 w_OMoveC1 w_XMoveC2 w_OMoveC2 => w_OMoveC2.(sig_OMoveC2).(msg).(c2) end))) ((match s with st6 w_XJoin w_OJoin w_XMoveC1 w_OMoveC1 w_XMoveC2 w_OMoveC2 => w_XMoveC1.(sig_XMoveC1).(msg).(c1) end) <> sig.(msg).(c3))) ((match s with st6 w_XJoin w_OJoin w_XMoveC1 w_OMoveC1 w_XMoveC2 w_OMoveC2 => w_OMoveC1.(sig_OMoveC1).(msg).(c1) end) <> (match s with st6 w_XJoin w_OJoin w_XMoveC1 w_OMoveC1 w_XMoveC2 w_OMoveC2 => w_XMoveC2.(sig_XMoveC2).(msg).(c2) end))) ((match s with st6 w_XJoin w_OJoin w_XMoveC1 w_OMoveC1 w_XMoveC2 w_OMoveC2 => w_OMoveC1.(sig_OMoveC1).(msg).(c1) end) <> (match s with st6 w_XJoin w_OJoin w_XMoveC1 w_OMoveC1 w_XMoveC2 w_OMoveC2 => w_OMoveC2.(sig_OMoveC2).(msg).(c2) end))) ((match s with st6 w_XJoin w_OJoin w_XMoveC1 w_OMoveC1 w_XMoveC2 w_OMoveC2 => w_OMoveC1.(sig_OMoveC1).(msg).(c1) end) <> sig.(msg).(c3))) ((match s with st6 w_XJoin w_OJoin w_XMoveC1 w_OMoveC1 w_XMoveC2 w_OMoveC2 => w_XMoveC2.(sig_XMoveC2).(msg).(c2) end) <> (match s with st6 w_XJoin w_OJoin w_XMoveC1 w_OMoveC1 w_XMoveC2 w_OMoveC2 => w_OMoveC2.(sig_OMoveC2).(msg).(c2) end))) ((match s with st6 w_XJoin w_OJoin w_XMoveC1 w_OMoveC1 w_XMoveC2 w_OMoveC2 => w_XMoveC2.(sig_XMoveC2).(msg).(c2) end) <> sig.(msg).(c3))) ((match s with st6 w_XJoin w_OJoin w_XMoveC1 w_OMoveC1 w_XMoveC2 w_OMoveC2 => w_OMoveC2.(sig_OMoveC2).(msg).(c2) end) <> sig.(msg).(c3)))) : State S7 :=
  match s with
  | st6 w_XJoin w_OJoin w_XMoveC1 w_OMoveC1 w_XMoveC2 w_OMoveC2 =>
      st7 w_XJoin w_OJoin w_XMoveC1 w_OMoveC1 w_XMoveC2 w_OMoveC2 {| sig_XMoveC3 := sig; guard := Hguard |}
  end.

Definition step_omovec3_from_s7 (s : State S7) (sig : Signed O P_OMoveC3)
  (Hguard : (andb (andb (andb (andb (andb (andb (andb (andb (andb (andb (andb (andb (andb (andb ((match s with st7 w_XJoin w_OJoin w_XMoveC1 w_OMoveC1 w_XMoveC2 w_OMoveC2 w_XMoveC3 => w_XMoveC1.(sig_XMoveC1).(msg).(c1) end) <> (match s with st7 w_XJoin w_OJoin w_XMoveC1 w_OMoveC1 w_XMoveC2 w_OMoveC2 w_XMoveC3 => w_OMoveC1.(sig_OMoveC1).(msg).(c1) end)) ((match s with st7 w_XJoin w_OJoin w_XMoveC1 w_OMoveC1 w_XMoveC2 w_OMoveC2 w_XMoveC3 => w_XMoveC1.(sig_XMoveC1).(msg).(c1) end) <> (match s with st7 w_XJoin w_OJoin w_XMoveC1 w_OMoveC1 w_XMoveC2 w_OMoveC2 w_XMoveC3 => w_XMoveC2.(sig_XMoveC2).(msg).(c2) end))) ((match s with st7 w_XJoin w_OJoin w_XMoveC1 w_OMoveC1 w_XMoveC2 w_OMoveC2 w_XMoveC3 => w_XMoveC1.(sig_XMoveC1).(msg).(c1) end) <> (match s with st7 w_XJoin w_OJoin w_XMoveC1 w_OMoveC1 w_XMoveC2 w_OMoveC2 w_XMoveC3 => w_OMoveC2.(sig_OMoveC2).(msg).(c2) end))) ((match s with st7 w_XJoin w_OJoin w_XMoveC1 w_OMoveC1 w_XMoveC2 w_OMoveC2 w_XMoveC3 => w_XMoveC1.(sig_XMoveC1).(msg).(c1) end) <> (match s with st7 w_XJoin w_OJoin w_XMoveC1 w_OMoveC1 w_XMoveC2 w_OMoveC2 w_XMoveC3 => w_XMoveC3.(sig_XMoveC3).(msg).(c3) end))) ((match s with st7 w_XJoin w_OJoin w_XMoveC1 w_OMoveC1 w_XMoveC2 w_OMoveC2 w_XMoveC3 => w_XMoveC1.(sig_XMoveC1).(msg).(c1) end) <> sig.(msg).(c3))) ((match s with st7 w_XJoin w_OJoin w_XMoveC1 w_OMoveC1 w_XMoveC2 w_OMoveC2 w_XMoveC3 => w_OMoveC1.(sig_OMoveC1).(msg).(c1) end) <> (match s with st7 w_XJoin w_OJoin w_XMoveC1 w_OMoveC1 w_XMoveC2 w_OMoveC2 w_XMoveC3 => w_XMoveC2.(sig_XMoveC2).(msg).(c2) end))) ((match s with st7 w_XJoin w_OJoin w_XMoveC1 w_OMoveC1 w_XMoveC2 w_OMoveC2 w_XMoveC3 => w_OMoveC1.(sig_OMoveC1).(msg).(c1) end) <> (match s with st7 w_XJoin w_OJoin w_XMoveC1 w_OMoveC1 w_XMoveC2 w_OMoveC2 w_XMoveC3 => w_OMoveC2.(sig_OMoveC2).(msg).(c2) end))) ((match s with st7 w_XJoin w_OJoin w_XMoveC1 w_OMoveC1 w_XMoveC2 w_OMoveC2 w_XMoveC3 => w_OMoveC1.(sig_OMoveC1).(msg).(c1) end) <> (match s with st7 w_XJoin w_OJoin w_XMoveC1 w_OMoveC1 w_XMoveC2 w_OMoveC2 w_XMoveC3 => w_XMoveC3.(sig_XMoveC3).(msg).(c3) end))) ((match s with st7 w_XJoin w_OJoin w_XMoveC1 w_OMoveC1 w_XMoveC2 w_OMoveC2 w_XMoveC3 => w_OMoveC1.(sig_OMoveC1).(msg).(c1) end) <> sig.(msg).(c3))) ((match s with st7 w_XJoin w_OJoin w_XMoveC1 w_OMoveC1 w_XMoveC2 w_OMoveC2 w_XMoveC3 => w_XMoveC2.(sig_XMoveC2).(msg).(c2) end) <> (match s with st7 w_XJoin w_OJoin w_XMoveC1 w_OMoveC1 w_XMoveC2 w_OMoveC2 w_XMoveC3 => w_OMoveC2.(sig_OMoveC2).(msg).(c2) end))) ((match s with st7 w_XJoin w_OJoin w_XMoveC1 w_OMoveC1 w_XMoveC2 w_OMoveC2 w_XMoveC3 => w_XMoveC2.(sig_XMoveC2).(msg).(c2) end) <> (match s with st7 w_XJoin w_OJoin w_XMoveC1 w_OMoveC1 w_XMoveC2 w_OMoveC2 w_XMoveC3 => w_XMoveC3.(sig_XMoveC3).(msg).(c3) end))) ((match s with st7 w_XJoin w_OJoin w_XMoveC1 w_OMoveC1 w_XMoveC2 w_OMoveC2 w_XMoveC3 => w_XMoveC2.(sig_XMoveC2).(msg).(c2) end) <> sig.(msg).(c3))) ((match s with st7 w_XJoin w_OJoin w_XMoveC1 w_OMoveC1 w_XMoveC2 w_OMoveC2 w_XMoveC3 => w_OMoveC2.(sig_OMoveC2).(msg).(c2) end) <> (match s with st7 w_XJoin w_OJoin w_XMoveC1 w_OMoveC1 w_XMoveC2 w_OMoveC2 w_XMoveC3 => w_XMoveC3.(sig_XMoveC3).(msg).(c3) end))) ((match s with st7 w_XJoin w_OJoin w_XMoveC1 w_OMoveC1 w_XMoveC2 w_OMoveC2 w_XMoveC3 => w_OMoveC2.(sig_OMoveC2).(msg).(c2) end) <> sig.(msg).(c3))) ((match s with st7 w_XJoin w_OJoin w_XMoveC1 w_OMoveC1 w_XMoveC2 w_OMoveC2 w_XMoveC3 => w_XMoveC3.(sig_XMoveC3).(msg).(c3) end) <> sig.(msg).(c3)))) : State S8 :=
  match s with
  | st7 w_XJoin w_OJoin w_XMoveC1 w_OMoveC1 w_XMoveC2 w_OMoveC2 w_XMoveC3 =>
      st8 w_XJoin w_OJoin w_XMoveC1 w_OMoveC1 w_XMoveC2 w_OMoveC2 w_XMoveC3 {| sig_OMoveC3 := sig; guard := Hguard |}
  end.

Definition step_xmovec4_from_s8 (s : State S8) (sig : Signed X P_XMoveC4)
  (Hguard : (andb (andb (andb (andb (andb (andb (andb (andb (andb (andb (andb (andb (andb (andb (andb (andb (andb (andb (andb (andb ((match s with st8 w_XJoin w_OJoin w_XMoveC1 w_OMoveC1 w_XMoveC2 w_OMoveC2 w_XMoveC3 w_OMoveC3 => w_XMoveC1.(sig_XMoveC1).(msg).(c1) end) <> (match s with st8 w_XJoin w_OJoin w_XMoveC1 w_OMoveC1 w_XMoveC2 w_OMoveC2 w_XMoveC3 w_OMoveC3 => w_OMoveC1.(sig_OMoveC1).(msg).(c1) end)) ((match s with st8 w_XJoin w_OJoin w_XMoveC1 w_OMoveC1 w_XMoveC2 w_OMoveC2 w_XMoveC3 w_OMoveC3 => w_XMoveC1.(sig_XMoveC1).(msg).(c1) end) <> (match s with st8 w_XJoin w_OJoin w_XMoveC1 w_OMoveC1 w_XMoveC2 w_OMoveC2 w_XMoveC3 w_OMoveC3 => w_XMoveC2.(sig_XMoveC2).(msg).(c2) end))) ((match s with st8 w_XJoin w_OJoin w_XMoveC1 w_OMoveC1 w_XMoveC2 w_OMoveC2 w_XMoveC3 w_OMoveC3 => w_XMoveC1.(sig_XMoveC1).(msg).(c1) end) <> (match s with st8 w_XJoin w_OJoin w_XMoveC1 w_OMoveC1 w_XMoveC2 w_OMoveC2 w_XMoveC3 w_OMoveC3 => w_OMoveC2.(sig_OMoveC2).(msg).(c2) end))) ((match s with st8 w_XJoin w_OJoin w_XMoveC1 w_OMoveC1 w_XMoveC2 w_OMoveC2 w_XMoveC3 w_OMoveC3 => w_XMoveC1.(sig_XMoveC1).(msg).(c1) end) <> (match s with st8 w_XJoin w_OJoin w_XMoveC1 w_OMoveC1 w_XMoveC2 w_OMoveC2 w_XMoveC3 w_OMoveC3 => w_XMoveC3.(sig_XMoveC3).(msg).(c3) end))) ((match s with st8 w_XJoin w_OJoin w_XMoveC1 w_OMoveC1 w_XMoveC2 w_OMoveC2 w_XMoveC3 w_OMoveC3 => w_XMoveC1.(sig_XMoveC1).(msg).(c1) end) <> (match s with st8 w_XJoin w_OJoin w_XMoveC1 w_OMoveC1 w_XMoveC2 w_OMoveC2 w_XMoveC3 w_OMoveC3 => w_OMoveC3.(sig_OMoveC3).(msg).(c3) end))) ((match s with st8 w_XJoin w_OJoin w_XMoveC1 w_OMoveC1 w_XMoveC2 w_OMoveC2 w_XMoveC3 w_OMoveC3 => w_XMoveC1.(sig_XMoveC1).(msg).(c1) end) <> sig.(msg).(c4))) ((match s with st8 w_XJoin w_OJoin w_XMoveC1 w_OMoveC1 w_XMoveC2 w_OMoveC2 w_XMoveC3 w_OMoveC3 => w_OMoveC1.(sig_OMoveC1).(msg).(c1) end) <> (match s with st8 w_XJoin w_OJoin w_XMoveC1 w_OMoveC1 w_XMoveC2 w_OMoveC2 w_XMoveC3 w_OMoveC3 => w_XMoveC2.(sig_XMoveC2).(msg).(c2) end))) ((match s with st8 w_XJoin w_OJoin w_XMoveC1 w_OMoveC1 w_XMoveC2 w_OMoveC2 w_XMoveC3 w_OMoveC3 => w_OMoveC1.(sig_OMoveC1).(msg).(c1) end) <> (match s with st8 w_XJoin w_OJoin w_XMoveC1 w_OMoveC1 w_XMoveC2 w_OMoveC2 w_XMoveC3 w_OMoveC3 => w_OMoveC2.(sig_OMoveC2).(msg).(c2) end))) ((match s with st8 w_XJoin w_OJoin w_XMoveC1 w_OMoveC1 w_XMoveC2 w_OMoveC2 w_XMoveC3 w_OMoveC3 => w_OMoveC1.(sig_OMoveC1).(msg).(c1) end) <> (match s with st8 w_XJoin w_OJoin w_XMoveC1 w_OMoveC1 w_XMoveC2 w_OMoveC2 w_XMoveC3 w_OMoveC3 => w_XMoveC3.(sig_XMoveC3).(msg).(c3) end))) ((match s with st8 w_XJoin w_OJoin w_XMoveC1 w_OMoveC1 w_XMoveC2 w_OMoveC2 w_XMoveC3 w_OMoveC3 => w_OMoveC1.(sig_OMoveC1).(msg).(c1) end) <> (match s with st8 w_XJoin w_OJoin w_XMoveC1 w_OMoveC1 w_XMoveC2 w_OMoveC2 w_XMoveC3 w_OMoveC3 => w_OMoveC3.(sig_OMoveC3).(msg).(c3) end))) ((match s with st8 w_XJoin w_OJoin w_XMoveC1 w_OMoveC1 w_XMoveC2 w_OMoveC2 w_XMoveC3 w_OMoveC3 => w_OMoveC1.(sig_OMoveC1).(msg).(c1) end) <> sig.(msg).(c4))) ((match s with st8 w_XJoin w_OJoin w_XMoveC1 w_OMoveC1 w_XMoveC2 w_OMoveC2 w_XMoveC3 w_OMoveC3 => w_XMoveC2.(sig_XMoveC2).(msg).(c2) end) <> (match s with st8 w_XJoin w_OJoin w_XMoveC1 w_OMoveC1 w_XMoveC2 w_OMoveC2 w_XMoveC3 w_OMoveC3 => w_OMoveC2.(sig_OMoveC2).(msg).(c2) end))) ((match s with st8 w_XJoin w_OJoin w_XMoveC1 w_OMoveC1 w_XMoveC2 w_OMoveC2 w_XMoveC3 w_OMoveC3 => w_XMoveC2.(sig_XMoveC2).(msg).(c2) end) <> (match s with st8 w_XJoin w_OJoin w_XMoveC1 w_OMoveC1 w_XMoveC2 w_OMoveC2 w_XMoveC3 w_OMoveC3 => w_XMoveC3.(sig_XMoveC3).(msg).(c3) end))) ((match s with st8 w_XJoin w_OJoin w_XMoveC1 w_OMoveC1 w_XMoveC2 w_OMoveC2 w_XMoveC3 w_OMoveC3 => w_XMoveC2.(sig_XMoveC2).(msg).(c2) end) <> (match s with st8 w_XJoin w_OJoin w_XMoveC1 w_OMoveC1 w_XMoveC2 w_OMoveC2 w_XMoveC3 w_OMoveC3 => w_OMoveC3.(sig_OMoveC3).(msg).(c3) end))) ((match s with st8 w_XJoin w_OJoin w_XMoveC1 w_OMoveC1 w_XMoveC2 w_OMoveC2 w_XMoveC3 w_OMoveC3 => w_XMoveC2.(sig_XMoveC2).(msg).(c2) end) <> sig.(msg).(c4))) ((match s with st8 w_XJoin w_OJoin w_XMoveC1 w_OMoveC1 w_XMoveC2 w_OMoveC2 w_XMoveC3 w_OMoveC3 => w_OMoveC2.(sig_OMoveC2).(msg).(c2) end) <> (match s with st8 w_XJoin w_OJoin w_XMoveC1 w_OMoveC1 w_XMoveC2 w_OMoveC2 w_XMoveC3 w_OMoveC3 => w_XMoveC3.(sig_XMoveC3).(msg).(c3) end))) ((match s with st8 w_XJoin w_OJoin w_XMoveC1 w_OMoveC1 w_XMoveC2 w_OMoveC2 w_XMoveC3 w_OMoveC3 => w_OMoveC2.(sig_OMoveC2).(msg).(c2) end) <> (match s with st8 w_XJoin w_OJoin w_XMoveC1 w_OMoveC1 w_XMoveC2 w_OMoveC2 w_XMoveC3 w_OMoveC3 => w_OMoveC3.(sig_OMoveC3).(msg).(c3) end))) ((match s with st8 w_XJoin w_OJoin w_XMoveC1 w_OMoveC1 w_XMoveC2 w_OMoveC2 w_XMoveC3 w_OMoveC3 => w_OMoveC2.(sig_OMoveC2).(msg).(c2) end) <> sig.(msg).(c4))) ((match s with st8 w_XJoin w_OJoin w_XMoveC1 w_OMoveC1 w_XMoveC2 w_OMoveC2 w_XMoveC3 w_OMoveC3 => w_XMoveC3.(sig_XMoveC3).(msg).(c3) end) <> (match s with st8 w_XJoin w_OJoin w_XMoveC1 w_OMoveC1 w_XMoveC2 w_OMoveC2 w_XMoveC3 w_OMoveC3 => w_OMoveC3.(sig_OMoveC3).(msg).(c3) end))) ((match s with st8 w_XJoin w_OJoin w_XMoveC1 w_OMoveC1 w_XMoveC2 w_OMoveC2 w_XMoveC3 w_OMoveC3 => w_XMoveC3.(sig_XMoveC3).(msg).(c3) end) <> sig.(msg).(c4))) ((match s with st8 w_XJoin w_OJoin w_XMoveC1 w_OMoveC1 w_XMoveC2 w_OMoveC2 w_XMoveC3 w_OMoveC3 => w_OMoveC3.(sig_OMoveC3).(msg).(c3) end) <> sig.(msg).(c4)))) : State S9 :=
  match s with
  | st8 w_XJoin w_OJoin w_XMoveC1 w_OMoveC1 w_XMoveC2 w_OMoveC2 w_XMoveC3 w_OMoveC3 =>
      st9 w_XJoin w_OJoin w_XMoveC1 w_OMoveC1 w_XMoveC2 w_OMoveC2 w_XMoveC3 w_OMoveC3 {| sig_XMoveC4 := sig; guard := Hguard |}
  end.

Definition step_omovec4_from_s9 (s : State S9) (sig : Signed O P_OMoveC4)
  (Hguard : (andb (andb (andb (andb (andb (andb (andb (andb (andb (andb (andb (andb (andb (andb (andb (andb (andb (andb (andb (andb (andb (andb (andb (andb (andb (andb (andb ((match s with st9 w_XJoin w_OJoin w_XMoveC1 w_OMoveC1 w_XMoveC2 w_OMoveC2 w_XMoveC3 w_OMoveC3 w_XMoveC4 => w_XMoveC1.(sig_XMoveC1).(msg).(c1) end) <> (match s with st9 w_XJoin w_OJoin w_XMoveC1 w_OMoveC1 w_XMoveC2 w_OMoveC2 w_XMoveC3 w_OMoveC3 w_XMoveC4 => w_OMoveC1.(sig_OMoveC1).(msg).(c1) end)) ((match s with st9 w_XJoin w_OJoin w_XMoveC1 w_OMoveC1 w_XMoveC2 w_OMoveC2 w_XMoveC3 w_OMoveC3 w_XMoveC4 => w_XMoveC1.(sig_XMoveC1).(msg).(c1) end) <> (match s with st9 w_XJoin w_OJoin w_XMoveC1 w_OMoveC1 w_XMoveC2 w_OMoveC2 w_XMoveC3 w_OMoveC3 w_XMoveC4 => w_XMoveC2.(sig_XMoveC2).(msg).(c2) end))) ((match s with st9 w_XJoin w_OJoin w_XMoveC1 w_OMoveC1 w_XMoveC2 w_OMoveC2 w_XMoveC3 w_OMoveC3 w_XMoveC4 => w_XMoveC1.(sig_XMoveC1).(msg).(c1) end) <> (match s with st9 w_XJoin w_OJoin w_XMoveC1 w_OMoveC1 w_XMoveC2 w_OMoveC2 w_XMoveC3 w_OMoveC3 w_XMoveC4 => w_OMoveC2.(sig_OMoveC2).(msg).(c2) end))) ((match s with st9 w_XJoin w_OJoin w_XMoveC1 w_OMoveC1 w_XMoveC2 w_OMoveC2 w_XMoveC3 w_OMoveC3 w_XMoveC4 => w_XMoveC1.(sig_XMoveC1).(msg).(c1) end) <> (match s with st9 w_XJoin w_OJoin w_XMoveC1 w_OMoveC1 w_XMoveC2 w_OMoveC2 w_XMoveC3 w_OMoveC3 w_XMoveC4 => w_XMoveC3.(sig_XMoveC3).(msg).(c3) end))) ((match s with st9 w_XJoin w_OJoin w_XMoveC1 w_OMoveC1 w_XMoveC2 w_OMoveC2 w_XMoveC3 w_OMoveC3 w_XMoveC4 => w_XMoveC1.(sig_XMoveC1).(msg).(c1) end) <> (match s with st9 w_XJoin w_OJoin w_XMoveC1 w_OMoveC1 w_XMoveC2 w_OMoveC2 w_XMoveC3 w_OMoveC3 w_XMoveC4 => w_OMoveC3.(sig_OMoveC3).(msg).(c3) end))) ((match s with st9 w_XJoin w_OJoin w_XMoveC1 w_OMoveC1 w_XMoveC2 w_OMoveC2 w_XMoveC3 w_OMoveC3 w_XMoveC4 => w_XMoveC1.(sig_XMoveC1).(msg).(c1) end) <> (match s with st9 w_XJoin w_OJoin w_XMoveC1 w_OMoveC1 w_XMoveC2 w_OMoveC2 w_XMoveC3 w_OMoveC3 w_XMoveC4 => w_XMoveC4.(sig_XMoveC4).(msg).(c4) end))) ((match s with st9 w_XJoin w_OJoin w_XMoveC1 w_OMoveC1 w_XMoveC2 w_OMoveC2 w_XMoveC3 w_OMoveC3 w_XMoveC4 => w_XMoveC1.(sig_XMoveC1).(msg).(c1) end) <> sig.(msg).(c4))) ((match s with st9 w_XJoin w_OJoin w_XMoveC1 w_OMoveC1 w_XMoveC2 w_OMoveC2 w_XMoveC3 w_OMoveC3 w_XMoveC4 => w_OMoveC1.(sig_OMoveC1).(msg).(c1) end) <> (match s with st9 w_XJoin w_OJoin w_XMoveC1 w_OMoveC1 w_XMoveC2 w_OMoveC2 w_XMoveC3 w_OMoveC3 w_XMoveC4 => w_XMoveC2.(sig_XMoveC2).(msg).(c2) end))) ((match s with st9 w_XJoin w_OJoin w_XMoveC1 w_OMoveC1 w_XMoveC2 w_OMoveC2 w_XMoveC3 w_OMoveC3 w_XMoveC4 => w_OMoveC1.(sig_OMoveC1).(msg).(c1) end) <> (match s with st9 w_XJoin w_OJoin w_XMoveC1 w_OMoveC1 w_XMoveC2 w_OMoveC2 w_XMoveC3 w_OMoveC3 w_XMoveC4 => w_OMoveC2.(sig_OMoveC2).(msg).(c2) end))) ((match s with st9 w_XJoin w_OJoin w_XMoveC1 w_OMoveC1 w_XMoveC2 w_OMoveC2 w_XMoveC3 w_OMoveC3 w_XMoveC4 => w_OMoveC1.(sig_OMoveC1).(msg).(c1) end) <> (match s with st9 w_XJoin w_OJoin w_XMoveC1 w_OMoveC1 w_XMoveC2 w_OMoveC2 w_XMoveC3 w_OMoveC3 w_XMoveC4 => w_XMoveC3.(sig_XMoveC3).(msg).(c3) end))) ((match s with st9 w_XJoin w_OJoin w_XMoveC1 w_OMoveC1 w_XMoveC2 w_OMoveC2 w_XMoveC3 w_OMoveC3 w_XMoveC4 => w_OMoveC1.(sig_OMoveC1).(msg).(c1) end) <> (match s with st9 w_XJoin w_OJoin w_XMoveC1 w_OMoveC1 w_XMoveC2 w_OMoveC2 w_XMoveC3 w_OMoveC3 w_XMoveC4 => w_OMoveC3.(sig_OMoveC3).(msg).(c3) end))) ((match s with st9 w_XJoin w_OJoin w_XMoveC1 w_OMoveC1 w_XMoveC2 w_OMoveC2 w_XMoveC3 w_OMoveC3 w_XMoveC4 => w_OMoveC1.(sig_OMoveC1).(msg).(c1) end) <> (match s with st9 w_XJoin w_OJoin w_XMoveC1 w_OMoveC1 w_XMoveC2 w_OMoveC2 w_XMoveC3 w_OMoveC3 w_XMoveC4 => w_XMoveC4.(sig_XMoveC4).(msg).(c4) end))) ((match s with st9 w_XJoin w_OJoin w_XMoveC1 w_OMoveC1 w_XMoveC2 w_OMoveC2 w_XMoveC3 w_OMoveC3 w_XMoveC4 => w_OMoveC1.(sig_OMoveC1).(msg).(c1) end) <> sig.(msg).(c4))) ((match s with st9 w_XJoin w_OJoin w_XMoveC1 w_OMoveC1 w_XMoveC2 w_OMoveC2 w_XMoveC3 w_OMoveC3 w_XMoveC4 => w_XMoveC2.(sig_XMoveC2).(msg).(c2) end) <> (match s with st9 w_XJoin w_OJoin w_XMoveC1 w_OMoveC1 w_XMoveC2 w_OMoveC2 w_XMoveC3 w_OMoveC3 w_XMoveC4 => w_OMoveC2.(sig_OMoveC2).(msg).(c2) end))) ((match s with st9 w_XJoin w_OJoin w_XMoveC1 w_OMoveC1 w_XMoveC2 w_OMoveC2 w_XMoveC3 w_OMoveC3 w_XMoveC4 => w_XMoveC2.(sig_XMoveC2).(msg).(c2) end) <> (match s with st9 w_XJoin w_OJoin w_XMoveC1 w_OMoveC1 w_XMoveC2 w_OMoveC2 w_XMoveC3 w_OMoveC3 w_XMoveC4 => w_XMoveC3.(sig_XMoveC3).(msg).(c3) end))) ((match s with st9 w_XJoin w_OJoin w_XMoveC1 w_OMoveC1 w_XMoveC2 w_OMoveC2 w_XMoveC3 w_OMoveC3 w_XMoveC4 => w_XMoveC2.(sig_XMoveC2).(msg).(c2) end) <> (match s with st9 w_XJoin w_OJoin w_XMoveC1 w_OMoveC1 w_XMoveC2 w_OMoveC2 w_XMoveC3 w_OMoveC3 w_XMoveC4 => w_OMoveC3.(sig_OMoveC3).(msg).(c3) end))) ((match s with st9 w_XJoin w_OJoin w_XMoveC1 w_OMoveC1 w_XMoveC2 w_OMoveC2 w_XMoveC3 w_OMoveC3 w_XMoveC4 => w_XMoveC2.(sig_XMoveC2).(msg).(c2) end) <> (match s with st9 w_XJoin w_OJoin w_XMoveC1 w_OMoveC1 w_XMoveC2 w_OMoveC2 w_XMoveC3 w_OMoveC3 w_XMoveC4 => w_XMoveC4.(sig_XMoveC4).(msg).(c4) end))) ((match s with st9 w_XJoin w_OJoin w_XMoveC1 w_OMoveC1 w_XMoveC2 w_OMoveC2 w_XMoveC3 w_OMoveC3 w_XMoveC4 => w_XMoveC2.(sig_XMoveC2).(msg).(c2) end) <> sig.(msg).(c4))) ((match s with st9 w_XJoin w_OJoin w_XMoveC1 w_OMoveC1 w_XMoveC2 w_OMoveC2 w_XMoveC3 w_OMoveC3 w_XMoveC4 => w_OMoveC2.(sig_OMoveC2).(msg).(c2) end) <> (match s with st9 w_XJoin w_OJoin w_XMoveC1 w_OMoveC1 w_XMoveC2 w_OMoveC2 w_XMoveC3 w_OMoveC3 w_XMoveC4 => w_XMoveC3.(sig_XMoveC3).(msg).(c3) end))) ((match s with st9 w_XJoin w_OJoin w_XMoveC1 w_OMoveC1 w_XMoveC2 w_OMoveC2 w_XMoveC3 w_OMoveC3 w_XMoveC4 => w_OMoveC2.(sig_OMoveC2).(msg).(c2) end) <> (match s with st9 w_XJoin w_OJoin w_XMoveC1 w_OMoveC1 w_XMoveC2 w_OMoveC2 w_XMoveC3 w_OMoveC3 w_XMoveC4 => w_OMoveC3.(sig_OMoveC3).(msg).(c3) end))) ((match s with st9 w_XJoin w_OJoin w_XMoveC1 w_OMoveC1 w_XMoveC2 w_OMoveC2 w_XMoveC3 w_OMoveC3 w_XMoveC4 => w_OMoveC2.(sig_OMoveC2).(msg).(c2) end) <> (match s with st9 w_XJoin w_OJoin w_XMoveC1 w_OMoveC1 w_XMoveC2 w_OMoveC2 w_XMoveC3 w_OMoveC3 w_XMoveC4 => w_XMoveC4.(sig_XMoveC4).(msg).(c4) end))) ((match s with st9 w_XJoin w_OJoin w_XMoveC1 w_OMoveC1 w_XMoveC2 w_OMoveC2 w_XMoveC3 w_OMoveC3 w_XMoveC4 => w_OMoveC2.(sig_OMoveC2).(msg).(c2) end) <> sig.(msg).(c4))) ((match s with st9 w_XJoin w_OJoin w_XMoveC1 w_OMoveC1 w_XMoveC2 w_OMoveC2 w_XMoveC3 w_OMoveC3 w_XMoveC4 => w_XMoveC3.(sig_XMoveC3).(msg).(c3) end) <> (match s with st9 w_XJoin w_OJoin w_XMoveC1 w_OMoveC1 w_XMoveC2 w_OMoveC2 w_XMoveC3 w_OMoveC3 w_XMoveC4 => w_OMoveC3.(sig_OMoveC3).(msg).(c3) end))) ((match s with st9 w_XJoin w_OJoin w_XMoveC1 w_OMoveC1 w_XMoveC2 w_OMoveC2 w_XMoveC3 w_OMoveC3 w_XMoveC4 => w_XMoveC3.(sig_XMoveC3).(msg).(c3) end) <> (match s with st9 w_XJoin w_OJoin w_XMoveC1 w_OMoveC1 w_XMoveC2 w_OMoveC2 w_XMoveC3 w_OMoveC3 w_XMoveC4 => w_XMoveC4.(sig_XMoveC4).(msg).(c4) end))) ((match s with st9 w_XJoin w_OJoin w_XMoveC1 w_OMoveC1 w_XMoveC2 w_OMoveC2 w_XMoveC3 w_OMoveC3 w_XMoveC4 => w_XMoveC3.(sig_XMoveC3).(msg).(c3) end) <> sig.(msg).(c4))) ((match s with st9 w_XJoin w_OJoin w_XMoveC1 w_OMoveC1 w_XMoveC2 w_OMoveC2 w_XMoveC3 w_OMoveC3 w_XMoveC4 => w_OMoveC3.(sig_OMoveC3).(msg).(c3) end) <> (match s with st9 w_XJoin w_OJoin w_XMoveC1 w_OMoveC1 w_XMoveC2 w_OMoveC2 w_XMoveC3 w_OMoveC3 w_XMoveC4 => w_XMoveC4.(sig_XMoveC4).(msg).(c4) end))) ((match s with st9 w_XJoin w_OJoin w_XMoveC1 w_OMoveC1 w_XMoveC2 w_OMoveC2 w_XMoveC3 w_OMoveC3 w_XMoveC4 => w_OMoveC3.(sig_OMoveC3).(msg).(c3) end) <> sig.(msg).(c4))) ((match s with st9 w_XJoin w_OJoin w_XMoveC1 w_OMoveC1 w_XMoveC2 w_OMoveC2 w_XMoveC3 w_OMoveC3 w_XMoveC4 => w_XMoveC4.(sig_XMoveC4).(msg).(c4) end) <> sig.(msg).(c4)))) : State S10 :=
  match s with
  | st9 w_XJoin w_OJoin w_XMoveC1 w_OMoveC1 w_XMoveC2 w_OMoveC2 w_XMoveC3 w_OMoveC3 w_XMoveC4 =>
      st10 w_XJoin w_OJoin w_XMoveC1 w_OMoveC1 w_XMoveC2 w_OMoveC2 w_XMoveC3 w_OMoveC3 w_XMoveC4 {| sig_OMoveC4 := sig; guard := Hguard |}
  end.

End TicTacToe_Protocol.

[Change at line 118]   sig_OMoveC3 : Signed O P_OMoveC3;
  guard : andb andb andb andb andb andb andb andb andb andb andb andb andb andb (w_XMoveC1.(sig_XMoveC1).(msg).(c1) <> w_OMoveC1.(sig_OMoveC1).(msg).(c1)) (w_XMoveC1.(sig_XMoveC1).(msg).(c1) <> w_XMoveC2.(sig_XMoveC2).(msg).(c2)) (w_XMoveC1.(sig_XMoveC1).(msg).(c1) <> w_OMoveC2.(sig_OMoveC2).(msg).(c2)) (w_XMoveC1.(sig_XMoveC1).(msg).(c1) <> w_XMoveC3.(sig_XMoveC3).(msg).(c3)) (w_XMoveC1.(sig_XMoveC1).(msg).(c1) <> sig_OMoveC3.(msg).(c3)) (w_OMoveC1.(sig_OMoveC1).(msg).(c1) <> w_XMoveC2.(sig_XMoveC2).(msg).(c2)) (w_OMoveC1.(sig_OMoveC1).(msg).(c1) <> w_OMoveC2.(sig_OMoveC2).(msg).(c2)) (w_OMoveC1.(sig_OMoveC1).(msg).(c1) <> w_XMoveC3.(sig_XMoveC3).(msg).(c3)) (w_OMoveC1.(sig_OMoveC1).(msg).(c1) <> sig_OMoveC3.(msg).(c3)) (w_XMoveC2.(sig_XMoveC2).(msg).(c2) <> w_OMoveC2.(sig_OMoveC2).(msg).(c2)) (w_XMoveC2.(sig_XMoveC2).(msg).(c2) <> w_XMoveC3.(sig_XMoveC3).(msg).(c3)) (w_XMoveC2.(sig_XMoveC2).(msg).(c2) <> sig_OMoveC3.(msg).(c3)) (w_OMoveC2.(sig_OMoveC2).(msg).(c2) <> w_XMoveC3.(sig_XMoveC3).(msg).(c3)) (w_OMoveC2.(sig_OMoveC2).(msg).(c2) <> sig_OMoveC3.(msg).(c3)) (w_XMoveC3.(sig_XMoveC3).(msg).(c3) <> sig_OMoveC3.(msg).(c3));
}.

Record W_XMoveC4 (w_XJoin : W_XJoin) (w_OJoin : (W_OJoin w_XJoin)) (w_XMoveC1 : (W_XMoveC1 w_XJoin w_OJoin)) (w_OMoveC1 : (W_OMoveC1 w_XJoin w_OJoin w_XMoveC1)) (w_XMoveC2 : (W_XMoveC2 w_XJoin w_OJoin w_XMoveC1 w_OMoveC1)) (w_OMoveC2 : (W_OMoveC2 w_XJoin w_OJoin w_XMoveC1 w_OMoveC1 w_XMoveC2)) (w_XMoveC3 : (W_XMoveC3 w_XJoin w_OJoin w_XMoveC1 w_OMoveC1 w_XMoveC2 w_OMoveC2)) (w_OMoveC3 : (W_OMoveC3 w_XJoin w_OJoin w_XMoveC1 w_OMoveC1 w_XMoveC2 w_OMoveC2 w_XMoveC3)) : Type := {
  sig_XMoveC4 : Signed X P_XMoveC4;
  guard : andb andb andb andb andb andb andb andb andb andb andb andb andb andb andb andb andb andb andb andb (w_XMoveC1.(sig_XMoveC1).(msg).(c1) <> w_OMoveC1.(sig_OMoveC1).(msg).(c1)) (w_XMoveC1.(sig_XMoveC1).(msg).(c1) <> w_XMoveC2.(sig_XMoveC2).(msg).(c2)) (w_XMoveC1.(sig_XMoveC1).(msg).(c1) <> w_OMoveC2.(sig_OMoveC2).(msg).(c2)) (w_XMoveC1.(sig_XMoveC1).(msg).(c1) <> w_XMoveC3.(sig_XMoveC3).(msg).(c3)) (w_XMoveC1.(sig_XMoveC1).(msg).(c1) <> w_OMoveC3.(sig_OMoveC3).(msg).(c3)) (w_XMoveC1.(sig_XMoveC1).(msg).(c1) <> sig_XMoveC4.(msg).(c4)) (w_OMoveC1.(sig_OMoveC1).(msg).(c1) <> w_XMoveC2.(sig_XMoveC2).(msg).(c2)) (w_OMoveC1.(sig_OMoveC1).(msg).(c1) <> w_OMoveC2.(sig_OMoveC2).(msg).(c2)) (w_OMoveC1.(sig_OMoveC1).(msg).(c1) <> w_XMoveC3.(sig_XMoveC3).(msg).(c3)) (w_OMoveC1.(sig_OMoveC1).(msg).(c1) <> w_OMoveC3.(sig_OMoveC3).(msg).(c3)) (w_OMoveC1.(sig_OMoveC1).(msg).(c1) <> sig_XMoveC4.(msg).(c4)) (w_XMoveC2.(sig_XMoveC2).(msg).(c2) <> w_OMoveC2.(sig_OMoveC2).(msg).(c2)) (w_XMoveC2.(sig_XMoveC2).(msg).(c2) <> w_XMoveC3.(sig_XMoveC3).(msg).(c3)) (w_XMoveC2.(sig_XMoveC2).(msg).(c2) <> w_OMoveC3.(sig_OMoveC3).(msg).(c3)) (w_XMoveC2.(sig_XMoveC2).(msg).(c2) <> sig_XMoveC4.(msg).(c4)) (w_OMoveC2.(sig_OMoveC2).(msg).(c2) <> w_XMoveC3.(sig_XMoveC3).(msg).(c3)) (w_OMoveC2.(sig_OMoveC2).(msg).(c2) <> w_OMoveC3.(sig_OMoveC3).(msg).(c3)) (w_OMoveC2.(sig_OMoveC2).(msg).(c2) <> sig_XMoveC4.(msg).(c4)) (w_XMoveC3.(sig_XMoveC3).(msg).(c3) <> w_OMoveC3.(sig_OMoveC3).(msg).(c3)) (w_XMoveC3.(sig_XMoveC3).(msg).(c3) <> sig_XMoveC4.(msg).(c4)) (w_OMoveC3.(sig_OMoveC3).(msg).(c3) <> sig_XMoveC4.(msg).(c4));
}.

Record W_OMoveC4 (w_XJoin : W_XJoin) (w_OJoin : (W_OJoin w_XJoin)) (w_XMoveC1 : (W_XMoveC1 w_XJoin w_OJoin)) (w_OMoveC1 : (W_OMoveC1 w_XJoin w_OJoin w_XMoveC1)) (w_XMoveC2 : (W_XMoveC2 w_XJoin w_OJoin w_XMoveC1 w_OMoveC1)) (w_OMoveC2 : (W_OMoveC2 w_XJoin w_OJoin w_XMoveC1 w_OMoveC1 w_XMoveC2)) (w_XMoveC3 : (W_XMoveC3 w_XJoin w_OJoin w_XMoveC1 w_OMoveC1 w_XMoveC2 w_OMoveC2)) (w_OMoveC3 : (W_OMoveC3 w_XJoin w_OJoin w_XMoveC1 w_OMoveC1 w_XMoveC2 w_OMoveC2 w_XMoveC3)) (w_XMoveC4 : (W_XMoveC4 w_XJoin w_OJoin w_XMoveC1 w_OMoveC1 w_XMoveC2 w_OMoveC2 w_XMoveC3 w_OMoveC3)) : Type := {
  sig_OMoveC4 : Signed O P_OMoveC4;
  guard : andb andb andb andb andb andb andb andb andb andb andb andb andb andb andb andb andb andb andb andb andb andb andb andb andb andb andb (w_XMoveC1.(sig_XMoveC1).(msg).(c1) <> w_OMoveC1.(sig_OMoveC1).(msg).(c1)) (w_XMoveC1.(sig_XMoveC1).(msg).(c1) <> w_XMoveC2.(sig_XMoveC2).(msg).(c2)) (w_XMoveC1.(sig_XMoveC1).(msg).(c1) <> w_OMoveC2.(sig_OMoveC2).(msg).(c2)) (w_XMoveC1.(sig_XMoveC1).(msg).(c1) <> w_XMoveC3.(sig_XMoveC3).(msg).(c3)) (w_XMoveC1.(sig_XMoveC1).(msg).(c1) <> w_OMoveC3.(sig_OMoveC3).(msg).(c3)) (w_XMoveC1.(sig_XMoveC1).(msg).(c1) <> w_XMoveC4.(sig_XMoveC4).(msg).(c4)) (w_XMoveC1.(sig_XMoveC1).(msg).(c1) <> sig_OMoveC4.(msg).(c4)) (w_OMoveC1.(sig_OMoveC1).(msg).(c1) <> w_XMoveC2.(sig_XMoveC2).(msg).(c2)) (w_OMoveC1.(sig_OMoveC1).(msg).(c1) <> w_OMoveC2.(sig_OMoveC2).(msg).(c2)) (w_OMoveC1.(sig_OMoveC1).(msg).(c1) <> w_XMoveC3.(sig_XMoveC3).(msg).(c3)) (w_OMoveC1.(sig_OMoveC1).(msg).(c1) <> w_OMoveC3.(sig_OMoveC3).(msg).(c3)) (w_OMoveC1.(sig_OMoveC1).(msg).(c1) <> w_XMoveC4.(sig_XMoveC4).(msg).(c4)) (w_OMoveC1.(sig_OMoveC1).(msg).(c1) <> sig_OMoveC4.(msg).(c4)) (w_XMoveC2.(sig_XMoveC2).(msg).(c2) <> w_OMoveC2.(sig_OMoveC2).(msg).(c2)) (w_XMoveC2.(sig_XMoveC2).(msg).(c2) <> w_XMoveC3.(sig_XMoveC3).(msg).(c3)) (w_XMoveC2.(sig_XMoveC2).(msg).(c2) <> w_OMoveC3.(sig_OMoveC3).(msg).(c3)) (w_XMoveC2.(sig_XMoveC2).(msg).(c2) <> w_XMoveC4.(sig_XMoveC4).(msg).(c4)) (w_XMoveC2.(sig_XMoveC2).(msg).(c2) <> sig_OMoveC4.(msg).(c4)) (w_OMoveC2.(sig_OMoveC2).(msg).(c2) <> w_XMoveC3.(sig_XMoveC3).(msg).(c3)) (w_OMoveC2.(sig_OMoveC2).(msg).(c2) <> w_OMoveC3.(sig_OMoveC3).(msg).(c3)) (w_OMoveC2.(sig_OMoveC2).(msg).(c2) <> w_XMoveC4.(sig_XMoveC4).(msg).(c4)) (w_OMoveC2.(sig_OMoveC2).(msg).(c2) <> sig_OMoveC4.(msg).(c4)) (w_XMoveC3.(sig_XMoveC3).(msg).(c3) <> w_OMoveC3.(sig_OMoveC3).(msg).(c3)) (w_XMoveC3.(sig_XMoveC3).(msg).(c3) <> w_XMoveC4.(sig_XMoveC4).(msg).(c4)) (w_XMoveC3.(sig_XMoveC3).(msg).(c3) <> sig_OMoveC4.(msg).(c4)) (w_OMoveC3.(sig_OMoveC3).(msg).(c3) <> w_XMoveC4.(sig_XMoveC4).(msg).(c4)) (w_OMoveC3.(sig_OMoveC3).(msg).(c3) <> sig_OMoveC4.(msg).(c4)) (w_XMoveC4.(sig_XMoveC4).(msg).(c4) <> sig_OMoveC4.(msg).(c4));
}.

(* ===================== *)
(* 5) Typed runtime/ESM  *)
(* ===================== *)

Inductive Stage : Type :=
S0 | S1 | S2 | S3 | S4 | S5 | S6 | S7 | S8 | S9 | S10.

Inductive State : Stage -> Type :=
| st0 : State S0
| st1 : (w_XJoin : W_XJoin) -> State S1
| st2 : (w_XJoin : W_XJoin) (w_OJoin : (W_OJoin w_XJoin)) -> State S2
| st3 : (w_XJoin : W_XJoin) (w_OJoin : (W_OJoin w_XJoin)) (w_XMoveC1 : (W_XMoveC1 w_XJoin w_OJoin)) -> State S3
| st4 : (w_XJoin : W_XJoin) (w_OJoin : (W_OJoin w_XJoin)) (w_XMoveC1 : (W_XMoveC1 w_XJoin w_OJoin)) (w_OMoveC1 : (W_OMoveC1 w_XJoin w_OJoin w_XMoveC1)) -> State S4
| st5 : (w_XJoin : W_XJoin) (w_OJoin : (W_OJoin w_XJoin)) (w_XMoveC1 : (W_XMoveC1 w_XJoin w_OJoin)) (w_OMoveC1 : (W_OMoveC1 w_XJoin w_OJoin w_XMoveC1)) (w_XMoveC2 : (W_XMoveC2 w_XJoin w_OJoin w_XMoveC1 w_OMoveC1)) -> State S5
| st6 : (w_XJoin : W_XJoin) (w_OJoin : (W_OJoin w_XJoin)) (w_XMoveC1 : (W_XMoveC1 w_XJoin w_OJoin)) (w_OMoveC1 : (W_OMoveC1 w_XJoin w_OJoin w_XMoveC1)) (w_XMoveC2 : (W_XMoveC2 w_XJoin w_OJoin w_XMoveC1 w_OMoveC1)) (w_OMoveC2 : (W_OMoveC2 w_XJoin w_OJoin w_XMoveC1 w_OMoveC1 w_XMoveC2)) -> State S6
| st7 : (w_XJoin : W_XJoin) (w_OJoin : (W_OJoin w_XJoin)) (w_XMoveC1 : (W_XMoveC1 w_XJoin w_OJoin)) (w_OMoveC1 : (W_OMoveC1 w_XJoin w_OJoin w_XMoveC1)) (w_XMoveC2 : (W_XMoveC2 w_XJoin w_OJoin w_XMoveC1 w_OMoveC1)) (w_OMoveC2 : (W_OMoveC2 w_XJoin w_OJoin w_XMoveC1 w_OMoveC1 w_XMoveC2)) (w_XMoveC3 : (W_XMoveC3 w_XJoin w_OJoin w_XMoveC1 w_OMoveC1 w_XMoveC2 w_OMoveC2)) -> State S7
| st8 : (w_XJoin : W_XJoin) (w_OJoin : (W_OJoin w_XJoin)) (w_XMoveC1 : (W_XMoveC1 w_XJoin w_OJoin)) (w_OMoveC1 : (W_OMoveC1 w_XJoin w_OJoin w_XMoveC1)) (w_XMoveC2 : (W_XMoveC2 w_XJoin w_OJoin w_XMoveC1 w_OMoveC1)) (w_OMoveC2 : (W_OMoveC2 w_XJoin w_OJoin w_XMoveC1 w_OMoveC1 w_XMoveC2)) (w_XMoveC3 : (W_XMoveC3 w_XJoin w_OJoin w_XMoveC1 w_OMoveC1 w_XMoveC2 w_OMoveC2)) (w_OMoveC3 : (W_OMoveC3 w_XJoin w_OJoin w_XMoveC1 w_OMoveC1 w_XMoveC2 w_OMoveC2 w_XMoveC3)) -> State S8
| st9 : (w_XJoin : W_XJoin) (w_OJoin : (W_OJoin w_XJoin)) (w_XMoveC1 : (W_XMoveC1 w_XJoin w_OJoin)) (w_OMoveC1 : (W_OMoveC1 w_XJoin w_OJoin w_XMoveC1)) (w_XMoveC2 : (W_XMoveC2 w_XJoin w_OJoin w_XMoveC1 w_OMoveC1)) (w_OMoveC2 : (W_OMoveC2 w_XJoin w_OJoin w_XMoveC1 w_OMoveC1 w_XMoveC2)) (w_XMoveC3 : (W_XMoveC3 w_XJoin w_OJoin w_XMoveC1 w_OMoveC1 w_XMoveC2 w_OMoveC2)) (w_OMoveC3 : (W_OMoveC3 w_XJoin w_OJoin w_XMoveC1 w_OMoveC1 w_XMoveC2 w_OMoveC2 w_XMoveC3)) (w_XMoveC4 : (W_XMoveC4 w_XJoin w_OJoin w_XMoveC1 w_OMoveC1 w_XMoveC2 w_OMoveC2 w_XMoveC3 w_OMoveC3)) -> State S9
| st10 : (w_XJoin : W_XJoin) (w_OJoin : (W_OJoin w_XJoin)) (w_XMoveC1 : (W_XMoveC1 w_XJoin w_OJoin)) (w_OMoveC1 : (W_OMoveC1 w_XJoin w_OJoin w_XMoveC1)) (w_XMoveC2 : (W_XMoveC2 w_XJoin w_OJoin w_XMoveC1 w_OMoveC1)) (w_OMoveC2 : (W_OMoveC2 w_XJoin w_OJoin w_XMoveC1 w_OMoveC1 w_XMoveC2)) (w_XMoveC3 : (W_XMoveC3 w_XJoin w_OJoin w_XMoveC1 w_OMoveC1 w_XMoveC2 w_OMoveC2)) (w_OMoveC3 : (W_OMoveC3 w_XJoin w_OJoin w_XMoveC1 w_OMoveC1 w_XMoveC2 w_OMoveC2 w_XMoveC3)) (w_XMoveC4 : (W_XMoveC4 w_XJoin w_OJoin w_XMoveC1 w_OMoveC1 w_XMoveC2 w_OMoveC2 w_XMoveC3 w_OMoveC3)) (w_OMoveC4 : (W_OMoveC4 w_XJoin w_OJoin w_XMoveC1 w_OMoveC1 w_XMoveC2 w_OMoveC2 w_XMoveC3 w_OMoveC3 w_XMoveC4)) -> State S10
.

(* Step API *)
Definition step_xjoin_from_s0 (s : State S0) (sig : Signed X P_XJoin)
 : State S1 :=
  match s with
  | st0 =>
      st1 {| sig_XJoin := sig |}
  end.

Definition step_ojoin_from_s1 (s : State S1) (sig : Signed O P_OJoin)
 : State S2 :=
  match s with
  | st1 w_XJoin =>
      st2 w_XJoin {| sig_OJoin := sig |}
  end.

Definition step_xmovec1_from_s2 (s : State S2) (sig : Signed X P_XMoveC1)
 : State S3 :=
  match s with
  | st2 w_XJoin w_OJoin =>
      st3 w_XJoin w_OJoin {| sig_XMoveC1 := sig |}
  end.

Definition step_omovec1_from_s3 (s : State S3) (sig : Signed O P_OMoveC1)
  (Hguard : ((match s with st3 w_XJoin w_OJoin w_XMoveC1 => w_XMoveC1.(sig_XMoveC1).(msg).(c1) end) <> sig.(msg).(c1))) : State S4 :=
  match s with
  | st3 w_XJoin w_OJoin w_XMoveC1 =>
      st4 w_XJoin w_OJoin w_XMoveC1 {| sig_OMoveC1 := sig; guard := Hguard |}
  end.

Definition step_xmovec2_from_s4 (s : State S4) (sig : Signed X P_XMoveC2)
  (Hguard : (andb (andb ((match s with st4 w_XJoin w_OJoin w_XMoveC1 w_OMoveC1 => w_XMoveC1.(sig_XMoveC1).(msg).(c1) end) <> (match s with st4 w_XJoin w_OJoin w_XMoveC1 w_OMoveC1 => w_OMoveC1.(sig_OMoveC1).(msg).(c1) end)) ((match s with st4 w_XJoin w_OJoin w_XMoveC1 w_OMoveC1 => w_XMoveC1.(sig_XMoveC1).(msg).(c1) end) <> sig.(msg).(c2))) ((match s with st4 w_XJoin w_OJoin w_XMoveC1 w_OMoveC1 => w_OMoveC1.(sig_OMoveC1).(msg).(c1) end) <> sig.(msg).(c2)))) : State S5 :=
  match s with
  | st4 w_XJoin w_OJoin w_XMoveC1 w_OMoveC1 =>
      st5 w_XJoin w_OJoin w_XMoveC1 w_OMoveC1 {| sig_XMoveC2 := sig; guard := Hguard |}
  end.

Definition step_omovec2_from_s5 (s : State S5) (sig : Signed O P_OMoveC2)
  (Hguard : (andb (andb (andb (andb (andb ((match s with st5 w_XJoin w_OJoin w_XMoveC1 w_OMoveC1 w_XMoveC2 => w_XMoveC1.(sig_XMoveC1).(msg).(c1) end) <> (match s with st5 w_XJoin w_OJoin w_XMoveC1 w_OMoveC1 w_XMoveC2 => w_OMoveC1.(sig_OMoveC1).(msg).(c1) end)) ((match s with st5 w_XJoin w_OJoin w_XMoveC1 w_OMoveC1 w_XMoveC2 => w_XMoveC1.(sig_XMoveC1).(msg).(c1) end) <> (match s with st5 w_XJoin w_OJoin w_XMoveC1 w_OMoveC1 w_XMoveC2 => w_XMoveC2.(sig_XMoveC2).(msg).(c2) end))) ((match s with st5 w_XJoin w_OJoin w_XMoveC1 w_OMoveC1 w_XMoveC2 => w_XMoveC1.(sig_XMoveC1).(msg).(c1) end) <> sig.(msg).(c2))) ((match s with st5 w_XJoin w_OJoin w_XMoveC1 w_OMoveC1 w_XMoveC2 => w_OMoveC1.(sig_OMoveC1).(msg).(c1) end) <> (match s with st5 w_XJoin w_OJoin w_XMoveC1 w_OMoveC1 w_XMoveC2 => w_XMoveC2.(sig_XMoveC2).(msg).(c2) end))) ((match s with st5 w_XJoin w_OJoin w_XMoveC1 w_OMoveC1 w_XMoveC2 => w_OMoveC1.(sig_OMoveC1).(msg).(c1) end) <> sig.(msg).(c2))) ((match s with st5 w_XJoin w_OJoin w_XMoveC1 w_OMoveC1 w_XMoveC2 => w_XMoveC2.(sig_XMoveC2).(msg).(c2) end) <> sig.(msg).(c2)))) : State S6 :=
  match s with
  | st5 w_XJoin w_OJoin w_XMoveC1 w_OMoveC1 w_XMoveC2 =>
      st6 w_XJoin w_OJoin w_XMoveC1 w_OMoveC1 w_XMoveC2 {| sig_OMoveC2 := sig; guard := Hguard |}
  end.

Definition step_xmovec3_from_s6 (s : State S6) (sig : Signed X P_XMoveC3)
  (Hguard : (andb (andb (andb (andb (andb (andb (andb (andb (andb ((match s with st6 w_XJoin w_OJoin w_XMoveC1 w_OMoveC1 w_XMoveC2 w_OMoveC2 => w_XMoveC1.(sig_XMoveC1).(msg).(c1) end) <> (match s with st6 w_XJoin w_OJoin w_XMoveC1 w_OMoveC1 w_XMoveC2 w_OMoveC2 => w_OMoveC1.(sig_OMoveC1).(msg).(c1) end)) ((match s with st6 w_XJoin w_OJoin w_XMoveC1 w_OMoveC1 w_XMoveC2 w_OMoveC2 => w_XMoveC1.(sig_XMoveC1).(msg).(c1) end) <> (match s with st6 w_XJoin w_OJoin w_XMoveC1 w_OMoveC1 w_XMoveC2 w_OMoveC2 => w_XMoveC2.(sig_XMoveC2).(msg).(c2) end))) ((match s with st6 w_XJoin w_OJoin w_XMoveC1 w_OMoveC1 w_XMoveC2 w_OMoveC2 => w_XMoveC1.(sig_XMoveC1).(msg).(c1) end) <> (match s with st6 w_XJoin w_OJoin w_XMoveC1 w_OMoveC1 w_XMoveC2 w_OMoveC2 => w_OMoveC2.(sig_OMoveC2).(msg).(c2) end))) ((match s with st6 w_XJoin w_OJoin w_XMoveC1 w_OMoveC1 w_XMoveC2 w_OMoveC2 => w_XMoveC1.(sig_XMoveC1).(msg).(c1) end) <> sig.(msg).(c3))) ((match s with st6 w_XJoin w_OJoin w_XMoveC1 w_OMoveC1 w_XMoveC2 w_OMoveC2 => w_OMoveC1.(sig_OMoveC1).(msg).(c1) end) <> (match s with st6 w_XJoin w_OJoin w_XMoveC1 w_OMoveC1 w_XMoveC2 w_OMoveC2 => w_XMoveC2.(sig_XMoveC2).(msg).(c2) end))) ((match s with st6 w_XJoin w_OJoin w_XMoveC1 w_OMoveC1 w_XMoveC2 w_OMoveC2 => w_OMoveC1.(sig_OMoveC1).(msg).(c1) end) <> (match s with st6 w_XJoin w_OJoin w_XMoveC1 w_OMoveC1 w_XMoveC2 w_OMoveC2 => w_OMoveC2.(sig_OMoveC2).(msg).(c2) end))) ((match s with st6 w_XJoin w_OJoin w_XMoveC1 w_OMoveC1 w_XMoveC2 w_OMoveC2 => w_OMoveC1.(sig_OMoveC1).(msg).(c1) end) <> sig.(msg).(c3))) ((match s with st6 w_XJoin w_OJoin w_XMoveC1 w_OMoveC1 w_XMoveC2 w_OMoveC2 => w_XMoveC2.(sig_XMoveC2).(msg).(c2) end) <> (match s with st6 w_XJoin w_OJoin w_XMoveC1 w_OMoveC1 w_XMoveC2 w_OMoveC2 => w_OMoveC2.(sig_OMoveC2).(msg).(c2) end))) ((match s with st6 w_XJoin w_OJoin w_XMoveC1 w_OMoveC1 w_XMoveC2 w_OMoveC2 => w_XMoveC2.(sig_XMoveC2).(msg).(c2) end) <> sig.(msg).(c3))) ((match s with st6 w_XJoin w_OJoin w_XMoveC1 w_OMoveC1 w_XMoveC2 w_OMoveC2 => w_OMoveC2.(sig_OMoveC2).(msg).(c2) end) <> sig.(msg).(c3)))) : State S7 :=
  match s with
  | st6 w_XJoin w_OJoin w_XMoveC1 w_OMoveC1 w_XMoveC2 w_OMoveC2 =>
      st7 w_XJoin w_OJoin w_XMoveC1 w_OMoveC1 w_XMoveC2 w_OMoveC2 {| sig_XMoveC3 := sig; guard := Hguard |}
  end.

Definition step_omovec3_from_s7 (s : State S7) (sig : Signed O P_OMoveC3)
  (Hguard : (andb (andb (andb (andb (andb (andb (andb (andb (andb (andb (andb (andb (andb (andb ((match s with st7 w_XJoin w_OJoin w_XMoveC1 w_OMoveC1 w_XMoveC2 w_OMoveC2 w_XMoveC3 => w_XMoveC1.(sig_XMoveC1).(msg).(c1) end) <> (match s with st7 w_XJoin w_OJoin w_XMoveC1 w_OMoveC1 w_XMoveC2 w_OMoveC2 w_XMoveC3 => w_OMoveC1.(sig_OMoveC1).(msg).(c1) end)) ((match s with st7 w_XJoin w_OJoin w_XMoveC1 w_OMoveC1 w_XMoveC2 w_OMoveC2 w_XMoveC3 => w_XMoveC1.(sig_XMoveC1).(msg).(c1) end) <> (match s with st7 w_XJoin w_OJoin w_XMoveC1 w_OMoveC1 w_XMoveC2 w_OMoveC2 w_XMoveC3 => w_XMoveC2.(sig_XMoveC2).(msg).(c2) end))) ((match s with st7 w_XJoin w_OJoin w_XMoveC1 w_OMoveC1 w_XMoveC2 w_OMoveC2 w_XMoveC3 => w_XMoveC1.(sig_XMoveC1).(msg).(c1) end) <> (match s with st7 w_XJoin w_OJoin w_XMoveC1 w_OMoveC1 w_XMoveC2 w_OMoveC2 w_XMoveC3 => w_OMoveC2.(sig_OMoveC2).(msg).(c2) end))) ((match s with st7 w_XJoin w_OJoin w_XMoveC1 w_OMoveC1 w_XMoveC2 w_OMoveC2 w_XMoveC3 => w_XMoveC1.(sig_XMoveC1).(msg).(c1) end) <> (match s with st7 w_XJoin w_OJoin w_XMoveC1 w_OMoveC1 w_XMoveC2 w_OMoveC2 w_XMoveC3 => w_XMoveC3.(sig_XMoveC3).(msg).(c3) end))) ((match s with st7 w_XJoin w_OJoin w_XMoveC1 w_OMoveC1 w_XMoveC2 w_OMoveC2 w_XMoveC3 => w_XMoveC1.(sig_XMoveC1).(msg).(c1) end) <> sig.(msg).(c3))) ((match s with st7 w_XJoin w_OJoin w_XMoveC1 w_OMoveC1 w_XMoveC2 w_OMoveC2 w_XMoveC3 => w_OMoveC1.(sig_OMoveC1).(msg).(c1) end) <> (match s with st7 w_XJoin w_OJoin w_XMoveC1 w_OMoveC1 w_XMoveC2 w_OMoveC2 w_XMoveC3 => w_XMoveC2.(sig_XMoveC2).(msg).(c2) end))) ((match s with st7 w_XJoin w_OJoin w_XMoveC1 w_OMoveC1 w_XMoveC2 w_OMoveC2 w_XMoveC3 => w_OMoveC1.(sig_OMoveC1).(msg).(c1) end) <> (match s with st7 w_XJoin w_OJoin w_XMoveC1 w_OMoveC1 w_XMoveC2 w_OMoveC2 w_XMoveC3 => w_OMoveC2.(sig_OMoveC2).(msg).(c2) end))) ((match s with st7 w_XJoin w_OJoin w_XMoveC1 w_OMoveC1 w_XMoveC2 w_OMoveC2 w_XMoveC3 => w_OMoveC1.(sig_OMoveC1).(msg).(c1) end) <> (match s with st7 w_XJoin w_OJoin w_XMoveC1 w_OMoveC1 w_XMoveC2 w_OMoveC2 w_XMoveC3 => w_XMoveC3.(sig_XMoveC3).(msg).(c3) end))) ((match s with st7 w_XJoin w_OJoin w_XMoveC1 w_OMoveC1 w_XMoveC2 w_OMoveC2 w_XMoveC3 => w_OMoveC1.(sig_OMoveC1).(msg).(c1) end) <> sig.(msg).(c3))) ((match s with st7 w_XJoin w_OJoin w_XMoveC1 w_OMoveC1 w_XMoveC2 w_OMoveC2 w_XMoveC3 => w_XMoveC2.(sig_XMoveC2).(msg).(c2) end) <> (match s with st7 w_XJoin w_OJoin w_XMoveC1 w_OMoveC1 w_XMoveC2 w_OMoveC2 w_XMoveC3 => w_OMoveC2.(sig_OMoveC2).(msg).(c2) end))) ((match s with st7 w_XJoin w_OJoin w_XMoveC1 w_OMoveC1 w_XMoveC2 w_OMoveC2 w_XMoveC3 => w_XMoveC2.(sig_XMoveC2).(msg).(c2) end) <> (match s with st7 w_XJoin w_OJoin w_XMoveC1 w_OMoveC1 w_XMoveC2 w_OMoveC2 w_XMoveC3 => w_XMoveC3.(sig_XMoveC3).(msg).(c3) end))) ((match s with st7 w_XJoin w_OJoin w_XMoveC1 w_OMoveC1 w_XMoveC2 w_OMoveC2 w_XMoveC3 => w_XMoveC2.(sig_XMoveC2).(msg).(c2) end) <> sig.(msg).(c3))) ((match s with st7 w_XJoin w_OJoin w_XMoveC1 w_OMoveC1 w_XMoveC2 w_OMoveC2 w_XMoveC3 => w_OMoveC2.(sig_OMoveC2).(msg).(c2) end) <> (match s with st7 w_XJoin w_OJoin w_XMoveC1 w_OMoveC1 w_XMoveC2 w_OMoveC2 w_XMoveC3 => w_XMoveC3.(sig_XMoveC3).(msg).(c3) end))) ((match s with st7 w_XJoin w_OJoin w_XMoveC1 w_OMoveC1 w_XMoveC2 w_OMoveC2 w_XMoveC3 => w_OMoveC2.(sig_OMoveC2).(msg).(c2) end) <> sig.(msg).(c3))) ((match s with st7 w_XJoin w_OJoin w_XMoveC1 w_OMoveC1 w_XMoveC2 w_OMoveC2 w_XMoveC3 => w_XMoveC3.(sig_XMoveC3).(msg).(c3) end) <> sig.(msg).(c3)))) : State S8 :=
  match s with
  | st7 w_XJoin w_OJoin w_XMoveC1 w_OMoveC1 w_XMoveC2 w_OMoveC2 w_XMoveC3 =>
      st8 w_XJoin w_OJoin w_XMoveC1 w_OMoveC1 w_XMoveC2 w_OMoveC2 w_XMoveC3 {| sig_OMoveC3 := sig; guard := Hguard |}
  end.

Definition step_xmovec4_from_s8 (s : State S8) (sig : Signed X P_XMoveC4)
  (Hguard : (andb (andb (andb (andb (andb (andb (andb (andb (andb (andb (andb (andb (andb (andb (andb (andb (andb (andb (andb (andb ((match s with st8 w_XJoin w_OJoin w_XMoveC1 w_OMoveC1 w_XMoveC2 w_OMoveC2 w_XMoveC3 w_OMoveC3 => w_XMoveC1.(sig_XMoveC1).(msg).(c1) end) <> (match s with st8 w_XJoin w_OJoin w_XMoveC1 w_OMoveC1 w_XMoveC2 w_OMoveC2 w_XMoveC3 w_OMoveC3 => w_OMoveC1.(sig_OMoveC1).(msg).(c1) end)) ((match s with st8 w_XJoin w_OJoin w_XMoveC1 w_OMoveC1 w_XMoveC2 w_OMoveC2 w_XMoveC3 w_OMoveC3 => w_XMoveC1.(sig_XMoveC1).(msg).(c1) end) <> (match s with st8 w_XJoin w_OJoin w_XMoveC1 w_OMoveC1 w_XMoveC2 w_OMoveC2 w_XMoveC3 w_OMoveC3 => w_XMoveC2.(sig_XMoveC2).(msg).(c2) end))) ((match s with st8 w_XJoin w_OJoin w_XMoveC1 w_OMoveC1 w_XMoveC2 w_OMoveC2 w_XMoveC3 w_OMoveC3 => w_XMoveC1.(sig_XMoveC1).(msg).(c1) end) <> (match s with st8 w_XJoin w_OJoin w_XMoveC1 w_OMoveC1 w_XMoveC2 w_OMoveC2 w_XMoveC3 w_OMoveC3 => w_OMoveC2.(sig_OMoveC2).(msg).(c2) end))) ((match s with st8 w_XJoin w_OJoin w_XMoveC1 w_OMoveC1 w_XMoveC2 w_OMoveC2 w_XMoveC3 w_OMoveC3 => w_XMoveC1.(sig_XMoveC1).(msg).(c1) end) <> (match s with st8 w_XJoin w_OJoin w_XMoveC1 w_OMoveC1 w_XMoveC2 w_OMoveC2 w_XMoveC3 w_OMoveC3 => w_XMoveC3.(sig_XMoveC3).(msg).(c3) end))) ((match s with st8 w_XJoin w_OJoin w_XMoveC1 w_OMoveC1 w_XMoveC2 w_OMoveC2 w_XMoveC3 w_OMoveC3 => w_XMoveC1.(sig_XMoveC1).(msg).(c1) end) <> (match s with st8 w_XJoin w_OJoin w_XMoveC1 w_OMoveC1 w_XMoveC2 w_OMoveC2 w_XMoveC3 w_OMoveC3 => w_OMoveC3.(sig_OMoveC3).(msg).(c3) end))) ((match s with st8 w_XJoin w_OJoin w_XMoveC1 w_OMoveC1 w_XMoveC2 w_OMoveC2 w_XMoveC3 w_OMoveC3 => w_XMoveC1.(sig_XMoveC1).(msg).(c1) end) <> sig.(msg).(c4))) ((match s with st8 w_XJoin w_OJoin w_XMoveC1 w_OMoveC1 w_XMoveC2 w_OMoveC2 w_XMoveC3 w_OMoveC3 => w_OMoveC1.(sig_OMoveC1).(msg).(c1) end) <> (match s with st8 w_XJoin w_OJoin w_XMoveC1 w_OMoveC1 w_XMoveC2 w_OMoveC2 w_XMoveC3 w_OMoveC3 => w_XMoveC2.(sig_XMoveC2).(msg).(c2) end))) ((match s with st8 w_XJoin w_OJoin w_XMoveC1 w_OMoveC1 w_XMoveC2 w_OMoveC2 w_XMoveC3 w_OMoveC3 => w_OMoveC1.(sig_OMoveC1).(msg).(c1) end) <> (match s with st8 w_XJoin w_OJoin w_XMoveC1 w_OMoveC1 w_XMoveC2 w_OMoveC2 w_XMoveC3 w_OMoveC3 => w_OMoveC2.(sig_OMoveC2).(msg).(c2) end))) ((match s with st8 w_XJoin w_OJoin w_XMoveC1 w_OMoveC1 w_XMoveC2 w_OMoveC2 w_XMoveC3 w_OMoveC3 => w_OMoveC1.(sig_OMoveC1).(msg).(c1) end) <> (match s with st8 w_XJoin w_OJoin w_XMoveC1 w_OMoveC1 w_XMoveC2 w_OMoveC2 w_XMoveC3 w_OMoveC3 => w_XMoveC3.(sig_XMoveC3).(msg).(c3) end))) ((match s with st8 w_XJoin w_OJoin w_XMoveC1 w_OMoveC1 w_XMoveC2 w_OMoveC2 w_XMoveC3 w_OMoveC3 => w_OMoveC1.(sig_OMoveC1).(msg).(c1) end) <> (match s with st8 w_XJoin w_OJoin w_XMoveC1 w_OMoveC1 w_XMoveC2 w_OMoveC2 w_XMoveC3 w_OMoveC3 => w_OMoveC3.(sig_OMoveC3).(msg).(c3) end))) ((match s with st8 w_XJoin w_OJoin w_XMoveC1 w_OMoveC1 w_XMoveC2 w_OMoveC2 w_XMoveC3 w_OMoveC3 => w_OMoveC1.(sig_OMoveC1).(msg).(c1) end) <> sig.(msg).(c4))) ((match s with st8 w_XJoin w_OJoin w_XMoveC1 w_OMoveC1 w_XMoveC2 w_OMoveC2 w_XMoveC3 w_OMoveC3 => w_XMoveC2.(sig_XMoveC2).(msg).(c2) end) <> (match s with st8 w_XJoin w_OJoin w_XMoveC1 w_OMoveC1 w_XMoveC2 w_OMoveC2 w_XMoveC3 w_OMoveC3 => w_OMoveC2.(sig_OMoveC2).(msg).(c2) end))) ((match s with st8 w_XJoin w_OJoin w_XMoveC1 w_OMoveC1 w_XMoveC2 w_OMoveC2 w_XMoveC3 w_OMoveC3 => w_XMoveC2.(sig_XMoveC2).(msg).(c2) end) <> (match s with st8 w_XJoin w_OJoin w_XMoveC1 w_OMoveC1 w_XMoveC2 w_OMoveC2 w_XMoveC3 w_OMoveC3 => w_XMoveC3.(sig_XMoveC3).(msg).(c3) end))) ((match s with st8 w_XJoin w_OJoin w_XMoveC1 w_OMoveC1 w_XMoveC2 w_OMoveC2 w_XMoveC3 w_OMoveC3 => w_XMoveC2.(sig_XMoveC2).(msg).(c2) end) <> (match s with st8 w_XJoin w_OJoin w_XMoveC1 w_OMoveC1 w_XMoveC2 w_OMoveC2 w_XMoveC3 w_OMoveC3 => w_OMoveC3.(sig_OMoveC3).(msg).(c3) end))) ((match s with st8 w_XJoin w_OJoin w_XMoveC1 w_OMoveC1 w_XMoveC2 w_OMoveC2 w_XMoveC3 w_OMoveC3 => w_XMoveC2.(sig_XMoveC2).(msg).(c2) end) <> sig.(msg).(c4))) ((match s with st8 w_XJoin w_OJoin w_XMoveC1 w_OMoveC1 w_XMoveC2 w_OMoveC2 w_XMoveC3 w_OMoveC3 => w_OMoveC2.(sig_OMoveC2).(msg).(c2) end) <> (match s with st8 w_XJoin w_OJoin w_XMoveC1 w_OMoveC1 w_XMoveC2 w_OMoveC2 w_XMoveC3 w_OMoveC3 => w_XMoveC3.(sig_XMoveC3).(msg).(c3) end))) ((match s with st8 w_XJoin w_OJoin w_XMoveC1 w_OMoveC1 w_XMoveC2 w_OMoveC2 w_XMoveC3 w_OMoveC3 => w_OMoveC2.(sig_OMoveC2).(msg).(c2) end) <> (match s with st8 w_XJoin w_OJoin w_XMoveC1 w_OMoveC1 w_XMoveC2 w_OMoveC2 w_XMoveC3 w_OMoveC3 => w_OMoveC3.(sig_OMoveC3).(msg).(c3) end))) ((match s with st8 w_XJoin w_OJoin w_XMoveC1 w_OMoveC1 w_XMoveC2 w_OMoveC2 w_XMoveC3 w_OMoveC3 => w_OMoveC2.(sig_OMoveC2).(msg).(c2) end) <> sig.(msg).(c4))) ((match s with st8 w_XJoin w_OJoin w_XMoveC1 w_OMoveC1 w_XMoveC2 w_OMoveC2 w_XMoveC3 w_OMoveC3 => w_XMoveC3.(sig_XMoveC3).(msg).(c3) end) <> (match s with st8 w_XJoin w_OJoin w_XMoveC1 w_OMoveC1 w_XMoveC2 w_OMoveC2 w_XMoveC3 w_OMoveC3 => w_OMoveC3.(sig_OMoveC3).(msg).(c3) end))) ((match s with st8 w_XJoin w_OJoin w_XMoveC1 w_OMoveC1 w_XMoveC2 w_OMoveC2 w_XMoveC3 w_OMoveC3 => w_XMoveC3.(sig_XMoveC3).(msg).(c3) end) <> sig.(msg).(c4))) ((match s with st8 w_XJoin w_OJoin w_XMoveC1 w_OMoveC1 w_XMoveC2 w_OMoveC2 w_XMoveC3 w_OMoveC3 => w_OMoveC3.(sig_OMoveC3).(msg).(c3) end) <> sig.(msg).(c4)))) : State S9 :=
  match s with
  | st8 w_XJoin w_OJoin w_XMoveC1 w_OMoveC1 w_XMoveC2 w_OMoveC2 w_XMoveC3 w_OMoveC3 =>
      st9 w_XJoin w_OJoin w_XMoveC1 w_OMoveC1 w_XMoveC2 w_OMoveC2 w_XMoveC3 w_OMoveC3 {| sig_XMoveC4 := sig; guard := Hguard |}
  end.

Definition step_omovec4_from_s9 (s : State S9) (sig : Signed O P_OMoveC4)
  (Hguard : (andb (andb (andb (andb (andb (andb (andb (andb (andb (andb (andb (andb (andb (andb (andb (andb (andb (andb (andb (andb (andb (andb (andb (andb (andb (andb (andb ((match s with st9 w_XJoin w_OJoin w_XMoveC1 w_OMoveC1 w_XMoveC2 w_OMoveC2 w_XMoveC3 w_OMoveC3 w_XMoveC4 => w_XMoveC1.(sig_XMoveC1).(msg).(c1) end) <> (match s with st9 w_XJoin w_OJoin w_XMoveC1 w_OMoveC1 w_XMoveC2 w_OMoveC2 w_XMoveC3 w_OMoveC3 w_XMoveC4 => w_OMoveC1.(sig_OMoveC1).(msg).(c1) end)) ((match s with st9 w_XJoin w_OJoin w_XMoveC1 w_OMoveC1 w_XMoveC2 w_OMoveC2 w_XMoveC3 w_OMoveC3 w_XMoveC4 => w_XMoveC1.(sig_XMoveC1).(msg).(c1) end) <> (match s with st9 w_XJoin w_OJoin w_XMoveC1 w_OMoveC1 w_XMoveC2 w_OMoveC2 w_XMoveC3 w_OMoveC3 w_XMoveC4 => w_XMoveC2.(sig_XMoveC2).(msg).(c2) end))) ((match s with st9 w_XJoin w_OJoin w_XMoveC1 w_OMoveC1 w_XMoveC2 w_OMoveC2 w_XMoveC3 w_OMoveC3 w_XMoveC4 => w_XMoveC1.(sig_XMoveC1).(msg).(c1) end) <> (match s with st9 w_XJoin w_OJoin w_XMoveC1 w_OMoveC1 w_XMoveC2 w_OMoveC2 w_XMoveC3 w_OMoveC3 w_XMoveC4 => w_OMoveC2.(sig_OMoveC2).(msg).(c2) end))) ((match s with st9 w_XJoin w_OJoin w_XMoveC1 w_OMoveC1 w_XMoveC2 w_OMoveC2 w_XMoveC3 w_OMoveC3 w_XMoveC4 => w_XMoveC1.(sig_XMoveC1).(msg).(c1) end) <> (match s with st9 w_XJoin w_OJoin w_XMoveC1 w_OMoveC1 w_XMoveC2 w_OMoveC2 w_XMoveC3 w_OMoveC3 w_XMoveC4 => w_XMoveC3.(sig_XMoveC3).(msg).(c3) end))) ((match s with st9 w_XJoin w_OJoin w_XMoveC1 w_OMoveC1 w_XMoveC2 w_OMoveC2 w_XMoveC3 w_OMoveC3 w_XMoveC4 => w_XMoveC1.(sig_XMoveC1).(msg).(c1) end) <> (match s with st9 w_XJoin w_OJoin w_XMoveC1 w_OMoveC1 w_XMoveC2 w_OMoveC2 w_XMoveC3 w_OMoveC3 w_XMoveC4 => w_OMoveC3.(sig_OMoveC3).(msg).(c3) end))) ((match s with st9 w_XJoin w_OJoin w_XMoveC1 w_OMoveC1 w_XMoveC2 w_OMoveC2 w_XMoveC3 w_OMoveC3 w_XMoveC4 => w_XMoveC1.(sig_XMoveC1).(msg).(c1) end) <> (match s with st9 w_XJoin w_OJoin w_XMoveC1 w_OMoveC1 w_XMoveC2 w_OMoveC2 w_XMoveC3 w_OMoveC3 w_XMoveC4 => w_XMoveC4.(sig_XMoveC4).(msg).(c4) end))) ((match s with st9 w_XJoin w_OJoin w_XMoveC1 w_OMoveC1 w_XMoveC2 w_OMoveC2 w_XMoveC3 w_OMoveC3 w_XMoveC4 => w_XMoveC1.(sig_XMoveC1).(msg).(c1) end) <> sig.(msg).(c4))) ((match s with st9 w_XJoin w_OJoin w_XMoveC1 w_OMoveC1 w_XMoveC2 w_OMoveC2 w_XMoveC3 w_OMoveC3 w_XMoveC4 => w_OMoveC1.(sig_OMoveC1).(msg).(c1) end) <> (match s with st9 w_XJoin w_OJoin w_XMoveC1 w_OMoveC1 w_XMoveC2 w_OMoveC2 w_XMoveC3 w_OMoveC3 w_XMoveC4 => w_XMoveC2.(sig_XMoveC2).(msg).(c2) end))) ((match s with st9 w_XJoin w_OJoin w_XMoveC1 w_OMoveC1 w_XMoveC2 w_OMoveC2 w_XMoveC3 w_OMoveC3 w_XMoveC4 => w_OMoveC1.(sig_OMoveC1).(msg).(c1) end) <> (match s with st9 w_XJoin w_OJoin w_XMoveC1 w_OMoveC1 w_XMoveC2 w_OMoveC2 w_XMoveC3 w_OMoveC3 w_XMoveC4 => w_OMoveC2.(sig_OMoveC2).(msg).(c2) end))) ((match s with st9 w_XJoin w_OJoin w_XMoveC1 w_OMoveC1 w_XMoveC2 w_OMoveC2 w_XMoveC3 w_OMoveC3 w_XMoveC4 => w_OMoveC1.(sig_OMoveC1).(msg).(c1) end) <> (match s with st9 w_XJoin w_OJoin w_XMoveC1 w_OMoveC1 w_XMoveC2 w_OMoveC2 w_XMoveC3 w_OMoveC3 w_XMoveC4 => w_XMoveC3.(sig_XMoveC3).(msg).(c3) end))) ((match s with st9 w_XJoin w_OJoin w_XMoveC1 w_OMoveC1 w_XMoveC2 w_OMoveC2 w_XMoveC3 w_OMoveC3 w_XMoveC4 => w_OMoveC1.(sig_OMoveC1).(msg).(c1) end) <> (match s with st9 w_XJoin w_OJoin w_XMoveC1 w_OMoveC1 w_XMoveC2 w_OMoveC2 w_XMoveC3 w_OMoveC3 w_XMoveC4 => w_OMoveC3.(sig_OMoveC3).(msg).(c3) end))) ((match s with st9 w_XJoin w_OJoin w_XMoveC1 w_OMoveC1 w_XMoveC2 w_OMoveC2 w_XMoveC3 w_OMoveC3 w_XMoveC4 => w_OMoveC1.(sig_OMoveC1).(msg).(c1) end) <> (match s with st9 w_XJoin w_OJoin w_XMoveC1 w_OMoveC1 w_XMoveC2 w_OMoveC2 w_XMoveC3 w_OMoveC3 w_XMoveC4 => w_XMoveC4.(sig_XMoveC4).(msg).(c4) end))) ((match s with st9 w_XJoin w_OJoin w_XMoveC1 w_OMoveC1 w_XMoveC2 w_OMoveC2 w_XMoveC3 w_OMoveC3 w_XMoveC4 => w_OMoveC1.(sig_OMoveC1).(msg).(c1) end) <> sig.(msg).(c4))) ((match s with st9 w_XJoin w_OJoin w_XMoveC1 w_OMoveC1 w_XMoveC2 w_OMoveC2 w_XMoveC3 w_OMoveC3 w_XMoveC4 => w_XMoveC2.(sig_XMoveC2).(msg).(c2) end) <> (match s with st9 w_XJoin w_OJoin w_XMoveC1 w_OMoveC1 w_XMoveC2 w_OMoveC2 w_XMoveC3 w_OMoveC3 w_XMoveC4 => w_OMoveC2.(sig_OMoveC2).(msg).(c2) end))) ((match s with st9 w_XJoin w_OJoin w_XMoveC1 w_OMoveC1 w_XMoveC2 w_OMoveC2 w_XMoveC3 w_OMoveC3 w_XMoveC4 => w_XMoveC2.(sig_XMoveC2).(msg).(c2) end) <> (match s with st9 w_XJoin w_OJoin w_XMoveC1 w_OMoveC1 w_XMoveC2 w_OMoveC2 w_XMoveC3 w_OMoveC3 w_XMoveC4 => w_XMoveC3.(sig_XMoveC3).(msg).(c3) end))) ((match s with st9 w_XJoin w_OJoin w_XMoveC1 w_OMoveC1 w_XMoveC2 w_OMoveC2 w_XMoveC3 w_OMoveC3 w_XMoveC4 => w_XMoveC2.(sig_XMoveC2).(msg).(c2) end) <> (match s with st9 w_XJoin w_OJoin w_XMoveC1 w_OMoveC1 w_XMoveC2 w_OMoveC2 w_XMoveC3 w_OMoveC3 w_XMoveC4 => w_OMoveC3.(sig_OMoveC3).(msg).(c3) end))) ((match s with st9 w_XJoin w_OJoin w_XMoveC1 w_OMoveC1 w_XMoveC2 w_OMoveC2 w_XMoveC3 w_OMoveC3 w_XMoveC4 => w_XMoveC2.(sig_XMoveC2).(msg).(c2) end) <> (match s with st9 w_XJoin w_OJoin w_XMoveC1 w_OMoveC1 w_XMoveC2 w_OMoveC2 w_XMoveC3 w_OMoveC3 w_XMoveC4 => w_XMoveC4.(sig_XMoveC4).(msg).(c4) end))) ((match s with st9 w_XJoin w_OJoin w_XMoveC1 w_OMoveC1 w_XMoveC2 w_OMoveC2 w_XMoveC3 w_OMoveC3 w_XMoveC4 => w_XMoveC2.(sig_XMoveC2).(msg).(c2) end) <> sig.(msg).(c4))) ((match s with st9 w_XJoin w_OJoin w_XMoveC1 w_OMoveC1 w_XMoveC2 w_OMoveC2 w_XMoveC3 w_OMoveC3 w_XMoveC4 => w_OMoveC2.(sig_OMoveC2).(msg).(c2) end) <> (match s with st9 w_XJoin w_OJoin w_XMoveC1 w_OMoveC1 w_XMoveC2 w_OMoveC2 w_XMoveC3 w_OMoveC3 w_XMoveC4 => w_XMoveC3.(sig_XMoveC3).(msg).(c3) end))) ((match s with st9 w_XJoin w_OJoin w_XMoveC1 w_OMoveC1 w_XMoveC2 w_OMoveC2 w_XMoveC3 w_OMoveC3 w_XMoveC4 => w_OMoveC2.(sig_OMoveC2).(msg).(c2) end) <> (match s with st9 w_XJoin w_OJoin w_XMoveC1 w_OMoveC1 w_XMoveC2 w_OMoveC2 w_XMoveC3 w_OMoveC3 w_XMoveC4 => w_OMoveC3.(sig_OMoveC3).(msg).(c3) end))) ((match s with st9 w_XJoin w_OJoin w_XMoveC1 w_OMoveC1 w_XMoveC2 w_OMoveC2 w_XMoveC3 w_OMoveC3 w_XMoveC4 => w_OMoveC2.(sig_OMoveC2).(msg).(c2) end) <> (match s with st9 w_XJoin w_OJoin w_XMoveC1 w_OMoveC1 w_XMoveC2 w_OMoveC2 w_XMoveC3 w_OMoveC3 w_XMoveC4 => w_XMoveC4.(sig_XMoveC4).(msg).(c4) end))) ((match s with st9 w_XJoin w_OJoin w_XMoveC1 w_OMoveC1 w_XMoveC2 w_OMoveC2 w_XMoveC3 w_OMoveC3 w_XMoveC4 => w_OMoveC2.(sig_OMoveC2).(msg).(c2) end) <> sig.(msg).(c4))) ((match s with st9 w_XJoin w_OJoin w_XMoveC1 w_OMoveC1 w_XMoveC2 w_OMoveC2 w_XMoveC3 w_OMoveC3 w_XMoveC4 => w_XMoveC3.(sig_XMoveC3).(msg).(c3) end) <> (match s with st9 w_XJoin w_OJoin w_XMoveC1 w_OMoveC1 w_XMoveC2 w_OMoveC2 w_XMoveC3 w_OMoveC3 w_XMoveC4 => w_OMoveC3.(sig_OMoveC3).(msg).(c3) end))) ((match s with st9 w_XJoin w_OJoin w_XMoveC1 w_OMoveC1 w_XMoveC2 w_OMoveC2 w_XMoveC3 w_OMoveC3 w_XMoveC4 => w_XMoveC3.(sig_XMoveC3).(msg).(c3) end) <> (match s with st9 w_XJoin w_OJoin w_XMoveC1 w_OMoveC1 w_XMoveC2 w_OMoveC2 w_XMoveC3 w_OMoveC3 w_XMoveC4 => w_XMoveC4.(sig_XMoveC4).(msg).(c4) end))) ((match s with st9 w_XJoin w_OJoin w_XMoveC1 w_OMoveC1 w_XMoveC2 w_OMoveC2 w_XMoveC3 w_OMoveC3 w_XMoveC4 => w_XMoveC3.(sig_XMoveC3).(msg).(c3) end) <> sig.(msg).(c4))) ((match s with st9 w_XJoin w_OJoin w_XMoveC1 w_OMoveC1 w_XMoveC2 w_OMoveC2 w_XMoveC3 w_OMoveC3 w_XMoveC4 => w_OMoveC3.(sig_OMoveC3).(msg).(c3) end) <> (match s with st9 w_XJoin w_OJoin w_XMoveC1 w_OMoveC1 w_XMoveC2 w_OMoveC2 w_XMoveC3 w_OMoveC3 w_XMoveC4 => w_XMoveC4.(sig_XMoveC4).(msg).(c4) end))) ((match s with st9 w_XJoin w_OJoin w_XMoveC1 w_OMoveC1 w_XMoveC2 w_OMoveC2 w_XMoveC3 w_OMoveC3 w_XMoveC4 => w_OMoveC3.(sig_OMoveC3).(msg).(c3) end) <> sig.(msg).(c4))) ((match s with st9 w_XJoin w_OJoin w_XMoveC1 w_OMoveC1 w_XMoveC2 w_OMoveC2 w_XMoveC3 w_OMoveC3 w_XMoveC4 => w_XMoveC4.(sig_XMoveC4).(msg).(c4) end) <> sig.(msg).(c4)))) : State S10 :=
  match s with
  | st9 w_XJoin w_OJoin w_XMoveC1 w_OMoveC1 w_XMoveC2 w_OMoveC2 w_XMoveC3 w_OMoveC3 w_XMoveC4 =>
      st10 w_XJoin w_OJoin w_XMoveC1 w_OMoveC1 w_XMoveC2 w_OMoveC2 w_XMoveC3 w_OMoveC3 w_XMoveC4 {| sig_OMoveC4 := sig; guard := Hguard |}
  end.

End TicTacToe_Protocol.

[Change at line 123]   sig_XMoveC4 : Signed X P_XMoveC4;
  guard : andb andb andb andb andb andb andb andb andb andb andb andb andb andb andb andb andb andb andb andb (w_XMoveC1.(sig_XMoveC1).(msg).(c1) <> w_OMoveC1.(sig_OMoveC1).(msg).(c1)) (w_XMoveC1.(sig_XMoveC1).(msg).(c1) <> w_XMoveC2.(sig_XMoveC2).(msg).(c2)) (w_XMoveC1.(sig_XMoveC1).(msg).(c1) <> w_OMoveC2.(sig_OMoveC2).(msg).(c2)) (w_XMoveC1.(sig_XMoveC1).(msg).(c1) <> w_XMoveC3.(sig_XMoveC3).(msg).(c3)) (w_XMoveC1.(sig_XMoveC1).(msg).(c1) <> w_OMoveC3.(sig_OMoveC3).(msg).(c3)) (w_XMoveC1.(sig_XMoveC1).(msg).(c1) <> sig_XMoveC4.(msg).(c4)) (w_OMoveC1.(sig_OMoveC1).(msg).(c1) <> w_XMoveC2.(sig_XMoveC2).(msg).(c2)) (w_OMoveC1.(sig_OMoveC1).(msg).(c1) <> w_OMoveC2.(sig_OMoveC2).(msg).(c2)) (w_OMoveC1.(sig_OMoveC1).(msg).(c1) <> w_XMoveC3.(sig_XMoveC3).(msg).(c3)) (w_OMoveC1.(sig_OMoveC1).(msg).(c1) <> w_OMoveC3.(sig_OMoveC3).(msg).(c3)) (w_OMoveC1.(sig_OMoveC1).(msg).(c1) <> sig_XMoveC4.(msg).(c4)) (w_XMoveC2.(sig_XMoveC2).(msg).(c2) <> w_OMoveC2.(sig_OMoveC2).(msg).(c2)) (w_XMoveC2.(sig_XMoveC2).(msg).(c2) <> w_XMoveC3.(sig_XMoveC3).(msg).(c3)) (w_XMoveC2.(sig_XMoveC2).(msg).(c2) <> w_OMoveC3.(sig_OMoveC3).(msg).(c3)) (w_XMoveC2.(sig_XMoveC2).(msg).(c2) <> sig_XMoveC4.(msg).(c4)) (w_OMoveC2.(sig_OMoveC2).(msg).(c2) <> w_XMoveC3.(sig_XMoveC3).(msg).(c3)) (w_OMoveC2.(sig_OMoveC2).(msg).(c2) <> w_OMoveC3.(sig_OMoveC3).(msg).(c3)) (w_OMoveC2.(sig_OMoveC2).(msg).(c2) <> sig_XMoveC4.(msg).(c4)) (w_XMoveC3.(sig_XMoveC3).(msg).(c3) <> w_OMoveC3.(sig_OMoveC3).(msg).(c3)) (w_XMoveC3.(sig_XMoveC3).(msg).(c3) <> sig_XMoveC4.(msg).(c4)) (w_OMoveC3.(sig_OMoveC3).(msg).(c3) <> sig_XMoveC4.(msg).(c4));
}.

Record W_OMoveC4 (w_XJoin : W_XJoin) (w_OJoin : (W_OJoin w_XJoin)) (w_XMoveC1 : (W_XMoveC1 w_XJoin w_OJoin)) (w_OMoveC1 : (W_OMoveC1 w_XJoin w_OJoin w_XMoveC1)) (w_XMoveC2 : (W_XMoveC2 w_XJoin w_OJoin w_XMoveC1 w_OMoveC1)) (w_OMoveC2 : (W_OMoveC2 w_XJoin w_OJoin w_XMoveC1 w_OMoveC1 w_XMoveC2)) (w_XMoveC3 : (W_XMoveC3 w_XJoin w_OJoin w_XMoveC1 w_OMoveC1 w_XMoveC2 w_OMoveC2)) (w_OMoveC3 : (W_OMoveC3 w_XJoin w_OJoin w_XMoveC1 w_OMoveC1 w_XMoveC2 w_OMoveC2 w_XMoveC3)) (w_XMoveC4 : (W_XMoveC4 w_XJoin w_OJoin w_XMoveC1 w_OMoveC1 w_XMoveC2 w_OMoveC2 w_XMoveC3 w_OMoveC3)) : Type := {
  sig_OMoveC4 : Signed O P_OMoveC4;
  guard : andb andb andb andb andb andb andb andb andb andb andb andb andb andb andb andb andb andb andb andb andb andb andb andb andb andb andb (w_XMoveC1.(sig_XMoveC1).(msg).(c1) <> w_OMoveC1.(sig_OMoveC1).(msg).(c1)) (w_XMoveC1.(sig_XMoveC1).(msg).(c1) <> w_XMoveC2.(sig_XMoveC2).(msg).(c2)) (w_XMoveC1.(sig_XMoveC1).(msg).(c1) <> w_OMoveC2.(sig_OMoveC2).(msg).(c2)) (w_XMoveC1.(sig_XMoveC1).(msg).(c1) <> w_XMoveC3.(sig_XMoveC3).(msg).(c3)) (w_XMoveC1.(sig_XMoveC1).(msg).(c1) <> w_OMoveC3.(sig_OMoveC3).(msg).(c3)) (w_XMoveC1.(sig_XMoveC1).(msg).(c1) <> w_XMoveC4.(sig_XMoveC4).(msg).(c4)) (w_XMoveC1.(sig_XMoveC1).(msg).(c1) <> sig_OMoveC4.(msg).(c4)) (w_OMoveC1.(sig_OMoveC1).(msg).(c1) <> w_XMoveC2.(sig_XMoveC2).(msg).(c2)) (w_OMoveC1.(sig_OMoveC1).(msg).(c1) <> w_OMoveC2.(sig_OMoveC2).(msg).(c2)) (w_OMoveC1.(sig_OMoveC1).(msg).(c1) <> w_XMoveC3.(sig_XMoveC3).(msg).(c3)) (w_OMoveC1.(sig_OMoveC1).(msg).(c1) <> w_OMoveC3.(sig_OMoveC3).(msg).(c3)) (w_OMoveC1.(sig_OMoveC1).(msg).(c1) <> w_XMoveC4.(sig_XMoveC4).(msg).(c4)) (w_OMoveC1.(sig_OMoveC1).(msg).(c1) <> sig_OMoveC4.(msg).(c4)) (w_XMoveC2.(sig_XMoveC2).(msg).(c2) <> w_OMoveC2.(sig_OMoveC2).(msg).(c2)) (w_XMoveC2.(sig_XMoveC2).(msg).(c2) <> w_XMoveC3.(sig_XMoveC3).(msg).(c3)) (w_XMoveC2.(sig_XMoveC2).(msg).(c2) <> w_OMoveC3.(sig_OMoveC3).(msg).(c3)) (w_XMoveC2.(sig_XMoveC2).(msg).(c2) <> w_XMoveC4.(sig_XMoveC4).(msg).(c4)) (w_XMoveC2.(sig_XMoveC2).(msg).(c2) <> sig_OMoveC4.(msg).(c4)) (w_OMoveC2.(sig_OMoveC2).(msg).(c2) <> w_XMoveC3.(sig_XMoveC3).(msg).(c3)) (w_OMoveC2.(sig_OMoveC2).(msg).(c2) <> w_OMoveC3.(sig_OMoveC3).(msg).(c3)) (w_OMoveC2.(sig_OMoveC2).(msg).(c2) <> w_XMoveC4.(sig_XMoveC4).(msg).(c4)) (w_OMoveC2.(sig_OMoveC2).(msg).(c2) <> sig_OMoveC4.(msg).(c4)) (w_XMoveC3.(sig_XMoveC3).(msg).(c3) <> w_OMoveC3.(sig_OMoveC3).(msg).(c3)) (w_XMoveC3.(sig_XMoveC3).(msg).(c3) <> w_XMoveC4.(sig_XMoveC4).(msg).(c4)) (w_XMoveC3.(sig_XMoveC3).(msg).(c3) <> sig_OMoveC4.(msg).(c4)) (w_OMoveC3.(sig_OMoveC3).(msg).(c3) <> w_XMoveC4.(sig_XMoveC4).(msg).(c4)) (w_OMoveC3.(sig_OMoveC3).(msg).(c3) <> sig_OMoveC4.(msg).(c4)) (w_XMoveC4.(sig_XMoveC4).(msg).(c4) <> sig_OMoveC4.(msg).(c4));
}.

(* ===================== *)
(* 5) Typed runtime/ESM  *)
(* ===================== *)

Inductive Stage : Type :=
S0 | S1 | S2 | S3 | S4 | S5 | S6 | S7 | S8 | S9 | S10.

Inductive State : Stage -> Type :=
| st0 : State S0
| st1 : (w_XJoin : W_XJoin) -> State S1
| st2 : (w_XJoin : W_XJoin) (w_OJoin : (W_OJoin w_XJoin)) -> State S2
| st3 : (w_XJoin : W_XJoin) (w_OJoin : (W_OJoin w_XJoin)) (w_XMoveC1 : (W_XMoveC1 w_XJoin w_OJoin)) -> State S3
| st4 : (w_XJoin : W_XJoin) (w_OJoin : (W_OJoin w_XJoin)) (w_XMoveC1 : (W_XMoveC1 w_XJoin w_OJoin)) (w_OMoveC1 : (W_OMoveC1 w_XJoin w_OJoin w_XMoveC1)) -> State S4
| st5 : (w_XJoin : W_XJoin) (w_OJoin : (W_OJoin w_XJoin)) (w_XMoveC1 : (W_XMoveC1 w_XJoin w_OJoin)) (w_OMoveC1 : (W_OMoveC1 w_XJoin w_OJoin w_XMoveC1)) (w_XMoveC2 : (W_XMoveC2 w_XJoin w_OJoin w_XMoveC1 w_OMoveC1)) -> State S5
| st6 : (w_XJoin : W_XJoin) (w_OJoin : (W_OJoin w_XJoin)) (w_XMoveC1 : (W_XMoveC1 w_XJoin w_OJoin)) (w_OMoveC1 : (W_OMoveC1 w_XJoin w_OJoin w_XMoveC1)) (w_XMoveC2 : (W_XMoveC2 w_XJoin w_OJoin w_XMoveC1 w_OMoveC1)) (w_OMoveC2 : (W_OMoveC2 w_XJoin w_OJoin w_XMoveC1 w_OMoveC1 w_XMoveC2)) -> State S6
| st7 : (w_XJoin : W_XJoin) (w_OJoin : (W_OJoin w_XJoin)) (w_XMoveC1 : (W_XMoveC1 w_XJoin w_OJoin)) (w_OMoveC1 : (W_OMoveC1 w_XJoin w_OJoin w_XMoveC1)) (w_XMoveC2 : (W_XMoveC2 w_XJoin w_OJoin w_XMoveC1 w_OMoveC1)) (w_OMoveC2 : (W_OMoveC2 w_XJoin w_OJoin w_XMoveC1 w_OMoveC1 w_XMoveC2)) (w_XMoveC3 : (W_XMoveC3 w_XJoin w_OJoin w_XMoveC1 w_OMoveC1 w_XMoveC2 w_OMoveC2)) -> State S7
| st8 : (w_XJoin : W_XJoin) (w_OJoin : (W_OJoin w_XJoin)) (w_XMoveC1 : (W_XMoveC1 w_XJoin w_OJoin)) (w_OMoveC1 : (W_OMoveC1 w_XJoin w_OJoin w_XMoveC1)) (w_XMoveC2 : (W_XMoveC2 w_XJoin w_OJoin w_XMoveC1 w_OMoveC1)) (w_OMoveC2 : (W_OMoveC2 w_XJoin w_OJoin w_XMoveC1 w_OMoveC1 w_XMoveC2)) (w_XMoveC3 : (W_XMoveC3 w_XJoin w_OJoin w_XMoveC1 w_OMoveC1 w_XMoveC2 w_OMoveC2)) (w_OMoveC3 : (W_OMoveC3 w_XJoin w_OJoin w_XMoveC1 w_OMoveC1 w_XMoveC2 w_OMoveC2 w_XMoveC3)) -> State S8
| st9 : (w_XJoin : W_XJoin) (w_OJoin : (W_OJoin w_XJoin)) (w_XMoveC1 : (W_XMoveC1 w_XJoin w_OJoin)) (w_OMoveC1 : (W_OMoveC1 w_XJoin w_OJoin w_XMoveC1)) (w_XMoveC2 : (W_XMoveC2 w_XJoin w_OJoin w_XMoveC1 w_OMoveC1)) (w_OMoveC2 : (W_OMoveC2 w_XJoin w_OJoin w_XMoveC1 w_OMoveC1 w_XMoveC2)) (w_XMoveC3 : (W_XMoveC3 w_XJoin w_OJoin w_XMoveC1 w_OMoveC1 w_XMoveC2 w_OMoveC2)) (w_OMoveC3 : (W_OMoveC3 w_XJoin w_OJoin w_XMoveC1 w_OMoveC1 w_XMoveC2 w_OMoveC2 w_XMoveC3)) (w_XMoveC4 : (W_XMoveC4 w_XJoin w_OJoin w_XMoveC1 w_OMoveC1 w_XMoveC2 w_OMoveC2 w_XMoveC3 w_OMoveC3)) -> State S9
| st10 : (w_XJoin : W_XJoin) (w_OJoin : (W_OJoin w_XJoin)) (w_XMoveC1 : (W_XMoveC1 w_XJoin w_OJoin)) (w_OMoveC1 : (W_OMoveC1 w_XJoin w_OJoin w_XMoveC1)) (w_XMoveC2 : (W_XMoveC2 w_XJoin w_OJoin w_XMoveC1 w_OMoveC1)) (w_OMoveC2 : (W_OMoveC2 w_XJoin w_OJoin w_XMoveC1 w_OMoveC1 w_XMoveC2)) (w_XMoveC3 : (W_XMoveC3 w_XJoin w_OJoin w_XMoveC1 w_OMoveC1 w_XMoveC2 w_OMoveC2)) (w_OMoveC3 : (W_OMoveC3 w_XJoin w_OJoin w_XMoveC1 w_OMoveC1 w_XMoveC2 w_OMoveC2 w_XMoveC3)) (w_XMoveC4 : (W_XMoveC4 w_XJoin w_OJoin w_XMoveC1 w_OMoveC1 w_XMoveC2 w_OMoveC2 w_XMoveC3 w_OMoveC3)) (w_OMoveC4 : (W_OMoveC4 w_XJoin w_OJoin w_XMoveC1 w_OMoveC1 w_XMoveC2 w_OMoveC2 w_XMoveC3 w_OMoveC3 w_XMoveC4)) -> State S10
.

(* Step API *)
Definition step_xjoin_from_s0 (s : State S0) (sig : Signed X P_XJoin)
 : State S1 :=
  match s with
  | st0 =>
      st1 {| sig_XJoin := sig |}
  end.

Definition step_ojoin_from_s1 (s : State S1) (sig : Signed O P_OJoin)
 : State S2 :=
  match s with
  | st1 w_XJoin =>
      st2 w_XJoin {| sig_OJoin := sig |}
  end.

Definition step_xmovec1_from_s2 (s : State S2) (sig : Signed X P_XMoveC1)
 : State S3 :=
  match s with
  | st2 w_XJoin w_OJoin =>
      st3 w_XJoin w_OJoin {| sig_XMoveC1 := sig |}
  end.

Definition step_omovec1_from_s3 (s : State S3) (sig : Signed O P_OMoveC1)
  (Hguard : ((match s with st3 w_XJoin w_OJoin w_XMoveC1 => w_XMoveC1.(sig_XMoveC1).(msg).(c1) end) <> sig.(msg).(c1))) : State S4 :=
  match s with
  | st3 w_XJoin w_OJoin w_XMoveC1 =>
      st4 w_XJoin w_OJoin w_XMoveC1 {| sig_OMoveC1 := sig; guard := Hguard |}
  end.

Definition step_xmovec2_from_s4 (s : State S4) (sig : Signed X P_XMoveC2)
  (Hguard : (andb (andb ((match s with st4 w_XJoin w_OJoin w_XMoveC1 w_OMoveC1 => w_XMoveC1.(sig_XMoveC1).(msg).(c1) end) <> (match s with st4 w_XJoin w_OJoin w_XMoveC1 w_OMoveC1 => w_OMoveC1.(sig_OMoveC1).(msg).(c1) end)) ((match s with st4 w_XJoin w_OJoin w_XMoveC1 w_OMoveC1 => w_XMoveC1.(sig_XMoveC1).(msg).(c1) end) <> sig.(msg).(c2))) ((match s with st4 w_XJoin w_OJoin w_XMoveC1 w_OMoveC1 => w_OMoveC1.(sig_OMoveC1).(msg).(c1) end) <> sig.(msg).(c2)))) : State S5 :=
  match s with
  | st4 w_XJoin w_OJoin w_XMoveC1 w_OMoveC1 =>
      st5 w_XJoin w_OJoin w_XMoveC1 w_OMoveC1 {| sig_XMoveC2 := sig; guard := Hguard |}
  end.

Definition step_omovec2_from_s5 (s : State S5) (sig : Signed O P_OMoveC2)
  (Hguard : (andb (andb (andb (andb (andb ((match s with st5 w_XJoin w_OJoin w_XMoveC1 w_OMoveC1 w_XMoveC2 => w_XMoveC1.(sig_XMoveC1).(msg).(c1) end) <> (match s with st5 w_XJoin w_OJoin w_XMoveC1 w_OMoveC1 w_XMoveC2 => w_OMoveC1.(sig_OMoveC1).(msg).(c1) end)) ((match s with st5 w_XJoin w_OJoin w_XMoveC1 w_OMoveC1 w_XMoveC2 => w_XMoveC1.(sig_XMoveC1).(msg).(c1) end) <> (match s with st5 w_XJoin w_OJoin w_XMoveC1 w_OMoveC1 w_XMoveC2 => w_XMoveC2.(sig_XMoveC2).(msg).(c2) end))) ((match s with st5 w_XJoin w_OJoin w_XMoveC1 w_OMoveC1 w_XMoveC2 => w_XMoveC1.(sig_XMoveC1).(msg).(c1) end) <> sig.(msg).(c2))) ((match s with st5 w_XJoin w_OJoin w_XMoveC1 w_OMoveC1 w_XMoveC2 => w_OMoveC1.(sig_OMoveC1).(msg).(c1) end) <> (match s with st5 w_XJoin w_OJoin w_XMoveC1 w_OMoveC1 w_XMoveC2 => w_XMoveC2.(sig_XMoveC2).(msg).(c2) end))) ((match s with st5 w_XJoin w_OJoin w_XMoveC1 w_OMoveC1 w_XMoveC2 => w_OMoveC1.(sig_OMoveC1).(msg).(c1) end) <> sig.(msg).(c2))) ((match s with st5 w_XJoin w_OJoin w_XMoveC1 w_OMoveC1 w_XMoveC2 => w_XMoveC2.(sig_XMoveC2).(msg).(c2) end) <> sig.(msg).(c2)))) : State S6 :=
  match s with
  | st5 w_XJoin w_OJoin w_XMoveC1 w_OMoveC1 w_XMoveC2 =>
      st6 w_XJoin w_OJoin w_XMoveC1 w_OMoveC1 w_XMoveC2 {| sig_OMoveC2 := sig; guard := Hguard |}
  end.

Definition step_xmovec3_from_s6 (s : State S6) (sig : Signed X P_XMoveC3)
  (Hguard : (andb (andb (andb (andb (andb (andb (andb (andb (andb ((match s with st6 w_XJoin w_OJoin w_XMoveC1 w_OMoveC1 w_XMoveC2 w_OMoveC2 => w_XMoveC1.(sig_XMoveC1).(msg).(c1) end) <> (match s with st6 w_XJoin w_OJoin w_XMoveC1 w_OMoveC1 w_XMoveC2 w_OMoveC2 => w_OMoveC1.(sig_OMoveC1).(msg).(c1) end)) ((match s with st6 w_XJoin w_OJoin w_XMoveC1 w_OMoveC1 w_XMoveC2 w_OMoveC2 => w_XMoveC1.(sig_XMoveC1).(msg).(c1) end) <> (match s with st6 w_XJoin w_OJoin w_XMoveC1 w_OMoveC1 w_XMoveC2 w_OMoveC2 => w_XMoveC2.(sig_XMoveC2).(msg).(c2) end))) ((match s with st6 w_XJoin w_OJoin w_XMoveC1 w_OMoveC1 w_XMoveC2 w_OMoveC2 => w_XMoveC1.(sig_XMoveC1).(msg).(c1) end) <> (match s with st6 w_XJoin w_OJoin w_XMoveC1 w_OMoveC1 w_XMoveC2 w_OMoveC2 => w_OMoveC2.(sig_OMoveC2).(msg).(c2) end))) ((match s with st6 w_XJoin w_OJoin w_XMoveC1 w_OMoveC1 w_XMoveC2 w_OMoveC2 => w_XMoveC1.(sig_XMoveC1).(msg).(c1) end) <> sig.(msg).(c3))) ((match s with st6 w_XJoin w_OJoin w_XMoveC1 w_OMoveC1 w_XMoveC2 w_OMoveC2 => w_OMoveC1.(sig_OMoveC1).(msg).(c1) end) <> (match s with st6 w_XJoin w_OJoin w_XMoveC1 w_OMoveC1 w_XMoveC2 w_OMoveC2 => w_XMoveC2.(sig_XMoveC2).(msg).(c2) end))) ((match s with st6 w_XJoin w_OJoin w_XMoveC1 w_OMoveC1 w_XMoveC2 w_OMoveC2 => w_OMoveC1.(sig_OMoveC1).(msg).(c1) end) <> (match s with st6 w_XJoin w_OJoin w_XMoveC1 w_OMoveC1 w_XMoveC2 w_OMoveC2 => w_OMoveC2.(sig_OMoveC2).(msg).(c2) end))) ((match s with st6 w_XJoin w_OJoin w_XMoveC1 w_OMoveC1 w_XMoveC2 w_OMoveC2 => w_OMoveC1.(sig_OMoveC1).(msg).(c1) end) <> sig.(msg).(c3))) ((match s with st6 w_XJoin w_OJoin w_XMoveC1 w_OMoveC1 w_XMoveC2 w_OMoveC2 => w_XMoveC2.(sig_XMoveC2).(msg).(c2) end) <> (match s with st6 w_XJoin w_OJoin w_XMoveC1 w_OMoveC1 w_XMoveC2 w_OMoveC2 => w_OMoveC2.(sig_OMoveC2).(msg).(c2) end))) ((match s with st6 w_XJoin w_OJoin w_XMoveC1 w_OMoveC1 w_XMoveC2 w_OMoveC2 => w_XMoveC2.(sig_XMoveC2).(msg).(c2) end) <> sig.(msg).(c3))) ((match s with st6 w_XJoin w_OJoin w_XMoveC1 w_OMoveC1 w_XMoveC2 w_OMoveC2 => w_OMoveC2.(sig_OMoveC2).(msg).(c2) end) <> sig.(msg).(c3)))) : State S7 :=
  match s with
  | st6 w_XJoin w_OJoin w_XMoveC1 w_OMoveC1 w_XMoveC2 w_OMoveC2 =>
      st7 w_XJoin w_OJoin w_XMoveC1 w_OMoveC1 w_XMoveC2 w_OMoveC2 {| sig_XMoveC3 := sig; guard := Hguard |}
  end.

Definition step_omovec3_from_s7 (s : State S7) (sig : Signed O P_OMoveC3)
  (Hguard : (andb (andb (andb (andb (andb (andb (andb (andb (andb (andb (andb (andb (andb (andb ((match s with st7 w_XJoin w_OJoin w_XMoveC1 w_OMoveC1 w_XMoveC2 w_OMoveC2 w_XMoveC3 => w_XMoveC1.(sig_XMoveC1).(msg).(c1) end) <> (match s with st7 w_XJoin w_OJoin w_XMoveC1 w_OMoveC1 w_XMoveC2 w_OMoveC2 w_XMoveC3 => w_OMoveC1.(sig_OMoveC1).(msg).(c1) end)) ((match s with st7 w_XJoin w_OJoin w_XMoveC1 w_OMoveC1 w_XMoveC2 w_OMoveC2 w_XMoveC3 => w_XMoveC1.(sig_XMoveC1).(msg).(c1) end) <> (match s with st7 w_XJoin w_OJoin w_XMoveC1 w_OMoveC1 w_XMoveC2 w_OMoveC2 w_XMoveC3 => w_XMoveC2.(sig_XMoveC2).(msg).(c2) end))) ((match s with st7 w_XJoin w_OJoin w_XMoveC1 w_OMoveC1 w_XMoveC2 w_OMoveC2 w_XMoveC3 => w_XMoveC1.(sig_XMoveC1).(msg).(c1) end) <> (match s with st7 w_XJoin w_OJoin w_XMoveC1 w_OMoveC1 w_XMoveC2 w_OMoveC2 w_XMoveC3 => w_OMoveC2.(sig_OMoveC2).(msg).(c2) end))) ((match s with st7 w_XJoin w_OJoin w_XMoveC1 w_OMoveC1 w_XMoveC2 w_OMoveC2 w_XMoveC3 => w_XMoveC1.(sig_XMoveC1).(msg).(c1) end) <> (match s with st7 w_XJoin w_OJoin w_XMoveC1 w_OMoveC1 w_XMoveC2 w_OMoveC2 w_XMoveC3 => w_XMoveC3.(sig_XMoveC3).(msg).(c3) end))) ((match s with st7 w_XJoin w_OJoin w_XMoveC1 w_OMoveC1 w_XMoveC2 w_OMoveC2 w_XMoveC3 => w_XMoveC1.(sig_XMoveC1).(msg).(c1) end) <> sig.(msg).(c3))) ((match s with st7 w_XJoin w_OJoin w_XMoveC1 w_OMoveC1 w_XMoveC2 w_OMoveC2 w_XMoveC3 => w_OMoveC1.(sig_OMoveC1).(msg).(c1) end) <> (match s with st7 w_XJoin w_OJoin w_XMoveC1 w_OMoveC1 w_XMoveC2 w_OMoveC2 w_XMoveC3 => w_XMoveC2.(sig_XMoveC2).(msg).(c2) end))) ((match s with st7 w_XJoin w_OJoin w_XMoveC1 w_OMoveC1 w_XMoveC2 w_OMoveC2 w_XMoveC3 => w_OMoveC1.(sig_OMoveC1).(msg).(c1) end) <> (match s with st7 w_XJoin w_OJoin w_XMoveC1 w_OMoveC1 w_XMoveC2 w_OMoveC2 w_XMoveC3 => w_OMoveC2.(sig_OMoveC2).(msg).(c2) end))) ((match s with st7 w_XJoin w_OJoin w_XMoveC1 w_OMoveC1 w_XMoveC2 w_OMoveC2 w_XMoveC3 => w_OMoveC1.(sig_OMoveC1).(msg).(c1) end) <> (match s with st7 w_XJoin w_OJoin w_XMoveC1 w_OMoveC1 w_XMoveC2 w_OMoveC2 w_XMoveC3 => w_XMoveC3.(sig_XMoveC3).(msg).(c3) end))) ((match s with st7 w_XJoin w_OJoin w_XMoveC1 w_OMoveC1 w_XMoveC2 w_OMoveC2 w_XMoveC3 => w_OMoveC1.(sig_OMoveC1).(msg).(c1) end) <> sig.(msg).(c3))) ((match s with st7 w_XJoin w_OJoin w_XMoveC1 w_OMoveC1 w_XMoveC2 w_OMoveC2 w_XMoveC3 => w_XMoveC2.(sig_XMoveC2).(msg).(c2) end) <> (match s with st7 w_XJoin w_OJoin w_XMoveC1 w_OMoveC1 w_XMoveC2 w_OMoveC2 w_XMoveC3 => w_OMoveC2.(sig_OMoveC2).(msg).(c2) end))) ((match s with st7 w_XJoin w_OJoin w_XMoveC1 w_OMoveC1 w_XMoveC2 w_OMoveC2 w_XMoveC3 => w_XMoveC2.(sig_XMoveC2).(msg).(c2) end) <> (match s with st7 w_XJoin w_OJoin w_XMoveC1 w_OMoveC1 w_XMoveC2 w_OMoveC2 w_XMoveC3 => w_XMoveC3.(sig_XMoveC3).(msg).(c3) end))) ((match s with st7 w_XJoin w_OJoin w_XMoveC1 w_OMoveC1 w_XMoveC2 w_OMoveC2 w_XMoveC3 => w_XMoveC2.(sig_XMoveC2).(msg).(c2) end) <> sig.(msg).(c3))) ((match s with st7 w_XJoin w_OJoin w_XMoveC1 w_OMoveC1 w_XMoveC2 w_OMoveC2 w_XMoveC3 => w_OMoveC2.(sig_OMoveC2).(msg).(c2) end) <> (match s with st7 w_XJoin w_OJoin w_XMoveC1 w_OMoveC1 w_XMoveC2 w_OMoveC2 w_XMoveC3 => w_XMoveC3.(sig_XMoveC3).(msg).(c3) end))) ((match s with st7 w_XJoin w_OJoin w_XMoveC1 w_OMoveC1 w_XMoveC2 w_OMoveC2 w_XMoveC3 => w_OMoveC2.(sig_OMoveC2).(msg).(c2) end) <> sig.(msg).(c3))) ((match s with st7 w_XJoin w_OJoin w_XMoveC1 w_OMoveC1 w_XMoveC2 w_OMoveC2 w_XMoveC3 => w_XMoveC3.(sig_XMoveC3).(msg).(c3) end) <> sig.(msg).(c3)))) : State S8 :=
  match s with
  | st7 w_XJoin w_OJoin w_XMoveC1 w_OMoveC1 w_XMoveC2 w_OMoveC2 w_XMoveC3 =>
      st8 w_XJoin w_OJoin w_XMoveC1 w_OMoveC1 w_XMoveC2 w_OMoveC2 w_XMoveC3 {| sig_OMoveC3 := sig; guard := Hguard |}
  end.

Definition step_xmovec4_from_s8 (s : State S8) (sig : Signed X P_XMoveC4)
  (Hguard : (andb (andb (andb (andb (andb (andb (andb (andb (andb (andb (andb (andb (andb (andb (andb (andb (andb (andb (andb (andb ((match s with st8 w_XJoin w_OJoin w_XMoveC1 w_OMoveC1 w_XMoveC2 w_OMoveC2 w_XMoveC3 w_OMoveC3 => w_XMoveC1.(sig_XMoveC1).(msg).(c1) end) <> (match s with st8 w_XJoin w_OJoin w_XMoveC1 w_OMoveC1 w_XMoveC2 w_OMoveC2 w_XMoveC3 w_OMoveC3 => w_OMoveC1.(sig_OMoveC1).(msg).(c1) end)) ((match s with st8 w_XJoin w_OJoin w_XMoveC1 w_OMoveC1 w_XMoveC2 w_OMoveC2 w_XMoveC3 w_OMoveC3 => w_XMoveC1.(sig_XMoveC1).(msg).(c1) end) <> (match s with st8 w_XJoin w_OJoin w_XMoveC1 w_OMoveC1 w_XMoveC2 w_OMoveC2 w_XMoveC3 w_OMoveC3 => w_XMoveC2.(sig_XMoveC2).(msg).(c2) end))) ((match s with st8 w_XJoin w_OJoin w_XMoveC1 w_OMoveC1 w_XMoveC2 w_OMoveC2 w_XMoveC3 w_OMoveC3 => w_XMoveC1.(sig_XMoveC1).(msg).(c1) end) <> (match s with st8 w_XJoin w_OJoin w_XMoveC1 w_OMoveC1 w_XMoveC2 w_OMoveC2 w_XMoveC3 w_OMoveC3 => w_OMoveC2.(sig_OMoveC2).(msg).(c2) end))) ((match s with st8 w_XJoin w_OJoin w_XMoveC1 w_OMoveC1 w_XMoveC2 w_OMoveC2 w_XMoveC3 w_OMoveC3 => w_XMoveC1.(sig_XMoveC1).(msg).(c1) end) <> (match s with st8 w_XJoin w_OJoin w_XMoveC1 w_OMoveC1 w_XMoveC2 w_OMoveC2 w_XMoveC3 w_OMoveC3 => w_XMoveC3.(sig_XMoveC3).(msg).(c3) end))) ((match s with st8 w_XJoin w_OJoin w_XMoveC1 w_OMoveC1 w_XMoveC2 w_OMoveC2 w_XMoveC3 w_OMoveC3 => w_XMoveC1.(sig_XMoveC1).(msg).(c1) end) <> (match s with st8 w_XJoin w_OJoin w_XMoveC1 w_OMoveC1 w_XMoveC2 w_OMoveC2 w_XMoveC3 w_OMoveC3 => w_OMoveC3.(sig_OMoveC3).(msg).(c3) end))) ((match s with st8 w_XJoin w_OJoin w_XMoveC1 w_OMoveC1 w_XMoveC2 w_OMoveC2 w_XMoveC3 w_OMoveC3 => w_XMoveC1.(sig_XMoveC1).(msg).(c1) end) <> sig.(msg).(c4))) ((match s with st8 w_XJoin w_OJoin w_XMoveC1 w_OMoveC1 w_XMoveC2 w_OMoveC2 w_XMoveC3 w_OMoveC3 => w_OMoveC1.(sig_OMoveC1).(msg).(c1) end) <> (match s with st8 w_XJoin w_OJoin w_XMoveC1 w_OMoveC1 w_XMoveC2 w_OMoveC2 w_XMoveC3 w_OMoveC3 => w_XMoveC2.(sig_XMoveC2).(msg).(c2) end))) ((match s with st8 w_XJoin w_OJoin w_XMoveC1 w_OMoveC1 w_XMoveC2 w_OMoveC2 w_XMoveC3 w_OMoveC3 => w_OMoveC1.(sig_OMoveC1).(msg).(c1) end) <> (match s with st8 w_XJoin w_OJoin w_XMoveC1 w_OMoveC1 w_XMoveC2 w_OMoveC2 w_XMoveC3 w_OMoveC3 => w_OMoveC2.(sig_OMoveC2).(msg).(c2) end))) ((match s with st8 w_XJoin w_OJoin w_XMoveC1 w_OMoveC1 w_XMoveC2 w_OMoveC2 w_XMoveC3 w_OMoveC3 => w_OMoveC1.(sig_OMoveC1).(msg).(c1) end) <> (match s with st8 w_XJoin w_OJoin w_XMoveC1 w_OMoveC1 w_XMoveC2 w_OMoveC2 w_XMoveC3 w_OMoveC3 => w_XMoveC3.(sig_XMoveC3).(msg).(c3) end))) ((match s with st8 w_XJoin w_OJoin w_XMoveC1 w_OMoveC1 w_XMoveC2 w_OMoveC2 w_XMoveC3 w_OMoveC3 => w_OMoveC1.(sig_OMoveC1).(msg).(c1) end) <> (match s with st8 w_XJoin w_OJoin w_XMoveC1 w_OMoveC1 w_XMoveC2 w_OMoveC2 w_XMoveC3 w_OMoveC3 => w_OMoveC3.(sig_OMoveC3).(msg).(c3) end))) ((match s with st8 w_XJoin w_OJoin w_XMoveC1 w_OMoveC1 w_XMoveC2 w_OMoveC2 w_XMoveC3 w_OMoveC3 => w_OMoveC1.(sig_OMoveC1).(msg).(c1) end) <> sig.(msg).(c4))) ((match s with st8 w_XJoin w_OJoin w_XMoveC1 w_OMoveC1 w_XMoveC2 w_OMoveC2 w_XMoveC3 w_OMoveC3 => w_XMoveC2.(sig_XMoveC2).(msg).(c2) end) <> (match s with st8 w_XJoin w_OJoin w_XMoveC1 w_OMoveC1 w_XMoveC2 w_OMoveC2 w_XMoveC3 w_OMoveC3 => w_OMoveC2.(sig_OMoveC2).(msg).(c2) end))) ((match s with st8 w_XJoin w_OJoin w_XMoveC1 w_OMoveC1 w_XMoveC2 w_OMoveC2 w_XMoveC3 w_OMoveC3 => w_XMoveC2.(sig_XMoveC2).(msg).(c2) end) <> (match s with st8 w_XJoin w_OJoin w_XMoveC1 w_OMoveC1 w_XMoveC2 w_OMoveC2 w_XMoveC3 w_OMoveC3 => w_XMoveC3.(sig_XMoveC3).(msg).(c3) end))) ((match s with st8 w_XJoin w_OJoin w_XMoveC1 w_OMoveC1 w_XMoveC2 w_OMoveC2 w_XMoveC3 w_OMoveC3 => w_XMoveC2.(sig_XMoveC2).(msg).(c2) end) <> (match s with st8 w_XJoin w_OJoin w_XMoveC1 w_OMoveC1 w_XMoveC2 w_OMoveC2 w_XMoveC3 w_OMoveC3 => w_OMoveC3.(sig_OMoveC3).(msg).(c3) end))) ((match s with st8 w_XJoin w_OJoin w_XMoveC1 w_OMoveC1 w_XMoveC2 w_OMoveC2 w_XMoveC3 w_OMoveC3 => w_XMoveC2.(sig_XMoveC2).(msg).(c2) end) <> sig.(msg).(c4))) ((match s with st8 w_XJoin w_OJoin w_XMoveC1 w_OMoveC1 w_XMoveC2 w_OMoveC2 w_XMoveC3 w_OMoveC3 => w_OMoveC2.(sig_OMoveC2).(msg).(c2) end) <> (match s with st8 w_XJoin w_OJoin w_XMoveC1 w_OMoveC1 w_XMoveC2 w_OMoveC2 w_XMoveC3 w_OMoveC3 => w_XMoveC3.(sig_XMoveC3).(msg).(c3) end))) ((match s with st8 w_XJoin w_OJoin w_XMoveC1 w_OMoveC1 w_XMoveC2 w_OMoveC2 w_XMoveC3 w_OMoveC3 => w_OMoveC2.(sig_OMoveC2).(msg).(c2) end) <> (match s with st8 w_XJoin w_OJoin w_XMoveC1 w_OMoveC1 w_XMoveC2 w_OMoveC2 w_XMoveC3 w_OMoveC3 => w_OMoveC3.(sig_OMoveC3).(msg).(c3) end))) ((match s with st8 w_XJoin w_OJoin w_XMoveC1 w_OMoveC1 w_XMoveC2 w_OMoveC2 w_XMoveC3 w_OMoveC3 => w_OMoveC2.(sig_OMoveC2).(msg).(c2) end) <> sig.(msg).(c4))) ((match s with st8 w_XJoin w_OJoin w_XMoveC1 w_OMoveC1 w_XMoveC2 w_OMoveC2 w_XMoveC3 w_OMoveC3 => w_XMoveC3.(sig_XMoveC3).(msg).(c3) end) <> (match s with st8 w_XJoin w_OJoin w_XMoveC1 w_OMoveC1 w_XMoveC2 w_OMoveC2 w_XMoveC3 w_OMoveC3 => w_OMoveC3.(sig_OMoveC3).(msg).(c3) end))) ((match s with st8 w_XJoin w_OJoin w_XMoveC1 w_OMoveC1 w_XMoveC2 w_OMoveC2 w_XMoveC3 w_OMoveC3 => w_XMoveC3.(sig_XMoveC3).(msg).(c3) end) <> sig.(msg).(c4))) ((match s with st8 w_XJoin w_OJoin w_XMoveC1 w_OMoveC1 w_XMoveC2 w_OMoveC2 w_XMoveC3 w_OMoveC3 => w_OMoveC3.(sig_OMoveC3).(msg).(c3) end) <> sig.(msg).(c4)))) : State S9 :=
  match s with
  | st8 w_XJoin w_OJoin w_XMoveC1 w_OMoveC1 w_XMoveC2 w_OMoveC2 w_XMoveC3 w_OMoveC3 =>
      st9 w_XJoin w_OJoin w_XMoveC1 w_OMoveC1 w_XMoveC2 w_OMoveC2 w_XMoveC3 w_OMoveC3 {| sig_XMoveC4 := sig; guard := Hguard |}
  end.

Definition step_omovec4_from_s9 (s : State S9) (sig : Signed O P_OMoveC4)
  (Hguard : (andb (andb (andb (andb (andb (andb (andb (andb (andb (andb (andb (andb (andb (andb (andb (andb (andb (andb (andb (andb (andb (andb (andb (andb (andb (andb (andb ((match s with st9 w_XJoin w_OJoin w_XMoveC1 w_OMoveC1 w_XMoveC2 w_OMoveC2 w_XMoveC3 w_OMoveC3 w_XMoveC4 => w_XMoveC1.(sig_XMoveC1).(msg).(c1) end) <> (match s with st9 w_XJoin w_OJoin w_XMoveC1 w_OMoveC1 w_XMoveC2 w_OMoveC2 w_XMoveC3 w_OMoveC3 w_XMoveC4 => w_OMoveC1.(sig_OMoveC1).(msg).(c1) end)) ((match s with st9 w_XJoin w_OJoin w_XMoveC1 w_OMoveC1 w_XMoveC2 w_OMoveC2 w_XMoveC3 w_OMoveC3 w_XMoveC4 => w_XMoveC1.(sig_XMoveC1).(msg).(c1) end) <> (match s with st9 w_XJoin w_OJoin w_XMoveC1 w_OMoveC1 w_XMoveC2 w_OMoveC2 w_XMoveC3 w_OMoveC3 w_XMoveC4 => w_XMoveC2.(sig_XMoveC2).(msg).(c2) end))) ((match s with st9 w_XJoin w_OJoin w_XMoveC1 w_OMoveC1 w_XMoveC2 w_OMoveC2 w_XMoveC3 w_OMoveC3 w_XMoveC4 => w_XMoveC1.(sig_XMoveC1).(msg).(c1) end) <> (match s with st9 w_XJoin w_OJoin w_XMoveC1 w_OMoveC1 w_XMoveC2 w_OMoveC2 w_XMoveC3 w_OMoveC3 w_XMoveC4 => w_OMoveC2.(sig_OMoveC2).(msg).(c2) end))) ((match s with st9 w_XJoin w_OJoin w_XMoveC1 w_OMoveC1 w_XMoveC2 w_OMoveC2 w_XMoveC3 w_OMoveC3 w_XMoveC4 => w_XMoveC1.(sig_XMoveC1).(msg).(c1) end) <> (match s with st9 w_XJoin w_OJoin w_XMoveC1 w_OMoveC1 w_XMoveC2 w_OMoveC2 w_XMoveC3 w_OMoveC3 w_XMoveC4 => w_XMoveC3.(sig_XMoveC3).(msg).(c3) end))) ((match s with st9 w_XJoin w_OJoin w_XMoveC1 w_OMoveC1 w_XMoveC2 w_OMoveC2 w_XMoveC3 w_OMoveC3 w_XMoveC4 => w_XMoveC1.(sig_XMoveC1).(msg).(c1) end) <> (match s with st9 w_XJoin w_OJoin w_XMoveC1 w_OMoveC1 w_XMoveC2 w_OMoveC2 w_XMoveC3 w_OMoveC3 w_XMoveC4 => w_OMoveC3.(sig_OMoveC3).(msg).(c3) end))) ((match s with st9 w_XJoin w_OJoin w_XMoveC1 w_OMoveC1 w_XMoveC2 w_OMoveC2 w_XMoveC3 w_OMoveC3 w_XMoveC4 => w_XMoveC1.(sig_XMoveC1).(msg).(c1) end) <> (match s with st9 w_XJoin w_OJoin w_XMoveC1 w_OMoveC1 w_XMoveC2 w_OMoveC2 w_XMoveC3 w_OMoveC3 w_XMoveC4 => w_XMoveC4.(sig_XMoveC4).(msg).(c4) end))) ((match s with st9 w_XJoin w_OJoin w_XMoveC1 w_OMoveC1 w_XMoveC2 w_OMoveC2 w_XMoveC3 w_OMoveC3 w_XMoveC4 => w_XMoveC1.(sig_XMoveC1).(msg).(c1) end) <> sig.(msg).(c4))) ((match s with st9 w_XJoin w_OJoin w_XMoveC1 w_OMoveC1 w_XMoveC2 w_OMoveC2 w_XMoveC3 w_OMoveC3 w_XMoveC4 => w_OMoveC1.(sig_OMoveC1).(msg).(c1) end) <> (match s with st9 w_XJoin w_OJoin w_XMoveC1 w_OMoveC1 w_XMoveC2 w_OMoveC2 w_XMoveC3 w_OMoveC3 w_XMoveC4 => w_XMoveC2.(sig_XMoveC2).(msg).(c2) end))) ((match s with st9 w_XJoin w_OJoin w_XMoveC1 w_OMoveC1 w_XMoveC2 w_OMoveC2 w_XMoveC3 w_OMoveC3 w_XMoveC4 => w_OMoveC1.(sig_OMoveC1).(msg).(c1) end) <> (match s with st9 w_XJoin w_OJoin w_XMoveC1 w_OMoveC1 w_XMoveC2 w_OMoveC2 w_XMoveC3 w_OMoveC3 w_XMoveC4 => w_OMoveC2.(sig_OMoveC2).(msg).(c2) end))) ((match s with st9 w_XJoin w_OJoin w_XMoveC1 w_OMoveC1 w_XMoveC2 w_OMoveC2 w_XMoveC3 w_OMoveC3 w_XMoveC4 => w_OMoveC1.(sig_OMoveC1).(msg).(c1) end) <> (match s with st9 w_XJoin w_OJoin w_XMoveC1 w_OMoveC1 w_XMoveC2 w_OMoveC2 w_XMoveC3 w_OMoveC3 w_XMoveC4 => w_XMoveC3.(sig_XMoveC3).(msg).(c3) end))) ((match s with st9 w_XJoin w_OJoin w_XMoveC1 w_OMoveC1 w_XMoveC2 w_OMoveC2 w_XMoveC3 w_OMoveC3 w_XMoveC4 => w_OMoveC1.(sig_OMoveC1).(msg).(c1) end) <> (match s with st9 w_XJoin w_OJoin w_XMoveC1 w_OMoveC1 w_XMoveC2 w_OMoveC2 w_XMoveC3 w_OMoveC3 w_XMoveC4 => w_OMoveC3.(sig_OMoveC3).(msg).(c3) end))) ((match s with st9 w_XJoin w_OJoin w_XMoveC1 w_OMoveC1 w_XMoveC2 w_OMoveC2 w_XMoveC3 w_OMoveC3 w_XMoveC4 => w_OMoveC1.(sig_OMoveC1).(msg).(c1) end) <> (match s with st9 w_XJoin w_OJoin w_XMoveC1 w_OMoveC1 w_XMoveC2 w_OMoveC2 w_XMoveC3 w_OMoveC3 w_XMoveC4 => w_XMoveC4.(sig_XMoveC4).(msg).(c4) end))) ((match s with st9 w_XJoin w_OJoin w_XMoveC1 w_OMoveC1 w_XMoveC2 w_OMoveC2 w_XMoveC3 w_OMoveC3 w_XMoveC4 => w_OMoveC1.(sig_OMoveC1).(msg).(c1) end) <> sig.(msg).(c4))) ((match s with st9 w_XJoin w_OJoin w_XMoveC1 w_OMoveC1 w_XMoveC2 w_OMoveC2 w_XMoveC3 w_OMoveC3 w_XMoveC4 => w_XMoveC2.(sig_XMoveC2).(msg).(c2) end) <> (match s with st9 w_XJoin w_OJoin w_XMoveC1 w_OMoveC1 w_XMoveC2 w_OMoveC2 w_XMoveC3 w_OMoveC3 w_XMoveC4 => w_OMoveC2.(sig_OMoveC2).(msg).(c2) end))) ((match s with st9 w_XJoin w_OJoin w_XMoveC1 w_OMoveC1 w_XMoveC2 w_OMoveC2 w_XMoveC3 w_OMoveC3 w_XMoveC4 => w_XMoveC2.(sig_XMoveC2).(msg).(c2) end) <> (match s with st9 w_XJoin w_OJoin w_XMoveC1 w_OMoveC1 w_XMoveC2 w_OMoveC2 w_XMoveC3 w_OMoveC3 w_XMoveC4 => w_XMoveC3.(sig_XMoveC3).(msg).(c3) end))) ((match s with st9 w_XJoin w_OJoin w_XMoveC1 w_OMoveC1 w_XMoveC2 w_OMoveC2 w_XMoveC3 w_OMoveC3 w_XMoveC4 => w_XMoveC2.(sig_XMoveC2).(msg).(c2) end) <> (match s with st9 w_XJoin w_OJoin w_XMoveC1 w_OMoveC1 w_XMoveC2 w_OMoveC2 w_XMoveC3 w_OMoveC3 w_XMoveC4 => w_OMoveC3.(sig_OMoveC3).(msg).(c3) end))) ((match s with st9 w_XJoin w_OJoin w_XMoveC1 w_OMoveC1 w_XMoveC2 w_OMoveC2 w_XMoveC3 w_OMoveC3 w_XMoveC4 => w_XMoveC2.(sig_XMoveC2).(msg).(c2) end) <> (match s with st9 w_XJoin w_OJoin w_XMoveC1 w_OMoveC1 w_XMoveC2 w_OMoveC2 w_XMoveC3 w_OMoveC3 w_XMoveC4 => w_XMoveC4.(sig_XMoveC4).(msg).(c4) end))) ((match s with st9 w_XJoin w_OJoin w_XMoveC1 w_OMoveC1 w_XMoveC2 w_OMoveC2 w_XMoveC3 w_OMoveC3 w_XMoveC4 => w_XMoveC2.(sig_XMoveC2).(msg).(c2) end) <> sig.(msg).(c4))) ((match s with st9 w_XJoin w_OJoin w_XMoveC1 w_OMoveC1 w_XMoveC2 w_OMoveC2 w_XMoveC3 w_OMoveC3 w_XMoveC4 => w_OMoveC2.(sig_OMoveC2).(msg).(c2) end) <> (match s with st9 w_XJoin w_OJoin w_XMoveC1 w_OMoveC1 w_XMoveC2 w_OMoveC2 w_XMoveC3 w_OMoveC3 w_XMoveC4 => w_XMoveC3.(sig_XMoveC3).(msg).(c3) end))) ((match s with st9 w_XJoin w_OJoin w_XMoveC1 w_OMoveC1 w_XMoveC2 w_OMoveC2 w_XMoveC3 w_OMoveC3 w_XMoveC4 => w_OMoveC2.(sig_OMoveC2).(msg).(c2) end) <> (match s with st9 w_XJoin w_OJoin w_XMoveC1 w_OMoveC1 w_XMoveC2 w_OMoveC2 w_XMoveC3 w_OMoveC3 w_XMoveC4 => w_OMoveC3.(sig_OMoveC3).(msg).(c3) end))) ((match s with st9 w_XJoin w_OJoin w_XMoveC1 w_OMoveC1 w_XMoveC2 w_OMoveC2 w_XMoveC3 w_OMoveC3 w_XMoveC4 => w_OMoveC2.(sig_OMoveC2).(msg).(c2) end) <> (match s with st9 w_XJoin w_OJoin w_XMoveC1 w_OMoveC1 w_XMoveC2 w_OMoveC2 w_XMoveC3 w_OMoveC3 w_XMoveC4 => w_XMoveC4.(sig_XMoveC4).(msg).(c4) end))) ((match s with st9 w_XJoin w_OJoin w_XMoveC1 w_OMoveC1 w_XMoveC2 w_OMoveC2 w_XMoveC3 w_OMoveC3 w_XMoveC4 => w_OMoveC2.(sig_OMoveC2).(msg).(c2) end) <> sig.(msg).(c4))) ((match s with st9 w_XJoin w_OJoin w_XMoveC1 w_OMoveC1 w_XMoveC2 w_OMoveC2 w_XMoveC3 w_OMoveC3 w_XMoveC4 => w_XMoveC3.(sig_XMoveC3).(msg).(c3) end) <> (match s with st9 w_XJoin w_OJoin w_XMoveC1 w_OMoveC1 w_XMoveC2 w_OMoveC2 w_XMoveC3 w_OMoveC3 w_XMoveC4 => w_OMoveC3.(sig_OMoveC3).(msg).(c3) end))) ((match s with st9 w_XJoin w_OJoin w_XMoveC1 w_OMoveC1 w_XMoveC2 w_OMoveC2 w_XMoveC3 w_OMoveC3 w_XMoveC4 => w_XMoveC3.(sig_XMoveC3).(msg).(c3) end) <> (match s with st9 w_XJoin w_OJoin w_XMoveC1 w_OMoveC1 w_XMoveC2 w_OMoveC2 w_XMoveC3 w_OMoveC3 w_XMoveC4 => w_XMoveC4.(sig_XMoveC4).(msg).(c4) end))) ((match s with st9 w_XJoin w_OJoin w_XMoveC1 w_OMoveC1 w_XMoveC2 w_OMoveC2 w_XMoveC3 w_OMoveC3 w_XMoveC4 => w_XMoveC3.(sig_XMoveC3).(msg).(c3) end) <> sig.(msg).(c4))) ((match s with st9 w_XJoin w_OJoin w_XMoveC1 w_OMoveC1 w_XMoveC2 w_OMoveC2 w_XMoveC3 w_OMoveC3 w_XMoveC4 => w_OMoveC3.(sig_OMoveC3).(msg).(c3) end) <> (match s with st9 w_XJoin w_OJoin w_XMoveC1 w_OMoveC1 w_XMoveC2 w_OMoveC2 w_XMoveC3 w_OMoveC3 w_XMoveC4 => w_XMoveC4.(sig_XMoveC4).(msg).(c4) end))) ((match s with st9 w_XJoin w_OJoin w_XMoveC1 w_OMoveC1 w_XMoveC2 w_OMoveC2 w_XMoveC3 w_OMoveC3 w_XMoveC4 => w_OMoveC3.(sig_OMoveC3).(msg).(c3) end) <> sig.(msg).(c4))) ((match s with st9 w_XJoin w_OJoin w_XMoveC1 w_OMoveC1 w_XMoveC2 w_OMoveC2 w_XMoveC3 w_OMoveC3 w_XMoveC4 => w_XMoveC4.(sig_XMoveC4).(msg).(c4) end) <> sig.(msg).(c4)))) : State S10 :=
  match s with
  | st9 w_XJoin w_OJoin w_XMoveC1 w_OMoveC1 w_XMoveC2 w_OMoveC2 w_XMoveC3 w_OMoveC3 w_XMoveC4 =>
      st10 w_XJoin w_OJoin w_XMoveC1 w_OMoveC1 w_XMoveC2 w_OMoveC2 w_XMoveC3 w_OMoveC3 w_XMoveC4 {| sig_OMoveC4 := sig; guard := Hguard |}
  end.

End TicTacToe_Protocol.

[Change at line 128]   sig_OMoveC4 : Signed O P_OMoveC4;
  guard : andb andb andb andb andb andb andb andb andb andb andb andb andb andb andb andb andb andb andb andb andb andb andb andb andb andb andb (w_XMoveC1.(sig_XMoveC1).(msg).(c1) <> w_OMoveC1.(sig_OMoveC1).(msg).(c1)) (w_XMoveC1.(sig_XMoveC1).(msg).(c1) <> w_XMoveC2.(sig_XMoveC2).(msg).(c2)) (w_XMoveC1.(sig_XMoveC1).(msg).(c1) <> w_OMoveC2.(sig_OMoveC2).(msg).(c2)) (w_XMoveC1.(sig_XMoveC1).(msg).(c1) <> w_XMoveC3.(sig_XMoveC3).(msg).(c3)) (w_XMoveC1.(sig_XMoveC1).(msg).(c1) <> w_OMoveC3.(sig_OMoveC3).(msg).(c3)) (w_XMoveC1.(sig_XMoveC1).(msg).(c1) <> w_XMoveC4.(sig_XMoveC4).(msg).(c4)) (w_XMoveC1.(sig_XMoveC1).(msg).(c1) <> sig_OMoveC4.(msg).(c4)) (w_OMoveC1.(sig_OMoveC1).(msg).(c1) <> w_XMoveC2.(sig_XMoveC2).(msg).(c2)) (w_OMoveC1.(sig_OMoveC1).(msg).(c1) <> w_OMoveC2.(sig_OMoveC2).(msg).(c2)) (w_OMoveC1.(sig_OMoveC1).(msg).(c1) <> w_XMoveC3.(sig_XMoveC3).(msg).(c3)) (w_OMoveC1.(sig_OMoveC1).(msg).(c1) <> w_OMoveC3.(sig_OMoveC3).(msg).(c3)) (w_OMoveC1.(sig_OMoveC1).(msg).(c1) <> w_XMoveC4.(sig_XMoveC4).(msg).(c4)) (w_OMoveC1.(sig_OMoveC1).(msg).(c1) <> sig_OMoveC4.(msg).(c4)) (w_XMoveC2.(sig_XMoveC2).(msg).(c2) <> w_OMoveC2.(sig_OMoveC2).(msg).(c2)) (w_XMoveC2.(sig_XMoveC2).(msg).(c2) <> w_XMoveC3.(sig_XMoveC3).(msg).(c3)) (w_XMoveC2.(sig_XMoveC2).(msg).(c2) <> w_OMoveC3.(sig_OMoveC3).(msg).(c3)) (w_XMoveC2.(sig_XMoveC2).(msg).(c2) <> w_XMoveC4.(sig_XMoveC4).(msg).(c4)) (w_XMoveC2.(sig_XMoveC2).(msg).(c2) <> sig_OMoveC4.(msg).(c4)) (w_OMoveC2.(sig_OMoveC2).(msg).(c2) <> w_XMoveC3.(sig_XMoveC3).(msg).(c3)) (w_OMoveC2.(sig_OMoveC2).(msg).(c2) <> w_OMoveC3.(sig_OMoveC3).(msg).(c3)) (w_OMoveC2.(sig_OMoveC2).(msg).(c2) <> w_XMoveC4.(sig_XMoveC4).(msg).(c4)) (w_OMoveC2.(sig_OMoveC2).(msg).(c2) <> sig_OMoveC4.(msg).(c4)) (w_XMoveC3.(sig_XMoveC3).(msg).(c3) <> w_OMoveC3.(sig_OMoveC3).(msg).(c3)) (w_XMoveC3.(sig_XMoveC3).(msg).(c3) <> w_XMoveC4.(sig_XMoveC4).(msg).(c4)) (w_XMoveC3.(sig_XMoveC3).(msg).(c3) <> sig_OMoveC4.(msg).(c4)) (w_OMoveC3.(sig_OMoveC3).(msg).(c3) <> w_XMoveC4.(sig_XMoveC4).(msg).(c4)) (w_OMoveC3.(sig_OMoveC3).(msg).(c3) <> sig_OMoveC4.(msg).(c4)) (w_XMoveC4.(sig_XMoveC4).(msg).(c4) <> sig_OMoveC4.(msg).(c4));
}.

(* ===================== *)
(* 5) Typed runtime/ESM  *)
(* ===================== *)

Inductive Stage : Type :=
S0 | S1 | S2 | S3 | S4 | S5 | S6 | S7 | S8 | S9 | S10.

Inductive State : Stage -> Type :=
| st0 : State S0
| st1 : (w_XJoin : W_XJoin) -> State S1
| st2 : (w_XJoin : W_XJoin) (w_OJoin : (W_OJoin w_XJoin)) -> State S2
| st3 : (w_XJoin : W_XJoin) (w_OJoin : (W_OJoin w_XJoin)) (w_XMoveC1 : (W_XMoveC1 w_XJoin w_OJoin)) -> State S3
| st4 : (w_XJoin : W_XJoin) (w_OJoin : (W_OJoin w_XJoin)) (w_XMoveC1 : (W_XMoveC1 w_XJoin w_OJoin)) (w_OMoveC1 : (W_OMoveC1 w_XJoin w_OJoin w_XMoveC1)) -> State S4
| st5 : (w_XJoin : W_XJoin) (w_OJoin : (W_OJoin w_XJoin)) (w_XMoveC1 : (W_XMoveC1 w_XJoin w_OJoin)) (w_OMoveC1 : (W_OMoveC1 w_XJoin w_OJoin w_XMoveC1)) (w_XMoveC2 : (W_XMoveC2 w_XJoin w_OJoin w_XMoveC1 w_OMoveC1)) -> State S5
| st6 : (w_XJoin : W_XJoin) (w_OJoin : (W_OJoin w_XJoin)) (w_XMoveC1 : (W_XMoveC1 w_XJoin w_OJoin)) (w_OMoveC1 : (W_OMoveC1 w_XJoin w_OJoin w_XMoveC1)) (w_XMoveC2 : (W_XMoveC2 w_XJoin w_OJoin w_XMoveC1 w_OMoveC1)) (w_OMoveC2 : (W_OMoveC2 w_XJoin w_OJoin w_XMoveC1 w_OMoveC1 w_XMoveC2)) -> State S6
| st7 : (w_XJoin : W_XJoin) (w_OJoin : (W_OJoin w_XJoin)) (w_XMoveC1 : (W_XMoveC1 w_XJoin w_OJoin)) (w_OMoveC1 : (W_OMoveC1 w_XJoin w_OJoin w_XMoveC1)) (w_XMoveC2 : (W_XMoveC2 w_XJoin w_OJoin w_XMoveC1 w_OMoveC1)) (w_OMoveC2 : (W_OMoveC2 w_XJoin w_OJoin w_XMoveC1 w_OMoveC1 w_XMoveC2)) (w_XMoveC3 : (W_XMoveC3 w_XJoin w_OJoin w_XMoveC1 w_OMoveC1 w_XMoveC2 w_OMoveC2)) -> State S7
| st8 : (w_XJoin : W_XJoin) (w_OJoin : (W_OJoin w_XJoin)) (w_XMoveC1 : (W_XMoveC1 w_XJoin w_OJoin)) (w_OMoveC1 : (W_OMoveC1 w_XJoin w_OJoin w_XMoveC1)) (w_XMoveC2 : (W_XMoveC2 w_XJoin w_OJoin w_XMoveC1 w_OMoveC1)) (w_OMoveC2 : (W_OMoveC2 w_XJoin w_OJoin w_XMoveC1 w_OMoveC1 w_XMoveC2)) (w_XMoveC3 : (W_XMoveC3 w_XJoin w_OJoin w_XMoveC1 w_OMoveC1 w_XMoveC2 w_OMoveC2)) (w_OMoveC3 : (W_OMoveC3 w_XJoin w_OJoin w_XMoveC1 w_OMoveC1 w_XMoveC2 w_OMoveC2 w_XMoveC3)) -> State S8
| st9 : (w_XJoin : W_XJoin) (w_OJoin : (W_OJoin w_XJoin)) (w_XMoveC1 : (W_XMoveC1 w_XJoin w_OJoin)) (w_OMoveC1 : (W_OMoveC1 w_XJoin w_OJoin w_XMoveC1)) (w_XMoveC2 : (W_XMoveC2 w_XJoin w_OJoin w_XMoveC1 w_OMoveC1)) (w_OMoveC2 : (W_OMoveC2 w_XJoin w_OJoin w_XMoveC1 w_OMoveC1 w_XMoveC2)) (w_XMoveC3 : (W_XMoveC3 w_XJoin w_OJoin w_XMoveC1 w_OMoveC1 w_XMoveC2 w_OMoveC2)) (w_OMoveC3 : (W_OMoveC3 w_XJoin w_OJoin w_XMoveC1 w_OMoveC1 w_XMoveC2 w_OMoveC2 w_XMoveC3)) (w_XMoveC4 : (W_XMoveC4 w_XJoin w_OJoin w_XMoveC1 w_OMoveC1 w_XMoveC2 w_OMoveC2 w_XMoveC3 w_OMoveC3)) -> State S9
| st10 : (w_XJoin : W_XJoin) (w_OJoin : (W_OJoin w_XJoin)) (w_XMoveC1 : (W_XMoveC1 w_XJoin w_OJoin)) (w_OMoveC1 : (W_OMoveC1 w_XJoin w_OJoin w_XMoveC1)) (w_XMoveC2 : (W_XMoveC2 w_XJoin w_OJoin w_XMoveC1 w_OMoveC1)) (w_OMoveC2 : (W_OMoveC2 w_XJoin w_OJoin w_XMoveC1 w_OMoveC1 w_XMoveC2)) (w_XMoveC3 : (W_XMoveC3 w_XJoin w_OJoin w_XMoveC1 w_OMoveC1 w_XMoveC2 w_OMoveC2)) (w_OMoveC3 : (W_OMoveC3 w_XJoin w_OJoin w_XMoveC1 w_OMoveC1 w_XMoveC2 w_OMoveC2 w_XMoveC3)) (w_XMoveC4 : (W_XMoveC4 w_XJoin w_OJoin w_XMoveC1 w_OMoveC1 w_XMoveC2 w_OMoveC2 w_XMoveC3 w_OMoveC3)) (w_OMoveC4 : (W_OMoveC4 w_XJoin w_OJoin w_XMoveC1 w_OMoveC1 w_XMoveC2 w_OMoveC2 w_XMoveC3 w_OMoveC3 w_XMoveC4)) -> State S10
.

(* Step API *)
Definition step_xjoin_from_s0 (s : State S0) (sig : Signed X P_XJoin)
 : State S1 :=
  match s with
  | st0 =>
      st1 {| sig_XJoin := sig |}
  end.

Definition step_ojoin_from_s1 (s : State S1) (sig : Signed O P_OJoin)
 : State S2 :=
  match s with
  | st1 w_XJoin =>
      st2 w_XJoin {| sig_OJoin := sig |}
  end.

Definition step_xmovec1_from_s2 (s : State S2) (sig : Signed X P_XMoveC1)
 : State S3 :=
  match s with
  | st2 w_XJoin w_OJoin =>
      st3 w_XJoin w_OJoin {| sig_XMoveC1 := sig |}
  end.

Definition step_omovec1_from_s3 (s : State S3) (sig : Signed O P_OMoveC1)
  (Hguard : ((match s with st3 w_XJoin w_OJoin w_XMoveC1 => w_XMoveC1.(sig_XMoveC1).(msg).(c1) end) <> sig.(msg).(c1))) : State S4 :=
  match s with
  | st3 w_XJoin w_OJoin w_XMoveC1 =>
      st4 w_XJoin w_OJoin w_XMoveC1 {| sig_OMoveC1 := sig; guard := Hguard |}
  end.

Definition step_xmovec2_from_s4 (s : State S4) (sig : Signed X P_XMoveC2)
  (Hguard : (andb (andb ((match s with st4 w_XJoin w_OJoin w_XMoveC1 w_OMoveC1 => w_XMoveC1.(sig_XMoveC1).(msg).(c1) end) <> (match s with st4 w_XJoin w_OJoin w_XMoveC1 w_OMoveC1 => w_OMoveC1.(sig_OMoveC1).(msg).(c1) end)) ((match s with st4 w_XJoin w_OJoin w_XMoveC1 w_OMoveC1 => w_XMoveC1.(sig_XMoveC1).(msg).(c1) end) <> sig.(msg).(c2))) ((match s with st4 w_XJoin w_OJoin w_XMoveC1 w_OMoveC1 => w_OMoveC1.(sig_OMoveC1).(msg).(c1) end) <> sig.(msg).(c2)))) : State S5 :=
  match s with
  | st4 w_XJoin w_OJoin w_XMoveC1 w_OMoveC1 =>
      st5 w_XJoin w_OJoin w_XMoveC1 w_OMoveC1 {| sig_XMoveC2 := sig; guard := Hguard |}
  end.

Definition step_omovec2_from_s5 (s : State S5) (sig : Signed O P_OMoveC2)
  (Hguard : (andb (andb (andb (andb (andb ((match s with st5 w_XJoin w_OJoin w_XMoveC1 w_OMoveC1 w_XMoveC2 => w_XMoveC1.(sig_XMoveC1).(msg).(c1) end) <> (match s with st5 w_XJoin w_OJoin w_XMoveC1 w_OMoveC1 w_XMoveC2 => w_OMoveC1.(sig_OMoveC1).(msg).(c1) end)) ((match s with st5 w_XJoin w_OJoin w_XMoveC1 w_OMoveC1 w_XMoveC2 => w_XMoveC1.(sig_XMoveC1).(msg).(c1) end) <> (match s with st5 w_XJoin w_OJoin w_XMoveC1 w_OMoveC1 w_XMoveC2 => w_XMoveC2.(sig_XMoveC2).(msg).(c2) end))) ((match s with st5 w_XJoin w_OJoin w_XMoveC1 w_OMoveC1 w_XMoveC2 => w_XMoveC1.(sig_XMoveC1).(msg).(c1) end) <> sig.(msg).(c2))) ((match s with st5 w_XJoin w_OJoin w_XMoveC1 w_OMoveC1 w_XMoveC2 => w_OMoveC1.(sig_OMoveC1).(msg).(c1) end) <> (match s with st5 w_XJoin w_OJoin w_XMoveC1 w_OMoveC1 w_XMoveC2 => w_XMoveC2.(sig_XMoveC2).(msg).(c2) end))) ((match s with st5 w_XJoin w_OJoin w_XMoveC1 w_OMoveC1 w_XMoveC2 => w_OMoveC1.(sig_OMoveC1).(msg).(c1) end) <> sig.(msg).(c2))) ((match s with st5 w_XJoin w_OJoin w_XMoveC1 w_OMoveC1 w_XMoveC2 => w_XMoveC2.(sig_XMoveC2).(msg).(c2) end) <> sig.(msg).(c2)))) : State S6 :=
  match s with
  | st5 w_XJoin w_OJoin w_XMoveC1 w_OMoveC1 w_XMoveC2 =>
      st6 w_XJoin w_OJoin w_XMoveC1 w_OMoveC1 w_XMoveC2 {| sig_OMoveC2 := sig; guard := Hguard |}
  end.

Definition step_xmovec3_from_s6 (s : State S6) (sig : Signed X P_XMoveC3)
  (Hguard : (andb (andb (andb (andb (andb (andb (andb (andb (andb ((match s with st6 w_XJoin w_OJoin w_XMoveC1 w_OMoveC1 w_XMoveC2 w_OMoveC2 => w_XMoveC1.(sig_XMoveC1).(msg).(c1) end) <> (match s with st6 w_XJoin w_OJoin w_XMoveC1 w_OMoveC1 w_XMoveC2 w_OMoveC2 => w_OMoveC1.(sig_OMoveC1).(msg).(c1) end)) ((match s with st6 w_XJoin w_OJoin w_XMoveC1 w_OMoveC1 w_XMoveC2 w_OMoveC2 => w_XMoveC1.(sig_XMoveC1).(msg).(c1) end) <> (match s with st6 w_XJoin w_OJoin w_XMoveC1 w_OMoveC1 w_XMoveC2 w_OMoveC2 => w_XMoveC2.(sig_XMoveC2).(msg).(c2) end))) ((match s with st6 w_XJoin w_OJoin w_XMoveC1 w_OMoveC1 w_XMoveC2 w_OMoveC2 => w_XMoveC1.(sig_XMoveC1).(msg).(c1) end) <> (match s with st6 w_XJoin w_OJoin w_XMoveC1 w_OMoveC1 w_XMoveC2 w_OMoveC2 => w_OMoveC2.(sig_OMoveC2).(msg).(c2) end))) ((match s with st6 w_XJoin w_OJoin w_XMoveC1 w_OMoveC1 w_XMoveC2 w_OMoveC2 => w_XMoveC1.(sig_XMoveC1).(msg).(c1) end) <> sig.(msg).(c3))) ((match s with st6 w_XJoin w_OJoin w_XMoveC1 w_OMoveC1 w_XMoveC2 w_OMoveC2 => w_OMoveC1.(sig_OMoveC1).(msg).(c1) end) <> (match s with st6 w_XJoin w_OJoin w_XMoveC1 w_OMoveC1 w_XMoveC2 w_OMoveC2 => w_XMoveC2.(sig_XMoveC2).(msg).(c2) end))) ((match s with st6 w_XJoin w_OJoin w_XMoveC1 w_OMoveC1 w_XMoveC2 w_OMoveC2 => w_OMoveC1.(sig_OMoveC1).(msg).(c1) end) <> (match s with st6 w_XJoin w_OJoin w_XMoveC1 w_OMoveC1 w_XMoveC2 w_OMoveC2 => w_OMoveC2.(sig_OMoveC2).(msg).(c2) end))) ((match s with st6 w_XJoin w_OJoin w_XMoveC1 w_OMoveC1 w_XMoveC2 w_OMoveC2 => w_OMoveC1.(sig_OMoveC1).(msg).(c1) end) <> sig.(msg).(c3))) ((match s with st6 w_XJoin w_OJoin w_XMoveC1 w_OMoveC1 w_XMoveC2 w_OMoveC2 => w_XMoveC2.(sig_XMoveC2).(msg).(c2) end) <> (match s with st6 w_XJoin w_OJoin w_XMoveC1 w_OMoveC1 w_XMoveC2 w_OMoveC2 => w_OMoveC2.(sig_OMoveC2).(msg).(c2) end))) ((match s with st6 w_XJoin w_OJoin w_XMoveC1 w_OMoveC1 w_XMoveC2 w_OMoveC2 => w_XMoveC2.(sig_XMoveC2).(msg).(c2) end) <> sig.(msg).(c3))) ((match s with st6 w_XJoin w_OJoin w_XMoveC1 w_OMoveC1 w_XMoveC2 w_OMoveC2 => w_OMoveC2.(sig_OMoveC2).(msg).(c2) end) <> sig.(msg).(c3)))) : State S7 :=
  match s with
  | st6 w_XJoin w_OJoin w_XMoveC1 w_OMoveC1 w_XMoveC2 w_OMoveC2 =>
      st7 w_XJoin w_OJoin w_XMoveC1 w_OMoveC1 w_XMoveC2 w_OMoveC2 {| sig_XMoveC3 := sig; guard := Hguard |}
  end.

Definition step_omovec3_from_s7 (s : State S7) (sig : Signed O P_OMoveC3)
  (Hguard : (andb (andb (andb (andb (andb (andb (andb (andb (andb (andb (andb (andb (andb (andb ((match s with st7 w_XJoin w_OJoin w_XMoveC1 w_OMoveC1 w_XMoveC2 w_OMoveC2 w_XMoveC3 => w_XMoveC1.(sig_XMoveC1).(msg).(c1) end) <> (match s with st7 w_XJoin w_OJoin w_XMoveC1 w_OMoveC1 w_XMoveC2 w_OMoveC2 w_XMoveC3 => w_OMoveC1.(sig_OMoveC1).(msg).(c1) end)) ((match s with st7 w_XJoin w_OJoin w_XMoveC1 w_OMoveC1 w_XMoveC2 w_OMoveC2 w_XMoveC3 => w_XMoveC1.(sig_XMoveC1).(msg).(c1) end) <> (match s with st7 w_XJoin w_OJoin w_XMoveC1 w_OMoveC1 w_XMoveC2 w_OMoveC2 w_XMoveC3 => w_XMoveC2.(sig_XMoveC2).(msg).(c2) end))) ((match s with st7 w_XJoin w_OJoin w_XMoveC1 w_OMoveC1 w_XMoveC2 w_OMoveC2 w_XMoveC3 => w_XMoveC1.(sig_XMoveC1).(msg).(c1) end) <> (match s with st7 w_XJoin w_OJoin w_XMoveC1 w_OMoveC1 w_XMoveC2 w_OMoveC2 w_XMoveC3 => w_OMoveC2.(sig_OMoveC2).(msg).(c2) end))) ((match s with st7 w_XJoin w_OJoin w_XMoveC1 w_OMoveC1 w_XMoveC2 w_OMoveC2 w_XMoveC3 => w_XMoveC1.(sig_XMoveC1).(msg).(c1) end) <> (match s with st7 w_XJoin w_OJoin w_XMoveC1 w_OMoveC1 w_XMoveC2 w_OMoveC2 w_XMoveC3 => w_XMoveC3.(sig_XMoveC3).(msg).(c3) end))) ((match s with st7 w_XJoin w_OJoin w_XMoveC1 w_OMoveC1 w_XMoveC2 w_OMoveC2 w_XMoveC3 => w_XMoveC1.(sig_XMoveC1).(msg).(c1) end) <> sig.(msg).(c3))) ((match s with st7 w_XJoin w_OJoin w_XMoveC1 w_OMoveC1 w_XMoveC2 w_OMoveC2 w_XMoveC3 => w_OMoveC1.(sig_OMoveC1).(msg).(c1) end) <> (match s with st7 w_XJoin w_OJoin w_XMoveC1 w_OMoveC1 w_XMoveC2 w_OMoveC2 w_XMoveC3 => w_XMoveC2.(sig_XMoveC2).(msg).(c2) end))) ((match s with st7 w_XJoin w_OJoin w_XMoveC1 w_OMoveC1 w_XMoveC2 w_OMoveC2 w_XMoveC3 => w_OMoveC1.(sig_OMoveC1).(msg).(c1) end) <> (match s with st7 w_XJoin w_OJoin w_XMoveC1 w_OMoveC1 w_XMoveC2 w_OMoveC2 w_XMoveC3 => w_OMoveC2.(sig_OMoveC2).(msg).(c2) end))) ((match s with st7 w_XJoin w_OJoin w_XMoveC1 w_OMoveC1 w_XMoveC2 w_OMoveC2 w_XMoveC3 => w_OMoveC1.(sig_OMoveC1).(msg).(c1) end) <> (match s with st7 w_XJoin w_OJoin w_XMoveC1 w_OMoveC1 w_XMoveC2 w_OMoveC2 w_XMoveC3 => w_XMoveC3.(sig_XMoveC3).(msg).(c3) end))) ((match s with st7 w_XJoin w_OJoin w_XMoveC1 w_OMoveC1 w_XMoveC2 w_OMoveC2 w_XMoveC3 => w_OMoveC1.(sig_OMoveC1).(msg).(c1) end) <> sig.(msg).(c3))) ((match s with st7 w_XJoin w_OJoin w_XMoveC1 w_OMoveC1 w_XMoveC2 w_OMoveC2 w_XMoveC3 => w_XMoveC2.(sig_XMoveC2).(msg).(c2) end) <> (match s with st7 w_XJoin w_OJoin w_XMoveC1 w_OMoveC1 w_XMoveC2 w_OMoveC2 w_XMoveC3 => w_OMoveC2.(sig_OMoveC2).(msg).(c2) end))) ((match s with st7 w_XJoin w_OJoin w_XMoveC1 w_OMoveC1 w_XMoveC2 w_OMoveC2 w_XMoveC3 => w_XMoveC2.(sig_XMoveC2).(msg).(c2) end) <> (match s with st7 w_XJoin w_OJoin w_XMoveC1 w_OMoveC1 w_XMoveC2 w_OMoveC2 w_XMoveC3 => w_XMoveC3.(sig_XMoveC3).(msg).(c3) end))) ((match s with st7 w_XJoin w_OJoin w_XMoveC1 w_OMoveC1 w_XMoveC2 w_OMoveC2 w_XMoveC3 => w_XMoveC2.(sig_XMoveC2).(msg).(c2) end) <> sig.(msg).(c3))) ((match s with st7 w_XJoin w_OJoin w_XMoveC1 w_OMoveC1 w_XMoveC2 w_OMoveC2 w_XMoveC3 => w_OMoveC2.(sig_OMoveC2).(msg).(c2) end) <> (match s with st7 w_XJoin w_OJoin w_XMoveC1 w_OMoveC1 w_XMoveC2 w_OMoveC2 w_XMoveC3 => w_XMoveC3.(sig_XMoveC3).(msg).(c3) end))) ((match s with st7 w_XJoin w_OJoin w_XMoveC1 w_OMoveC1 w_XMoveC2 w_OMoveC2 w_XMoveC3 => w_OMoveC2.(sig_OMoveC2).(msg).(c2) end) <> sig.(msg).(c3))) ((match s with st7 w_XJoin w_OJoin w_XMoveC1 w_OMoveC1 w_XMoveC2 w_OMoveC2 w_XMoveC3 => w_XMoveC3.(sig_XMoveC3).(msg).(c3) end) <> sig.(msg).(c3)))) : State S8 :=
  match s with
  | st7 w_XJoin w_OJoin w_XMoveC1 w_OMoveC1 w_XMoveC2 w_OMoveC2 w_XMoveC3 =>
      st8 w_XJoin w_OJoin w_XMoveC1 w_OMoveC1 w_XMoveC2 w_OMoveC2 w_XMoveC3 {| sig_OMoveC3 := sig; guard := Hguard |}
  end.

Definition step_xmovec4_from_s8 (s : State S8) (sig : Signed X P_XMoveC4)
  (Hguard : (andb (andb (andb (andb (andb (andb (andb (andb (andb (andb (andb (andb (andb (andb (andb (andb (andb (andb (andb (andb ((match s with st8 w_XJoin w_OJoin w_XMoveC1 w_OMoveC1 w_XMoveC2 w_OMoveC2 w_XMoveC3 w_OMoveC3 => w_XMoveC1.(sig_XMoveC1).(msg).(c1) end) <> (match s with st8 w_XJoin w_OJoin w_XMoveC1 w_OMoveC1 w_XMoveC2 w_OMoveC2 w_XMoveC3 w_OMoveC3 => w_OMoveC1.(sig_OMoveC1).(msg).(c1) end)) ((match s with st8 w_XJoin w_OJoin w_XMoveC1 w_OMoveC1 w_XMoveC2 w_OMoveC2 w_XMoveC3 w_OMoveC3 => w_XMoveC1.(sig_XMoveC1).(msg).(c1) end) <> (match s with st8 w_XJoin w_OJoin w_XMoveC1 w_OMoveC1 w_XMoveC2 w_OMoveC2 w_XMoveC3 w_OMoveC3 => w_XMoveC2.(sig_XMoveC2).(msg).(c2) end))) ((match s with st8 w_XJoin w_OJoin w_XMoveC1 w_OMoveC1 w_XMoveC2 w_OMoveC2 w_XMoveC3 w_OMoveC3 => w_XMoveC1.(sig_XMoveC1).(msg).(c1) end) <> (match s with st8 w_XJoin w_OJoin w_XMoveC1 w_OMoveC1 w_XMoveC2 w_OMoveC2 w_XMoveC3 w_OMoveC3 => w_OMoveC2.(sig_OMoveC2).(msg).(c2) end))) ((match s with st8 w_XJoin w_OJoin w_XMoveC1 w_OMoveC1 w_XMoveC2 w_OMoveC2 w_XMoveC3 w_OMoveC3 => w_XMoveC1.(sig_XMoveC1).(msg).(c1) end) <> (match s with st8 w_XJoin w_OJoin w_XMoveC1 w_OMoveC1 w_XMoveC2 w_OMoveC2 w_XMoveC3 w_OMoveC3 => w_XMoveC3.(sig_XMoveC3).(msg).(c3) end))) ((match s with st8 w_XJoin w_OJoin w_XMoveC1 w_OMoveC1 w_XMoveC2 w_OMoveC2 w_XMoveC3 w_OMoveC3 => w_XMoveC1.(sig_XMoveC1).(msg).(c1) end) <> (match s with st8 w_XJoin w_OJoin w_XMoveC1 w_OMoveC1 w_XMoveC2 w_OMoveC2 w_XMoveC3 w_OMoveC3 => w_OMoveC3.(sig_OMoveC3).(msg).(c3) end))) ((match s with st8 w_XJoin w_OJoin w_XMoveC1 w_OMoveC1 w_XMoveC2 w_OMoveC2 w_XMoveC3 w_OMoveC3 => w_XMoveC1.(sig_XMoveC1).(msg).(c1) end) <> sig.(msg).(c4))) ((match s with st8 w_XJoin w_OJoin w_XMoveC1 w_OMoveC1 w_XMoveC2 w_OMoveC2 w_XMoveC3 w_OMoveC3 => w_OMoveC1.(sig_OMoveC1).(msg).(c1) end) <> (match s with st8 w_XJoin w_OJoin w_XMoveC1 w_OMoveC1 w_XMoveC2 w_OMoveC2 w_XMoveC3 w_OMoveC3 => w_XMoveC2.(sig_XMoveC2).(msg).(c2) end))) ((match s with st8 w_XJoin w_OJoin w_XMoveC1 w_OMoveC1 w_XMoveC2 w_OMoveC2 w_XMoveC3 w_OMoveC3 => w_OMoveC1.(sig_OMoveC1).(msg).(c1) end) <> (match s with st8 w_XJoin w_OJoin w_XMoveC1 w_OMoveC1 w_XMoveC2 w_OMoveC2 w_XMoveC3 w_OMoveC3 => w_OMoveC2.(sig_OMoveC2).(msg).(c2) end))) ((match s with st8 w_XJoin w_OJoin w_XMoveC1 w_OMoveC1 w_XMoveC2 w_OMoveC2 w_XMoveC3 w_OMoveC3 => w_OMoveC1.(sig_OMoveC1).(msg).(c1) end) <> (match s with st8 w_XJoin w_OJoin w_XMoveC1 w_OMoveC1 w_XMoveC2 w_OMoveC2 w_XMoveC3 w_OMoveC3 => w_XMoveC3.(sig_XMoveC3).(msg).(c3) end))) ((match s with st8 w_XJoin w_OJoin w_XMoveC1 w_OMoveC1 w_XMoveC2 w_OMoveC2 w_XMoveC3 w_OMoveC3 => w_OMoveC1.(sig_OMoveC1).(msg).(c1) end) <> (match s with st8 w_XJoin w_OJoin w_XMoveC1 w_OMoveC1 w_XMoveC2 w_OMoveC2 w_XMoveC3 w_OMoveC3 => w_OMoveC3.(sig_OMoveC3).(msg).(c3) end))) ((match s with st8 w_XJoin w_OJoin w_XMoveC1 w_OMoveC1 w_XMoveC2 w_OMoveC2 w_XMoveC3 w_OMoveC3 => w_OMoveC1.(sig_OMoveC1).(msg).(c1) end) <> sig.(msg).(c4))) ((match s with st8 w_XJoin w_OJoin w_XMoveC1 w_OMoveC1 w_XMoveC2 w_OMoveC2 w_XMoveC3 w_OMoveC3 => w_XMoveC2.(sig_XMoveC2).(msg).(c2) end) <> (match s with st8 w_XJoin w_OJoin w_XMoveC1 w_OMoveC1 w_XMoveC2 w_OMoveC2 w_XMoveC3 w_OMoveC3 => w_OMoveC2.(sig_OMoveC2).(msg).(c2) end))) ((match s with st8 w_XJoin w_OJoin w_XMoveC1 w_OMoveC1 w_XMoveC2 w_OMoveC2 w_XMoveC3 w_OMoveC3 => w_XMoveC2.(sig_XMoveC2).(msg).(c2) end) <> (match s with st8 w_XJoin w_OJoin w_XMoveC1 w_OMoveC1 w_XMoveC2 w_OMoveC2 w_XMoveC3 w_OMoveC3 => w_XMoveC3.(sig_XMoveC3).(msg).(c3) end))) ((match s with st8 w_XJoin w_OJoin w_XMoveC1 w_OMoveC1 w_XMoveC2 w_OMoveC2 w_XMoveC3 w_OMoveC3 => w_XMoveC2.(sig_XMoveC2).(msg).(c2) end) <> (match s with st8 w_XJoin w_OJoin w_XMoveC1 w_OMoveC1 w_XMoveC2 w_OMoveC2 w_XMoveC3 w_OMoveC3 => w_OMoveC3.(sig_OMoveC3).(msg).(c3) end))) ((match s with st8 w_XJoin w_OJoin w_XMoveC1 w_OMoveC1 w_XMoveC2 w_OMoveC2 w_XMoveC3 w_OMoveC3 => w_XMoveC2.(sig_XMoveC2).(msg).(c2) end) <> sig.(msg).(c4))) ((match s with st8 w_XJoin w_OJoin w_XMoveC1 w_OMoveC1 w_XMoveC2 w_OMoveC2 w_XMoveC3 w_OMoveC3 => w_OMoveC2.(sig_OMoveC2).(msg).(c2) end) <> (match s with st8 w_XJoin w_OJoin w_XMoveC1 w_OMoveC1 w_XMoveC2 w_OMoveC2 w_XMoveC3 w_OMoveC3 => w_XMoveC3.(sig_XMoveC3).(msg).(c3) end))) ((match s with st8 w_XJoin w_OJoin w_XMoveC1 w_OMoveC1 w_XMoveC2 w_OMoveC2 w_XMoveC3 w_OMoveC3 => w_OMoveC2.(sig_OMoveC2).(msg).(c2) end) <> (match s with st8 w_XJoin w_OJoin w_XMoveC1 w_OMoveC1 w_XMoveC2 w_OMoveC2 w_XMoveC3 w_OMoveC3 => w_OMoveC3.(sig_OMoveC3).(msg).(c3) end))) ((match s with st8 w_XJoin w_OJoin w_XMoveC1 w_OMoveC1 w_XMoveC2 w_OMoveC2 w_XMoveC3 w_OMoveC3 => w_OMoveC2.(sig_OMoveC2).(msg).(c2) end) <> sig.(msg).(c4))) ((match s with st8 w_XJoin w_OJoin w_XMoveC1 w_OMoveC1 w_XMoveC2 w_OMoveC2 w_XMoveC3 w_OMoveC3 => w_XMoveC3.(sig_XMoveC3).(msg).(c3) end) <> (match s with st8 w_XJoin w_OJoin w_XMoveC1 w_OMoveC1 w_XMoveC2 w_OMoveC2 w_XMoveC3 w_OMoveC3 => w_OMoveC3.(sig_OMoveC3).(msg).(c3) end))) ((match s with st8 w_XJoin w_OJoin w_XMoveC1 w_OMoveC1 w_XMoveC2 w_OMoveC2 w_XMoveC3 w_OMoveC3 => w_XMoveC3.(sig_XMoveC3).(msg).(c3) end) <> sig.(msg).(c4))) ((match s with st8 w_XJoin w_OJoin w_XMoveC1 w_OMoveC1 w_XMoveC2 w_OMoveC2 w_XMoveC3 w_OMoveC3 => w_OMoveC3.(sig_OMoveC3).(msg).(c3) end) <> sig.(msg).(c4)))) : State S9 :=
  match s with
  | st8 w_XJoin w_OJoin w_XMoveC1 w_OMoveC1 w_XMoveC2 w_OMoveC2 w_XMoveC3 w_OMoveC3 =>
      st9 w_XJoin w_OJoin w_XMoveC1 w_OMoveC1 w_XMoveC2 w_OMoveC2 w_XMoveC3 w_OMoveC3 {| sig_XMoveC4 := sig; guard := Hguard |}
  end.

Definition step_omovec4_from_s9 (s : State S9) (sig : Signed O P_OMoveC4)
  (Hguard : (andb (andb (andb (andb (andb (andb (andb (andb (andb (andb (andb (andb (andb (andb (andb (andb (andb (andb (andb (andb (andb (andb (andb (andb (andb (andb (andb ((match s with st9 w_XJoin w_OJoin w_XMoveC1 w_OMoveC1 w_XMoveC2 w_OMoveC2 w_XMoveC3 w_OMoveC3 w_XMoveC4 => w_XMoveC1.(sig_XMoveC1).(msg).(c1) end) <> (match s with st9 w_XJoin w_OJoin w_XMoveC1 w_OMoveC1 w_XMoveC2 w_OMoveC2 w_XMoveC3 w_OMoveC3 w_XMoveC4 => w_OMoveC1.(sig_OMoveC1).(msg).(c1) end)) ((match s with st9 w_XJoin w_OJoin w_XMoveC1 w_OMoveC1 w_XMoveC2 w_OMoveC2 w_XMoveC3 w_OMoveC3 w_XMoveC4 => w_XMoveC1.(sig_XMoveC1).(msg).(c1) end) <> (match s with st9 w_XJoin w_OJoin w_XMoveC1 w_OMoveC1 w_XMoveC2 w_OMoveC2 w_XMoveC3 w_OMoveC3 w_XMoveC4 => w_XMoveC2.(sig_XMoveC2).(msg).(c2) end))) ((match s with st9 w_XJoin w_OJoin w_XMoveC1 w_OMoveC1 w_XMoveC2 w_OMoveC2 w_XMoveC3 w_OMoveC3 w_XMoveC4 => w_XMoveC1.(sig_XMoveC1).(msg).(c1) end) <> (match s with st9 w_XJoin w_OJoin w_XMoveC1 w_OMoveC1 w_XMoveC2 w_OMoveC2 w_XMoveC3 w_OMoveC3 w_XMoveC4 => w_OMoveC2.(sig_OMoveC2).(msg).(c2) end))) ((match s with st9 w_XJoin w_OJoin w_XMoveC1 w_OMoveC1 w_XMoveC2 w_OMoveC2 w_XMoveC3 w_OMoveC3 w_XMoveC4 => w_XMoveC1.(sig_XMoveC1).(msg).(c1) end) <> (match s with st9 w_XJoin w_OJoin w_XMoveC1 w_OMoveC1 w_XMoveC2 w_OMoveC2 w_XMoveC3 w_OMoveC3 w_XMoveC4 => w_XMoveC3.(sig_XMoveC3).(msg).(c3) end))) ((match s with st9 w_XJoin w_OJoin w_XMoveC1 w_OMoveC1 w_XMoveC2 w_OMoveC2 w_XMoveC3 w_OMoveC3 w_XMoveC4 => w_XMoveC1.(sig_XMoveC1).(msg).(c1) end) <> (match s with st9 w_XJoin w_OJoin w_XMoveC1 w_OMoveC1 w_XMoveC2 w_OMoveC2 w_XMoveC3 w_OMoveC3 w_XMoveC4 => w_OMoveC3.(sig_OMoveC3).(msg).(c3) end))) ((match s with st9 w_XJoin w_OJoin w_XMoveC1 w_OMoveC1 w_XMoveC2 w_OMoveC2 w_XMoveC3 w_OMoveC3 w_XMoveC4 => w_XMoveC1.(sig_XMoveC1).(msg).(c1) end) <> (match s with st9 w_XJoin w_OJoin w_XMoveC1 w_OMoveC1 w_XMoveC2 w_OMoveC2 w_XMoveC3 w_OMoveC3 w_XMoveC4 => w_XMoveC4.(sig_XMoveC4).(msg).(c4) end))) ((match s with st9 w_XJoin w_OJoin w_XMoveC1 w_OMoveC1 w_XMoveC2 w_OMoveC2 w_XMoveC3 w_OMoveC3 w_XMoveC4 => w_XMoveC1.(sig_XMoveC1).(msg).(c1) end) <> sig.(msg).(c4))) ((match s with st9 w_XJoin w_OJoin w_XMoveC1 w_OMoveC1 w_XMoveC2 w_OMoveC2 w_XMoveC3 w_OMoveC3 w_XMoveC4 => w_OMoveC1.(sig_OMoveC1).(msg).(c1) end) <> (match s with st9 w_XJoin w_OJoin w_XMoveC1 w_OMoveC1 w_XMoveC2 w_OMoveC2 w_XMoveC3 w_OMoveC3 w_XMoveC4 => w_XMoveC2.(sig_XMoveC2).(msg).(c2) end))) ((match s with st9 w_XJoin w_OJoin w_XMoveC1 w_OMoveC1 w_XMoveC2 w_OMoveC2 w_XMoveC3 w_OMoveC3 w_XMoveC4 => w_OMoveC1.(sig_OMoveC1).(msg).(c1) end) <> (match s with st9 w_XJoin w_OJoin w_XMoveC1 w_OMoveC1 w_XMoveC2 w_OMoveC2 w_XMoveC3 w_OMoveC3 w_XMoveC4 => w_OMoveC2.(sig_OMoveC2).(msg).(c2) end))) ((match s with st9 w_XJoin w_OJoin w_XMoveC1 w_OMoveC1 w_XMoveC2 w_OMoveC2 w_XMoveC3 w_OMoveC3 w_XMoveC4 => w_OMoveC1.(sig_OMoveC1).(msg).(c1) end) <> (match s with st9 w_XJoin w_OJoin w_XMoveC1 w_OMoveC1 w_XMoveC2 w_OMoveC2 w_XMoveC3 w_OMoveC3 w_XMoveC4 => w_XMoveC3.(sig_XMoveC3).(msg).(c3) end))) ((match s with st9 w_XJoin w_OJoin w_XMoveC1 w_OMoveC1 w_XMoveC2 w_OMoveC2 w_XMoveC3 w_OMoveC3 w_XMoveC4 => w_OMoveC1.(sig_OMoveC1).(msg).(c1) end) <> (match s with st9 w_XJoin w_OJoin w_XMoveC1 w_OMoveC1 w_XMoveC2 w_OMoveC2 w_XMoveC3 w_OMoveC3 w_XMoveC4 => w_OMoveC3.(sig_OMoveC3).(msg).(c3) end))) ((match s with st9 w_XJoin w_OJoin w_XMoveC1 w_OMoveC1 w_XMoveC2 w_OMoveC2 w_XMoveC3 w_OMoveC3 w_XMoveC4 => w_OMoveC1.(sig_OMoveC1).(msg).(c1) end) <> (match s with st9 w_XJoin w_OJoin w_XMoveC1 w_OMoveC1 w_XMoveC2 w_OMoveC2 w_XMoveC3 w_OMoveC3 w_XMoveC4 => w_XMoveC4.(sig_XMoveC4).(msg).(c4) end))) ((match s with st9 w_XJoin w_OJoin w_XMoveC1 w_OMoveC1 w_XMoveC2 w_OMoveC2 w_XMoveC3 w_OMoveC3 w_XMoveC4 => w_OMoveC1.(sig_OMoveC1).(msg).(c1) end) <> sig.(msg).(c4))) ((match s with st9 w_XJoin w_OJoin w_XMoveC1 w_OMoveC1 w_XMoveC2 w_OMoveC2 w_XMoveC3 w_OMoveC3 w_XMoveC4 => w_XMoveC2.(sig_XMoveC2).(msg).(c2) end) <> (match s with st9 w_XJoin w_OJoin w_XMoveC1 w_OMoveC1 w_XMoveC2 w_OMoveC2 w_XMoveC3 w_OMoveC3 w_XMoveC4 => w_OMoveC2.(sig_OMoveC2).(msg).(c2) end))) ((match s with st9 w_XJoin w_OJoin w_XMoveC1 w_OMoveC1 w_XMoveC2 w_OMoveC2 w_XMoveC3 w_OMoveC3 w_XMoveC4 => w_XMoveC2.(sig_XMoveC2).(msg).(c2) end) <> (match s with st9 w_XJoin w_OJoin w_XMoveC1 w_OMoveC1 w_XMoveC2 w_OMoveC2 w_XMoveC3 w_OMoveC3 w_XMoveC4 => w_XMoveC3.(sig_XMoveC3).(msg).(c3) end))) ((match s with st9 w_XJoin w_OJoin w_XMoveC1 w_OMoveC1 w_XMoveC2 w_OMoveC2 w_XMoveC3 w_OMoveC3 w_XMoveC4 => w_XMoveC2.(sig_XMoveC2).(msg).(c2) end) <> (match s with st9 w_XJoin w_OJoin w_XMoveC1 w_OMoveC1 w_XMoveC2 w_OMoveC2 w_XMoveC3 w_OMoveC3 w_XMoveC4 => w_OMoveC3.(sig_OMoveC3).(msg).(c3) end))) ((match s with st9 w_XJoin w_OJoin w_XMoveC1 w_OMoveC1 w_XMoveC2 w_OMoveC2 w_XMoveC3 w_OMoveC3 w_XMoveC4 => w_XMoveC2.(sig_XMoveC2).(msg).(c2) end) <> (match s with st9 w_XJoin w_OJoin w_XMoveC1 w_OMoveC1 w_XMoveC2 w_OMoveC2 w_XMoveC3 w_OMoveC3 w_XMoveC4 => w_XMoveC4.(sig_XMoveC4).(msg).(c4) end))) ((match s with st9 w_XJoin w_OJoin w_XMoveC1 w_OMoveC1 w_XMoveC2 w_OMoveC2 w_XMoveC3 w_OMoveC3 w_XMoveC4 => w_XMoveC2.(sig_XMoveC2).(msg).(c2) end) <> sig.(msg).(c4))) ((match s with st9 w_XJoin w_OJoin w_XMoveC1 w_OMoveC1 w_XMoveC2 w_OMoveC2 w_XMoveC3 w_OMoveC3 w_XMoveC4 => w_OMoveC2.(sig_OMoveC2).(msg).(c2) end) <> (match s with st9 w_XJoin w_OJoin w_XMoveC1 w_OMoveC1 w_XMoveC2 w_OMoveC2 w_XMoveC3 w_OMoveC3 w_XMoveC4 => w_XMoveC3.(sig_XMoveC3).(msg).(c3) end))) ((match s with st9 w_XJoin w_OJoin w_XMoveC1 w_OMoveC1 w_XMoveC2 w_OMoveC2 w_XMoveC3 w_OMoveC3 w_XMoveC4 => w_OMoveC2.(sig_OMoveC2).(msg).(c2) end) <> (match s with st9 w_XJoin w_OJoin w_XMoveC1 w_OMoveC1 w_XMoveC2 w_OMoveC2 w_XMoveC3 w_OMoveC3 w_XMoveC4 => w_OMoveC3.(sig_OMoveC3).(msg).(c3) end))) ((match s with st9 w_XJoin w_OJoin w_XMoveC1 w_OMoveC1 w_XMoveC2 w_OMoveC2 w_XMoveC3 w_OMoveC3 w_XMoveC4 => w_OMoveC2.(sig_OMoveC2).(msg).(c2) end) <> (match s with st9 w_XJoin w_OJoin w_XMoveC1 w_OMoveC1 w_XMoveC2 w_OMoveC2 w_XMoveC3 w_OMoveC3 w_XMoveC4 => w_XMoveC4.(sig_XMoveC4).(msg).(c4) end))) ((match s with st9 w_XJoin w_OJoin w_XMoveC1 w_OMoveC1 w_XMoveC2 w_OMoveC2 w_XMoveC3 w_OMoveC3 w_XMoveC4 => w_OMoveC2.(sig_OMoveC2).(msg).(c2) end) <> sig.(msg).(c4))) ((match s with st9 w_XJoin w_OJoin w_XMoveC1 w_OMoveC1 w_XMoveC2 w_OMoveC2 w_XMoveC3 w_OMoveC3 w_XMoveC4 => w_XMoveC3.(sig_XMoveC3).(msg).(c3) end) <> (match s with st9 w_XJoin w_OJoin w_XMoveC1 w_OMoveC1 w_XMoveC2 w_OMoveC2 w_XMoveC3 w_OMoveC3 w_XMoveC4 => w_OMoveC3.(sig_OMoveC3).(msg).(c3) end))) ((match s with st9 w_XJoin w_OJoin w_XMoveC1 w_OMoveC1 w_XMoveC2 w_OMoveC2 w_XMoveC3 w_OMoveC3 w_XMoveC4 => w_XMoveC3.(sig_XMoveC3).(msg).(c3) end) <> (match s with st9 w_XJoin w_OJoin w_XMoveC1 w_OMoveC1 w_XMoveC2 w_OMoveC2 w_XMoveC3 w_OMoveC3 w_XMoveC4 => w_XMoveC4.(sig_XMoveC4).(msg).(c4) end))) ((match s with st9 w_XJoin w_OJoin w_XMoveC1 w_OMoveC1 w_XMoveC2 w_OMoveC2 w_XMoveC3 w_OMoveC3 w_XMoveC4 => w_XMoveC3.(sig_XMoveC3).(msg).(c3) end) <> sig.(msg).(c4))) ((match s with st9 w_XJoin w_OJoin w_XMoveC1 w_OMoveC1 w_XMoveC2 w_OMoveC2 w_XMoveC3 w_OMoveC3 w_XMoveC4 => w_OMoveC3.(sig_OMoveC3).(msg).(c3) end) <> (match s with st9 w_XJoin w_OJoin w_XMoveC1 w_OMoveC1 w_XMoveC2 w_OMoveC2 w_XMoveC3 w_OMoveC3 w_XMoveC4 => w_XMoveC4.(sig_XMoveC4).(msg).(c4) end))) ((match s with st9 w_XJoin w_OJoin w_XMoveC1 w_OMoveC1 w_XMoveC2 w_OMoveC2 w_XMoveC3 w_OMoveC3 w_XMoveC4 => w_OMoveC3.(sig_OMoveC3).(msg).(c3) end) <> sig.(msg).(c4))) ((match s with st9 w_XJoin w_OJoin w_XMoveC1 w_OMoveC1 w_XMoveC2 w_OMoveC2 w_XMoveC3 w_OMoveC3 w_XMoveC4 => w_XMoveC4.(sig_XMoveC4).(msg).(c4) end) <> sig.(msg).(c4)))) : State S10 :=
  match s with
  | st9 w_XJoin w_OJoin w_XMoveC1 w_OMoveC1 w_XMoveC2 w_OMoveC2 w_XMoveC3 w_OMoveC3 w_XMoveC4 =>
      st10 w_XJoin w_OJoin w_XMoveC1 w_OMoveC1 w_XMoveC2 w_OMoveC2 w_XMoveC3 w_OMoveC3 w_XMoveC4 {| sig_OMoveC4 := sig; guard := Hguard |}
  end.

End TicTacToe_Protocol.>
	at vegas.GoldenMasterTest$1$1$1$2.invokeSuspend(GoldenMasterTest.kt:118)
	at vegas.GoldenMasterTest$1$1$1$2.invoke(GoldenMasterTest.kt)
	at vegas.GoldenMasterTest$1$1$1$2.invoke(GoldenMasterTest.kt)
	at io.kotest.datatest.ContainerKt$withData$8$1.invokeSuspend(container.kt:73)
	at io.kotest.datatest.ContainerKt$withData$8$1.invoke(container.kt)
	at io.kotest.datatest.ContainerKt$withData$8$1.invoke(container.kt)
	at io.kotest.engine.test.TestCaseExecutor$execute$innerExecute$1.invokeSuspend(TestCaseExecutor.kt:91)
	at io.kotest.engine.test.TestCaseExecutor$execute$innerExecute$1.invoke(TestCaseExecutor.kt)
	at io.kotest.engine.test.TestCaseExecutor$execute$innerExecute$1.invoke(TestCaseExecutor.kt)
	at io.kotest.engine.test.interceptors.CoroutineDebugProbeInterceptor.intercept(CoroutineDebugProbeInterceptor.kt:29)
	at io.kotest.engine.test.TestCaseExecutor$execute$3$1.invokeSuspend(TestCaseExecutor.kt:100)
	at io.kotest.engine.test.TestCaseExecutor$execute$3$1.invoke(TestCaseExecutor.kt)
	at io.kotest.engine.test.TestCaseExecutor$execute$3$1.invoke(TestCaseExecutor.kt)
	at io.kotest.engine.test.TestInvocationInterceptor$runBeforeTestAfter$executeWithBeforeAfter$1.invokeSuspend(TestInvocationInterceptor.kt:63)
	at io.kotest.engine.test.TestInvocationInterceptor$runBeforeTestAfter$executeWithBeforeAfter$1.invoke(TestInvocationInterceptor.kt)
	at io.kotest.engine.test.TestInvocationInterceptor$runBeforeTestAfter$executeWithBeforeAfter$1.invoke(TestInvocationInterceptor.kt)
	at io.kotest.engine.test.interceptors.InvocationTimeoutInterceptor$intercept$3.invokeSuspend(InvocationTimeoutInterceptor.kt:43)
	at io.kotest.engine.test.interceptors.InvocationTimeoutInterceptor$intercept$3.invoke(InvocationTimeoutInterceptor.kt)
	at io.kotest.engine.test.interceptors.InvocationTimeoutInterceptor$intercept$3.invoke(InvocationTimeoutInterceptor.kt)
	at kotlinx.coroutines.intrinsics.UndispatchedKt.startUndispatchedOrReturnIgnoreTimeout(Undispatched.kt:72)
	at kotlinx.coroutines.TimeoutKt.setupTimeout(Timeout.kt:148)
	at kotlinx.coroutines.TimeoutKt.withTimeoutOrNull(Timeout.kt:104)
	at io.kotest.engine.test.interceptors.InvocationTimeoutInterceptor.intercept(InvocationTimeoutInterceptor.kt:42)
	at io.kotest.engine.test.TestInvocationInterceptor$runBeforeTestAfter$wrappedTest$1$1.invokeSuspend(TestInvocationInterceptor.kt:70)
	at io.kotest.engine.test.TestInvocationInterceptor$runBeforeTestAfter$wrappedTest$1$1.invoke(TestInvocationInterceptor.kt)
	at io.kotest.engine.test.TestInvocationInterceptor$runBeforeTestAfter$wrappedTest$1$1.invoke(TestInvocationInterceptor.kt)
	at io.kotest.engine.test.TestInvocationInterceptor.runBeforeTestAfter(TestInvocationInterceptor.kt:73)
	at io.kotest.engine.test.TestInvocationInterceptor.access$runBeforeTestAfter(TestInvocationInterceptor.kt:14)
	at io.kotest.engine.test.TestInvocationInterceptor$intercept$2$1.invokeSuspend(TestInvocationInterceptor.kt:36)
	at io.kotest.engine.test.TestInvocationInterceptor$intercept$2$1.invoke(TestInvocationInterceptor.kt)
	at io.kotest.engine.test.TestInvocationInterceptor$intercept$2$1.invoke(TestInvocationInterceptor.kt)
	at io.kotest.mpp.ReplayKt.replay(replay.kt:15)
	at io.kotest.engine.test.TestInvocationInterceptor$intercept$2.invokeSuspend(TestInvocationInterceptor.kt:32)
	at io.kotest.engine.test.TestInvocationInterceptor$intercept$2.invoke(TestInvocationInterceptor.kt)
	at io.kotest.engine.test.TestInvocationInterceptor$intercept$2.invoke(TestInvocationInterceptor.kt)
	at kotlinx.coroutines.intrinsics.UndispatchedKt.startUndispatchedOrReturn(Undispatched.kt:61)
	at kotlinx.coroutines.CoroutineScopeKt.coroutineScope(CoroutineScope.kt:261)
	at io.kotest.engine.test.TestInvocationInterceptor.intercept(TestInvocationInterceptor.kt:31)
	at io.kotest.engine.test.TestCaseExecutor$execute$3$1.invokeSuspend(TestCaseExecutor.kt:100)
	at io.kotest.engine.test.TestCaseExecutor$execute$3$1.invoke(TestCaseExecutor.kt)
	at io.kotest.engine.test.TestCaseExecutor$execute$3$1.invoke(TestCaseExecutor.kt)
	at io.kotest.engine.interceptors.MarkAbortedExceptionsAsSkippedTestInterceptor.intercept(MarkAbortedExceptionsAsSkippedTestInterceptor.kt:23)
	at io.kotest.engine.test.TestCaseExecutor$execute$3$1.invokeSuspend(TestCaseExecutor.kt:100)
	at io.kotest.engine.test.TestCaseExecutor$execute$3$1.invoke(TestCaseExecutor.kt)
	at io.kotest.engine.test.TestCaseExecutor$execute$3$1.invoke(TestCaseExecutor.kt)
	at io.kotest.engine.test.interceptors.ExpectExceptionTestInterceptor.intercept(ExpectExceptionTestInterceptor.kt:18)
	at io.kotest.engine.test.TestCaseExecutor$execute$3$1.invokeSuspend(TestCaseExecutor.kt:100)
	at io.kotest.engine.test.TestCaseExecutor$execute$3$1.invoke(TestCaseExecutor.kt)
	at io.kotest.engine.test.TestCaseExecutor$execute$3$1.invoke(TestCaseExecutor.kt)
	at io.kotest.engine.test.interceptors.TimeoutInterceptor.intercept(TimeoutInterceptor.kt:33)
	at io.kotest.engine.test.TestCaseExecutor$execute$3$1.invokeSuspend(TestCaseExecutor.kt:100)
	at io.kotest.engine.test.TestCaseExecutor$execute$3$1.invoke(TestCaseExecutor.kt)
	at io.kotest.engine.test.TestCaseExecutor$execute$3$1.invoke(TestCaseExecutor.kt)
	at io.kotest.engine.test.interceptors.BlockedThreadTimeoutInterceptor.intercept(BlockedThreadTimeoutInterceptor.kt:79)
	at io.kotest.engine.test.TestCaseExecutor$execute$3$1.invokeSuspend(TestCaseExecutor.kt:100)
	at io.kotest.engine.test.TestCaseExecutor$execute$3$1.invoke(TestCaseExecutor.kt)
	at io.kotest.engine.test.TestCaseExecutor$execute$3$1.invoke(TestCaseExecutor.kt)
	at io.kotest.engine.test.interceptors.CoroutineLoggingInterceptor.intercept(CoroutineLoggingInterceptor.kt:30)
	at io.kotest.engine.test.TestCaseExecutor$execute$3$1.invokeSuspend(TestCaseExecutor.kt:100)
	at io.kotest.engine.test.TestCaseExecutor$execute$3$1.invoke(TestCaseExecutor.kt)
	at io.kotest.engine.test.TestCaseExecutor$execute$3$1.invoke(TestCaseExecutor.kt)
	at io.kotest.engine.test.interceptors.SoftAssertInterceptor.intercept(SoftAssertInterceptor.kt:26)
	at io.kotest.engine.test.TestCaseExecutor$execute$3$1.invokeSuspend(TestCaseExecutor.kt:100)
	at io.kotest.engine.test.TestCaseExecutor$execute$3$1.invoke(TestCaseExecutor.kt)
	at io.kotest.engine.test.TestCaseExecutor$execute$3$1.invoke(TestCaseExecutor.kt)
	at io.kotest.engine.test.interceptors.AssertionModeInterceptor.intercept(AssertionModeInterceptor.kt:24)
	at io.kotest.engine.test.TestCaseExecutor$execute$3$1.invokeSuspend(TestCaseExecutor.kt:100)
	at io.kotest.engine.test.TestCaseExecutor$execute$3$1.invoke(TestCaseExecutor.kt)
	at io.kotest.engine.test.TestCaseExecutor$execute$3$1.invoke(TestCaseExecutor.kt)
	at io.kotest.engine.test.interceptors.LifecycleInterceptor.intercept(LifecycleInterceptor.kt:50)
	at io.kotest.engine.test.TestCaseExecutor$execute$3$1.invokeSuspend(TestCaseExecutor.kt:100)
	at io.kotest.engine.test.TestCaseExecutor$execute$3$1.invoke(TestCaseExecutor.kt)
	at io.kotest.engine.test.TestCaseExecutor$execute$3$1.invoke(TestCaseExecutor.kt)
	at io.kotest.engine.test.interceptors.TestCaseExtensionInterceptor$intercept$2.invokeSuspend(TestCaseExtensionInterceptor.kt:24)
	at io.kotest.engine.test.interceptors.TestCaseExtensionInterceptor$intercept$2.invoke(TestCaseExtensionInterceptor.kt)
	at io.kotest.engine.test.interceptors.TestCaseExtensionInterceptor$intercept$2.invoke(TestCaseExtensionInterceptor.kt)
	at io.kotest.engine.test.TestExtensions.intercept(TestExtensions.kt:148)
	at io.kotest.engine.test.interceptors.TestCaseExtensionInterceptor.intercept(TestCaseExtensionInterceptor.kt:24)
	at io.kotest.engine.test.TestCaseExecutor$execute$3$1.invokeSuspend(TestCaseExecutor.kt:100)
	at io.kotest.engine.test.TestCaseExecutor$execute$3$1.invoke(TestCaseExecutor.kt)
	at io.kotest.engine.test.TestCaseExecutor$execute$3$1.invoke(TestCaseExecutor.kt)
	at io.kotest.engine.test.interceptors.BeforeSpecListenerInterceptor$intercept$runTest$1$2.invokeSuspend(BeforeSpecListenerInterceptor.kt:43)
	at io.kotest.engine.test.interceptors.BeforeSpecListenerInterceptor$intercept$runTest$1$2.invoke(BeforeSpecListenerInterceptor.kt)
	at io.kotest.engine.test.interceptors.BeforeSpecListenerInterceptor$intercept$runTest$1$2.invoke(BeforeSpecListenerInterceptor.kt)
	at io.kotest.engine.test.interceptors.BeforeSpecListenerInterceptor.intercept(BeforeSpecListenerInterceptor.kt:60)
	at io.kotest.engine.test.TestCaseExecutor$execute$3$1.invokeSuspend(TestCaseExecutor.kt:100)
	at io.kotest.engine.test.TestCaseExecutor$execute$3$1.invoke(TestCaseExecutor.kt)
	at io.kotest.engine.test.TestCaseExecutor$execute$3$1.invoke(TestCaseExecutor.kt)
	at io.kotest.engine.test.interceptors.TestEnabledCheckInterceptor.intercept(TestEnabledCheckInterceptor.kt:31)
	at io.kotest.engine.test.TestCaseExecutor$execute$3$1.invokeSuspend(TestCaseExecutor.kt:100)
	at io.kotest.engine.test.TestCaseExecutor$execute$3$1.invoke(TestCaseExecutor.kt)
	at io.kotest.engine.test.TestCaseExecutor$execute$3$1.invoke(TestCaseExecutor.kt)
	at io.kotest.engine.test.interceptors.CoroutineErrorCollectorInterceptor$intercept$3.invokeSuspend(CoroutineErrorCollectorInterceptor.kt:34)
	at io.kotest.engine.test.interceptors.CoroutineErrorCollectorInterceptor$intercept$3.invoke(CoroutineErrorCollectorInterceptor.kt)
	at io.kotest.engine.test.interceptors.CoroutineErrorCollectorInterceptor$intercept$3.invoke(CoroutineErrorCollectorInterceptor.kt)
	at kotlinx.coroutines.intrinsics.UndispatchedKt.startUndispatchedOrReturn(Undispatched.kt:61)
	at kotlinx.coroutines.BuildersKt__Builders_commonKt.withContext(Builders.common.kt:163)
	at kotlinx.coroutines.BuildersKt.withContext(Unknown Source)
	at io.kotest.engine.test.interceptors.CoroutineErrorCollectorInterceptor.intercept(CoroutineErrorCollectorInterceptor.kt:33)
	at io.kotest.engine.test.TestCaseExecutor$execute$3$1.invokeSuspend(TestCaseExecutor.kt:100)
	at io.kotest.engine.test.TestCaseExecutor$execute$3$1.invoke(TestCaseExecutor.kt)
	at io.kotest.engine.test.TestCaseExecutor$execute$3$1.invoke(TestCaseExecutor.kt)
	at io.kotest.engine.test.interceptors.CoroutineDispatcherFactoryInterceptor$intercept$4.invokeSuspend(coroutineDispatcherFactoryInterceptor.kt:57)
	at io.kotest.engine.test.interceptors.CoroutineDispatcherFactoryInterceptor$intercept$4.invoke(coroutineDispatcherFactoryInterceptor.kt)
	at io.kotest.engine.test.interceptors.CoroutineDispatcherFactoryInterceptor$intercept$4.invoke(coroutineDispatcherFactoryInterceptor.kt)
	at io.kotest.engine.concurrency.FixedThreadCoroutineDispatcherFactory$withDispatcher$4.invokeSuspend(FixedThreadCoroutineDispatcherFactory.kt:59)
	at io.kotest.engine.concurrency.FixedThreadCoroutineDispatcherFactory$withDispatcher$4.invoke(FixedThreadCoroutineDispatcherFactory.kt)
	at io.kotest.engine.concurrency.FixedThreadCoroutineDispatcherFactory$withDispatcher$4.invoke(FixedThreadCoroutineDispatcherFactory.kt)
	at kotlinx.coroutines.intrinsics.UndispatchedKt.startUndispatchedOrReturn(Undispatched.kt:61)
	at kotlinx.coroutines.BuildersKt__Builders_commonKt.withContext(Builders.common.kt:163)
	at kotlinx.coroutines.BuildersKt.withContext(Unknown Source)
	at io.kotest.engine.concurrency.FixedThreadCoroutineDispatcherFactory.withDispatcher(FixedThreadCoroutineDispatcherFactory.kt:58)
	at io.kotest.engine.test.interceptors.CoroutineDispatcherFactoryInterceptor.intercept(coroutineDispatcherFactoryInterceptor.kt:56)
	at io.kotest.engine.test.TestCaseExecutor$execute$3$1.invokeSuspend(TestCaseExecutor.kt:100)
	at io.kotest.engine.test.TestCaseExecutor$execute$3$1.invoke(TestCaseExecutor.kt)
	at io.kotest.engine.test.TestCaseExecutor$execute$3$1.invoke(TestCaseExecutor.kt)
	at io.kotest.engine.test.interceptors.SupervisorScopeInterceptor$intercept$2.invokeSuspend(SupervisorScopeInterceptor.kt:23)
	at io.kotest.engine.test.interceptors.SupervisorScopeInterceptor$intercept$2.invoke(SupervisorScopeInterceptor.kt)
	at io.kotest.engine.test.interceptors.SupervisorScopeInterceptor$intercept$2.invoke(SupervisorScopeInterceptor.kt)
	at kotlinx.coroutines.intrinsics.UndispatchedKt.startUndispatchedOrReturn(Undispatched.kt:61)
	at kotlinx.coroutines.SupervisorKt.supervisorScope(Supervisor.kt:56)
	at io.kotest.engine.test.interceptors.SupervisorScopeInterceptor.intercept(SupervisorScopeInterceptor.kt:22)
	at io.kotest.engine.test.TestCaseExecutor$execute$3$1.invokeSuspend(TestCaseExecutor.kt:100)
	at io.kotest.engine.test.TestCaseExecutor$execute$3$1.invoke(TestCaseExecutor.kt)
	at io.kotest.engine.test.TestCaseExecutor$execute$3$1.invoke(TestCaseExecutor.kt)
	at io.kotest.engine.test.interceptors.InvocationCountCheckInterceptor.intercept(InvocationCountCheckInterceptor.kt:24)
	at io.kotest.engine.test.TestCaseExecutor$execute$3$1.invokeSuspend(TestCaseExecutor.kt:100)
	at io.kotest.engine.test.TestCaseExecutor$execute$3$1.invoke(TestCaseExecutor.kt)
	at io.kotest.engine.test.TestCaseExecutor$execute$3$1.invoke(TestCaseExecutor.kt)
	at io.kotest.engine.test.interceptors.TestFinishedInterceptor.intercept(TestFinishedInterceptor.kt:21)
	at io.kotest.engine.test.TestCaseExecutor$execute$3$1.invokeSuspend(TestCaseExecutor.kt:100)
	at io.kotest.engine.test.TestCaseExecutor$execute$3$1.invoke(TestCaseExecutor.kt)
	at io.kotest.engine.test.TestCaseExecutor$execute$3$1.invoke(TestCaseExecutor.kt)
	at io.kotest.engine.test.interceptors.TestNameContextInterceptor$intercept$2.invokeSuspend(TestPathContextInterceptor.kt:35)
	at io.kotest.engine.test.interceptors.TestNameContextInterceptor$intercept$2.invoke(TestPathContextInterceptor.kt)
	at io.kotest.engine.test.interceptors.TestNameContextInterceptor$intercept$2.invoke(TestPathContextInterceptor.kt)
	at kotlinx.coroutines.intrinsics.UndispatchedKt.startUndispatchedOrReturn(Undispatched.kt:61)
	at kotlinx.coroutines.BuildersKt__Builders_commonKt.withContext(Builders.common.kt:163)
	at kotlinx.coroutines.BuildersKt.withContext(Unknown Source)
	at io.kotest.engine.test.interceptors.TestNameContextInterceptor.intercept(TestPathContextInterceptor.kt:34)
	at io.kotest.engine.test.TestCaseExecutor$execute$3$1.invokeSuspend(TestCaseExecutor.kt:100)
	at io.kotest.engine.test.TestCaseExecutor$execute$3$1.invoke(TestCaseExecutor.kt)
	at io.kotest.engine.test.TestCaseExecutor$execute$3$1.invoke(TestCaseExecutor.kt)
	at io.kotest.engine.test.interceptors.TestPathContextInterceptor$intercept$2.invokeSuspend(TestPathContextInterceptor.kt:20)
	at io.kotest.engine.test.interceptors.TestPathContextInterceptor$intercept$2.invoke(TestPathContextInterceptor.kt)
	at io.kotest.engine.test.interceptors.TestPathContextInterceptor$intercept$2.invoke(TestPathContextInterceptor.kt)
	at kotlinx.coroutines.intrinsics.UndispatchedKt.startUndispatchedOrReturn(Undispatched.kt:61)
	at kotlinx.coroutines.BuildersKt__Builders_commonKt.withContext(Builders.common.kt:163)
	at kotlinx.coroutines.BuildersKt.withContext(Unknown Source)
	at io.kotest.engine.test.interceptors.TestPathContextInterceptor.intercept(TestPathContextInterceptor.kt:19)
	at io.kotest.engine.test.TestCaseExecutor$execute$3$1.invokeSuspend(TestCaseExecutor.kt:100)
	at io.kotest.engine.test.TestCaseExecutor$execute$3$1.invoke(TestCaseExecutor.kt)
	at io.kotest.engine.test.TestCaseExecutor$execute$3$1.invoke(TestCaseExecutor.kt)
	at io.kotest.engine.test.TestCaseExecutor.execute(TestCaseExecutor.kt:101)
	at io.kotest.engine.spec.runners.SingleInstanceSpecRunner.runTest(SingleInstanceSpecRunner.kt:113)
	at io.kotest.engine.spec.runners.SingleInstanceSpecRunner.access$runTest(SingleInstanceSpecRunner.kt:29)
	at io.kotest.engine.spec.runners.SingleInstanceSpecRunner$SingleInstanceTestScope.registerTestCase(SingleInstanceSpecRunner.kt:84)
	at io.kotest.engine.test.scopes.DuplicateNameHandlingTestScope.registerTestCase(DuplicateNameHandlingTestScope.kt:30)
	at io.kotest.engine.test.scopes.TestScopeWithCoroutineContext.registerTestCase(scopes.kt)
	at io.kotest.core.spec.style.scopes.AbstractContainerScope.registerTestCase$suspendImpl(ContainerScope.kt:222)
	at io.kotest.core.spec.style.scopes.AbstractContainerScope.registerTestCase(ContainerScope.kt)
	at io.kotest.core.spec.style.scopes.ContainerScope$DefaultImpls.registerTest(ContainerScope.kt:50)
	at io.kotest.core.spec.style.scopes.AbstractContainerScope.registerTest(ContainerScope.kt:213)
	at io.kotest.datatest.ContainerKt.withData(container.kt:73)
	at vegas.GoldenMasterTest$1$1$1.invokeSuspend(GoldenMasterTest.kt:89)
	at vegas.GoldenMasterTest$1$1$1.invoke(GoldenMasterTest.kt)
	at vegas.GoldenMasterTest$1$1$1.invoke(GoldenMasterTest.kt)
	at io.kotest.core.spec.style.scopes.FreeSpecContainerScope$minus$2.invokeSuspend(FreeSpecContainerScope.kt:26)
	at io.kotest.core.spec.style.scopes.FreeSpecContainerScope$minus$2.invoke(FreeSpecContainerScope.kt)
	at io.kotest.core.spec.style.scopes.FreeSpecContainerScope$minus$2.invoke(FreeSpecContainerScope.kt)
	at io.kotest.engine.test.TestCaseExecutor$execute$innerExecute$1.invokeSuspend(TestCaseExecutor.kt:91)
	at io.kotest.engine.test.TestCaseExecutor$execute$innerExecute$1.invoke(TestCaseExecutor.kt)
	at io.kotest.engine.test.TestCaseExecutor$execute$innerExecute$1.invoke(TestCaseExecutor.kt)
	at io.kotest.engine.test.interceptors.CoroutineDebugProbeInterceptor.intercept(CoroutineDebugProbeInterceptor.kt:29)
	at io.kotest.engine.test.TestCaseExecutor$execute$3$1.invokeSuspend(TestCaseExecutor.kt:100)
	at io.kotest.engine.test.TestCaseExecutor$execute$3$1.invoke(TestCaseExecutor.kt)
	at io.kotest.engine.test.TestCaseExecutor$execute$3$1.invoke(TestCaseExecutor.kt)
	at io.kotest.engine.test.TestInvocationInterceptor$runBeforeTestAfter$executeWithBeforeAfter$1.invokeSuspend(TestInvocationInterceptor.kt:63)
	at io.kotest.engine.test.TestInvocationInterceptor$runBeforeTestAfter$executeWithBeforeAfter$1.invoke(TestInvocationInterceptor.kt)
	at io.kotest.engine.test.TestInvocationInterceptor$runBeforeTestAfter$executeWithBeforeAfter$1.invoke(TestInvocationInterceptor.kt)
	at io.kotest.engine.test.interceptors.InvocationTimeoutInterceptor.intercept(InvocationTimeoutInterceptor.kt:28)
	at io.kotest.engine.test.TestInvocationInterceptor$runBeforeTestAfter$wrappedTest$1$1.invokeSuspend(TestInvocationInterceptor.kt:70)
	at io.kotest.engine.test.TestInvocationInterceptor$runBeforeTestAfter$wrappedTest$1$1.invoke(TestInvocationInterceptor.kt)
	at io.kotest.engine.test.TestInvocationInterceptor$runBeforeTestAfter$wrappedTest$1$1.invoke(TestInvocationInterceptor.kt)
	at io.kotest.engine.test.TestInvocationInterceptor.runBeforeTestAfter(TestInvocationInterceptor.kt:73)
	at io.kotest.engine.test.TestInvocationInterceptor.access$runBeforeTestAfter(TestInvocationInterceptor.kt:14)
	at io.kotest.engine.test.TestInvocationInterceptor$intercept$2$1.invokeSuspend(TestInvocationInterceptor.kt:36)
	at io.kotest.engine.test.TestInvocationInterceptor$intercept$2$1.invoke(TestInvocationInterceptor.kt)
	at io.kotest.engine.test.TestInvocationInterceptor$intercept$2$1.invoke(TestInvocationInterceptor.kt)
	at io.kotest.mpp.ReplayKt.replay(replay.kt:15)
	at io.kotest.engine.test.TestInvocationInterceptor$intercept$2.invokeSuspend(TestInvocationInterceptor.kt:32)
	at io.kotest.engine.test.TestInvocationInterceptor$intercept$2.invoke(TestInvocationInterceptor.kt)
	at io.kotest.engine.test.TestInvocationInterceptor$intercept$2.invoke(TestInvocationInterceptor.kt)
	at kotlinx.coroutines.intrinsics.UndispatchedKt.startUndispatchedOrReturn(Undispatched.kt:61)
	at kotlinx.coroutines.CoroutineScopeKt.coroutineScope(CoroutineScope.kt:261)
	at io.kotest.engine.test.TestInvocationInterceptor.intercept(TestInvocationInterceptor.kt:31)
	at io.kotest.engine.test.TestCaseExecutor$execute$3$1.invokeSuspend(TestCaseExecutor.kt:100)
	at io.kotest.engine.test.TestCaseExecutor$execute$3$1.invoke(TestCaseExecutor.kt)
	at io.kotest.engine.test.TestCaseExecutor$execute$3$1.invoke(TestCaseExecutor.kt)
	at io.kotest.engine.interceptors.MarkAbortedExceptionsAsSkippedTestInterceptor.intercept(MarkAbortedExceptionsAsSkippedTestInterceptor.kt:23)
	at io.kotest.engine.test.TestCaseExecutor$execute$3$1.invokeSuspend(TestCaseExecutor.kt:100)
	at io.kotest.engine.test.TestCaseExecutor$execute$3$1.invoke(TestCaseExecutor.kt)
	at io.kotest.engine.test.TestCaseExecutor$execute$3$1.invoke(TestCaseExecutor.kt)
	at io.kotest.engine.test.interceptors.ExpectExceptionTestInterceptor.intercept(ExpectExceptionTestInterceptor.kt:18)
	at io.kotest.engine.test.TestCaseExecutor$execute$3$1.invokeSuspend(TestCaseExecutor.kt:100)
	at io.kotest.engine.test.TestCaseExecutor$execute$3$1.invoke(TestCaseExecutor.kt)
	at io.kotest.engine.test.TestCaseExecutor$execute$3$1.invoke(TestCaseExecutor.kt)
	at io.kotest.engine.test.interceptors.TimeoutInterceptor.intercept(TimeoutInterceptor.kt:33)
	at io.kotest.engine.test.TestCaseExecutor$execute$3$1.invokeSuspend(TestCaseExecutor.kt:100)
	at io.kotest.engine.test.TestCaseExecutor$execute$3$1.invoke(TestCaseExecutor.kt)
	at io.kotest.engine.test.TestCaseExecutor$execute$3$1.invoke(TestCaseExecutor.kt)
	at io.kotest.engine.test.interceptors.BlockedThreadTimeoutInterceptor.intercept(BlockedThreadTimeoutInterceptor.kt:79)
	at io.kotest.engine.test.TestCaseExecutor$execute$3$1.invokeSuspend(TestCaseExecutor.kt:100)
	at io.kotest.engine.test.TestCaseExecutor$execute$3$1.invoke(TestCaseExecutor.kt)
	at io.kotest.engine.test.TestCaseExecutor$execute$3$1.invoke(TestCaseExecutor.kt)
	at io.kotest.engine.test.interceptors.CoroutineLoggingInterceptor.intercept(CoroutineLoggingInterceptor.kt:30)
	at io.kotest.engine.test.TestCaseExecutor$execute$3$1.invokeSuspend(TestCaseExecutor.kt:100)
	at io.kotest.engine.test.TestCaseExecutor$execute$3$1.invoke(TestCaseExecutor.kt)
	at io.kotest.engine.test.TestCaseExecutor$execute$3$1.invoke(TestCaseExecutor.kt)
	at io.kotest.engine.test.interceptors.SoftAssertInterceptor.intercept(SoftAssertInterceptor.kt:26)
	at io.kotest.engine.test.TestCaseExecutor$execute$3$1.invokeSuspend(TestCaseExecutor.kt:100)
	at io.kotest.engine.test.TestCaseExecutor$execute$3$1.invoke(TestCaseExecutor.kt)
	at io.kotest.engine.test.TestCaseExecutor$execute$3$1.invoke(TestCaseExecutor.kt)
	at io.kotest.engine.test.interceptors.AssertionModeInterceptor.intercept(AssertionModeInterceptor.kt:24)
	at io.kotest.engine.test.TestCaseExecutor$execute$3$1.invokeSuspend(TestCaseExecutor.kt:100)
	at io.kotest.engine.test.TestCaseExecutor$execute$3$1.invoke(TestCaseExecutor.kt)
	at io.kotest.engine.test.TestCaseExecutor$execute$3$1.invoke(TestCaseExecutor.kt)
	at io.kotest.engine.test.interceptors.LifecycleInterceptor.intercept(LifecycleInterceptor.kt:50)
	at io.kotest.engine.test.TestCaseExecutor$execute$3$1.invokeSuspend(TestCaseExecutor.kt:100)
	at io.kotest.engine.test.TestCaseExecutor$execute$3$1.invoke(TestCaseExecutor.kt)
	at io.kotest.engine.test.TestCaseExecutor$execute$3$1.invoke(TestCaseExecutor.kt)
	at io.kotest.engine.test.interceptors.TestCaseExtensionInterceptor$intercept$2.invokeSuspend(TestCaseExtensionInterceptor.kt:24)
	at io.kotest.engine.test.interceptors.TestCaseExtensionInterceptor$intercept$2.invoke(TestCaseExtensionInterceptor.kt)
	at io.kotest.engine.test.interceptors.TestCaseExtensionInterceptor$intercept$2.invoke(TestCaseExtensionInterceptor.kt)
	at io.kotest.engine.test.TestExtensions.intercept(TestExtensions.kt:148)
	at io.kotest.engine.test.interceptors.TestCaseExtensionInterceptor.intercept(TestCaseExtensionInterceptor.kt:24)
	at io.kotest.engine.test.TestCaseExecutor$execute$3$1.invokeSuspend(TestCaseExecutor.kt:100)
	at io.kotest.engine.test.TestCaseExecutor$execute$3$1.invoke(TestCaseExecutor.kt)
	at io.kotest.engine.test.TestCaseExecutor$execute$3$1.invoke(TestCaseExecutor.kt)
	at io.kotest.engine.test.interceptors.BeforeSpecListenerInterceptor$intercept$runTest$1$2.invokeSuspend(BeforeSpecListenerInterceptor.kt:43)
	at io.kotest.engine.test.interceptors.BeforeSpecListenerInterceptor$intercept$runTest$1$2.invoke(BeforeSpecListenerInterceptor.kt)
	at io.kotest.engine.test.interceptors.BeforeSpecListenerInterceptor$intercept$runTest$1$2.invoke(BeforeSpecListenerInterceptor.kt)
	at io.kotest.engine.test.interceptors.BeforeSpecListenerInterceptor.intercept(BeforeSpecListenerInterceptor.kt:60)
	at io.kotest.engine.test.TestCaseExecutor$execute$3$1.invokeSuspend(TestCaseExecutor.kt:100)
	at io.kotest.engine.test.TestCaseExecutor$execute$3$1.invoke(TestCaseExecutor.kt)
	at io.kotest.engine.test.TestCaseExecutor$execute$3$1.invoke(TestCaseExecutor.kt)
	at io.kotest.engine.test.interceptors.TestEnabledCheckInterceptor.intercept(TestEnabledCheckInterceptor.kt:31)
	at io.kotest.engine.test.TestCaseExecutor$execute$3$1.invokeSuspend(TestCaseExecutor.kt:100)
	at io.kotest.engine.test.TestCaseExecutor$execute$3$1.invoke(TestCaseExecutor.kt)
	at io.kotest.engine.test.TestCaseExecutor$execute$3$1.invoke(TestCaseExecutor.kt)
	at io.kotest.engine.test.interceptors.CoroutineErrorCollectorInterceptor$intercept$3.invokeSuspend(CoroutineErrorCollectorInterceptor.kt:34)
	at io.kotest.engine.test.interceptors.CoroutineErrorCollectorInterceptor$intercept$3.invoke(CoroutineErrorCollectorInterceptor.kt)
	at io.kotest.engine.test.interceptors.CoroutineErrorCollectorInterceptor$intercept$3.invoke(CoroutineErrorCollectorInterceptor.kt)
	at kotlinx.coroutines.intrinsics.UndispatchedKt.startUndispatchedOrReturn(Undispatched.kt:61)
	at kotlinx.coroutines.BuildersKt__Builders_commonKt.withContext(Builders.common.kt:163)
	at kotlinx.coroutines.BuildersKt.withContext(Unknown Source)
	at io.kotest.engine.test.interceptors.CoroutineErrorCollectorInterceptor.intercept(CoroutineErrorCollectorInterceptor.kt:33)
	at io.kotest.engine.test.TestCaseExecutor$execute$3$1.invokeSuspend(TestCaseExecutor.kt:100)
	at io.kotest.engine.test.TestCaseExecutor$execute$3$1.invoke(TestCaseExecutor.kt)
	at io.kotest.engine.test.TestCaseExecutor$execute$3$1.invoke(TestCaseExecutor.kt)
	at io.kotest.engine.test.interceptors.CoroutineDispatcherFactoryInterceptor$intercept$4.invokeSuspend(coroutineDispatcherFactoryInterceptor.kt:57)
	at io.kotest.engine.test.interceptors.CoroutineDispatcherFactoryInterceptor$intercept$4.invoke(coroutineDispatcherFactoryInterceptor.kt)
	at io.kotest.engine.test.interceptors.CoroutineDispatcherFactoryInterceptor$intercept$4.invoke(coroutineDispatcherFactoryInterceptor.kt)
	at io.kotest.engine.concurrency.FixedThreadCoroutineDispatcherFactory$withDispatcher$4.invokeSuspend(FixedThreadCoroutineDispatcherFactory.kt:59)
	at io.kotest.engine.concurrency.FixedThreadCoroutineDispatcherFactory$withDispatcher$4.invoke(FixedThreadCoroutineDispatcherFactory.kt)
	at io.kotest.engine.concurrency.FixedThreadCoroutineDispatcherFactory$withDispatcher$4.invoke(FixedThreadCoroutineDispatcherFactory.kt)
	at kotlinx.coroutines.intrinsics.UndispatchedKt.startUndispatchedOrReturn(Undispatched.kt:61)
	at kotlinx.coroutines.BuildersKt__Builders_commonKt.withContext(Builders.common.kt:163)
	at kotlinx.coroutines.BuildersKt.withContext(Unknown Source)
	at io.kotest.engine.concurrency.FixedThreadCoroutineDispatcherFactory.withDispatcher(FixedThreadCoroutineDispatcherFactory.kt:58)
	at io.kotest.engine.test.interceptors.CoroutineDispatcherFactoryInterceptor.intercept(coroutineDispatcherFactoryInterceptor.kt:56)
	at io.kotest.engine.test.TestCaseExecutor$execute$3$1.invokeSuspend(TestCaseExecutor.kt:100)
	at io.kotest.engine.test.TestCaseExecutor$execute$3$1.invoke(TestCaseExecutor.kt)
	at io.kotest.engine.test.TestCaseExecutor$execute$3$1.invoke(TestCaseExecutor.kt)
	at io.kotest.engine.test.interceptors.SupervisorScopeInterceptor$intercept$2.invokeSuspend(SupervisorScopeInterceptor.kt:23)
	at io.kotest.engine.test.interceptors.SupervisorScopeInterceptor$intercept$2.invoke(SupervisorScopeInterceptor.kt)
	at io.kotest.engine.test.interceptors.SupervisorScopeInterceptor$intercept$2.invoke(SupervisorScopeInterceptor.kt)
	at kotlinx.coroutines.intrinsics.UndispatchedKt.startUndispatchedOrReturn(Undispatched.kt:61)
	at kotlinx.coroutines.SupervisorKt.supervisorScope(Supervisor.kt:56)
	at io.kotest.engine.test.interceptors.SupervisorScopeInterceptor.intercept(SupervisorScopeInterceptor.kt:22)
	at io.kotest.engine.test.TestCaseExecutor$execute$3$1.invokeSuspend(TestCaseExecutor.kt:100)
	at io.kotest.engine.test.TestCaseExecutor$execute$3$1.invoke(TestCaseExecutor.kt)
	at io.kotest.engine.test.TestCaseExecutor$execute$3$1.invoke(TestCaseExecutor.kt)
	at io.kotest.engine.test.interceptors.InvocationCountCheckInterceptor.intercept(InvocationCountCheckInterceptor.kt:24)
	at io.kotest.engine.test.TestCaseExecutor$execute$3$1.invokeSuspend(TestCaseExecutor.kt:100)
	at io.kotest.engine.test.TestCaseExecutor$execute$3$1.invoke(TestCaseExecutor.kt)
	at io.kotest.engine.test.TestCaseExecutor$execute$3$1.invoke(TestCaseExecutor.kt)
	at io.kotest.engine.test.interceptors.TestFinishedInterceptor.intercept(TestFinishedInterceptor.kt:21)
	at io.kotest.engine.test.TestCaseExecutor$execute$3$1.invokeSuspend(TestCaseExecutor.kt:100)
	at io.kotest.engine.test.TestCaseExecutor$execute$3$1.invoke(TestCaseExecutor.kt)
	at io.kotest.engine.test.TestCaseExecutor$execute$3$1.invoke(TestCaseExecutor.kt)
	at io.kotest.engine.test.interceptors.TestNameContextInterceptor$intercept$2.invokeSuspend(TestPathContextInterceptor.kt:35)
	at io.kotest.engine.test.interceptors.TestNameContextInterceptor$intercept$2.invoke(TestPathContextInterceptor.kt)
	at io.kotest.engine.test.interceptors.TestNameContextInterceptor$intercept$2.invoke(TestPathContextInterceptor.kt)
	at kotlinx.coroutines.intrinsics.UndispatchedKt.startUndispatchedOrReturn(Undispatched.kt:61)
	at kotlinx.coroutines.BuildersKt__Builders_commonKt.withContext(Builders.common.kt:163)
	at kotlinx.coroutines.BuildersKt.withContext(Unknown Source)
	at io.kotest.engine.test.interceptors.TestNameContextInterceptor.intercept(TestPathContextInterceptor.kt:34)
	at io.kotest.engine.test.TestCaseExecutor$execute$3$1.invokeSuspend(TestCaseExecutor.kt:100)
	at io.kotest.engine.test.TestCaseExecutor$execute$3$1.invoke(TestCaseExecutor.kt)
	at io.kotest.engine.test.TestCaseExecutor$execute$3$1.invoke(TestCaseExecutor.kt)
	at io.kotest.engine.test.interceptors.TestPathContextInterceptor$intercept$2.invokeSuspend(TestPathContextInterceptor.kt:20)
	at io.kotest.engine.test.interceptors.TestPathContextInterceptor$intercept$2.invoke(TestPathContextInterceptor.kt)
	at io.kotest.engine.test.interceptors.TestPathContextInterceptor$intercept$2.invoke(TestPathContextInterceptor.kt)
	at kotlinx.coroutines.intrinsics.UndispatchedKt.startUndispatchedOrReturn(Undispatched.kt:61)
	at kotlinx.coroutines.BuildersKt__Builders_commonKt.withContext(Builders.common.kt:163)
	at kotlinx.coroutines.BuildersKt.withContext(Unknown Source)
	at io.kotest.engine.test.interceptors.TestPathContextInterceptor.intercept(TestPathContextInterceptor.kt:19)
	at io.kotest.engine.test.TestCaseExecutor$execute$3$1.invokeSuspend(TestCaseExecutor.kt:100)
	at io.kotest.engine.test.TestCaseExecutor$execute$3$1.invoke(TestCaseExecutor.kt)
	at io.kotest.engine.test.TestCaseExecutor$execute$3$1.invoke(TestCaseExecutor.kt)
	at io.kotest.engine.test.TestCaseExecutor.execute(TestCaseExecutor.kt:101)
	at io.kotest.engine.spec.runners.SingleInstanceSpecRunner.runTest(SingleInstanceSpecRunner.kt:113)
	at io.kotest.engine.spec.runners.SingleInstanceSpecRunner.access$runTest(SingleInstanceSpecRunner.kt:29)
	at io.kotest.engine.spec.runners.SingleInstanceSpecRunner$SingleInstanceTestScope.registerTestCase(SingleInstanceSpecRunner.kt:84)
	at io.kotest.engine.test.scopes.DuplicateNameHandlingTestScope.registerTestCase(DuplicateNameHandlingTestScope.kt:30)
	at io.kotest.engine.test.scopes.TestScopeWithCoroutineContext.registerTestCase(scopes.kt)
	at io.kotest.core.spec.style.scopes.AbstractContainerScope.registerTestCase$suspendImpl(ContainerScope.kt:222)
	at io.kotest.core.spec.style.scopes.AbstractContainerScope.registerTestCase(ContainerScope.kt)
	at io.kotest.core.spec.style.scopes.AbstractContainerScope.registerTestCase$suspendImpl(ContainerScope.kt:222)
	at io.kotest.core.spec.style.scopes.AbstractContainerScope.registerTestCase(ContainerScope.kt)
	at io.kotest.core.spec.style.scopes.ContainerScope$DefaultImpls.registerTest(ContainerScope.kt:50)
	at io.kotest.core.spec.style.scopes.AbstractContainerScope.registerTest(ContainerScope.kt:213)
	at io.kotest.core.spec.style.scopes.ContainerScope$DefaultImpls.registerContainer(ContainerScope.kt:68)
	at io.kotest.core.spec.style.scopes.AbstractContainerScope.registerContainer(ContainerScope.kt:213)
	at io.kotest.core.spec.style.scopes.FreeSpecContainerScope.minus(FreeSpecContainerScope.kt:26)
	at vegas.GoldenMasterTest$1$1.invokeSuspend(GoldenMasterTest.kt:88)
	at vegas.GoldenMasterTest$1$1.invoke(GoldenMasterTest.kt)
	at vegas.GoldenMasterTest$1$1.invoke(GoldenMasterTest.kt)
	at io.kotest.core.spec.style.scopes.FreeSpecRootScope$minus$1.invokeSuspend(FreeSpecRootScope.kt:21)
	at io.kotest.core.spec.style.scopes.FreeSpecRootScope$minus$1.invoke(FreeSpecRootScope.kt)
	at io.kotest.core.spec.style.scopes.FreeSpecRootScope$minus$1.invoke(FreeSpecRootScope.kt)
	at io.kotest.core.spec.style.scopes.RootScopeKt$addTest$1.invokeSuspend(RootScope.kt:36)
	at io.kotest.core.spec.style.scopes.RootScopeKt$addTest$1.invoke(RootScope.kt)
	at io.kotest.core.spec.style.scopes.RootScopeKt$addTest$1.invoke(RootScope.kt)
	at io.kotest.engine.test.TestCaseExecutor$execute$innerExecute$1.invokeSuspend(TestCaseExecutor.kt:91)
	at io.kotest.engine.test.TestCaseExecutor$execute$innerExecute$1.invoke(TestCaseExecutor.kt)
	at io.kotest.engine.test.TestCaseExecutor$execute$innerExecute$1.invoke(TestCaseExecutor.kt)
	at io.kotest.engine.test.interceptors.CoroutineDebugProbeInterceptor.intercept(CoroutineDebugProbeInterceptor.kt:29)
	at io.kotest.engine.test.TestCaseExecutor$execute$3$1.invokeSuspend(TestCaseExecutor.kt:100)
	at io.kotest.engine.test.TestCaseExecutor$execute$3$1.invoke(TestCaseExecutor.kt)
	at io.kotest.engine.test.TestCaseExecutor$execute$3$1.invoke(TestCaseExecutor.kt)
	at io.kotest.engine.test.TestInvocationInterceptor$runBeforeTestAfter$executeWithBeforeAfter$1.invokeSuspend(TestInvocationInterceptor.kt:63)
	at io.kotest.engine.test.TestInvocationInterceptor$runBeforeTestAfter$executeWithBeforeAfter$1.invoke(TestInvocationInterceptor.kt)
	at io.kotest.engine.test.TestInvocationInterceptor$runBeforeTestAfter$executeWithBeforeAfter$1.invoke(TestInvocationInterceptor.kt)
	at io.kotest.engine.test.interceptors.InvocationTimeoutInterceptor.intercept(InvocationTimeoutInterceptor.kt:28)
	at io.kotest.engine.test.TestInvocationInterceptor$runBeforeTestAfter$wrappedTest$1$1.invokeSuspend(TestInvocationInterceptor.kt:70)
	at io.kotest.engine.test.TestInvocationInterceptor$runBeforeTestAfter$wrappedTest$1$1.invoke(TestInvocationInterceptor.kt)
	at io.kotest.engine.test.TestInvocationInterceptor$runBeforeTestAfter$wrappedTest$1$1.invoke(TestInvocationInterceptor.kt)
	at io.kotest.engine.test.TestInvocationInterceptor.runBeforeTestAfter(TestInvocationInterceptor.kt:73)
	at io.kotest.engine.test.TestInvocationInterceptor.access$runBeforeTestAfter(TestInvocationInterceptor.kt:14)
	at io.kotest.engine.test.TestInvocationInterceptor$intercept$2$1.invokeSuspend(TestInvocationInterceptor.kt:36)
	at io.kotest.engine.test.TestInvocationInterceptor$intercept$2$1.invoke(TestInvocationInterceptor.kt)
	at io.kotest.engine.test.TestInvocationInterceptor$intercept$2$1.invoke(TestInvocationInterceptor.kt)
	at io.kotest.mpp.ReplayKt.replay(replay.kt:15)
	at io.kotest.engine.test.TestInvocationInterceptor$intercept$2.invokeSuspend(TestInvocationInterceptor.kt:32)
	at io.kotest.engine.test.TestInvocationInterceptor$intercept$2.invoke(TestInvocationInterceptor.kt)
	at io.kotest.engine.test.TestInvocationInterceptor$intercept$2.invoke(TestInvocationInterceptor.kt)
	at kotlinx.coroutines.intrinsics.UndispatchedKt.startUndispatchedOrReturn(Undispatched.kt:61)
	at kotlinx.coroutines.CoroutineScopeKt.coroutineScope(CoroutineScope.kt:261)
	at io.kotest.engine.test.TestInvocationInterceptor.intercept(TestInvocationInterceptor.kt:31)
	at io.kotest.engine.test.TestCaseExecutor$execute$3$1.invokeSuspend(TestCaseExecutor.kt:100)
	at io.kotest.engine.test.TestCaseExecutor$execute$3$1.invoke(TestCaseExecutor.kt)
	at io.kotest.engine.test.TestCaseExecutor$execute$3$1.invoke(TestCaseExecutor.kt)
	at io.kotest.engine.interceptors.MarkAbortedExceptionsAsSkippedTestInterceptor.intercept(MarkAbortedExceptionsAsSkippedTestInterceptor.kt:23)
	at io.kotest.engine.test.TestCaseExecutor$execute$3$1.invokeSuspend(TestCaseExecutor.kt:100)
	at io.kotest.engine.test.TestCaseExecutor$execute$3$1.invoke(TestCaseExecutor.kt)
	at io.kotest.engine.test.TestCaseExecutor$execute$3$1.invoke(TestCaseExecutor.kt)
	at io.kotest.engine.test.interceptors.ExpectExceptionTestInterceptor.intercept(ExpectExceptionTestInterceptor.kt:18)
	at io.kotest.engine.test.TestCaseExecutor$execute$3$1.invokeSuspend(TestCaseExecutor.kt:100)
	at io.kotest.engine.test.TestCaseExecutor$execute$3$1.invoke(TestCaseExecutor.kt)
	at io.kotest.engine.test.TestCaseExecutor$execute$3$1.invoke(TestCaseExecutor.kt)
	at io.kotest.engine.test.interceptors.TimeoutInterceptor.intercept(TimeoutInterceptor.kt:33)
	at io.kotest.engine.test.TestCaseExecutor$execute$3$1.invokeSuspend(TestCaseExecutor.kt:100)
	at io.kotest.engine.test.TestCaseExecutor$execute$3$1.invoke(TestCaseExecutor.kt)
	at io.kotest.engine.test.TestCaseExecutor$execute$3$1.invoke(TestCaseExecutor.kt)
	at io.kotest.engine.test.interceptors.BlockedThreadTimeoutInterceptor.intercept(BlockedThreadTimeoutInterceptor.kt:79)
	at io.kotest.engine.test.TestCaseExecutor$execute$3$1.invokeSuspend(TestCaseExecutor.kt:100)
	at io.kotest.engine.test.TestCaseExecutor$execute$3$1.invoke(TestCaseExecutor.kt)
	at io.kotest.engine.test.TestCaseExecutor$execute$3$1.invoke(TestCaseExecutor.kt)
	at io.kotest.engine.test.interceptors.CoroutineLoggingInterceptor.intercept(CoroutineLoggingInterceptor.kt:30)
	at io.kotest.engine.test.TestCaseExecutor$execute$3$1.invokeSuspend(TestCaseExecutor.kt:100)
	at io.kotest.engine.test.TestCaseExecutor$execute$3$1.invoke(TestCaseExecutor.kt)
	at io.kotest.engine.test.TestCaseExecutor$execute$3$1.invoke(TestCaseExecutor.kt)
	at io.kotest.engine.test.interceptors.SoftAssertInterceptor.intercept(SoftAssertInterceptor.kt:26)
	at io.kotest.engine.test.TestCaseExecutor$execute$3$1.invokeSuspend(TestCaseExecutor.kt:100)
	at io.kotest.engine.test.TestCaseExecutor$execute$3$1.invoke(TestCaseExecutor.kt)
	at io.kotest.engine.test.TestCaseExecutor$execute$3$1.invoke(TestCaseExecutor.kt)
	at io.kotest.engine.test.interceptors.AssertionModeInterceptor.intercept(AssertionModeInterceptor.kt:24)
	at io.kotest.engine.test.TestCaseExecutor$execute$3$1.invokeSuspend(TestCaseExecutor.kt:100)
	at io.kotest.engine.test.TestCaseExecutor$execute$3$1.invoke(TestCaseExecutor.kt)
	at io.kotest.engine.test.TestCaseExecutor$execute$3$1.invoke(TestCaseExecutor.kt)
	at io.kotest.engine.test.interceptors.LifecycleInterceptor.intercept(LifecycleInterceptor.kt:50)
	at io.kotest.engine.test.TestCaseExecutor$execute$3$1.invokeSuspend(TestCaseExecutor.kt:100)
	at io.kotest.engine.test.TestCaseExecutor$execute$3$1.invoke(TestCaseExecutor.kt)
	at io.kotest.engine.test.TestCaseExecutor$execute$3$1.invoke(TestCaseExecutor.kt)
	at io.kotest.engine.test.interceptors.TestCaseExtensionInterceptor$intercept$2.invokeSuspend(TestCaseExtensionInterceptor.kt:24)
	at io.kotest.engine.test.interceptors.TestCaseExtensionInterceptor$intercept$2.invoke(TestCaseExtensionInterceptor.kt)
	at io.kotest.engine.test.interceptors.TestCaseExtensionInterceptor$intercept$2.invoke(TestCaseExtensionInterceptor.kt)
	at io.kotest.engine.test.TestExtensions.intercept(TestExtensions.kt:148)
	at io.kotest.engine.test.interceptors.TestCaseExtensionInterceptor.intercept(TestCaseExtensionInterceptor.kt:24)
	at io.kotest.engine.test.TestCaseExecutor$execute$3$1.invokeSuspend(TestCaseExecutor.kt:100)
	at io.kotest.engine.test.TestCaseExecutor$execute$3$1.invoke(TestCaseExecutor.kt)
	at io.kotest.engine.test.TestCaseExecutor$execute$3$1.invoke(TestCaseExecutor.kt)
	at io.kotest.engine.test.interceptors.BeforeSpecListenerInterceptor$intercept$runTest$1$4$1.invokeSuspend(BeforeSpecListenerInterceptor.kt:50)
	at io.kotest.engine.test.interceptors.BeforeSpecListenerInterceptor$intercept$runTest$1$4$1.invoke(BeforeSpecListenerInterceptor.kt)
	at io.kotest.engine.test.interceptors.BeforeSpecListenerInterceptor$intercept$runTest$1$4$1.invoke(BeforeSpecListenerInterceptor.kt)
	at io.kotest.engine.test.interceptors.BeforeSpecListenerInterceptor.intercept(BeforeSpecListenerInterceptor.kt:60)
	at io.kotest.engine.test.TestCaseExecutor$execute$3$1.invokeSuspend(TestCaseExecutor.kt:100)
	at io.kotest.engine.test.TestCaseExecutor$execute$3$1.invoke(TestCaseExecutor.kt)
	at io.kotest.engine.test.TestCaseExecutor$execute$3$1.invoke(TestCaseExecutor.kt)
	at io.kotest.engine.test.interceptors.TestEnabledCheckInterceptor.intercept(TestEnabledCheckInterceptor.kt:31)
	at io.kotest.engine.test.TestCaseExecutor$execute$3$1.invokeSuspend(TestCaseExecutor.kt:100)
	at io.kotest.engine.test.TestCaseExecutor$execute$3$1.invoke(TestCaseExecutor.kt)
	at io.kotest.engine.test.TestCaseExecutor$execute$3$1.invoke(TestCaseExecutor.kt)
	at io.kotest.engine.test.interceptors.CoroutineErrorCollectorInterceptor$intercept$3.invokeSuspend(CoroutineErrorCollectorInterceptor.kt:34)
	at io.kotest.engine.test.interceptors.CoroutineErrorCollectorInterceptor$intercept$3.invoke(CoroutineErrorCollectorInterceptor.kt)
	at io.kotest.engine.test.interceptors.CoroutineErrorCollectorInterceptor$intercept$3.invoke(CoroutineErrorCollectorInterceptor.kt)
	at kotlinx.coroutines.intrinsics.UndispatchedKt.startUndispatchedOrReturn(Undispatched.kt:61)
	at kotlinx.coroutines.BuildersKt__Builders_commonKt.withContext(Builders.common.kt:163)
	at kotlinx.coroutines.BuildersKt.withContext(Unknown Source)
	at io.kotest.engine.test.interceptors.CoroutineErrorCollectorInterceptor.intercept(CoroutineErrorCollectorInterceptor.kt:33)
	at io.kotest.engine.test.TestCaseExecutor$execute$3$1.invokeSuspend(TestCaseExecutor.kt:100)
	at io.kotest.engine.test.TestCaseExecutor$execute$3$1.invoke(TestCaseExecutor.kt)
	at io.kotest.engine.test.TestCaseExecutor$execute$3$1.invoke(TestCaseExecutor.kt)
	at io.kotest.engine.test.interceptors.CoroutineDispatcherFactoryInterceptor$intercept$4.invokeSuspend(coroutineDispatcherFactoryInterceptor.kt:57)
	at io.kotest.engine.test.interceptors.CoroutineDispatcherFactoryInterceptor$intercept$4.invoke(coroutineDispatcherFactoryInterceptor.kt)
	at io.kotest.engine.test.interceptors.CoroutineDispatcherFactoryInterceptor$intercept$4.invoke(coroutineDispatcherFactoryInterceptor.kt)
	at io.kotest.engine.concurrency.FixedThreadCoroutineDispatcherFactory$withDispatcher$4.invokeSuspend(FixedThreadCoroutineDispatcherFactory.kt:59)
	at kotlin.coroutines.jvm.internal.BaseContinuationImpl.resumeWith(ContinuationImpl.kt:33)
	at kotlinx.coroutines.DispatchedTask.run(DispatchedTask.kt:104)
	at java.base/java.util.concurrent.ThreadPoolExecutor.runWorker(ThreadPoolExecutor.java:1144)
	at java.base/java.util.concurrent.ThreadPoolExecutor$Worker.run(ThreadPoolExecutor.java:642)
	at java.base/java.lang.Thread.run(Thread.java:1583)

[INFO] Tests run: 0, Failures: 0, Errors: 0, Skipped: 0, Time elapsed: 1.079 s -- in vegas.GoldenMasterTest
[INFO] Running vegas.GoldenMasterTest
[INFO] Tests run: 6, Failures: 0, Errors: 0, Skipped: 0, Time elapsed: 0.041 s -- in vegas.GoldenMasterTest
[INFO] Tests run: 0, Failures: 0, Errors: 0, Skipped: 0, Time elapsed: 1.259 s -- in vegas.GoldenMasterTest
[INFO]
[INFO] Results:
[INFO]
[ERROR] Errors:
[ERROR] vegas.GoldenMasterTest.null
[INFO]   Run 1: PASS
[INFO]   Run 2: PASS
[INFO]   Run 3: PASS
[INFO]   Run 4: PASS
[INFO]   Run 5: PASS
[INFO]   Run 6: PASS
[INFO]   Run 7: PASS
[INFO]   Run 8: PASS
[INFO]   Run 9: PASS
[INFO]   Run 10: PASS
[INFO]   Run 11: PASS
[INFO]   Run 12: PASS
[INFO]   Run 13: PASS
[INFO]   Run 14: PASS
[ERROR]   Run 15: GoldenMasterTest expected:<[Change at line 84]   sig_HostMoveGoat : Signed Host P_HostMoveGoat;
  guard : (w_HostMoveGoat.(sig_HostMoveGoat).(msg).(goat) <> w_GuestMoveD.(sig_GuestMoveD).(msg).(d));
}.

Record W_GuestMoveSwitch (w_HostJoin : W_HostJoin) (w_GuestJoin : (W_GuestJoin w_HostJoin)) (w_HostCommitCar : (W_HostCommitCar w_HostJoin w_GuestJoin)) (w_GuestMoveD : (W_GuestMoveD w_HostJoin w_GuestJoin w_HostCommitCar)) (w_HostMoveGoat : (W_HostMoveGoat w_HostJoin w_GuestJoin w_HostCommitCar w_GuestMoveD)) : Type := {
  sig_GuestMoveSwitch : Signed Guest P_GuestMoveSwitch;
}.

Record W_HostRevealCar (w_HostJoin : W_HostJoin) (w_GuestJoin : (W_GuestJoin w_HostJoin)) (w_HostCommitCar : (W_HostCommitCar w_HostJoin w_GuestJoin)) (w_GuestMoveD : (W_GuestMoveD w_HostJoin w_GuestJoin w_HostCommitCar)) (w_HostMoveGoat : (W_HostMoveGoat w_HostJoin w_GuestJoin w_HostCommitCar w_GuestMoveD)) (w_GuestMoveSwitch : (W_GuestMoveSwitch w_HostJoin w_GuestJoin w_HostCommitCar w_GuestMoveD w_HostMoveGoat)) : Type := {
  sig_HostRevealCar : Signed Host P_HostRevealCar;
  opening_car : Opens w_HostCommitCar.(sig_HostCommitCar).(msg).(com_car) sig_HostRevealCar.(msg).(car);
  guard : (w_HostMoveGoat.(sig_HostMoveGoat).(msg).(goat) <> w_HostCommitCar.(sig_HostCommitCar).(msg).(car));
}.

(* ===================== *)
(* 5) Typed runtime/ESM  *)
(* ===================== *)

Inductive Stage : Type :=
S0 | S1 | S2 | S3 | S4 | S5 | S6 | S7.

Inductive State : Stage -> Type :=
| st0 : State S0
| st1 : (w_HostJoin : W_HostJoin) -> State S1
| st2 : (w_HostJoin : W_HostJoin) (w_GuestJoin : (W_GuestJoin w_HostJoin)) -> State S2
| st3 : (w_HostJoin : W_HostJoin) (w_GuestJoin : (W_GuestJoin w_HostJoin)) (w_HostCommitCar : (W_HostCommitCar w_HostJoin w_GuestJoin)) -> State S3
| st4 : (w_HostJoin : W_HostJoin) (w_GuestJoin : (W_GuestJoin w_HostJoin)) (w_HostCommitCar : (W_HostCommitCar w_HostJoin w_GuestJoin)) (w_GuestMoveD : (W_GuestMoveD w_HostJoin w_GuestJoin w_HostCommitCar)) -> State S4
| st5 : (w_HostJoin : W_HostJoin) (w_GuestJoin : (W_GuestJoin w_HostJoin)) (w_HostCommitCar : (W_HostCommitCar w_HostJoin w_GuestJoin)) (w_GuestMoveD : (W_GuestMoveD w_HostJoin w_GuestJoin w_HostCommitCar)) (w_HostMoveGoat : (W_HostMoveGoat w_HostJoin w_GuestJoin w_HostCommitCar w_GuestMoveD)) -> State S5
| st6 : (w_HostJoin : W_HostJoin) (w_GuestJoin : (W_GuestJoin w_HostJoin)) (w_HostCommitCar : (W_HostCommitCar w_HostJoin w_GuestJoin)) (w_GuestMoveD : (W_GuestMoveD w_HostJoin w_GuestJoin w_HostCommitCar)) (w_HostMoveGoat : (W_HostMoveGoat w_HostJoin w_GuestJoin w_HostCommitCar w_GuestMoveD)) (w_GuestMoveSwitch : (W_GuestMoveSwitch w_HostJoin w_GuestJoin w_HostCommitCar w_GuestMoveD w_HostMoveGoat)) -> State S6
| st7 : (w_HostJoin : W_HostJoin) (w_GuestJoin : (W_GuestJoin w_HostJoin)) (w_HostCommitCar : (W_HostCommitCar w_HostJoin w_GuestJoin)) (w_GuestMoveD : (W_GuestMoveD w_HostJoin w_GuestJoin w_HostCommitCar)) (w_HostMoveGoat : (W_HostMoveGoat w_HostJoin w_GuestJoin w_HostCommitCar w_GuestMoveD)) (w_GuestMoveSwitch : (W_GuestMoveSwitch w_HostJoin w_GuestJoin w_HostCommitCar w_GuestMoveD w_HostMoveGoat)) (w_HostRevealCar : (W_HostRevealCar w_HostJoin w_GuestJoin w_HostCommitCar w_GuestMoveD w_HostMoveGoat w_GuestMoveSwitch)) -> State S7
.

(* Step API *)
Definition step_hostjoin_from_s0 (s : State S0) (sig : Signed Host P_HostJoin)
 : State S1 :=
  match s with
  | st0 =>
      st1 {| sig_HostJoin := sig |}
  end.

Definition step_guestjoin_from_s1 (s : State S1) (sig : Signed Guest P_GuestJoin)
 : State S2 :=
  match s with
  | st1 w_HostJoin =>
      st2 w_HostJoin {| sig_GuestJoin := sig |}
  end.

Definition step_hostcommitcar_from_s2 (s : State S2) (sig : Signed Host P_HostCommitCar)
 : State S3 :=
  match s with
  | st2 w_HostJoin w_GuestJoin =>
      st3 w_HostJoin w_GuestJoin {| sig_HostCommitCar := sig |}
  end.

Definition step_guestmoved_from_s3 (s : State S3) (sig : Signed Guest P_GuestMoveD)
 : State S4 :=
  match s with
  | st3 w_HostJoin w_GuestJoin w_HostCommitCar =>
      st4 w_HostJoin w_GuestJoin w_HostCommitCar {| sig_GuestMoveD := sig |}
  end.

Definition step_hostmovegoat_from_s4 (s : State S4) (sig : Signed Host P_HostMoveGoat)
  (Hguard : (sig.(msg).(goat) <> (match s with st4 w_HostJoin w_GuestJoin w_HostCommitCar w_GuestMoveD => w_GuestMoveD.(sig_GuestMoveD).(msg).(d) end))) : State S5 :=
  match s with
  | st4 w_HostJoin w_GuestJoin w_HostCommitCar w_GuestMoveD =>
      st5 w_HostJoin w_GuestJoin w_HostCommitCar w_GuestMoveD {| sig_HostMoveGoat := sig; guard := Hguard |}
  end.

Definition step_guestmoveswitch_from_s5 (s : State S5) (sig : Signed Guest P_GuestMoveSwitch)
 : State S6 :=
  match s with
  | st5 w_HostJoin w_GuestJoin w_HostCommitCar w_GuestMoveD w_HostMoveGoat =>
      st6 w_HostJoin w_GuestJoin w_HostCommitCar w_GuestMoveD w_HostMoveGoat {| sig_GuestMoveSwitch := sig |}
  end.

Definition step_hostrevealcar_from_s6 (s : State S6) (sig : Signed Host P_HostRevealCar)
  (Hguard : ((match s with st6 w_HostJoin w_GuestJoin w_HostCommitCar w_GuestMoveD w_HostMoveGoat w_GuestMoveSwitch => w_HostMoveGoat.(sig_HostMoveGoat).(msg).(goat) end) <> (match s with st6 w_HostJoin w_GuestJoin w_HostCommitCar w_GuestMoveD w_HostMoveGoat w_GuestMoveSwitch => w_HostCommitCar.(sig_HostCommitCar).(msg).(car) end)))
  (Hopen_car : Opens (match s with st6 w_HostJoin w_GuestJoin w_HostCommitCar w_GuestMoveD w_HostMoveGoat w_GuestMoveSwitch => w_HostCommitCar.(sig_HostCommitCar).(msg).(com_car) end) sig.(msg).(car)) : State S7 :=
  match s with
  | st6 w_HostJoin w_GuestJoin w_HostCommitCar w_GuestMoveD w_HostMoveGoat w_GuestMoveSwitch =>
      st7 w_HostJoin w_GuestJoin w_HostCommitCar w_GuestMoveD w_HostMoveGoat w_GuestMoveSwitch {| sig_HostRevealCar := sig; guard := Hguard; opening_car := Hopen_car |}
  end.

End MontyHall_Protocol.

[Change at line 94]   opening_car : Opens w_HostCommitCar.(sig_HostCommitCar).(msg).(com_car) sig_HostRevealCar.(msg).(car);
  guard : (w_HostMoveGoat.(sig_HostMoveGoat).(msg).(goat) <> w_HostCommitCar.(sig_HostCommitCar).(msg).(car));
}.

(* ===================== *)
(* 5) Typed runtime/ESM  *)
(* ===================== *)

Inductive Stage : Type :=
S0 | S1 | S2 | S3 | S4 | S5 | S6 | S7.

Inductive State : Stage -> Type :=
| st0 : State S0
| st1 : (w_HostJoin : W_HostJoin) -> State S1
| st2 : (w_HostJoin : W_HostJoin) (w_GuestJoin : (W_GuestJoin w_HostJoin)) -> State S2
| st3 : (w_HostJoin : W_HostJoin) (w_GuestJoin : (W_GuestJoin w_HostJoin)) (w_HostCommitCar : (W_HostCommitCar w_HostJoin w_GuestJoin)) -> State S3
| st4 : (w_HostJoin : W_HostJoin) (w_GuestJoin : (W_GuestJoin w_HostJoin)) (w_HostCommitCar : (W_HostCommitCar w_HostJoin w_GuestJoin)) (w_GuestMoveD : (W_GuestMoveD w_HostJoin w_GuestJoin w_HostCommitCar)) -> State S4
| st5 : (w_HostJoin : W_HostJoin) (w_GuestJoin : (W_GuestJoin w_HostJoin)) (w_HostCommitCar : (W_HostCommitCar w_HostJoin w_GuestJoin)) (w_GuestMoveD : (W_GuestMoveD w_HostJoin w_GuestJoin w_HostCommitCar)) (w_HostMoveGoat : (W_HostMoveGoat w_HostJoin w_GuestJoin w_HostCommitCar w_GuestMoveD)) -> State S5
| st6 : (w_HostJoin : W_HostJoin) (w_GuestJoin : (W_GuestJoin w_HostJoin)) (w_HostCommitCar : (W_HostCommitCar w_HostJoin w_GuestJoin)) (w_GuestMoveD : (W_GuestMoveD w_HostJoin w_GuestJoin w_HostCommitCar)) (w_HostMoveGoat : (W_HostMoveGoat w_HostJoin w_GuestJoin w_HostCommitCar w_GuestMoveD)) (w_GuestMoveSwitch : (W_GuestMoveSwitch w_HostJoin w_GuestJoin w_HostCommitCar w_GuestMoveD w_HostMoveGoat)) -> State S6
| st7 : (w_HostJoin : W_HostJoin) (w_GuestJoin : (W_GuestJoin w_HostJoin)) (w_HostCommitCar : (W_HostCommitCar w_HostJoin w_GuestJoin)) (w_GuestMoveD : (W_GuestMoveD w_HostJoin w_GuestJoin w_HostCommitCar)) (w_HostMoveGoat : (W_HostMoveGoat w_HostJoin w_GuestJoin w_HostCommitCar w_GuestMoveD)) (w_GuestMoveSwitch : (W_GuestMoveSwitch w_HostJoin w_GuestJoin w_HostCommitCar w_GuestMoveD w_HostMoveGoat)) (w_HostRevealCar : (W_HostRevealCar w_HostJoin w_GuestJoin w_HostCommitCar w_GuestMoveD w_HostMoveGoat w_GuestMoveSwitch)) -> State S7
.

(* Step API *)
Definition step_hostjoin_from_s0 (s : State S0) (sig : Signed Host P_HostJoin)
 : State S1 :=
  match s with
  | st0 =>
      st1 {| sig_HostJoin := sig |}
  end.

Definition step_guestjoin_from_s1 (s : State S1) (sig : Signed Guest P_GuestJoin)
 : State S2 :=
  match s with
  | st1 w_HostJoin =>
      st2 w_HostJoin {| sig_GuestJoin := sig |}
  end.

Definition step_hostcommitcar_from_s2 (s : State S2) (sig : Signed Host P_HostCommitCar)
 : State S3 :=
  match s with
  | st2 w_HostJoin w_GuestJoin =>
      st3 w_HostJoin w_GuestJoin {| sig_HostCommitCar := sig |}
  end.

Definition step_guestmoved_from_s3 (s : State S3) (sig : Signed Guest P_GuestMoveD)
 : State S4 :=
  match s with
  | st3 w_HostJoin w_GuestJoin w_HostCommitCar =>
      st4 w_HostJoin w_GuestJoin w_HostCommitCar {| sig_GuestMoveD := sig |}
  end.

Definition step_hostmovegoat_from_s4 (s : State S4) (sig : Signed Host P_HostMoveGoat)
  (Hguard : (sig.(msg).(goat) <> (match s with st4 w_HostJoin w_GuestJoin w_HostCommitCar w_GuestMoveD => w_GuestMoveD.(sig_GuestMoveD).(msg).(d) end))) : State S5 :=
  match s with
  | st4 w_HostJoin w_GuestJoin w_HostCommitCar w_GuestMoveD =>
      st5 w_HostJoin w_GuestJoin w_HostCommitCar w_GuestMoveD {| sig_HostMoveGoat := sig; guard := Hguard |}
  end.

Definition step_guestmoveswitch_from_s5 (s : State S5) (sig : Signed Guest P_GuestMoveSwitch)
 : State S6 :=
  match s with
  | st5 w_HostJoin w_GuestJoin w_HostCommitCar w_GuestMoveD w_HostMoveGoat =>
      st6 w_HostJoin w_GuestJoin w_HostCommitCar w_GuestMoveD w_HostMoveGoat {| sig_GuestMoveSwitch := sig |}
  end.

Definition step_hostrevealcar_from_s6 (s : State S6) (sig : Signed Host P_HostRevealCar)
  (Hguard : ((match s with st6 w_HostJoin w_GuestJoin w_HostCommitCar w_GuestMoveD w_HostMoveGoat w_GuestMoveSwitch => w_HostMoveGoat.(sig_HostMoveGoat).(msg).(goat) end) <> (match s with st6 w_HostJoin w_GuestJoin w_HostCommitCar w_GuestMoveD w_HostMoveGoat w_GuestMoveSwitch => w_HostCommitCar.(sig_HostCommitCar).(msg).(car) end)))
  (Hopen_car : Opens (match s with st6 w_HostJoin w_GuestJoin w_HostCommitCar w_GuestMoveD w_HostMoveGoat w_GuestMoveSwitch => w_HostCommitCar.(sig_HostCommitCar).(msg).(com_car) end) sig.(msg).(car)) : State S7 :=
  match s with
  | st6 w_HostJoin w_GuestJoin w_HostCommitCar w_GuestMoveD w_HostMoveGoat w_GuestMoveSwitch =>
      st7 w_HostJoin w_GuestJoin w_HostCommitCar w_GuestMoveD w_HostMoveGoat w_GuestMoveSwitch {| sig_HostRevealCar := sig; guard := Hguard; opening_car := Hopen_car |}
  end.

End MontyHall_Protocol.

[Change at line 159] Definition step_hostrevealcar_from_s6 (s : State S6) (sig : Signed Host P_HostRevealCar)
  (Hguard : ((match s with st6 w_HostJoin w_GuestJoin w_HostCommitCar w_GuestMoveD w_HostMoveGoat w_GuestMoveSwitch => w_HostMoveGoat.(sig_HostMoveGoat).(msg).(goat) end) <> (match s with st6 w_HostJoin w_GuestJoin w_HostCommitCar w_GuestMoveD w_HostMoveGoat w_GuestMoveSwitch => w_HostCommitCar.(sig_HostCommitCar).(msg).(car) end)))
  (Hopen_car : Opens (match s with st6 w_HostJoin w_GuestJoin w_HostCommitCar w_GuestMoveD w_HostMoveGoat w_GuestMoveSwitch => w_HostCommitCar.(sig_HostCommitCar).(msg).(com_car) end) sig.(msg).(car)) : State S7 :=
  match s with
  | st6 w_HostJoin w_GuestJoin w_HostCommitCar w_GuestMoveD w_HostMoveGoat w_GuestMoveSwitch =>
      st7 w_HostJoin w_GuestJoin w_HostCommitCar w_GuestMoveD w_HostMoveGoat w_GuestMoveSwitch {| sig_HostRevealCar := sig; guard := Hguard; opening_car := Hopen_car |}
  end.

End MontyHall_Protocol.> but was:<[Change at line 84]   sig_HostMoveGoat : Signed Host P_HostMoveGoat;
  guard : (sig_HostMoveGoat.(msg).(goat) <> w_GuestMoveD.(sig_GuestMoveD).(msg).(d));
}.

Record W_GuestMoveSwitch (w_HostJoin : W_HostJoin) (w_GuestJoin : (W_GuestJoin w_HostJoin)) (w_HostCommitCar : (W_HostCommitCar w_HostJoin w_GuestJoin)) (w_GuestMoveD : (W_GuestMoveD w_HostJoin w_GuestJoin w_HostCommitCar)) (w_HostMoveGoat : (W_HostMoveGoat w_HostJoin w_GuestJoin w_HostCommitCar w_GuestMoveD)) : Type := {
  sig_GuestMoveSwitch : Signed Guest P_GuestMoveSwitch;
}.

Record W_HostRevealCar (w_HostJoin : W_HostJoin) (w_GuestJoin : (W_GuestJoin w_HostJoin)) (w_HostCommitCar : (W_HostCommitCar w_HostJoin w_GuestJoin)) (w_GuestMoveD : (W_GuestMoveD w_HostJoin w_GuestJoin w_HostCommitCar)) (w_HostMoveGoat : (W_HostMoveGoat w_HostJoin w_GuestJoin w_HostCommitCar w_GuestMoveD)) (w_GuestMoveSwitch : (W_GuestMoveSwitch w_HostJoin w_GuestJoin w_HostCommitCar w_GuestMoveD w_HostMoveGoat)) : Type := {
  sig_HostRevealCar : Signed Host P_HostRevealCar;
  opening_car : Opens w_HostCommitCar.(sig_HostCommitCar).(msg).(com_car) sig_HostRevealCar.(msg).(car);
  guard : (w_HostMoveGoat.(sig_HostMoveGoat).(msg).(goat) <> sig_HostRevealCar.(msg).(car));
}.

(* ===================== *)
(* 5) Typed runtime/ESM  *)
(* ===================== *)

Inductive Stage : Type :=
S0 | S1 | S2 | S3 | S4 | S5 | S6 | S7.

Inductive State : Stage -> Type :=
| st0 : State S0
| st1 : (w_HostJoin : W_HostJoin) -> State S1
| st2 : (w_HostJoin : W_HostJoin) (w_GuestJoin : (W_GuestJoin w_HostJoin)) -> State S2
| st3 : (w_HostJoin : W_HostJoin) (w_GuestJoin : (W_GuestJoin w_HostJoin)) (w_HostCommitCar : (W_HostCommitCar w_HostJoin w_GuestJoin)) -> State S3
| st4 : (w_HostJoin : W_HostJoin) (w_GuestJoin : (W_GuestJoin w_HostJoin)) (w_HostCommitCar : (W_HostCommitCar w_HostJoin w_GuestJoin)) (w_GuestMoveD : (W_GuestMoveD w_HostJoin w_GuestJoin w_HostCommitCar)) -> State S4
| st5 : (w_HostJoin : W_HostJoin) (w_GuestJoin : (W_GuestJoin w_HostJoin)) (w_HostCommitCar : (W_HostCommitCar w_HostJoin w_GuestJoin)) (w_GuestMoveD : (W_GuestMoveD w_HostJoin w_GuestJoin w_HostCommitCar)) (w_HostMoveGoat : (W_HostMoveGoat w_HostJoin w_GuestJoin w_HostCommitCar w_GuestMoveD)) -> State S5
| st6 : (w_HostJoin : W_HostJoin) (w_GuestJoin : (W_GuestJoin w_HostJoin)) (w_HostCommitCar : (W_HostCommitCar w_HostJoin w_GuestJoin)) (w_GuestMoveD : (W_GuestMoveD w_HostJoin w_GuestJoin w_HostCommitCar)) (w_HostMoveGoat : (W_HostMoveGoat w_HostJoin w_GuestJoin w_HostCommitCar w_GuestMoveD)) (w_GuestMoveSwitch : (W_GuestMoveSwitch w_HostJoin w_GuestJoin w_HostCommitCar w_GuestMoveD w_HostMoveGoat)) -> State S6
| st7 : (w_HostJoin : W_HostJoin) (w_GuestJoin : (W_GuestJoin w_HostJoin)) (w_HostCommitCar : (W_HostCommitCar w_HostJoin w_GuestJoin)) (w_GuestMoveD : (W_GuestMoveD w_HostJoin w_GuestJoin w_HostCommitCar)) (w_HostMoveGoat : (W_HostMoveGoat w_HostJoin w_GuestJoin w_HostCommitCar w_GuestMoveD)) (w_GuestMoveSwitch : (W_GuestMoveSwitch w_HostJoin w_GuestJoin w_HostCommitCar w_GuestMoveD w_HostMoveGoat)) (w_HostRevealCar : (W_HostRevealCar w_HostJoin w_GuestJoin w_HostCommitCar w_GuestMoveD w_HostMoveGoat w_GuestMoveSwitch)) -> State S7
.

(* Step API *)
Definition step_hostjoin_from_s0 (s : State S0) (sig : Signed Host P_HostJoin)
 : State S1 :=
  match s with
  | st0 =>
      st1 {| sig_HostJoin := sig |}
  end.

Definition step_guestjoin_from_s1 (s : State S1) (sig : Signed Guest P_GuestJoin)
 : State S2 :=
  match s with
  | st1 w_HostJoin =>
      st2 w_HostJoin {| sig_GuestJoin := sig |}
  end.

Definition step_hostcommitcar_from_s2 (s : State S2) (sig : Signed Host P_HostCommitCar)
 : State S3 :=
  match s with
  | st2 w_HostJoin w_GuestJoin =>
      st3 w_HostJoin w_GuestJoin {| sig_HostCommitCar := sig |}
  end.

Definition step_guestmoved_from_s3 (s : State S3) (sig : Signed Guest P_GuestMoveD)
 : State S4 :=
  match s with
  | st3 w_HostJoin w_GuestJoin w_HostCommitCar =>
      st4 w_HostJoin w_GuestJoin w_HostCommitCar {| sig_GuestMoveD := sig |}
  end.

Definition step_hostmovegoat_from_s4 (s : State S4) (sig : Signed Host P_HostMoveGoat)
  (Hguard : (sig.(msg).(goat) <> (match s with st4 w_HostJoin w_GuestJoin w_HostCommitCar w_GuestMoveD => w_GuestMoveD.(sig_GuestMoveD).(msg).(d) end))) : State S5 :=
  match s with
  | st4 w_HostJoin w_GuestJoin w_HostCommitCar w_GuestMoveD =>
      st5 w_HostJoin w_GuestJoin w_HostCommitCar w_GuestMoveD {| sig_HostMoveGoat := sig; guard := Hguard |}
  end.

Definition step_guestmoveswitch_from_s5 (s : State S5) (sig : Signed Guest P_GuestMoveSwitch)
 : State S6 :=
  match s with
  | st5 w_HostJoin w_GuestJoin w_HostCommitCar w_GuestMoveD w_HostMoveGoat =>
      st6 w_HostJoin w_GuestJoin w_HostCommitCar w_GuestMoveD w_HostMoveGoat {| sig_GuestMoveSwitch := sig |}
  end.

Definition step_hostrevealcar_from_s6 (s : State S6) (sig : Signed Host P_HostRevealCar)
  (Hguard : ((match s with st6 w_HostJoin w_GuestJoin w_HostCommitCar w_GuestMoveD w_HostMoveGoat w_GuestMoveSwitch => w_HostMoveGoat.(sig_HostMoveGoat).(msg).(goat) end) <> sig.(msg).(car)))
  (Hopen_car : Opens (match s with st6 w_HostJoin w_GuestJoin w_HostCommitCar w_GuestMoveD w_HostMoveGoat w_GuestMoveSwitch => w_HostCommitCar.(sig_HostCommitCar).(msg).(com_car) end) sig.(msg).(car)) : State S7 :=
  match s with
  | st6 w_HostJoin w_GuestJoin w_HostCommitCar w_GuestMoveD w_HostMoveGoat w_GuestMoveSwitch =>
      st7 w_HostJoin w_GuestJoin w_HostCommitCar w_GuestMoveD w_HostMoveGoat w_GuestMoveSwitch {| sig_HostRevealCar := sig; guard := Hguard; opening_car := Hopen_car |}
  end.

End MontyHall_Protocol.

[Change at line 94]   opening_car : Opens w_HostCommitCar.(sig_HostCommitCar).(msg).(com_car) sig_HostRevealCar.(msg).(car);
  guard : (w_HostMoveGoat.(sig_HostMoveGoat).(msg).(goat) <> sig_HostRevealCar.(msg).(car));
}.

(* ===================== *)
(* 5) Typed runtime/ESM  *)
(* ===================== *)

Inductive Stage : Type :=
S0 | S1 | S2 | S3 | S4 | S5 | S6 | S7.

Inductive State : Stage -> Type :=
| st0 : State S0
| st1 : (w_HostJoin : W_HostJoin) -> State S1
| st2 : (w_HostJoin : W_HostJoin) (w_GuestJoin : (W_GuestJoin w_HostJoin)) -> State S2
| st3 : (w_HostJoin : W_HostJoin) (w_GuestJoin : (W_GuestJoin w_HostJoin)) (w_HostCommitCar : (W_HostCommitCar w_HostJoin w_GuestJoin)) -> State S3
| st4 : (w_HostJoin : W_HostJoin) (w_GuestJoin : (W_GuestJoin w_HostJoin)) (w_HostCommitCar : (W_HostCommitCar w_HostJoin w_GuestJoin)) (w_GuestMoveD : (W_GuestMoveD w_HostJoin w_GuestJoin w_HostCommitCar)) -> State S4
| st5 : (w_HostJoin : W_HostJoin) (w_GuestJoin : (W_GuestJoin w_HostJoin)) (w_HostCommitCar : (W_HostCommitCar w_HostJoin w_GuestJoin)) (w_GuestMoveD : (W_GuestMoveD w_HostJoin w_GuestJoin w_HostCommitCar)) (w_HostMoveGoat : (W_HostMoveGoat w_HostJoin w_GuestJoin w_HostCommitCar w_GuestMoveD)) -> State S5
| st6 : (w_HostJoin : W_HostJoin) (w_GuestJoin : (W_GuestJoin w_HostJoin)) (w_HostCommitCar : (W_HostCommitCar w_HostJoin w_GuestJoin)) (w_GuestMoveD : (W_GuestMoveD w_HostJoin w_GuestJoin w_HostCommitCar)) (w_HostMoveGoat : (W_HostMoveGoat w_HostJoin w_GuestJoin w_HostCommitCar w_GuestMoveD)) (w_GuestMoveSwitch : (W_GuestMoveSwitch w_HostJoin w_GuestJoin w_HostCommitCar w_GuestMoveD w_HostMoveGoat)) -> State S6
| st7 : (w_HostJoin : W_HostJoin) (w_GuestJoin : (W_GuestJoin w_HostJoin)) (w_HostCommitCar : (W_HostCommitCar w_HostJoin w_GuestJoin)) (w_GuestMoveD : (W_GuestMoveD w_HostJoin w_GuestJoin w_HostCommitCar)) (w_HostMoveGoat : (W_HostMoveGoat w_HostJoin w_GuestJoin w_HostCommitCar w_GuestMoveD)) (w_GuestMoveSwitch : (W_GuestMoveSwitch w_HostJoin w_GuestJoin w_HostCommitCar w_GuestMoveD w_HostMoveGoat)) (w_HostRevealCar : (W_HostRevealCar w_HostJoin w_GuestJoin w_HostCommitCar w_GuestMoveD w_HostMoveGoat w_GuestMoveSwitch)) -> State S7
.

(* Step API *)
Definition step_hostjoin_from_s0 (s : State S0) (sig : Signed Host P_HostJoin)
 : State S1 :=
  match s with
  | st0 =>
      st1 {| sig_HostJoin := sig |}
  end.

Definition step_guestjoin_from_s1 (s : State S1) (sig : Signed Guest P_GuestJoin)
 : State S2 :=
  match s with
  | st1 w_HostJoin =>
      st2 w_HostJoin {| sig_GuestJoin := sig |}
  end.

Definition step_hostcommitcar_from_s2 (s : State S2) (sig : Signed Host P_HostCommitCar)
 : State S3 :=
  match s with
  | st2 w_HostJoin w_GuestJoin =>
      st3 w_HostJoin w_GuestJoin {| sig_HostCommitCar := sig |}
  end.

Definition step_guestmoved_from_s3 (s : State S3) (sig : Signed Guest P_GuestMoveD)
 : State S4 :=
  match s with
  | st3 w_HostJoin w_GuestJoin w_HostCommitCar =>
      st4 w_HostJoin w_GuestJoin w_HostCommitCar {| sig_GuestMoveD := sig |}
  end.

Definition step_hostmovegoat_from_s4 (s : State S4) (sig : Signed Host P_HostMoveGoat)
  (Hguard : (sig.(msg).(goat) <> (match s with st4 w_HostJoin w_GuestJoin w_HostCommitCar w_GuestMoveD => w_GuestMoveD.(sig_GuestMoveD).(msg).(d) end))) : State S5 :=
  match s with
  | st4 w_HostJoin w_GuestJoin w_HostCommitCar w_GuestMoveD =>
      st5 w_HostJoin w_GuestJoin w_HostCommitCar w_GuestMoveD {| sig_HostMoveGoat := sig; guard := Hguard |}
  end.

Definition step_guestmoveswitch_from_s5 (s : State S5) (sig : Signed Guest P_GuestMoveSwitch)
 : State S6 :=
  match s with
  | st5 w_HostJoin w_GuestJoin w_HostCommitCar w_GuestMoveD w_HostMoveGoat =>
      st6 w_HostJoin w_GuestJoin w_HostCommitCar w_GuestMoveD w_HostMoveGoat {| sig_GuestMoveSwitch := sig |}
  end.

Definition step_hostrevealcar_from_s6 (s : State S6) (sig : Signed Host P_HostRevealCar)
  (Hguard : ((match s with st6 w_HostJoin w_GuestJoin w_HostCommitCar w_GuestMoveD w_HostMoveGoat w_GuestMoveSwitch => w_HostMoveGoat.(sig_HostMoveGoat).(msg).(goat) end) <> sig.(msg).(car)))
  (Hopen_car : Opens (match s with st6 w_HostJoin w_GuestJoin w_HostCommitCar w_GuestMoveD w_HostMoveGoat w_GuestMoveSwitch => w_HostCommitCar.(sig_HostCommitCar).(msg).(com_car) end) sig.(msg).(car)) : State S7 :=
  match s with
  | st6 w_HostJoin w_GuestJoin w_HostCommitCar w_GuestMoveD w_HostMoveGoat w_GuestMoveSwitch =>
      st7 w_HostJoin w_GuestJoin w_HostCommitCar w_GuestMoveD w_HostMoveGoat w_GuestMoveSwitch {| sig_HostRevealCar := sig; guard := Hguard; opening_car := Hopen_car |}
  end.

End MontyHall_Protocol.

[Change at line 159] Definition step_hostrevealcar_from_s6 (s : State S6) (sig : Signed Host P_HostRevealCar)
  (Hguard : ((match s with st6 w_HostJoin w_GuestJoin w_HostCommitCar w_GuestMoveD w_HostMoveGoat w_GuestMoveSwitch => w_HostMoveGoat.(sig_HostMoveGoat).(msg).(goat) end) <> sig.(msg).(car)))
  (Hopen_car : Opens (match s with st6 w_HostJoin w_GuestJoin w_HostCommitCar w_GuestMoveD w_HostMoveGoat w_GuestMoveSwitch => w_HostCommitCar.(sig_HostCommitCar).(msg).(com_car) end) sig.(msg).(car)) : State S7 :=
  match s with
  | st6 w_HostJoin w_GuestJoin w_HostCommitCar w_GuestMoveD w_HostMoveGoat w_GuestMoveSwitch =>
      st7 w_HostJoin w_GuestJoin w_HostCommitCar w_GuestMoveD w_HostMoveGoat w_GuestMoveSwitch {| sig_HostRevealCar := sig; guard := Hguard; opening_car := Hopen_car |}
  end.

End MontyHall_Protocol.>
[INFO]   Run 16: PASS
[INFO]   Run 17: PASS
[INFO]   Run 18: PASS
[INFO]   Run 19: PASS
[INFO]   Run 20: PASS
[INFO]   Run 21: PASS
[ERROR]   Run 22: GoldenMasterTest._init_$lambda$10$lambda$9$lambda$7:82 » IllegalState Field Host.car written by (Host, 6) which is not in state or current action
[INFO]   Run 23: PASS
[INFO]   Run 24: PASS
[INFO]   Run 25: PASS
[INFO]   Run 26: PASS
[INFO]   Run 27: PASS
[INFO]   Run 28: PASS
[INFO]   Run 29: PASS
[INFO]   Run 30: PASS
[INFO]   Run 31: PASS
[INFO]   Run 32: PASS
[INFO]   Run 33: PASS
[INFO]   Run 34: PASS
[INFO]   Run 35: PASS
[INFO]   Run 36: PASS
[INFO]   Run 37: PASS
[INFO]   Run 38: PASS
[INFO]   Run 39: PASS
[INFO]   Run 40: PASS
[INFO]   Run 41: PASS
[INFO]   Run 42: PASS
[INFO]   Run 43: PASS
[INFO]   Run 44: PASS
[INFO]   Run 45: PASS
[INFO]   Run 46: PASS
[INFO]   Run 47: PASS
[INFO]   Run 48: PASS
[INFO]   Run 49: PASS
[INFO]   Run 50: PASS
[INFO]   Run 51: PASS
[INFO]   Run 52: PASS
[INFO]   Run 53: PASS
[INFO]   Run 54: PASS
[INFO]   Run 55: PASS
[INFO]   Run 56: PASS
[INFO]   Run 57: PASS
[INFO]   Run 58: PASS
[INFO]   Run 59: PASS
[INFO]   Run 60: PASS
[INFO]   Run 61: PASS
[INFO]   Run 62: PASS
[INFO]   Run 63: PASS
[INFO]   Run 64: PASS
[INFO]   Run 65: PASS
[INFO]   Run 66: PASS
[ERROR]   Run 67: GoldenMasterTest expected:<[Change at line 54]   sig_AJoinPQ : Signed A P_AJoinPQ;
  guard : andb andb (true (* expr not supported yet: Mul(l=Field(field=A.p), r=Field(field=A.q)) *) = w_QJoinX.(sig_QJoinX).(msg).(x)) (w_AJoinPQ.(sig_AJoinPQ).(msg).(p) <> 1%Z) (w_AJoinPQ.(sig_AJoinPQ).(msg).(q) <> 1%Z);
}.

(* ===================== *)
(* 5) Typed runtime/ESM  *)
(* ===================== *)

Inductive Stage : Type :=
S0 | S1 | S2.

Inductive State : Stage -> Type :=
| st0 : State S0
| st1 : (w_QJoinX : W_QJoinX) -> State S1
| st2 : (w_QJoinX : W_QJoinX) (w_AJoinPQ : (W_AJoinPQ w_QJoinX)) -> State S2
.

(* Step API *)
Definition step_qjoinx_from_s0 (s : State S0) (sig : Signed Q P_QJoinX)
 : State S1 :=
  match s with
  | st0 =>
      st1 {| sig_QJoinX := sig |}
  end.

Definition step_ajoinpq_from_s1 (s : State S1) (sig : Signed A P_AJoinPQ)
  (Hguard : (andb (andb (true = (match s with st1 w_QJoinX => w_QJoinX.(sig_QJoinX).(msg).(x) end)) (sig.(msg).(p) <> 1%Z)) (sig.(msg).(q) <> 1%Z))) : State S2 :=
  match s with
  | st1 w_QJoinX =>
      st2 w_QJoinX {| sig_AJoinPQ := sig; guard := Hguard |}
  end.

End Puzzle_Protocol.> but was:<[Change at line 54]   sig_AJoinPQ : Signed A P_AJoinPQ;
  guard : andb andb (true (* expr not supported yet: Mul(l=Field(field=A.p), r=Field(field=A.q)) *) = w_QJoinX.(sig_QJoinX).(msg).(x)) (sig_AJoinPQ.(msg).(p) <> 1%Z) (sig_AJoinPQ.(msg).(q) <> 1%Z);
}.

(* ===================== *)
(* 5) Typed runtime/ESM  *)
(* ===================== *)

Inductive Stage : Type :=
S0 | S1 | S2.

Inductive State : Stage -> Type :=
| st0 : State S0
| st1 : (w_QJoinX : W_QJoinX) -> State S1
| st2 : (w_QJoinX : W_QJoinX) (w_AJoinPQ : (W_AJoinPQ w_QJoinX)) -> State S2
.

(* Step API *)
Definition step_qjoinx_from_s0 (s : State S0) (sig : Signed Q P_QJoinX)
 : State S1 :=
  match s with
  | st0 =>
      st1 {| sig_QJoinX := sig |}
  end.

Definition step_ajoinpq_from_s1 (s : State S1) (sig : Signed A P_AJoinPQ)
  (Hguard : (andb (andb (true = (match s with st1 w_QJoinX => w_QJoinX.(sig_QJoinX).(msg).(x) end)) (sig.(msg).(p) <> 1%Z)) (sig.(msg).(q) <> 1%Z))) : State S2 :=
  match s with
  | st1 w_QJoinX =>
      st2 w_QJoinX {| sig_AJoinPQ := sig; guard := Hguard |}
  end.

End Puzzle_Protocol.>
[INFO]   Run 68: PASS
[INFO]   Run 69: PASS
[INFO]   Run 70: PASS
[INFO]   Run 71: PASS
[INFO]   Run 72: PASS
[INFO]   Run 73: PASS
[INFO]   Run 74: PASS
[INFO]   Run 75: PASS
[INFO]   Run 76: PASS
[INFO]   Run 77: PASS
[INFO]   Run 78: PASS
[INFO]   Run 79: PASS
[INFO]   Run 80: PASS
[INFO]   Run 81: PASS
[INFO]   Run 82: PASS
[INFO]   Run 83: PASS
[INFO]   Run 84: PASS
[INFO]   Run 85: PASS
[INFO]   Run 86: PASS
[INFO]   Run 87: PASS
[INFO]   Run 88: PASS
[INFO]   Run 89: PASS
[INFO]   Run 90: PASS
[INFO]   Run 91: PASS
[INFO]   Run 92: PASS
[INFO]   Run 93: PASS
[ERROR]   Run 94: GoldenMasterTest expected:<[Change at line 98]   sig_OMoveC1 : Signed O P_OMoveC1;
  guard : (w_XMoveC1.(sig_XMoveC1).(msg).(c1) <> w_OMoveC1.(sig_OMoveC1).(msg).(c1));
}.

Record W_XMoveC2 (w_XJoin : W_XJoin) (w_OJoin : (W_OJoin w_XJoin)) (w_XMoveC1 : (W_XMoveC1 w_XJoin w_OJoin)) (w_OMoveC1 : (W_OMoveC1 w_XJoin w_OJoin w_XMoveC1)) : Type := {
  sig_XMoveC2 : Signed X P_XMoveC2;
  guard : andb andb (w_XMoveC1.(sig_XMoveC1).(msg).(c1) <> w_OMoveC1.(sig_OMoveC1).(msg).(c1)) (w_XMoveC1.(sig_XMoveC1).(msg).(c1) <> w_XMoveC2.(sig_XMoveC2).(msg).(c2)) (w_OMoveC1.(sig_OMoveC1).(msg).(c1) <> w_XMoveC2.(sig_XMoveC2).(msg).(c2));
}.

Record W_OMoveC2 (w_XJoin : W_XJoin) (w_OJoin : (W_OJoin w_XJoin)) (w_XMoveC1 : (W_XMoveC1 w_XJoin w_OJoin)) (w_OMoveC1 : (W_OMoveC1 w_XJoin w_OJoin w_XMoveC1)) (w_XMoveC2 : (W_XMoveC2 w_XJoin w_OJoin w_XMoveC1 w_OMoveC1)) : Type := {
  sig_OMoveC2 : Signed O P_OMoveC2;
  guard : andb andb andb andb andb (w_XMoveC1.(sig_XMoveC1).(msg).(c1) <> w_OMoveC1.(sig_OMoveC1).(msg).(c1)) (w_XMoveC1.(sig_XMoveC1).(msg).(c1) <> w_XMoveC2.(sig_XMoveC2).(msg).(c2)) (w_XMoveC1.(sig_XMoveC1).(msg).(c1) <> w_OMoveC2.(sig_OMoveC2).(msg).(c2)) (w_OMoveC1.(sig_OMoveC1).(msg).(c1) <> w_XMoveC2.(sig_XMoveC2).(msg).(c2)) (w_OMoveC1.(sig_OMoveC1).(msg).(c1) <> w_OMoveC2.(sig_OMoveC2).(msg).(c2)) (w_XMoveC2.(sig_XMoveC2).(msg).(c2) <> w_OMoveC2.(sig_OMoveC2).(msg).(c2));
}.

Record W_XMoveC3 (w_XJoin : W_XJoin) (w_OJoin : (W_OJoin w_XJoin)) (w_XMoveC1 : (W_XMoveC1 w_XJoin w_OJoin)) (w_OMoveC1 : (W_OMoveC1 w_XJoin w_OJoin w_XMoveC1)) (w_XMoveC2 : (W_XMoveC2 w_XJoin w_OJoin w_XMoveC1 w_OMoveC1)) (w_OMoveC2 : (W_OMoveC2 w_XJoin w_OJoin w_XMoveC1 w_OMoveC1 w_XMoveC2)) : Type := {
  sig_XMoveC3 : Signed X P_XMoveC3;
  guard : andb andb andb andb andb andb andb andb andb (w_XMoveC1.(sig_XMoveC1).(msg).(c1) <> w_OMoveC1.(sig_OMoveC1).(msg).(c1)) (w_XMoveC1.(sig_XMoveC1).(msg).(c1) <> w_XMoveC2.(sig_XMoveC2).(msg).(c2)) (w_XMoveC1.(sig_XMoveC1).(msg).(c1) <> w_OMoveC2.(sig_OMoveC2).(msg).(c2)) (w_XMoveC1.(sig_XMoveC1).(msg).(c1) <> w_XMoveC3.(sig_XMoveC3).(msg).(c3)) (w_OMoveC1.(sig_OMoveC1).(msg).(c1) <> w_XMoveC2.(sig_XMoveC2).(msg).(c2)) (w_OMoveC1.(sig_OMoveC1).(msg).(c1) <> w_OMoveC2.(sig_OMoveC2).(msg).(c2)) (w_OMoveC1.(sig_OMoveC1).(msg).(c1) <> w_XMoveC3.(sig_XMoveC3).(msg).(c3)) (w_XMoveC2.(sig_XMoveC2).(msg).(c2) <> w_OMoveC2.(sig_OMoveC2).(msg).(c2)) (w_XMoveC2.(sig_XMoveC2).(msg).(c2) <> w_XMoveC3.(sig_XMoveC3).(msg).(c3)) (w_OMoveC2.(sig_OMoveC2).(msg).(c2) <> w_XMoveC3.(sig_XMoveC3).(msg).(c3));
}.

Record W_OMoveC3 (w_XJoin : W_XJoin) (w_OJoin : (W_OJoin w_XJoin)) (w_XMoveC1 : (W_XMoveC1 w_XJoin w_OJoin)) (w_OMoveC1 : (W_OMoveC1 w_XJoin w_OJoin w_XMoveC1)) (w_XMoveC2 : (W_XMoveC2 w_XJoin w_OJoin w_XMoveC1 w_OMoveC1)) (w_OMoveC2 : (W_OMoveC2 w_XJoin w_OJoin w_XMoveC1 w_OMoveC1 w_XMoveC2)) (w_XMoveC3 : (W_XMoveC3 w_XJoin w_OJoin w_XMoveC1 w_OMoveC1 w_XMoveC2 w_OMoveC2)) : Type := {
  sig_OMoveC3 : Signed O P_OMoveC3;
  guard : andb andb andb andb andb andb andb andb andb andb andb andb andb andb (w_XMoveC1.(sig_XMoveC1).(msg).(c1) <> w_OMoveC1.(sig_OMoveC1).(msg).(c1)) (w_XMoveC1.(sig_XMoveC1).(msg).(c1) <> w_XMoveC2.(sig_XMoveC2).(msg).(c2)) (w_XMoveC1.(sig_XMoveC1).(msg).(c1) <> w_OMoveC2.(sig_OMoveC2).(msg).(c2)) (w_XMoveC1.(sig_XMoveC1).(msg).(c1) <> w_XMoveC3.(sig_XMoveC3).(msg).(c3)) (w_XMoveC1.(sig_XMoveC1).(msg).(c1) <> w_OMoveC3.(sig_OMoveC3).(msg).(c3)) (w_OMoveC1.(sig_OMoveC1).(msg).(c1) <> w_XMoveC2.(sig_XMoveC2).(msg).(c2)) (w_OMoveC1.(sig_OMoveC1).(msg).(c1) <> w_OMoveC2.(sig_OMoveC2).(msg).(c2)) (w_OMoveC1.(sig_OMoveC1).(msg).(c1) <> w_XMoveC3.(sig_XMoveC3).(msg).(c3)) (w_OMoveC1.(sig_OMoveC1).(msg).(c1) <> w_OMoveC3.(sig_OMoveC3).(msg).(c3)) (w_XMoveC2.(sig_XMoveC2).(msg).(c2) <> w_OMoveC2.(sig_OMoveC2).(msg).(c2)) (w_XMoveC2.(sig_XMoveC2).(msg).(c2) <> w_XMoveC3.(sig_XMoveC3).(msg).(c3)) (w_XMoveC2.(sig_XMoveC2).(msg).(c2) <> w_OMoveC3.(sig_OMoveC3).(msg).(c3)) (w_OMoveC2.(sig_OMoveC2).(msg).(c2) <> w_XMoveC3.(sig_XMoveC3).(msg).(c3)) (w_OMoveC2.(sig_OMoveC2).(msg).(c2) <> w_OMoveC3.(sig_OMoveC3).(msg).(c3)) (w_XMoveC3.(sig_XMoveC3).(msg).(c3) <> w_OMoveC3.(sig_OMoveC3).(msg).(c3));
}.

Record W_XMoveC4 (w_XJoin : W_XJoin) (w_OJoin : (W_OJoin w_XJoin)) (w_XMoveC1 : (W_XMoveC1 w_XJoin w_OJoin)) (w_OMoveC1 : (W_OMoveC1 w_XJoin w_OJoin w_XMoveC1)) (w_XMoveC2 : (W_XMoveC2 w_XJoin w_OJoin w_XMoveC1 w_OMoveC1)) (w_OMoveC2 : (W_OMoveC2 w_XJoin w_OJoin w_XMoveC1 w_OMoveC1 w_XMoveC2)) (w_XMoveC3 : (W_XMoveC3 w_XJoin w_OJoin w_XMoveC1 w_OMoveC1 w_XMoveC2 w_OMoveC2)) (w_OMoveC3 : (W_OMoveC3 w_XJoin w_OJoin w_XMoveC1 w_OMoveC1 w_XMoveC2 w_OMoveC2 w_XMoveC3)) : Type := {
  sig_XMoveC4 : Signed X P_XMoveC4;
  guard : andb andb andb andb andb andb andb andb andb andb andb andb andb andb andb andb andb andb andb andb (w_XMoveC1.(sig_XMoveC1).(msg).(c1) <> w_OMoveC1.(sig_OMoveC1).(msg).(c1)) (w_XMoveC1.(sig_XMoveC1).(msg).(c1) <> w_XMoveC2.(sig_XMoveC2).(msg).(c2)) (w_XMoveC1.(sig_XMoveC1).(msg).(c1) <> w_OMoveC2.(sig_OMoveC2).(msg).(c2)) (w_XMoveC1.(sig_XMoveC1).(msg).(c1) <> w_XMoveC3.(sig_XMoveC3).(msg).(c3)) (w_XMoveC1.(sig_XMoveC1).(msg).(c1) <> w_OMoveC3.(sig_OMoveC3).(msg).(c3)) (w_XMoveC1.(sig_XMoveC1).(msg).(c1) <> w_XMoveC4.(sig_XMoveC4).(msg).(c4)) (w_OMoveC1.(sig_OMoveC1).(msg).(c1) <> w_XMoveC2.(sig_XMoveC2).(msg).(c2)) (w_OMoveC1.(sig_OMoveC1).(msg).(c1) <> w_OMoveC2.(sig_OMoveC2).(msg).(c2)) (w_OMoveC1.(sig_OMoveC1).(msg).(c1) <> w_XMoveC3.(sig_XMoveC3).(msg).(c3)) (w_OMoveC1.(sig_OMoveC1).(msg).(c1) <> w_OMoveC3.(sig_OMoveC3).(msg).(c3)) (w_OMoveC1.(sig_OMoveC1).(msg).(c1) <> w_XMoveC4.(sig_XMoveC4).(msg).(c4)) (w_XMoveC2.(sig_XMoveC2).(msg).(c2) <> w_OMoveC2.(sig_OMoveC2).(msg).(c2)) (w_XMoveC2.(sig_XMoveC2).(msg).(c2) <> w_XMoveC3.(sig_XMoveC3).(msg).(c3)) (w_XMoveC2.(sig_XMoveC2).(msg).(c2) <> w_OMoveC3.(sig_OMoveC3).(msg).(c3)) (w_XMoveC2.(sig_XMoveC2).(msg).(c2) <> w_XMoveC4.(sig_XMoveC4).(msg).(c4)) (w_OMoveC2.(sig_OMoveC2).(msg).(c2) <> w_XMoveC3.(sig_XMoveC3).(msg).(c3)) (w_OMoveC2.(sig_OMoveC2).(msg).(c2) <> w_OMoveC3.(sig_OMoveC3).(msg).(c3)) (w_OMoveC2.(sig_OMoveC2).(msg).(c2) <> w_XMoveC4.(sig_XMoveC4).(msg).(c4)) (w_XMoveC3.(sig_XMoveC3).(msg).(c3) <> w_OMoveC3.(sig_OMoveC3).(msg).(c3)) (w_XMoveC3.(sig_XMoveC3).(msg).(c3) <> w_XMoveC4.(sig_XMoveC4).(msg).(c4)) (w_OMoveC3.(sig_OMoveC3).(msg).(c3) <> w_XMoveC4.(sig_XMoveC4).(msg).(c4));
}.

Record W_OMoveC4 (w_XJoin : W_XJoin) (w_OJoin : (W_OJoin w_XJoin)) (w_XMoveC1 : (W_XMoveC1 w_XJoin w_OJoin)) (w_OMoveC1 : (W_OMoveC1 w_XJoin w_OJoin w_XMoveC1)) (w_XMoveC2 : (W_XMoveC2 w_XJoin w_OJoin w_XMoveC1 w_OMoveC1)) (w_OMoveC2 : (W_OMoveC2 w_XJoin w_OJoin w_XMoveC1 w_OMoveC1 w_XMoveC2)) (w_XMoveC3 : (W_XMoveC3 w_XJoin w_OJoin w_XMoveC1 w_OMoveC1 w_XMoveC2 w_OMoveC2)) (w_OMoveC3 : (W_OMoveC3 w_XJoin w_OJoin w_XMoveC1 w_OMoveC1 w_XMoveC2 w_OMoveC2 w_XMoveC3)) (w_XMoveC4 : (W_XMoveC4 w_XJoin w_OJoin w_XMoveC1 w_OMoveC1 w_XMoveC2 w_OMoveC2 w_XMoveC3 w_OMoveC3)) : Type := {
  sig_OMoveC4 : Signed O P_OMoveC4;
  guard : andb andb andb andb andb andb andb andb andb andb andb andb andb andb andb andb andb andb andb andb andb andb andb andb andb andb andb (w_XMoveC1.(sig_XMoveC1).(msg).(c1) <> w_OMoveC1.(sig_OMoveC1).(msg).(c1)) (w_XMoveC1.(sig_XMoveC1).(msg).(c1) <> w_XMoveC2.(sig_XMoveC2).(msg).(c2)) (w_XMoveC1.(sig_XMoveC1).(msg).(c1) <> w_OMoveC2.(sig_OMoveC2).(msg).(c2)) (w_XMoveC1.(sig_XMoveC1).(msg).(c1) <> w_XMoveC3.(sig_XMoveC3).(msg).(c3)) (w_XMoveC1.(sig_XMoveC1).(msg).(c1) <> w_OMoveC3.(sig_OMoveC3).(msg).(c3)) (w_XMoveC1.(sig_XMoveC1).(msg).(c1) <> w_XMoveC4.(sig_XMoveC4).(msg).(c4)) (w_XMoveC1.(sig_XMoveC1).(msg).(c1) <> w_OMoveC4.(sig_OMoveC4).(msg).(c4)) (w_OMoveC1.(sig_OMoveC1).(msg).(c1) <> w_XMoveC2.(sig_XMoveC2).(msg).(c2)) (w_OMoveC1.(sig_OMoveC1).(msg).(c1) <> w_OMoveC2.(sig_OMoveC2).(msg).(c2)) (w_OMoveC1.(sig_OMoveC1).(msg).(c1) <> w_XMoveC3.(sig_XMoveC3).(msg).(c3)) (w_OMoveC1.(sig_OMoveC1).(msg).(c1) <> w_OMoveC3.(sig_OMoveC3).(msg).(c3)) (w_OMoveC1.(sig_OMoveC1).(msg).(c1) <> w_XMoveC4.(sig_XMoveC4).(msg).(c4)) (w_OMoveC1.(sig_OMoveC1).(msg).(c1) <> w_OMoveC4.(sig_OMoveC4).(msg).(c4)) (w_XMoveC2.(sig_XMoveC2).(msg).(c2) <> w_OMoveC2.(sig_OMoveC2).(msg).(c2)) (w_XMoveC2.(sig_XMoveC2).(msg).(c2) <> w_XMoveC3.(sig_XMoveC3).(msg).(c3)) (w_XMoveC2.(sig_XMoveC2).(msg).(c2) <> w_OMoveC3.(sig_OMoveC3).(msg).(c3)) (w_XMoveC2.(sig_XMoveC2).(msg).(c2) <> w_XMoveC4.(sig_XMoveC4).(msg).(c4)) (w_XMoveC2.(sig_XMoveC2).(msg).(c2) <> w_OMoveC4.(sig_OMoveC4).(msg).(c4)) (w_OMoveC2.(sig_OMoveC2).(msg).(c2) <> w_XMoveC3.(sig_XMoveC3).(msg).(c3)) (w_OMoveC2.(sig_OMoveC2).(msg).(c2) <> w_OMoveC3.(sig_OMoveC3).(msg).(c3)) (w_OMoveC2.(sig_OMoveC2).(msg).(c2) <> w_XMoveC4.(sig_XMoveC4).(msg).(c4)) (w_OMoveC2.(sig_OMoveC2).(msg).(c2) <> w_OMoveC4.(sig_OMoveC4).(msg).(c4)) (w_XMoveC3.(sig_XMoveC3).(msg).(c3) <> w_OMoveC3.(sig_OMoveC3).(msg).(c3)) (w_XMoveC3.(sig_XMoveC3).(msg).(c3) <> w_XMoveC4.(sig_XMoveC4).(msg).(c4)) (w_XMoveC3.(sig_XMoveC3).(msg).(c3) <> w_OMoveC4.(sig_OMoveC4).(msg).(c4)) (w_OMoveC3.(sig_OMoveC3).(msg).(c3) <> w_XMoveC4.(sig_XMoveC4).(msg).(c4)) (w_OMoveC3.(sig_OMoveC3).(msg).(c3) <> w_OMoveC4.(sig_OMoveC4).(msg).(c4)) (w_XMoveC4.(sig_XMoveC4).(msg).(c4) <> w_OMoveC4.(sig_OMoveC4).(msg).(c4));
}.

(* ===================== *)
(* 5) Typed runtime/ESM  *)
(* ===================== *)

Inductive Stage : Type :=
S0 | S1 | S2 | S3 | S4 | S5 | S6 | S7 | S8 | S9 | S10.

Inductive State : Stage -> Type :=
| st0 : State S0
| st1 : (w_XJoin : W_XJoin) -> State S1
| st2 : (w_XJoin : W_XJoin) (w_OJoin : (W_OJoin w_XJoin)) -> State S2
| st3 : (w_XJoin : W_XJoin) (w_OJoin : (W_OJoin w_XJoin)) (w_XMoveC1 : (W_XMoveC1 w_XJoin w_OJoin)) -> State S3
| st4 : (w_XJoin : W_XJoin) (w_OJoin : (W_OJoin w_XJoin)) (w_XMoveC1 : (W_XMoveC1 w_XJoin w_OJoin)) (w_OMoveC1 : (W_OMoveC1 w_XJoin w_OJoin w_XMoveC1)) -> State S4
| st5 : (w_XJoin : W_XJoin) (w_OJoin : (W_OJoin w_XJoin)) (w_XMoveC1 : (W_XMoveC1 w_XJoin w_OJoin)) (w_OMoveC1 : (W_OMoveC1 w_XJoin w_OJoin w_XMoveC1)) (w_XMoveC2 : (W_XMoveC2 w_XJoin w_OJoin w_XMoveC1 w_OMoveC1)) -> State S5
| st6 : (w_XJoin : W_XJoin) (w_OJoin : (W_OJoin w_XJoin)) (w_XMoveC1 : (W_XMoveC1 w_XJoin w_OJoin)) (w_OMoveC1 : (W_OMoveC1 w_XJoin w_OJoin w_XMoveC1)) (w_XMoveC2 : (W_XMoveC2 w_XJoin w_OJoin w_XMoveC1 w_OMoveC1)) (w_OMoveC2 : (W_OMoveC2 w_XJoin w_OJoin w_XMoveC1 w_OMoveC1 w_XMoveC2)) -> State S6
| st7 : (w_XJoin : W_XJoin) (w_OJoin : (W_OJoin w_XJoin)) (w_XMoveC1 : (W_XMoveC1 w_XJoin w_OJoin)) (w_OMoveC1 : (W_OMoveC1 w_XJoin w_OJoin w_XMoveC1)) (w_XMoveC2 : (W_XMoveC2 w_XJoin w_OJoin w_XMoveC1 w_OMoveC1)) (w_OMoveC2 : (W_OMoveC2 w_XJoin w_OJoin w_XMoveC1 w_OMoveC1 w_XMoveC2)) (w_XMoveC3 : (W_XMoveC3 w_XJoin w_OJoin w_XMoveC1 w_OMoveC1 w_XMoveC2 w_OMoveC2)) -> State S7
| st8 : (w_XJoin : W_XJoin) (w_OJoin : (W_OJoin w_XJoin)) (w_XMoveC1 : (W_XMoveC1 w_XJoin w_OJoin)) (w_OMoveC1 : (W_OMoveC1 w_XJoin w_OJoin w_XMoveC1)) (w_XMoveC2 : (W_XMoveC2 w_XJoin w_OJoin w_XMoveC1 w_OMoveC1)) (w_OMoveC2 : (W_OMoveC2 w_XJoin w_OJoin w_XMoveC1 w_OMoveC1 w_XMoveC2)) (w_XMoveC3 : (W_XMoveC3 w_XJoin w_OJoin w_XMoveC1 w_OMoveC1 w_XMoveC2 w_OMoveC2)) (w_OMoveC3 : (W_OMoveC3 w_XJoin w_OJoin w_XMoveC1 w_OMoveC1 w_XMoveC2 w_OMoveC2 w_XMoveC3)) -> State S8
| st9 : (w_XJoin : W_XJoin) (w_OJoin : (W_OJoin w_XJoin)) (w_XMoveC1 : (W_XMoveC1 w_XJoin w_OJoin)) (w_OMoveC1 : (W_OMoveC1 w_XJoin w_OJoin w_XMoveC1)) (w_XMoveC2 : (W_XMoveC2 w_XJoin w_OJoin w_XMoveC1 w_OMoveC1)) (w_OMoveC2 : (W_OMoveC2 w_XJoin w_OJoin w_XMoveC1 w_OMoveC1 w_XMoveC2)) (w_XMoveC3 : (W_XMoveC3 w_XJoin w_OJoin w_XMoveC1 w_OMoveC1 w_XMoveC2 w_OMoveC2)) (w_OMoveC3 : (W_OMoveC3 w_XJoin w_OJoin w_XMoveC1 w_OMoveC1 w_XMoveC2 w_OMoveC2 w_XMoveC3)) (w_XMoveC4 : (W_XMoveC4 w_XJoin w_OJoin w_XMoveC1 w_OMoveC1 w_XMoveC2 w_OMoveC2 w_XMoveC3 w_OMoveC3)) -> State S9
| st10 : (w_XJoin : W_XJoin) (w_OJoin : (W_OJoin w_XJoin)) (w_XMoveC1 : (W_XMoveC1 w_XJoin w_OJoin)) (w_OMoveC1 : (W_OMoveC1 w_XJoin w_OJoin w_XMoveC1)) (w_XMoveC2 : (W_XMoveC2 w_XJoin w_OJoin w_XMoveC1 w_OMoveC1)) (w_OMoveC2 : (W_OMoveC2 w_XJoin w_OJoin w_XMoveC1 w_OMoveC1 w_XMoveC2)) (w_XMoveC3 : (W_XMoveC3 w_XJoin w_OJoin w_XMoveC1 w_OMoveC1 w_XMoveC2 w_OMoveC2)) (w_OMoveC3 : (W_OMoveC3 w_XJoin w_OJoin w_XMoveC1 w_OMoveC1 w_XMoveC2 w_OMoveC2 w_XMoveC3)) (w_XMoveC4 : (W_XMoveC4 w_XJoin w_OJoin w_XMoveC1 w_OMoveC1 w_XMoveC2 w_OMoveC2 w_XMoveC3 w_OMoveC3)) (w_OMoveC4 : (W_OMoveC4 w_XJoin w_OJoin w_XMoveC1 w_OMoveC1 w_XMoveC2 w_OMoveC2 w_XMoveC3 w_OMoveC3 w_XMoveC4)) -> State S10
.

(* Step API *)
Definition step_xjoin_from_s0 (s : State S0) (sig : Signed X P_XJoin)
 : State S1 :=
  match s with
  | st0 =>
      st1 {| sig_XJoin := sig |}
  end.

Definition step_ojoin_from_s1 (s : State S1) (sig : Signed O P_OJoin)
 : State S2 :=
  match s with
  | st1 w_XJoin =>
      st2 w_XJoin {| sig_OJoin := sig |}
  end.

Definition step_xmovec1_from_s2 (s : State S2) (sig : Signed X P_XMoveC1)
 : State S3 :=
  match s with
  | st2 w_XJoin w_OJoin =>
      st3 w_XJoin w_OJoin {| sig_XMoveC1 := sig |}
  end.

Definition step_omovec1_from_s3 (s : State S3) (sig : Signed O P_OMoveC1)
  (Hguard : ((match s with st3 w_XJoin w_OJoin w_XMoveC1 => w_XMoveC1.(sig_XMoveC1).(msg).(c1) end) <> sig.(msg).(c1))) : State S4 :=
  match s with
  | st3 w_XJoin w_OJoin w_XMoveC1 =>
      st4 w_XJoin w_OJoin w_XMoveC1 {| sig_OMoveC1 := sig; guard := Hguard |}
  end.

Definition step_xmovec2_from_s4 (s : State S4) (sig : Signed X P_XMoveC2)
  (Hguard : (andb (andb ((match s with st4 w_XJoin w_OJoin w_XMoveC1 w_OMoveC1 => w_XMoveC1.(sig_XMoveC1).(msg).(c1) end) <> (match s with st4 w_XJoin w_OJoin w_XMoveC1 w_OMoveC1 => w_OMoveC1.(sig_OMoveC1).(msg).(c1) end)) ((match s with st4 w_XJoin w_OJoin w_XMoveC1 w_OMoveC1 => w_XMoveC1.(sig_XMoveC1).(msg).(c1) end) <> sig.(msg).(c2))) ((match s with st4 w_XJoin w_OJoin w_XMoveC1 w_OMoveC1 => w_OMoveC1.(sig_OMoveC1).(msg).(c1) end) <> sig.(msg).(c2)))) : State S5 :=
  match s with
  | st4 w_XJoin w_OJoin w_XMoveC1 w_OMoveC1 =>
      st5 w_XJoin w_OJoin w_XMoveC1 w_OMoveC1 {| sig_XMoveC2 := sig; guard := Hguard |}
  end.

Definition step_omovec2_from_s5 (s : State S5) (sig : Signed O P_OMoveC2)
  (Hguard : (andb (andb (andb (andb (andb ((match s with st5 w_XJoin w_OJoin w_XMoveC1 w_OMoveC1 w_XMoveC2 => w_XMoveC1.(sig_XMoveC1).(msg).(c1) end) <> (match s with st5 w_XJoin w_OJoin w_XMoveC1 w_OMoveC1 w_XMoveC2 => w_OMoveC1.(sig_OMoveC1).(msg).(c1) end)) ((match s with st5 w_XJoin w_OJoin w_XMoveC1 w_OMoveC1 w_XMoveC2 => w_XMoveC1.(sig_XMoveC1).(msg).(c1) end) <> (match s with st5 w_XJoin w_OJoin w_XMoveC1 w_OMoveC1 w_XMoveC2 => w_XMoveC2.(sig_XMoveC2).(msg).(c2) end))) ((match s with st5 w_XJoin w_OJoin w_XMoveC1 w_OMoveC1 w_XMoveC2 => w_XMoveC1.(sig_XMoveC1).(msg).(c1) end) <> sig.(msg).(c2))) ((match s with st5 w_XJoin w_OJoin w_XMoveC1 w_OMoveC1 w_XMoveC2 => w_OMoveC1.(sig_OMoveC1).(msg).(c1) end) <> (match s with st5 w_XJoin w_OJoin w_XMoveC1 w_OMoveC1 w_XMoveC2 => w_XMoveC2.(sig_XMoveC2).(msg).(c2) end))) ((match s with st5 w_XJoin w_OJoin w_XMoveC1 w_OMoveC1 w_XMoveC2 => w_OMoveC1.(sig_OMoveC1).(msg).(c1) end) <> sig.(msg).(c2))) ((match s with st5 w_XJoin w_OJoin w_XMoveC1 w_OMoveC1 w_XMoveC2 => w_XMoveC2.(sig_XMoveC2).(msg).(c2) end) <> sig.(msg).(c2)))) : State S6 :=
  match s with
  | st5 w_XJoin w_OJoin w_XMoveC1 w_OMoveC1 w_XMoveC2 =>
      st6 w_XJoin w_OJoin w_XMoveC1 w_OMoveC1 w_XMoveC2 {| sig_OMoveC2 := sig; guard := Hguard |}
  end.

Definition step_xmovec3_from_s6 (s : State S6) (sig : Signed X P_XMoveC3)

[Change at line 103]   sig_XMoveC2 : Signed X P_XMoveC2;
  guard : andb andb (w_XMoveC1.(sig_XMoveC1).(msg).(c1) <> w_OMoveC1.(sig_OMoveC1).(msg).(c1)) (w_XMoveC1.(sig_XMoveC1).(msg).(c1) <> w_XMoveC2.(sig_XMoveC2).(msg).(c2)) (w_OMoveC1.(sig_OMoveC1).(msg).(c1) <> w_XMoveC2.(sig_XMoveC2).(msg).(c2));
}.

Record W_OMoveC2 (w_XJoin : W_XJoin) (w_OJoin : (W_OJoin w_XJoin)) (w_XMoveC1 : (W_XMoveC1 w_XJoin w_OJoin)) (w_OMoveC1 : (W_OMoveC1 w_XJoin w_OJoin w_XMoveC1)) (w_XMoveC2 : (W_XMoveC2 w_XJoin w_OJoin w_XMoveC1 w_OMoveC1)) : Type := {
  sig_OMoveC2 : Signed O P_OMoveC2;
  guard : andb andb andb andb andb (w_XMoveC1.(sig_XMoveC1).(msg).(c1) <> w_OMoveC1.(sig_OMoveC1).(msg).(c1)) (w_XMoveC1.(sig_XMoveC1).(msg).(c1) <> w_XMoveC2.(sig_XMoveC2).(msg).(c2)) (w_XMoveC1.(sig_XMoveC1).(msg).(c1) <> w_OMoveC2.(sig_OMoveC2).(msg).(c2)) (w_OMoveC1.(sig_OMoveC1).(msg).(c1) <> w_XMoveC2.(sig_XMoveC2).(msg).(c2)) (w_OMoveC1.(sig_OMoveC1).(msg).(c1) <> w_OMoveC2.(sig_OMoveC2).(msg).(c2)) (w_XMoveC2.(sig_XMoveC2).(msg).(c2) <> w_OMoveC2.(sig_OMoveC2).(msg).(c2));
}.

Record W_XMoveC3 (w_XJoin : W_XJoin) (w_OJoin : (W_OJoin w_XJoin)) (w_XMoveC1 : (W_XMoveC1 w_XJoin w_OJoin)) (w_OMoveC1 : (W_OMoveC1 w_XJoin w_OJoin w_XMoveC1)) (w_XMoveC2 : (W_XMoveC2 w_XJoin w_OJoin w_XMoveC1 w_OMoveC1)) (w_OMoveC2 : (W_OMoveC2 w_XJoin w_OJoin w_XMoveC1 w_OMoveC1 w_XMoveC2)) : Type := {
  sig_XMoveC3 : Signed X P_XMoveC3;
  guard : andb andb andb andb andb andb andb andb andb (w_XMoveC1.(sig_XMoveC1).(msg).(c1) <> w_OMoveC1.(sig_OMoveC1).(msg).(c1)) (w_XMoveC1.(sig_XMoveC1).(msg).(c1) <> w_XMoveC2.(sig_XMoveC2).(msg).(c2)) (w_XMoveC1.(sig_XMoveC1).(msg).(c1) <> w_OMoveC2.(sig_OMoveC2).(msg).(c2)) (w_XMoveC1.(sig_XMoveC1).(msg).(c1) <> w_XMoveC3.(sig_XMoveC3).(msg).(c3)) (w_OMoveC1.(sig_OMoveC1).(msg).(c1) <> w_XMoveC2.(sig_XMoveC2).(msg).(c2)) (w_OMoveC1.(sig_OMoveC1).(msg).(c1) <> w_OMoveC2.(sig_OMoveC2).(msg).(c2)) (w_OMoveC1.(sig_OMoveC1).(msg).(c1) <> w_XMoveC3.(sig_XMoveC3).(msg).(c3)) (w_XMoveC2.(sig_XMoveC2).(msg).(c2) <> w_OMoveC2.(sig_OMoveC2).(msg).(c2)) (w_XMoveC2.(sig_XMoveC2).(msg).(c2) <> w_XMoveC3.(sig_XMoveC3).(msg).(c3)) (w_OMoveC2.(sig_OMoveC2).(msg).(c2) <> w_XMoveC3.(sig_XMoveC3).(msg).(c3));
}.

Record W_OMoveC3 (w_XJoin : W_XJoin) (w_OJoin : (W_OJoin w_XJoin)) (w_XMoveC1 : (W_XMoveC1 w_XJoin w_OJoin)) (w_OMoveC1 : (W_OMoveC1 w_XJoin w_OJoin w_XMoveC1)) (w_XMoveC2 : (W_XMoveC2 w_XJoin w_OJoin w_XMoveC1 w_OMoveC1)) (w_OMoveC2 : (W_OMoveC2 w_XJoin w_OJoin w_XMoveC1 w_OMoveC1 w_XMoveC2)) (w_XMoveC3 : (W_XMoveC3 w_XJoin w_OJoin w_XMoveC1 w_OMoveC1 w_XMoveC2 w_OMoveC2)) : Type := {
  sig_OMoveC3 : Signed O P_OMoveC3;
  guard : andb andb andb andb andb andb andb andb andb andb andb andb andb andb (w_XMoveC1.(sig_XMoveC1).(msg).(c1) <> w_OMoveC1.(sig_OMoveC1).(msg).(c1)) (w_XMoveC1.(sig_XMoveC1).(msg).(c1) <> w_XMoveC2.(sig_XMoveC2).(msg).(c2)) (w_XMoveC1.(sig_XMoveC1).(msg).(c1) <> w_OMoveC2.(sig_OMoveC2).(msg).(c2)) (w_XMoveC1.(sig_XMoveC1).(msg).(c1) <> w_XMoveC3.(sig_XMoveC3).(msg).(c3)) (w_XMoveC1.(sig_XMoveC1).(msg).(c1) <> w_OMoveC3.(sig_OMoveC3).(msg).(c3)) (w_OMoveC1.(sig_OMoveC1).(msg).(c1) <> w_XMoveC2.(sig_XMoveC2).(msg).(c2)) (w_OMoveC1.(sig_OMoveC1).(msg).(c1) <> w_OMoveC2.(sig_OMoveC2).(msg).(c2)) (w_OMoveC1.(sig_OMoveC1).(msg).(c1) <> w_XMoveC3.(sig_XMoveC3).(msg).(c3)) (w_OMoveC1.(sig_OMoveC1).(msg).(c1) <> w_OMoveC3.(sig_OMoveC3).(msg).(c3)) (w_XMoveC2.(sig_XMoveC2).(msg).(c2) <> w_OMoveC2.(sig_OMoveC2).(msg).(c2)) (w_XMoveC2.(sig_XMoveC2).(msg).(c2) <> w_XMoveC3.(sig_XMoveC3).(msg).(c3)) (w_XMoveC2.(sig_XMoveC2).(msg).(c2) <> w_OMoveC3.(sig_OMoveC3).(msg).(c3)) (w_OMoveC2.(sig_OMoveC2).(msg).(c2) <> w_XMoveC3.(sig_XMoveC3).(msg).(c3)) (w_OMoveC2.(sig_OMoveC2).(msg).(c2) <> w_OMoveC3.(sig_OMoveC3).(msg).(c3)) (w_XMoveC3.(sig_XMoveC3).(msg).(c3) <> w_OMoveC3.(sig_OMoveC3).(msg).(c3));
}.

Record W_XMoveC4 (w_XJoin : W_XJoin) (w_OJoin : (W_OJoin w_XJoin)) (w_XMoveC1 : (W_XMoveC1 w_XJoin w_OJoin)) (w_OMoveC1 : (W_OMoveC1 w_XJoin w_OJoin w_XMoveC1)) (w_XMoveC2 : (W_XMoveC2 w_XJoin w_OJoin w_XMoveC1 w_OMoveC1)) (w_OMoveC2 : (W_OMoveC2 w_XJoin w_OJoin w_XMoveC1 w_OMoveC1 w_XMoveC2)) (w_XMoveC3 : (W_XMoveC3 w_XJoin w_OJoin w_XMoveC1 w_OMoveC1 w_XMoveC2 w_OMoveC2)) (w_OMoveC3 : (W_OMoveC3 w_XJoin w_OJoin w_XMoveC1 w_OMoveC1 w_XMoveC2 w_OMoveC2 w_XMoveC3)) : Type := {
  sig_XMoveC4 : Signed X P_XMoveC4;
  guard : andb andb andb andb andb andb andb andb andb andb andb andb andb andb andb andb andb andb andb andb (w_XMoveC1.(sig_XMoveC1).(msg).(c1) <> w_OMoveC1.(sig_OMoveC1).(msg).(c1)) (w_XMoveC1.(sig_XMoveC1).(msg).(c1) <> w_XMoveC2.(sig_XMoveC2).(msg).(c2)) (w_XMoveC1.(sig_XMoveC1).(msg).(c1) <> w_OMoveC2.(sig_OMoveC2).(msg).(c2)) (w_XMoveC1.(sig_XMoveC1).(msg).(c1) <> w_XMoveC3.(sig_XMoveC3).(msg).(c3)) (w_XMoveC1.(sig_XMoveC1).(msg).(c1) <> w_OMoveC3.(sig_OMoveC3).(msg).(c3)) (w_XMoveC1.(sig_XMoveC1).(msg).(c1) <> w_XMoveC4.(sig_XMoveC4).(msg).(c4)) (w_OMoveC1.(sig_OMoveC1).(msg).(c1) <> w_XMoveC2.(sig_XMoveC2).(msg).(c2)) (w_OMoveC1.(sig_OMoveC1).(msg).(c1) <> w_OMoveC2.(sig_OMoveC2).(msg).(c2)) (w_OMoveC1.(sig_OMoveC1).(msg).(c1) <> w_XMoveC3.(sig_XMoveC3).(msg).(c3)) (w_OMoveC1.(sig_OMoveC1).(msg).(c1) <> w_OMoveC3.(sig_OMoveC3).(msg).(c3)) (w_OMoveC1.(sig_OMoveC1).(msg).(c1) <> w_XMoveC4.(sig_XMoveC4).(msg).(c4)) (w_XMoveC2.(sig_XMoveC2).(msg).(c2) <> w_OMoveC2.(sig_OMoveC2).(msg).(c2)) (w_XMoveC2.(sig_XMoveC2).(msg).(c2) <> w_XMoveC3.(sig_XMoveC3).(msg).(c3)) (w_XMoveC2.(sig_XMoveC2).(msg).(c2) <> w_OMoveC3.(sig_OMoveC3).(msg).(c3)) (w_XMoveC2.(sig_XMoveC2).(msg).(c2) <> w_XMoveC4.(sig_XMoveC4).(msg).(c4)) (w_OMoveC2.(sig_OMoveC2).(msg).(c2) <> w_XMoveC3.(sig_XMoveC3).(msg).(c3)) (w_OMoveC2.(sig_OMoveC2).(msg).(c2) <> w_OMoveC3.(sig_OMoveC3).(msg).(c3)) (w_OMoveC2.(sig_OMoveC2).(msg).(c2) <> w_XMoveC4.(sig_XMoveC4).(msg).(c4)) (w_XMoveC3.(sig_XMoveC3).(msg).(c3) <> w_OMoveC3.(sig_OMoveC3).(msg).(c3)) (w_XMoveC3.(sig_XMoveC3).(msg).(c3) <> w_XMoveC4.(sig_XMoveC4).(msg).(c4)) (w_OMoveC3.(sig_OMoveC3).(msg).(c3) <> w_XMoveC4.(sig_XMoveC4).(msg).(c4));
}.

Record W_OMoveC4 (w_XJoin : W_XJoin) (w_OJoin : (W_OJoin w_XJoin)) (w_XMoveC1 : (W_XMoveC1 w_XJoin w_OJoin)) (w_OMoveC1 : (W_OMoveC1 w_XJoin w_OJoin w_XMoveC1)) (w_XMoveC2 : (W_XMoveC2 w_XJoin w_OJoin w_XMoveC1 w_OMoveC1)) (w_OMoveC2 : (W_OMoveC2 w_XJoin w_OJoin w_XMoveC1 w_OMoveC1 w_XMoveC2)) (w_XMoveC3 : (W_XMoveC3 w_XJoin w_OJoin w_XMoveC1 w_OMoveC1 w_XMoveC2 w_OMoveC2)) (w_OMoveC3 : (W_OMoveC3 w_XJoin w_OJoin w_XMoveC1 w_OMoveC1 w_XMoveC2 w_OMoveC2 w_XMoveC3)) (w_XMoveC4 : (W_XMoveC4 w_XJoin w_OJoin w_XMoveC1 w_OMoveC1 w_XMoveC2 w_OMoveC2 w_XMoveC3 w_OMoveC3)) : Type := {
  sig_OMoveC4 : Signed O P_OMoveC4;
  guard : andb andb andb andb andb andb andb andb andb andb andb andb andb andb andb andb andb andb andb andb andb andb andb andb andb andb andb (w_XMoveC1.(sig_XMoveC1).(msg).(c1) <> w_OMoveC1.(sig_OMoveC1).(msg).(c1)) (w_XMoveC1.(sig_XMoveC1).(msg).(c1) <> w_XMoveC2.(sig_XMoveC2).(msg).(c2)) (w_XMoveC1.(sig_XMoveC1).(msg).(c1) <> w_OMoveC2.(sig_OMoveC2).(msg).(c2)) (w_XMoveC1.(sig_XMoveC1).(msg).(c1) <> w_XMoveC3.(sig_XMoveC3).(msg).(c3)) (w_XMoveC1.(sig_XMoveC1).(msg).(c1) <> w_OMoveC3.(sig_OMoveC3).(msg).(c3)) (w_XMoveC1.(sig_XMoveC1).(msg).(c1) <> w_XMoveC4.(sig_XMoveC4).(msg).(c4)) (w_XMoveC1.(sig_XMoveC1).(msg).(c1) <> w_OMoveC4.(sig_OMoveC4).(msg).(c4)) (w_OMoveC1.(sig_OMoveC1).(msg).(c1) <> w_XMoveC2.(sig_XMoveC2).(msg).(c2)) (w_OMoveC1.(sig_OMoveC1).(msg).(c1) <> w_OMoveC2.(sig_OMoveC2).(msg).(c2)) (w_OMoveC1.(sig_OMoveC1).(msg).(c1) <> w_XMoveC3.(sig_XMoveC3).(msg).(c3)) (w_OMoveC1.(sig_OMoveC1).(msg).(c1) <> w_OMoveC3.(sig_OMoveC3).(msg).(c3)) (w_OMoveC1.(sig_OMoveC1).(msg).(c1) <> w_XMoveC4.(sig_XMoveC4).(msg).(c4)) (w_OMoveC1.(sig_OMoveC1).(msg).(c1) <> w_OMoveC4.(sig_OMoveC4).(msg).(c4)) (w_XMoveC2.(sig_XMoveC2).(msg).(c2) <> w_OMoveC2.(sig_OMoveC2).(msg).(c2)) (w_XMoveC2.(sig_XMoveC2).(msg).(c2) <> w_XMoveC3.(sig_XMoveC3).(msg).(c3)) (w_XMoveC2.(sig_XMoveC2).(msg).(c2) <> w_OMoveC3.(sig_OMoveC3).(msg).(c3)) (w_XMoveC2.(sig_XMoveC2).(msg).(c2) <> w_XMoveC4.(sig_XMoveC4).(msg).(c4)) (w_XMoveC2.(sig_XMoveC2).(msg).(c2) <> w_OMoveC4.(sig_OMoveC4).(msg).(c4)) (w_OMoveC2.(sig_OMoveC2).(msg).(c2) <> w_XMoveC3.(sig_XMoveC3).(msg).(c3)) (w_OMoveC2.(sig_OMoveC2).(msg).(c2) <> w_OMoveC3.(sig_OMoveC3).(msg).(c3)) (w_OMoveC2.(sig_OMoveC2).(msg).(c2) <> w_XMoveC4.(sig_XMoveC4).(msg).(c4)) (w_OMoveC2.(sig_OMoveC2).(msg).(c2) <> w_OMoveC4.(sig_OMoveC4).(msg).(c4)) (w_XMoveC3.(sig_XMoveC3).(msg).(c3) <> w_OMoveC3.(sig_OMoveC3).(msg).(c3)) (w_XMoveC3.(sig_XMoveC3).(msg).(c3) <> w_XMoveC4.(sig_XMoveC4).(msg).(c4)) (w_XMoveC3.(sig_XMoveC3).(msg).(c3) <> w_OMoveC4.(sig_OMoveC4).(msg).(c4)) (w_OMoveC3.(sig_OMoveC3).(msg).(c3) <> w_XMoveC4.(sig_XMoveC4).(msg).(c4)) (w_OMoveC3.(sig_OMoveC3).(msg).(c3) <> w_OMoveC4.(sig_OMoveC4).(msg).(c4)) (w_XMoveC4.(sig_XMoveC4).(msg).(c4) <> w_OMoveC4.(sig_OMoveC4).(msg).(c4));
}.

(* ===================== *)
(* 5) Typed runtime/ESM  *)
(* ===================== *)

Inductive Stage : Type :=
S0 | S1 | S2 | S3 | S4 | S5 | S6 | S7 | S8 | S9 | S10.

Inductive State : Stage -> Type :=
| st0 : State S0
| st1 : (w_XJoin : W_XJoin) -> State S1
| st2 : (w_XJoin : W_XJoin) (w_OJoin : (W_OJoin w_XJoin)) -> State S2
| st3 : (w_XJoin : W_XJoin) (w_OJoin : (W_OJoin w_XJoin)) (w_XMoveC1 : (W_XMoveC1 w_XJoin w_OJoin)) -> State S3
| st4 : (w_XJoin : W_XJoin) (w_OJoin : (W_OJoin w_XJoin)) (w_XMoveC1 : (W_XMoveC1 w_XJoin w_OJoin)) (w_OMoveC1 : (W_OMoveC1 w_XJoin w_OJoin w_XMoveC1)) -> State S4
| st5 : (w_XJoin : W_XJoin) (w_OJoin : (W_OJoin w_XJoin)) (w_XMoveC1 : (W_XMoveC1 w_XJoin w_OJoin)) (w_OMoveC1 : (W_OMoveC1 w_XJoin w_OJoin w_XMoveC1)) (w_XMoveC2 : (W_XMoveC2 w_XJoin w_OJoin w_XMoveC1 w_OMoveC1)) -> State S5
| st6 : (w_XJoin : W_XJoin) (w_OJoin : (W_OJoin w_XJoin)) (w_XMoveC1 : (W_XMoveC1 w_XJoin w_OJoin)) (w_OMoveC1 : (W_OMoveC1 w_XJoin w_OJoin w_XMoveC1)) (w_XMoveC2 : (W_XMoveC2 w_XJoin w_OJoin w_XMoveC1 w_OMoveC1)) (w_OMoveC2 : (W_OMoveC2 w_XJoin w_OJoin w_XMoveC1 w_OMoveC1 w_XMoveC2)) -> State S6
| st7 : (w_XJoin : W_XJoin) (w_OJoin : (W_OJoin w_XJoin)) (w_XMoveC1 : (W_XMoveC1 w_XJoin w_OJoin)) (w_OMoveC1 : (W_OMoveC1 w_XJoin w_OJoin w_XMoveC1)) (w_XMoveC2 : (W_XMoveC2 w_XJoin w_OJoin w_XMoveC1 w_OMoveC1)) (w_OMoveC2 : (W_OMoveC2 w_XJoin w_OJoin w_XMoveC1 w_OMoveC1 w_XMoveC2)) (w_XMoveC3 : (W_XMoveC3 w_XJoin w_OJoin w_XMoveC1 w_OMoveC1 w_XMoveC2 w_OMoveC2)) -> State S7
| st8 : (w_XJoin : W_XJoin) (w_OJoin : (W_OJoin w_XJoin)) (w_XMoveC1 : (W_XMoveC1 w_XJoin w_OJoin)) (w_OMoveC1 : (W_OMoveC1 w_XJoin w_OJoin w_XMoveC1)) (w_XMoveC2 : (W_XMoveC2 w_XJoin w_OJoin w_XMoveC1 w_OMoveC1)) (w_OMoveC2 : (W_OMoveC2 w_XJoin w_OJoin w_XMoveC1 w_OMoveC1 w_XMoveC2)) (w_XMoveC3 : (W_XMoveC3 w_XJoin w_OJoin w_XMoveC1 w_OMoveC1 w_XMoveC2 w_OMoveC2)) (w_OMoveC3 : (W_OMoveC3 w_XJoin w_OJoin w_XMoveC1 w_OMoveC1 w_XMoveC2 w_OMoveC2 w_XMoveC3)) -> State S8
| st9 : (w_XJoin : W_XJoin) (w_OJoin : (W_OJoin w_XJoin)) (w_XMoveC1 : (W_XMoveC1 w_XJoin w_OJoin)) (w_OMoveC1 : (W_OMoveC1 w_XJoin w_OJoin w_XMoveC1)) (w_XMoveC2 : (W_XMoveC2 w_XJoin w_OJoin w_XMoveC1 w_OMoveC1)) (w_OMoveC2 : (W_OMoveC2 w_XJoin w_OJoin w_XMoveC1 w_OMoveC1 w_XMoveC2)) (w_XMoveC3 : (W_XMoveC3 w_XJoin w_OJoin w_XMoveC1 w_OMoveC1 w_XMoveC2 w_OMoveC2)) (w_OMoveC3 : (W_OMoveC3 w_XJoin w_OJoin w_XMoveC1 w_OMoveC1 w_XMoveC2 w_OMoveC2 w_XMoveC3)) (w_XMoveC4 : (W_XMoveC4 w_XJoin w_OJoin w_XMoveC1 w_OMoveC1 w_XMoveC2 w_OMoveC2 w_XMoveC3 w_OMoveC3)) -> State S9
| st10 : (w_XJoin : W_XJoin) (w_OJoin : (W_OJoin w_XJoin)) (w_XMoveC1 : (W_XMoveC1 w_XJoin w_OJoin)) (w_OMoveC1 : (W_OMoveC1 w_XJoin w_OJoin w_XMoveC1)) (w_XMoveC2 : (W_XMoveC2 w_XJoin w_OJoin w_XMoveC1 w_OMoveC1)) (w_OMoveC2 : (W_OMoveC2 w_XJoin w_OJoin w_XMoveC1 w_OMoveC1 w_XMoveC2)) (w_XMoveC3 : (W_XMoveC3 w_XJoin w_OJoin w_XMoveC1 w_OMoveC1 w_XMoveC2 w_OMoveC2)) (w_OMoveC3 : (W_OMoveC3 w_XJoin w_OJoin w_XMoveC1 w_OMoveC1 w_XMoveC2 w_OMoveC2 w_XMoveC3)) (w_XMoveC4 : (W_XMoveC4 w_XJoin w_OJoin w_XMoveC1 w_OMoveC1 w_XMoveC2 w_OMoveC2 w_XMoveC3 w_OMoveC3)) (w_OMoveC4 : (W_OMoveC4 w_XJoin w_OJoin w_XMoveC1 w_OMoveC1 w_XMoveC2 w_OMoveC2 w_XMoveC3 w_OMoveC3 w_XMoveC4)) -> State S10
.

(* Step API *)
Definition step_xjoin_from_s0 (s : State S0) (sig : Signed X P_XJoin)
 : State S1 :=
  match s with
  | st0 =>
      st1 {| sig_XJoin := sig |}
  end.

Definition step_ojoin_from_s1 (s : State S1) (sig : Signed O P_OJoin)
 : State S2 :=
  match s with
  | st1 w_XJoin =>
      st2 w_XJoin {| sig_OJoin := sig |}
  end.

Definition step_xmovec1_from_s2 (s : State S2) (sig : Signed X P_XMoveC1)
 : State S3 :=
  match s with
  | st2 w_XJoin w_OJoin =>
      st3 w_XJoin w_OJoin {| sig_XMoveC1 := sig |}
  end.

Definition step_omovec1_from_s3 (s : State S3) (sig : Signed O P_OMoveC1)
  (Hguard : ((match s with st3 w_XJoin w_OJoin w_XMoveC1 => w_XMoveC1.(sig_XMoveC1).(msg).(c1) end) <> sig.(msg).(c1))) : State S4 :=
  match s with
  | st3 w_XJoin w_OJoin w_XMoveC1 =>
      st4 w_XJoin w_OJoin w_XMoveC1 {| sig_OMoveC1 := sig; guard := Hguard |}
  end.

Definition step_xmovec2_from_s4 (s : State S4) (sig : Signed X P_XMoveC2)
  (Hguard : (andb (andb ((match s with st4 w_XJoin w_OJoin w_XMoveC1 w_OMoveC1 => w_XMoveC1.(sig_XMoveC1).(msg).(c1) end) <> (match s with st4 w_XJoin w_OJoin w_XMoveC1 w_OMoveC1 => w_OMoveC1.(sig_OMoveC1).(msg).(c1) end)) ((match s with st4 w_XJoin w_OJoin w_XMoveC1 w_OMoveC1 => w_XMoveC1.(sig_XMoveC1).(msg).(c1) end) <> sig.(msg).(c2))) ((match s with st4 w_XJoin w_OJoin w_XMoveC1 w_OMoveC1 => w_OMoveC1.(sig_OMoveC1).(msg).(c1) end) <> sig.(msg).(c2)))) : State S5 :=
  match s with
  | st4 w_XJoin w_OJoin w_XMoveC1 w_OMoveC1 =>
      st5 w_XJoin w_OJoin w_XMoveC1 w_OMoveC1 {| sig_XMoveC2 := sig; guard := Hguard |}
  end.

Definition step_omovec2_from_s5 (s : State S5) (sig : Signed O P_OMoveC2)
  (Hguard : (andb (andb (andb (andb (andb ((match s with st5 w_XJoin w_OJoin w_XMoveC1 w_OMoveC1 w_XMoveC2 => w_XMoveC1.(sig_XMoveC1).(msg).(c1) end) <> (match s with st5 w_XJoin w_OJoin w_XMoveC1 w_OMoveC1 w_XMoveC2 => w_OMoveC1.(sig_OMoveC1).(msg).(c1) end)) ((match s with st5 w_XJoin w_OJoin w_XMoveC1 w_OMoveC1 w_XMoveC2 => w_XMoveC1.(sig_XMoveC1).(msg).(c1) end) <> (match s with st5 w_XJoin w_OJoin w_XMoveC1 w_OMoveC1 w_XMoveC2 => w_XMoveC2.(sig_XMoveC2).(msg).(c2) end))) ((match s with st5 w_XJoin w_OJoin w_XMoveC1 w_OMoveC1 w_XMoveC2 => w_XMoveC1.(sig_XMoveC1).(msg).(c1) end) <> sig.(msg).(c2))) ((match s with st5 w_XJoin w_OJoin w_XMoveC1 w_OMoveC1 w_XMoveC2 => w_OMoveC1.(sig_OMoveC1).(msg).(c1) end) <> (match s with st5 w_XJoin w_OJoin w_XMoveC1 w_OMoveC1 w_XMoveC2 => w_XMoveC2.(sig_XMoveC2).(msg).(c2) end))) ((match s with st5 w_XJoin w_OJoin w_XMoveC1 w_OMoveC1 w_XMoveC2 => w_OMoveC1.(sig_OMoveC1).(msg).(c1) end) <> sig.(msg).(c2))) ((match s with st5 w_XJoin w_OJoin w_XMoveC1 w_OMoveC1 w_XMoveC2 => w_XMoveC2.(sig_XMoveC2).(msg).(c2) end) <> sig.(msg).(c2)))) : State S6 :=
  match s with
  | st5 w_XJoin w_OJoin w_XMoveC1 w_OMoveC1 w_XMoveC2 =>
      st6 w_XJoin w_OJoin w_XMoveC1 w_OMoveC1 w_XMoveC2 {| sig_OMoveC2 := sig; guard := Hguard |}
  end.

Definition step_xmovec3_from_s6 (s : State S6) (sig : Signed X P_XMoveC3)
  (Hguard : (andb (andb (andb (andb (andb (andb (andb (andb (andb ((match s with st6 w_XJoin w_OJoin w_XMoveC1 w_OMoveC1 w_XMoveC2 w_OMoveC2 => w_XMoveC1.(sig_XMoveC1).(msg).(c1) end) <> (match s with st6 w_XJoin w_OJoin w_XMoveC1 w_OMoveC1 w_XMoveC2 w_OMoveC2 => w_OMoveC1.(sig_OMoveC1).(msg).(c1) end)) ((match s with st6 w_XJoin w_OJoin w_XMoveC1 w_OMoveC1 w_XMoveC2 w_OMoveC2 => w_XMoveC1.(sig_XMoveC1).(msg).(c1) end) <> (match s with st6 w_XJoin w_OJoin w_XMoveC1 w_OMoveC1 w_XMoveC2 w_OMoveC2 => w_XMoveC2.(sig_XMoveC2).(msg).(c2) end))) ((match s with st6 w_XJoin w_OJoin w_XMoveC1 w_OMoveC1 w_XMoveC2 w_OMoveC2 => w_XMoveC1.(sig_XMoveC1).(msg).(c1) end) <> (match s with st6 w_XJoin w_OJoin w_XMoveC1 w_OMoveC1 w_XMoveC2 w_OMoveC2 => w_OMoveC2.(sig_OMoveC2).(msg).(c2) end))) ((match s with st6 w_XJoin w_OJoin w_XMoveC1 w_OMoveC1 w_XMoveC2 w_OMoveC2 => w_XMoveC1.(sig_XMoveC1).(msg).(c1) end) <> sig.(msg).(c3))) ((match s with st6 w_XJoin w_OJoin w_XMoveC1 w_OMoveC1 w_XMoveC2 w_OMoveC2 => w_OMoveC1.(sig_OMoveC1).(msg).(c1) end) <> (match s with st6 w_XJoin w_OJoin w_XMoveC1 w_OMoveC1 w_XMoveC2 w_OMoveC2 => w_XMoveC2.(sig_XMoveC2).(msg).(c2) end))) ((match s with st6 w_XJoin w_OJoin w_XMoveC1 w_OMoveC1 w_XMoveC2 w_OMoveC2 => w_OMoveC1.(sig_OMoveC1).(msg).(c1) end) <> (match s with st6 w_XJoin w_OJoin w_XMoveC1 w_OMoveC1 w_XMoveC2 w_OMoveC2 => w_OMoveC2.(sig_OMoveC2).(msg).(c2) end))) ((match s with st6 w_XJoin w_OJoin w_XMoveC1 w_OMoveC1 w_XMoveC2 w_OMoveC2 => w_OMoveC1.(sig_OMoveC1).(msg).(c1) end) <> sig.(msg).(c3))) ((match s with st6 w_XJoin w_OJoin w_XMoveC1 w_OMoveC1 w_XMoveC2 w_OMoveC2 => w_XMoveC2.(sig_XMoveC2).(msg).(c2) end) <> (match s with st6 w_XJoin w_OJoin w_XMoveC1 w_OMoveC1 w_XMoveC2 w_OMoveC2 => w_OMoveC2.(sig_OMoveC2).(msg).(c2) end))) ((match s with st6 w_XJoin w_OJoin w_XMoveC1 w_OMoveC1 w_XMoveC2 w_OMoveC2 => w_XMoveC2.(sig_XMoveC2).(msg).(c2) end) <> sig.(msg).(c3))) ((match s with st6 w_XJoin w_OJoin w_XMoveC1 w_OMoveC1 w_XMoveC2 w_OMoveC2 => w_OMoveC2.(sig_OMoveC2).(msg).(c2) end) <> sig.(msg).(c3)))) : State S7 :=
  match s with
  | st6 w_XJoin w_OJoin w_XMoveC1 w_OMoveC1 w_XMoveC2 w_OMoveC2 =>
      st7 w_XJoin w_OJoin w_XMoveC1 w_OMoveC1 w_XMoveC2 w_OMoveC2 {| sig_XMoveC3 := sig; guard := Hguard |}
  end.

Definition step_omovec3_from_s7 (s : State S7) (sig : Signed O P_OMoveC3)
  (Hguard : (andb (andb (andb (andb (andb (andb (andb (andb (andb (andb (andb (andb (andb (andb ((match s with st7 w_XJoin w_OJoin w_XMoveC1 w_OMoveC1 w_XMoveC2 w_OMoveC2 w_XMoveC3 => w_XMoveC1.(sig_XMoveC1).(msg).(c1) end) <> (match s with st7 w_XJoin w_OJoin w_XMoveC1 w_OMoveC1 w_XMoveC2 w_OMoveC2 w_XMoveC3 => w_OMoveC1.(sig_OMoveC1).(msg).(c1) end)) ((match s with st7 w_XJoin w_OJoin w_XMoveC1 w_OMoveC1 w_XMoveC2 w_OMoveC2 w_XMoveC3 => w_XMoveC1.(sig_XMoveC1).(msg).(c1) end) <> (match s with st7 w_XJoin w_OJoin w_XMoveC1 w_OMoveC1 w_XMoveC2 w_OMoveC2 w_XMoveC3 => w_XMoveC2.(sig_XMoveC2).(msg).(c2) end))) ((match s with st7 w_XJoin w_OJoin w_XMoveC1 w_OMoveC1 w_XMoveC2 w_OMoveC2 w_XMoveC3 => w_XMoveC1.(sig_XMoveC1).(msg).(c1) end) <> (match s with st7 w_XJoin w_OJoin w_XMoveC1 w_OMoveC1 w_XMoveC2 w_OMoveC2 w_XMoveC3 => w_OMoveC2.(sig_OMoveC2).(msg).(c2) end))) ((match s with st7 w_XJoin w_OJoin w_XMoveC1 w_OMoveC1 w_XMoveC2 w_OMoveC2 w_XMoveC3 => w_XMoveC1.(sig_XMoveC1).(msg).(c1) end) <> (match s with st7 w_XJoin w_OJoin w_XMoveC1 w_OMoveC1 w_XMoveC2 w_OMoveC2 w_XMoveC3 => w_XMoveC3.(sig_XMoveC3).(msg).(c3) end))) ((match s with st7 w_XJoin w_OJoin w_XMoveC1 w_OMoveC1 w_XMoveC2 w_OMoveC2 w_XMoveC3 => w_XMoveC1.(sig_XMoveC1).(msg).(c1) end) <> sig.(msg).(c3))) ((match s with st7 w_XJoin w_OJoin w_XMoveC1 w_OMoveC1 w_XMoveC2 w_OMoveC2 w_XMoveC3 => w_OMoveC1.(sig_OMoveC1).(msg).(c1) end) <> (match s with st7 w_XJoin w_OJoin w_XMoveC1 w_OMoveC1 w_XMoveC2 w_OMoveC2 w_XMoveC3 => w_XMoveC2.(sig_XMoveC2).(msg).(c2) end))) ((match s with st7 w_XJoin w_OJoin w_XMoveC1 w_OMoveC1 w_XMoveC2 w_OMoveC2 w_XMoveC3 => w_OMoveC1.(sig_OMoveC1).(msg).(c1) end) <> (match s with st7 w_XJoin w_OJoin w_XMoveC1 w_OMoveC1 w_XMoveC2 w_OMoveC2 w_XMoveC3 => w_OMoveC2.(sig_OMoveC2).(msg).(c2) end))) ((match s with st7 w_XJoin w_OJoin w_XMoveC1 w_OMoveC1 w_XMoveC2 w_OMoveC2 w_XMoveC3 => w_OMoveC1.(sig_OMoveC1).(msg).(c1) end) <> (match s with st7 w_XJoin w_OJoin w_XMoveC1 w_OMoveC1 w_XMoveC2 w_OMoveC2 w_XMoveC3 => w_XMoveC3.(sig_XMoveC3).(msg).(c3) end))) ((match s with st7 w_XJoin w_OJoin w_XMoveC1 w_OMoveC1 w_XMoveC2 w_OMoveC2 w_XMoveC3 => w_OMoveC1.(sig_OMoveC1).(msg).(c1) end) <> sig.(msg).(c3))) ((match s with st7 w_XJoin w_OJoin w_XMoveC1 w_OMoveC1 w_XMoveC2 w_OMoveC2 w_XMoveC3 => w_XMoveC2.(sig_XMoveC2).(msg).(c2) end) <> (match s with st7 w_XJoin w_OJoin w_XMoveC1 w_OMoveC1 w_XMoveC2 w_OMoveC2 w_XMoveC3 => w_OMoveC2.(sig_OMoveC2).(msg).(c2) end))) ((match s with st7 w_XJoin w_OJoin w_XMoveC1 w_OMoveC1 w_XMoveC2 w_OMoveC2 w_XMoveC3 => w_XMoveC2.(sig_XMoveC2).(msg).(c2) end) <> (match s with st7 w_XJoin w_OJoin w_XMoveC1 w_OMoveC1 w_XMoveC2 w_OMoveC2 w_XMoveC3 => w_XMoveC3.(sig_XMoveC3).(msg).(c3) end))) ((match s with st7 w_XJoin w_OJoin w_XMoveC1 w_OMoveC1 w_XMoveC2 w_OMoveC2 w_XMoveC3 => w_XMoveC2.(sig_XMoveC2).(msg).(c2) end) <> sig.(msg).(c3))) ((match s with st7 w_XJoin w_OJoin w_XMoveC1 w_OMoveC1 w_XMoveC2 w_OMoveC2 w_XMoveC3 => w_OMoveC2.(sig_OMoveC2).(msg).(c2) end) <> (match s with st7 w_XJoin w_OJoin w_XMoveC1 w_OMoveC1 w_XMoveC2 w_OMoveC2 w_XMoveC3 => w_XMoveC3.(sig_XMoveC3).(msg).(c3) end))) ((match s with st7 w_XJoin w_OJoin w_XMoveC1 w_OMoveC1 w_XMoveC2 w_OMoveC2 w_XMoveC3 => w_OMoveC2.(sig_OMoveC2).(msg).(c2) end) <> sig.(msg).(c3))) ((match s with st7 w_XJoin w_OJoin w_XMoveC1 w_OMoveC1 w_XMoveC2 w_OMoveC2 w_XMoveC3 => w_XMoveC3.(sig_XMoveC3).(msg).(c3) end) <> sig.(msg).(c3)))) : State S8 :=
  match s with
  | st7 w_XJoin w_OJoin w_XMoveC1 w_OMoveC1 w_XMoveC2 w_OMoveC2 w_XMoveC3 =>

[Change at line 108]   sig_OMoveC2 : Signed O P_OMoveC2;
  guard : andb andb andb andb andb (w_XMoveC1.(sig_XMoveC1).(msg).(c1) <> w_OMoveC1.(sig_OMoveC1).(msg).(c1)) (w_XMoveC1.(sig_XMoveC1).(msg).(c1) <> w_XMoveC2.(sig_XMoveC2).(msg).(c2)) (w_XMoveC1.(sig_XMoveC1).(msg).(c1) <> w_OMoveC2.(sig_OMoveC2).(msg).(c2)) (w_OMoveC1.(sig_OMoveC1).(msg).(c1) <> w_XMoveC2.(sig_XMoveC2).(msg).(c2)) (w_OMoveC1.(sig_OMoveC1).(msg).(c1) <> w_OMoveC2.(sig_OMoveC2).(msg).(c2)) (w_XMoveC2.(sig_XMoveC2).(msg).(c2) <> w_OMoveC2.(sig_OMoveC2).(msg).(c2));
}.

Record W_XMoveC3 (w_XJoin : W_XJoin) (w_OJoin : (W_OJoin w_XJoin)) (w_XMoveC1 : (W_XMoveC1 w_XJoin w_OJoin)) (w_OMoveC1 : (W_OMoveC1 w_XJoin w_OJoin w_XMoveC1)) (w_XMoveC2 : (W_XMoveC2 w_XJoin w_OJoin w_XMoveC1 w_OMoveC1)) (w_OMoveC2 : (W_OMoveC2 w_XJoin w_OJoin w_XMoveC1 w_OMoveC1 w_XMoveC2)) : Type := {
  sig_XMoveC3 : Signed X P_XMoveC3;
  guard : andb andb andb andb andb andb andb andb andb (w_XMoveC1.(sig_XMoveC1).(msg).(c1) <> w_OMoveC1.(sig_OMoveC1).(msg).(c1)) (w_XMoveC1.(sig_XMoveC1).(msg).(c1) <> w_XMoveC2.(sig_XMoveC2).(msg).(c2)) (w_XMoveC1.(sig_XMoveC1).(msg).(c1) <> w_OMoveC2.(sig_OMoveC2).(msg).(c2)) (w_XMoveC1.(sig_XMoveC1).(msg).(c1) <> w_XMoveC3.(sig_XMoveC3).(msg).(c3)) (w_OMoveC1.(sig_OMoveC1).(msg).(c1) <> w_XMoveC2.(sig_XMoveC2).(msg).(c2)) (w_OMoveC1.(sig_OMoveC1).(msg).(c1) <> w_OMoveC2.(sig_OMoveC2).(msg).(c2)) (w_OMoveC1.(sig_OMoveC1).(msg).(c1) <> w_XMoveC3.(sig_XMoveC3).(msg).(c3)) (w_XMoveC2.(sig_XMoveC2).(msg).(c2) <> w_OMoveC2.(sig_OMoveC2).(msg).(c2)) (w_XMoveC2.(sig_XMoveC2).(msg).(c2) <> w_XMoveC3.(sig_XMoveC3).(msg).(c3)) (w_OMoveC2.(sig_OMoveC2).(msg).(c2) <> w_XMoveC3.(sig_XMoveC3).(msg).(c3));
}.

Record W_OMoveC3 (w_XJoin : W_XJoin) (w_OJoin : (W_OJoin w_XJoin)) (w_XMoveC1 : (W_XMoveC1 w_XJoin w_OJoin)) (w_OMoveC1 : (W_OMoveC1 w_XJoin w_OJoin w_XMoveC1)) (w_XMoveC2 : (W_XMoveC2 w_XJoin w_OJoin w_XMoveC1 w_OMoveC1)) (w_OMoveC2 : (W_OMoveC2 w_XJoin w_OJoin w_XMoveC1 w_OMoveC1 w_XMoveC2)) (w_XMoveC3 : (W_XMoveC3 w_XJoin w_OJoin w_XMoveC1 w_OMoveC1 w_XMoveC2 w_OMoveC2)) : Type := {
  sig_OMoveC3 : Signed O P_OMoveC3;
  guard : andb andb andb andb andb andb andb andb andb andb andb andb andb andb (w_XMoveC1.(sig_XMoveC1).(msg).(c1) <> w_OMoveC1.(sig_OMoveC1).(msg).(c1)) (w_XMoveC1.(sig_XMoveC1).(msg).(c1) <> w_XMoveC2.(sig_XMoveC2).(msg).(c2)) (w_XMoveC1.(sig_XMoveC1).(msg).(c1) <> w_OMoveC2.(sig_OMoveC2).(msg).(c2)) (w_XMoveC1.(sig_XMoveC1).(msg).(c1) <> w_XMoveC3.(sig_XMoveC3).(msg).(c3)) (w_XMoveC1.(sig_XMoveC1).(msg).(c1) <> w_OMoveC3.(sig_OMoveC3).(msg).(c3)) (w_OMoveC1.(sig_OMoveC1).(msg).(c1) <> w_XMoveC2.(sig_XMoveC2).(msg).(c2)) (w_OMoveC1.(sig_OMoveC1).(msg).(c1) <> w_OMoveC2.(sig_OMoveC2).(msg).(c2)) (w_OMoveC1.(sig_OMoveC1).(msg).(c1) <> w_XMoveC3.(sig_XMoveC3).(msg).(c3)) (w_OMoveC1.(sig_OMoveC1).(msg).(c1) <> w_OMoveC3.(sig_OMoveC3).(msg).(c3)) (w_XMoveC2.(sig_XMoveC2).(msg).(c2) <> w_OMoveC2.(sig_OMoveC2).(msg).(c2)) (w_XMoveC2.(sig_XMoveC2).(msg).(c2) <> w_XMoveC3.(sig_XMoveC3).(msg).(c3)) (w_XMoveC2.(sig_XMoveC2).(msg).(c2) <> w_OMoveC3.(sig_OMoveC3).(msg).(c3)) (w_OMoveC2.(sig_OMoveC2).(msg).(c2) <> w_XMoveC3.(sig_XMoveC3).(msg).(c3)) (w_OMoveC2.(sig_OMoveC2).(msg).(c2) <> w_OMoveC3.(sig_OMoveC3).(msg).(c3)) (w_XMoveC3.(sig_XMoveC3).(msg).(c3) <> w_OMoveC3.(sig_OMoveC3).(msg).(c3));
}.

Record W_XMoveC4 (w_XJoin : W_XJoin) (w_OJoin : (W_OJoin w_XJoin)) (w_XMoveC1 : (W_XMoveC1 w_XJoin w_OJoin)) (w_OMoveC1 : (W_OMoveC1 w_XJoin w_OJoin w_XMoveC1)) (w_XMoveC2 : (W_XMoveC2 w_XJoin w_OJoin w_XMoveC1 w_OMoveC1)) (w_OMoveC2 : (W_OMoveC2 w_XJoin w_OJoin w_XMoveC1 w_OMoveC1 w_XMoveC2)) (w_XMoveC3 : (W_XMoveC3 w_XJoin w_OJoin w_XMoveC1 w_OMoveC1 w_XMoveC2 w_OMoveC2)) (w_OMoveC3 : (W_OMoveC3 w_XJoin w_OJoin w_XMoveC1 w_OMoveC1 w_XMoveC2 w_OMoveC2 w_XMoveC3)) : Type := {
  sig_XMoveC4 : Signed X P_XMoveC4;
  guard : andb andb andb andb andb andb andb andb andb andb andb andb andb andb andb andb andb andb andb andb (w_XMoveC1.(sig_XMoveC1).(msg).(c1) <> w_OMoveC1.(sig_OMoveC1).(msg).(c1)) (w_XMoveC1.(sig_XMoveC1).(msg).(c1) <> w_XMoveC2.(sig_XMoveC2).(msg).(c2)) (w_XMoveC1.(sig_XMoveC1).(msg).(c1) <> w_OMoveC2.(sig_OMoveC2).(msg).(c2)) (w_XMoveC1.(sig_XMoveC1).(msg).(c1) <> w_XMoveC3.(sig_XMoveC3).(msg).(c3)) (w_XMoveC1.(sig_XMoveC1).(msg).(c1) <> w_OMoveC3.(sig_OMoveC3).(msg).(c3)) (w_XMoveC1.(sig_XMoveC1).(msg).(c1) <> w_XMoveC4.(sig_XMoveC4).(msg).(c4)) (w_OMoveC1.(sig_OMoveC1).(msg).(c1) <> w_XMoveC2.(sig_XMoveC2).(msg).(c2)) (w_OMoveC1.(sig_OMoveC1).(msg).(c1) <> w_OMoveC2.(sig_OMoveC2).(msg).(c2)) (w_OMoveC1.(sig_OMoveC1).(msg).(c1) <> w_XMoveC3.(sig_XMoveC3).(msg).(c3)) (w_OMoveC1.(sig_OMoveC1).(msg).(c1) <> w_OMoveC3.(sig_OMoveC3).(msg).(c3)) (w_OMoveC1.(sig_OMoveC1).(msg).(c1) <> w_XMoveC4.(sig_XMoveC4).(msg).(c4)) (w_XMoveC2.(sig_XMoveC2).(msg).(c2) <> w_OMoveC2.(sig_OMoveC2).(msg).(c2)) (w_XMoveC2.(sig_XMoveC2).(msg).(c2) <> w_XMoveC3.(sig_XMoveC3).(msg).(c3)) (w_XMoveC2.(sig_XMoveC2).(msg).(c2) <> w_OMoveC3.(sig_OMoveC3).(msg).(c3)) (w_XMoveC2.(sig_XMoveC2).(msg).(c2) <> w_XMoveC4.(sig_XMoveC4).(msg).(c4)) (w_OMoveC2.(sig_OMoveC2).(msg).(c2) <> w_XMoveC3.(sig_XMoveC3).(msg).(c3)) (w_OMoveC2.(sig_OMoveC2).(msg).(c2) <> w_OMoveC3.(sig_OMoveC3).(msg).(c3)) (w_OMoveC2.(sig_OMoveC2).(msg).(c2) <> w_XMoveC4.(sig_XMoveC4).(msg).(c4)) (w_XMoveC3.(sig_XMoveC3).(msg).(c3) <> w_OMoveC3.(sig_OMoveC3).(msg).(c3)) (w_XMoveC3.(sig_XMoveC3).(msg).(c3) <> w_XMoveC4.(sig_XMoveC4).(msg).(c4)) (w_OMoveC3.(sig_OMoveC3).(msg).(c3) <> w_XMoveC4.(sig_XMoveC4).(msg).(c4));
}.

Record W_OMoveC4 (w_XJoin : W_XJoin) (w_OJoin : (W_OJoin w_XJoin)) (w_XMoveC1 : (W_XMoveC1 w_XJoin w_OJoin)) (w_OMoveC1 : (W_OMoveC1 w_XJoin w_OJoin w_XMoveC1)) (w_XMoveC2 : (W_XMoveC2 w_XJoin w_OJoin w_XMoveC1 w_OMoveC1)) (w_OMoveC2 : (W_OMoveC2 w_XJoin w_OJoin w_XMoveC1 w_OMoveC1 w_XMoveC2)) (w_XMoveC3 : (W_XMoveC3 w_XJoin w_OJoin w_XMoveC1 w_OMoveC1 w_XMoveC2 w_OMoveC2)) (w_OMoveC3 : (W_OMoveC3 w_XJoin w_OJoin w_XMoveC1 w_OMoveC1 w_XMoveC2 w_OMoveC2 w_XMoveC3)) (w_XMoveC4 : (W_XMoveC4 w_XJoin w_OJoin w_XMoveC1 w_OMoveC1 w_XMoveC2 w_OMoveC2 w_XMoveC3 w_OMoveC3)) : Type := {
  sig_OMoveC4 : Signed O P_OMoveC4;
  guard : andb andb andb andb andb andb andb andb andb andb andb andb andb andb andb andb andb andb andb andb andb andb andb andb andb andb andb (w_XMoveC1.(sig_XMoveC1).(msg).(c1) <> w_OMoveC1.(sig_OMoveC1).(msg).(c1)) (w_XMoveC1.(sig_XMoveC1).(msg).(c1) <> w_XMoveC2.(sig_XMoveC2).(msg).(c2)) (w_XMoveC1.(sig_XMoveC1).(msg).(c1) <> w_OMoveC2.(sig_OMoveC2).(msg).(c2)) (w_XMoveC1.(sig_XMoveC1).(msg).(c1) <> w_XMoveC3.(sig_XMoveC3).(msg).(c3)) (w_XMoveC1.(sig_XMoveC1).(msg).(c1) <> w_OMoveC3.(sig_OMoveC3).(msg).(c3)) (w_XMoveC1.(sig_XMoveC1).(msg).(c1) <> w_XMoveC4.(sig_XMoveC4).(msg).(c4)) (w_XMoveC1.(sig_XMoveC1).(msg).(c1) <> w_OMoveC4.(sig_OMoveC4).(msg).(c4)) (w_OMoveC1.(sig_OMoveC1).(msg).(c1) <> w_XMoveC2.(sig_XMoveC2).(msg).(c2)) (w_OMoveC1.(sig_OMoveC1).(msg).(c1) <> w_OMoveC2.(sig_OMoveC2).(msg).(c2)) (w_OMoveC1.(sig_OMoveC1).(msg).(c1) <> w_XMoveC3.(sig_XMoveC3).(msg).(c3)) (w_OMoveC1.(sig_OMoveC1).(msg).(c1) <> w_OMoveC3.(sig_OMoveC3).(msg).(c3)) (w_OMoveC1.(sig_OMoveC1).(msg).(c1) <> w_XMoveC4.(sig_XMoveC4).(msg).(c4)) (w_OMoveC1.(sig_OMoveC1).(msg).(c1) <> w_OMoveC4.(sig_OMoveC4).(msg).(c4)) (w_XMoveC2.(sig_XMoveC2).(msg).(c2) <> w_OMoveC2.(sig_OMoveC2).(msg).(c2)) (w_XMoveC2.(sig_XMoveC2).(msg).(c2) <> w_XMoveC3.(sig_XMoveC3).(msg).(c3)) (w_XMoveC2.(sig_XMoveC2).(msg).(c2) <> w_OMoveC3.(sig_OMoveC3).(msg).(c3)) (w_XMoveC2.(sig_XMoveC2).(msg).(c2) <> w_XMoveC4.(sig_XMoveC4).(msg).(c4)) (w_XMoveC2.(sig_XMoveC2).(msg).(c2) <> w_OMoveC4.(sig_OMoveC4).(msg).(c4)) (w_OMoveC2.(sig_OMoveC2).(msg).(c2) <> w_XMoveC3.(sig_XMoveC3).(msg).(c3)) (w_OMoveC2.(sig_OMoveC2).(msg).(c2) <> w_OMoveC3.(sig_OMoveC3).(msg).(c3)) (w_OMoveC2.(sig_OMoveC2).(msg).(c2) <> w_XMoveC4.(sig_XMoveC4).(msg).(c4)) (w_OMoveC2.(sig_OMoveC2).(msg).(c2) <> w_OMoveC4.(sig_OMoveC4).(msg).(c4)) (w_XMoveC3.(sig_XMoveC3).(msg).(c3) <> w_OMoveC3.(sig_OMoveC3).(msg).(c3)) (w_XMoveC3.(sig_XMoveC3).(msg).(c3) <> w_XMoveC4.(sig_XMoveC4).(msg).(c4)) (w_XMoveC3.(sig_XMoveC3).(msg).(c3) <> w_OMoveC4.(sig_OMoveC4).(msg).(c4)) (w_OMoveC3.(sig_OMoveC3).(msg).(c3) <> w_XMoveC4.(sig_XMoveC4).(msg).(c4)) (w_OMoveC3.(sig_OMoveC3).(msg).(c3) <> w_OMoveC4.(sig_OMoveC4).(msg).(c4)) (w_XMoveC4.(sig_XMoveC4).(msg).(c4) <> w_OMoveC4.(sig_OMoveC4).(msg).(c4));
}.

(* ===================== *)
(* 5) Typed runtime/ESM  *)
(* ===================== *)

Inductive Stage : Type :=
S0 | S1 | S2 | S3 | S4 | S5 | S6 | S7 | S8 | S9 | S10.

Inductive State : Stage -> Type :=
| st0 : State S0
| st1 : (w_XJoin : W_XJoin) -> State S1
| st2 : (w_XJoin : W_XJoin) (w_OJoin : (W_OJoin w_XJoin)) -> State S2
| st3 : (w_XJoin : W_XJoin) (w_OJoin : (W_OJoin w_XJoin)) (w_XMoveC1 : (W_XMoveC1 w_XJoin w_OJoin)) -> State S3
| st4 : (w_XJoin : W_XJoin) (w_OJoin : (W_OJoin w_XJoin)) (w_XMoveC1 : (W_XMoveC1 w_XJoin w_OJoin)) (w_OMoveC1 : (W_OMoveC1 w_XJoin w_OJoin w_XMoveC1)) -> State S4
| st5 : (w_XJoin : W_XJoin) (w_OJoin : (W_OJoin w_XJoin)) (w_XMoveC1 : (W_XMoveC1 w_XJoin w_OJoin)) (w_OMoveC1 : (W_OMoveC1 w_XJoin w_OJoin w_XMoveC1)) (w_XMoveC2 : (W_XMoveC2 w_XJoin w_OJoin w_XMoveC1 w_OMoveC1)) -> State S5
| st6 : (w_XJoin : W_XJoin) (w_OJoin : (W_OJoin w_XJoin)) (w_XMoveC1 : (W_XMoveC1 w_XJoin w_OJoin)) (w_OMoveC1 : (W_OMoveC1 w_XJoin w_OJoin w_XMoveC1)) (w_XMoveC2 : (W_XMoveC2 w_XJoin w_OJoin w_XMoveC1 w_OMoveC1)) (w_OMoveC2 : (W_OMoveC2 w_XJoin w_OJoin w_XMoveC1 w_OMoveC1 w_XMoveC2)) -> State S6
| st7 : (w_XJoin : W_XJoin) (w_OJoin : (W_OJoin w_XJoin)) (w_XMoveC1 : (W_XMoveC1 w_XJoin w_OJoin)) (w_OMoveC1 : (W_OMoveC1 w_XJoin w_OJoin w_XMoveC1)) (w_XMoveC2 : (W_XMoveC2 w_XJoin w_OJoin w_XMoveC1 w_OMoveC1)) (w_OMoveC2 : (W_OMoveC2 w_XJoin w_OJoin w_XMoveC1 w_OMoveC1 w_XMoveC2)) (w_XMoveC3 : (W_XMoveC3 w_XJoin w_OJoin w_XMoveC1 w_OMoveC1 w_XMoveC2 w_OMoveC2)) -> State S7
| st8 : (w_XJoin : W_XJoin) (w_OJoin : (W_OJoin w_XJoin)) (w_XMoveC1 : (W_XMoveC1 w_XJoin w_OJoin)) (w_OMoveC1 : (W_OMoveC1 w_XJoin w_OJoin w_XMoveC1)) (w_XMoveC2 : (W_XMoveC2 w_XJoin w_OJoin w_XMoveC1 w_OMoveC1)) (w_OMoveC2 : (W_OMoveC2 w_XJoin w_OJoin w_XMoveC1 w_OMoveC1 w_XMoveC2)) (w_XMoveC3 : (W_XMoveC3 w_XJoin w_OJoin w_XMoveC1 w_OMoveC1 w_XMoveC2 w_OMoveC2)) (w_OMoveC3 : (W_OMoveC3 w_XJoin w_OJoin w_XMoveC1 w_OMoveC1 w_XMoveC2 w_OMoveC2 w_XMoveC3)) -> State S8
| st9 : (w_XJoin : W_XJoin) (w_OJoin : (W_OJoin w_XJoin)) (w_XMoveC1 : (W_XMoveC1 w_XJoin w_OJoin)) (w_OMoveC1 : (W_OMoveC1 w_XJoin w_OJoin w_XMoveC1)) (w_XMoveC2 : (W_XMoveC2 w_XJoin w_OJoin w_XMoveC1 w_OMoveC1)) (w_OMoveC2 : (W_OMoveC2 w_XJoin w_OJoin w_XMoveC1 w_OMoveC1 w_XMoveC2)) (w_XMoveC3 : (W_XMoveC3 w_XJoin w_OJoin w_XMoveC1 w_OMoveC1 w_XMoveC2 w_OMoveC2)) (w_OMoveC3 : (W_OMoveC3 w_XJoin w_OJoin w_XMoveC1 w_OMoveC1 w_XMoveC2 w_OMoveC2 w_XMoveC3)) (w_XMoveC4 : (W_XMoveC4 w_XJoin w_OJoin w_XMoveC1 w_OMoveC1 w_XMoveC2 w_OMoveC2 w_XMoveC3 w_OMoveC3)) -> State S9
| st10 : (w_XJoin : W_XJoin) (w_OJoin : (W_OJoin w_XJoin)) (w_XMoveC1 : (W_XMoveC1 w_XJoin w_OJoin)) (w_OMoveC1 : (W_OMoveC1 w_XJoin w_OJoin w_XMoveC1)) (w_XMoveC2 : (W_XMoveC2 w_XJoin w_OJoin w_XMoveC1 w_OMoveC1)) (w_OMoveC2 : (W_OMoveC2 w_XJoin w_OJoin w_XMoveC1 w_OMoveC1 w_XMoveC2)) (w_XMoveC3 : (W_XMoveC3 w_XJoin w_OJoin w_XMoveC1 w_OMoveC1 w_XMoveC2 w_OMoveC2)) (w_OMoveC3 : (W_OMoveC3 w_XJoin w_OJoin w_XMoveC1 w_OMoveC1 w_XMoveC2 w_OMoveC2 w_XMoveC3)) (w_XMoveC4 : (W_XMoveC4 w_XJoin w_OJoin w_XMoveC1 w_OMoveC1 w_XMoveC2 w_OMoveC2 w_XMoveC3 w_OMoveC3)) (w_OMoveC4 : (W_OMoveC4 w_XJoin w_OJoin w_XMoveC1 w_OMoveC1 w_XMoveC2 w_OMoveC2 w_XMoveC3 w_OMoveC3 w_XMoveC4)) -> State S10
.

(* Step API *)
Definition step_xjoin_from_s0 (s : State S0) (sig : Signed X P_XJoin)
 : State S1 :=
  match s with
  | st0 =>
      st1 {| sig_XJoin := sig |}
  end.

Definition step_ojoin_from_s1 (s : State S1) (sig : Signed O P_OJoin)
 : State S2 :=
  match s with
  | st1 w_XJoin =>
      st2 w_XJoin {| sig_OJoin := sig |}
  end.

Definition step_xmovec1_from_s2 (s : State S2) (sig : Signed X P_XMoveC1)
 : State S3 :=
  match s with
  | st2 w_XJoin w_OJoin =>
      st3 w_XJoin w_OJoin {| sig_XMoveC1 := sig |}
  end.

Definition step_omovec1_from_s3 (s : State S3) (sig : Signed O P_OMoveC1)
  (Hguard : ((match s with st3 w_XJoin w_OJoin w_XMoveC1 => w_XMoveC1.(sig_XMoveC1).(msg).(c1) end) <> sig.(msg).(c1))) : State S4 :=
  match s with
  | st3 w_XJoin w_OJoin w_XMoveC1 =>
      st4 w_XJoin w_OJoin w_XMoveC1 {| sig_OMoveC1 := sig; guard := Hguard |}
  end.

Definition step_xmovec2_from_s4 (s : State S4) (sig : Signed X P_XMoveC2)
  (Hguard : (andb (andb ((match s with st4 w_XJoin w_OJoin w_XMoveC1 w_OMoveC1 => w_XMoveC1.(sig_XMoveC1).(msg).(c1) end) <> (match s with st4 w_XJoin w_OJoin w_XMoveC1 w_OMoveC1 => w_OMoveC1.(sig_OMoveC1).(msg).(c1) end)) ((match s with st4 w_XJoin w_OJoin w_XMoveC1 w_OMoveC1 => w_XMoveC1.(sig_XMoveC1).(msg).(c1) end) <> sig.(msg).(c2))) ((match s with st4 w_XJoin w_OJoin w_XMoveC1 w_OMoveC1 => w_OMoveC1.(sig_OMoveC1).(msg).(c1) end) <> sig.(msg).(c2)))) : State S5 :=
  match s with
  | st4 w_XJoin w_OJoin w_XMoveC1 w_OMoveC1 =>
      st5 w_XJoin w_OJoin w_XMoveC1 w_OMoveC1 {| sig_XMoveC2 := sig; guard := Hguard |}
  end.

Definition step_omovec2_from_s5 (s : State S5) (sig : Signed O P_OMoveC2)
  (Hguard : (andb (andb (andb (andb (andb ((match s with st5 w_XJoin w_OJoin w_XMoveC1 w_OMoveC1 w_XMoveC2 => w_XMoveC1.(sig_XMoveC1).(msg).(c1) end) <> (match s with st5 w_XJoin w_OJoin w_XMoveC1 w_OMoveC1 w_XMoveC2 => w_OMoveC1.(sig_OMoveC1).(msg).(c1) end)) ((match s with st5 w_XJoin w_OJoin w_XMoveC1 w_OMoveC1 w_XMoveC2 => w_XMoveC1.(sig_XMoveC1).(msg).(c1) end) <> (match s with st5 w_XJoin w_OJoin w_XMoveC1 w_OMoveC1 w_XMoveC2 => w_XMoveC2.(sig_XMoveC2).(msg).(c2) end))) ((match s with st5 w_XJoin w_OJoin w_XMoveC1 w_OMoveC1 w_XMoveC2 => w_XMoveC1.(sig_XMoveC1).(msg).(c1) end) <> sig.(msg).(c2))) ((match s with st5 w_XJoin w_OJoin w_XMoveC1 w_OMoveC1 w_XMoveC2 => w_OMoveC1.(sig_OMoveC1).(msg).(c1) end) <> (match s with st5 w_XJoin w_OJoin w_XMoveC1 w_OMoveC1 w_XMoveC2 => w_XMoveC2.(sig_XMoveC2).(msg).(c2) end))) ((match s with st5 w_XJoin w_OJoin w_XMoveC1 w_OMoveC1 w_XMoveC2 => w_OMoveC1.(sig_OMoveC1).(msg).(c1) end) <> sig.(msg).(c2))) ((match s with st5 w_XJoin w_OJoin w_XMoveC1 w_OMoveC1 w_XMoveC2 => w_XMoveC2.(sig_XMoveC2).(msg).(c2) end) <> sig.(msg).(c2)))) : State S6 :=
  match s with
  | st5 w_XJoin w_OJoin w_XMoveC1 w_OMoveC1 w_XMoveC2 =>
      st6 w_XJoin w_OJoin w_XMoveC1 w_OMoveC1 w_XMoveC2 {| sig_OMoveC2 := sig; guard := Hguard |}
  end.

Definition step_xmovec3_from_s6 (s : State S6) (sig : Signed X P_XMoveC3)
  (Hguard : (andb (andb (andb (andb (andb (andb (andb (andb (andb ((match s with st6 w_XJoin w_OJoin w_XMoveC1 w_OMoveC1 w_XMoveC2 w_OMoveC2 => w_XMoveC1.(sig_XMoveC1).(msg).(c1) end) <> (match s with st6 w_XJoin w_OJoin w_XMoveC1 w_OMoveC1 w_XMoveC2 w_OMoveC2 => w_OMoveC1.(sig_OMoveC1).(msg).(c1) end)) ((match s with st6 w_XJoin w_OJoin w_XMoveC1 w_OMoveC1 w_XMoveC2 w_OMoveC2 => w_XMoveC1.(sig_XMoveC1).(msg).(c1) end) <> (match s with st6 w_XJoin w_OJoin w_XMoveC1 w_OMoveC1 w_XMoveC2 w_OMoveC2 => w_XMoveC2.(sig_XMoveC2).(msg).(c2) end))) ((match s with st6 w_XJoin w_OJoin w_XMoveC1 w_OMoveC1 w_XMoveC2 w_OMoveC2 => w_XMoveC1.(sig_XMoveC1).(msg).(c1) end) <> (match s with st6 w_XJoin w_OJoin w_XMoveC1 w_OMoveC1 w_XMoveC2 w_OMoveC2 => w_OMoveC2.(sig_OMoveC2).(msg).(c2) end))) ((match s with st6 w_XJoin w_OJoin w_XMoveC1 w_OMoveC1 w_XMoveC2 w_OMoveC2 => w_XMoveC1.(sig_XMoveC1).(msg).(c1) end) <> sig.(msg).(c3))) ((match s with st6 w_XJoin w_OJoin w_XMoveC1 w_OMoveC1 w_XMoveC2 w_OMoveC2 => w_OMoveC1.(sig_OMoveC1).(msg).(c1) end) <> (match s with st6 w_XJoin w_OJoin w_XMoveC1 w_OMoveC1 w_XMoveC2 w_OMoveC2 => w_XMoveC2.(sig_XMoveC2).(msg).(c2) end))) ((match s with st6 w_XJoin w_OJoin w_XMoveC1 w_OMoveC1 w_XMoveC2 w_OMoveC2 => w_OMoveC1.(sig_OMoveC1).(msg).(c1) end) <> (match s with st6 w_XJoin w_OJoin w_XMoveC1 w_OMoveC1 w_XMoveC2 w_OMoveC2 => w_OMoveC2.(sig_OMoveC2).(msg).(c2) end))) ((match s with st6 w_XJoin w_OJoin w_XMoveC1 w_OMoveC1 w_XMoveC2 w_OMoveC2 => w_OMoveC1.(sig_OMoveC1).(msg).(c1) end) <> sig.(msg).(c3))) ((match s with st6 w_XJoin w_OJoin w_XMoveC1 w_OMoveC1 w_XMoveC2 w_OMoveC2 => w_XMoveC2.(sig_XMoveC2).(msg).(c2) end) <> (match s with st6 w_XJoin w_OJoin w_XMoveC1 w_OMoveC1 w_XMoveC2 w_OMoveC2 => w_OMoveC2.(sig_OMoveC2).(msg).(c2) end))) ((match s with st6 w_XJoin w_OJoin w_XMoveC1 w_OMoveC1 w_XMoveC2 w_OMoveC2 => w_XMoveC2.(sig_XMoveC2).(msg).(c2) end) <> sig.(msg).(c3))) ((match s with st6 w_XJoin w_OJoin w_XMoveC1 w_OMoveC1 w_XMoveC2 w_OMoveC2 => w_OMoveC2.(sig_OMoveC2).(msg).(c2) end) <> sig.(msg).(c3)))) : State S7 :=
  match s with
  | st6 w_XJoin w_OJoin w_XMoveC1 w_OMoveC1 w_XMoveC2 w_OMoveC2 =>
      st7 w_XJoin w_OJoin w_XMoveC1 w_OMoveC1 w_XMoveC2 w_OMoveC2 {| sig_XMoveC3 := sig; guard := Hguard |}
  end.

Definition step_omovec3_from_s7 (s : State S7) (sig : Signed O P_OMoveC3)
  (Hguard : (andb (andb (andb (andb (andb (andb (andb (andb (andb (andb (andb (andb (andb (andb ((match s with st7 w_XJoin w_OJoin w_XMoveC1 w_OMoveC1 w_XMoveC2 w_OMoveC2 w_XMoveC3 => w_XMoveC1.(sig_XMoveC1).(msg).(c1) end) <> (match s with st7 w_XJoin w_OJoin w_XMoveC1 w_OMoveC1 w_XMoveC2 w_OMoveC2 w_XMoveC3 => w_OMoveC1.(sig_OMoveC1).(msg).(c1) end)) ((match s with st7 w_XJoin w_OJoin w_XMoveC1 w_OMoveC1 w_XMoveC2 w_OMoveC2 w_XMoveC3 => w_XMoveC1.(sig_XMoveC1).(msg).(c1) end) <> (match s with st7 w_XJoin w_OJoin w_XMoveC1 w_OMoveC1 w_XMoveC2 w_OMoveC2 w_XMoveC3 => w_XMoveC2.(sig_XMoveC2).(msg).(c2) end))) ((match s with st7 w_XJoin w_OJoin w_XMoveC1 w_OMoveC1 w_XMoveC2 w_OMoveC2 w_XMoveC3 => w_XMoveC1.(sig_XMoveC1).(msg).(c1) end) <> (match s with st7 w_XJoin w_OJoin w_XMoveC1 w_OMoveC1 w_XMoveC2 w_OMoveC2 w_XMoveC3 => w_OMoveC2.(sig_OMoveC2).(msg).(c2) end))) ((match s with st7 w_XJoin w_OJoin w_XMoveC1 w_OMoveC1 w_XMoveC2 w_OMoveC2 w_XMoveC3 => w_XMoveC1.(sig_XMoveC1).(msg).(c1) end) <> (match s with st7 w_XJoin w_OJoin w_XMoveC1 w_OMoveC1 w_XMoveC2 w_OMoveC2 w_XMoveC3 => w_XMoveC3.(sig_XMoveC3).(msg).(c3) end))) ((match s with st7 w_XJoin w_OJoin w_XMoveC1 w_OMoveC1 w_XMoveC2 w_OMoveC2 w_XMoveC3 => w_XMoveC1.(sig_XMoveC1).(msg).(c1) end) <> sig.(msg).(c3))) ((match s with st7 w_XJoin w_OJoin w_XMoveC1 w_OMoveC1 w_XMoveC2 w_OMoveC2 w_XMoveC3 => w_OMoveC1.(sig_OMoveC1).(msg).(c1) end) <> (match s with st7 w_XJoin w_OJoin w_XMoveC1 w_OMoveC1 w_XMoveC2 w_OMoveC2 w_XMoveC3 => w_XMoveC2.(sig_XMoveC2).(msg).(c2) end))) ((match s with st7 w_XJoin w_OJoin w_XMoveC1 w_OMoveC1 w_XMoveC2 w_OMoveC2 w_XMoveC3 => w_OMoveC1.(sig_OMoveC1).(msg).(c1) end) <> (match s with st7 w_XJoin w_OJoin w_XMoveC1 w_OMoveC1 w_XMoveC2 w_OMoveC2 w_XMoveC3 => w_OMoveC2.(sig_OMoveC2).(msg).(c2) end))) ((match s with st7 w_XJoin w_OJoin w_XMoveC1 w_OMoveC1 w_XMoveC2 w_OMoveC2 w_XMoveC3 => w_OMoveC1.(sig_OMoveC1).(msg).(c1) end) <> (match s with st7 w_XJoin w_OJoin w_XMoveC1 w_OMoveC1 w_XMoveC2 w_OMoveC2 w_XMoveC3 => w_XMoveC3.(sig_XMoveC3).(msg).(c3) end))) ((match s with st7 w_XJoin w_OJoin w_XMoveC1 w_OMoveC1 w_XMoveC2 w_OMoveC2 w_XMoveC3 => w_OMoveC1.(sig_OMoveC1).(msg).(c1) end) <> sig.(msg).(c3))) ((match s with st7 w_XJoin w_OJoin w_XMoveC1 w_OMoveC1 w_XMoveC2 w_OMoveC2 w_XMoveC3 => w_XMoveC2.(sig_XMoveC2).(msg).(c2) end) <> (match s with st7 w_XJoin w_OJoin w_XMoveC1 w_OMoveC1 w_XMoveC2 w_OMoveC2 w_XMoveC3 => w_OMoveC2.(sig_OMoveC2).(msg).(c2) end))) ((match s with st7 w_XJoin w_OJoin w_XMoveC1 w_OMoveC1 w_XMoveC2 w_OMoveC2 w_XMoveC3 => w_XMoveC2.(sig_XMoveC2).(msg).(c2) end) <> (match s with st7 w_XJoin w_OJoin w_XMoveC1 w_OMoveC1 w_XMoveC2 w_OMoveC2 w_XMoveC3 => w_XMoveC3.(sig_XMoveC3).(msg).(c3) end))) ((match s with st7 w_XJoin w_OJoin w_XMoveC1 w_OMoveC1 w_XMoveC2 w_OMoveC2 w_XMoveC3 => w_XMoveC2.(sig_XMoveC2).(msg).(c2) end) <> sig.(msg).(c3))) ((match s with st7 w_XJoin w_OJoin w_XMoveC1 w_OMoveC1 w_XMoveC2 w_OMoveC2 w_XMoveC3 => w_OMoveC2.(sig_OMoveC2).(msg).(c2) end) <> (match s with st7 w_XJoin w_OJoin w_XMoveC1 w_OMoveC1 w_XMoveC2 w_OMoveC2 w_XMoveC3 => w_XMoveC3.(sig_XMoveC3).(msg).(c3) end))) ((match s with st7 w_XJoin w_OJoin w_XMoveC1 w_OMoveC1 w_XMoveC2 w_OMoveC2 w_XMoveC3 => w_OMoveC2.(sig_OMoveC2).(msg).(c2) end) <> sig.(msg).(c3))) ((match s with st7 w_XJoin w_OJoin w_XMoveC1 w_OMoveC1 w_XMoveC2 w_OMoveC2 w_XMoveC3 => w_XMoveC3.(sig_XMoveC3).(msg).(c3) end) <> sig.(msg).(c3)))) : State S8 :=
  match s with
  | st7 w_XJoin w_OJoin w_XMoveC1 w_OMoveC1 w_XMoveC2 w_OMoveC2 w_XMoveC3 =>
      st8 w_XJoin w_OJoin w_XMoveC1 w_OMoveC1 w_XMoveC2 w_OMoveC2 w_XMoveC3 {| sig_OMoveC3 := sig; guard := Hguard |}
  end.

Definition step_xmovec4_from_s8 (s : State S8) (sig : Signed X P_XMoveC4)
  (Hguard : (andb (andb (andb (andb (andb (andb (andb (andb (andb (andb (andb (andb (andb (andb (andb (andb (andb (andb (andb (andb ((match s with st8 w_XJoin w_OJoin w_XMoveC1 w_OMoveC1 w_XMoveC2 w_OMoveC2 w_XMoveC3 w_OMoveC3 => w_XMoveC1.(sig_XMoveC1).(msg).(c1) end) <> (match s with st8 w_XJoin w_OJoin w_XMoveC1 w_OMoveC1 w_XMoveC2 w_OMoveC2 w_XMoveC3 w_OMoveC3 => w_OMoveC1.(sig_OMoveC1).(msg).(c1) end)) ((match s with st8 w_XJoin w_OJoin w_XMoveC1 w_OMoveC1 w_XMoveC2 w_OMoveC2 w_XMoveC3 w_OMoveC3 => w_XMoveC1.(sig_XMoveC1).(msg).(c1) end) <> (match s with st8 w_XJoin w_OJoin w_XMoveC1 w_OMoveC1 w_XMoveC2 w_OMoveC2 w_XMoveC3 w_OMoveC3 => w_XMoveC2.(sig_XMoveC2).(msg).(c2) end))) ((match s with st8 w_XJoin w_OJoin w_XMoveC1 w_OMoveC1 w_XMoveC2 w_OMoveC2 w_XMoveC3 w_OMoveC3 => w_XMoveC1.(sig_XMoveC1).(msg).(c1) end) <> (match s with st8 w_XJoin w_OJoin w_XMoveC1 w_OMoveC1 w_XMoveC2 w_OMoveC2 w_XMoveC3 w_OMoveC3 => w_OMoveC2.(sig_OMoveC2).(msg).(c2) end))) ((match s with st8 w_XJoin w_OJoin w_XMoveC1 w_OMoveC1 w_XMoveC2 w_OMoveC2 w_XMoveC3 w_OMoveC3 => w_XMoveC1.(sig_XMoveC1).(msg).(c1) end) <> (match s with st8 w_XJoin w_OJoin w_XMoveC1 w_OMoveC1 w_XMoveC2 w_OMoveC2 w_XMoveC3 w_OMoveC3 => w_XMoveC3.(sig_XMoveC3).(msg).(c3) end))) ((match s with st8 w_XJoin w_OJoin w_XMoveC1 w_OMoveC1 w_XMoveC2 w_OMoveC2 w_XMoveC3 w_OMoveC3 => w_XMoveC1.(sig_XMoveC1).(msg).(c1) end) <> (match s with st8 w_XJoin w_OJoin w_XMoveC1 w_OMoveC1 w_XMoveC2 w_OMoveC2 w_XMoveC3 w_OMoveC3 => w_OMoveC3.(sig_OMoveC3).(msg).(c3) end))) ((match s with st8 w_XJoin w_OJoin w_XMoveC1 w_OMoveC1 w_XMoveC2 w_OMoveC2 w_XMoveC3 w_OMoveC3 => w_XMoveC1.(sig_XMoveC1).(msg).(c1) end) <> sig.(msg).(c4))) ((match s with st8 w_XJoin w_OJoin w_XMoveC1 w_OMoveC1 w_XMoveC2 w_OMoveC2 w_XMoveC3 w_OMoveC3 => w_OMoveC1.(sig_OMoveC1).(msg).(c1) end) <> (match s with st8 w_XJoin w_OJoin w_XMoveC1 w_OMoveC1 w_XMoveC2 w_OMoveC2 w_XMoveC3 w_OMoveC3 => w_XMoveC2.(sig_XMoveC2).(msg).(c2) end))) ((match s with st8 w_XJoin w_OJoin w_XMoveC1 w_OMoveC1 w_XMoveC2 w_OMoveC2 w_XMoveC3 w_OMoveC3 => w_OMoveC1.(sig_OMoveC1).(msg).(c1) end) <> (match s with st8 w_XJoin w_OJoin w_XMoveC1 w_OMoveC1 w_XMoveC2 w_OMoveC2 w_XMoveC3 w_OMoveC3 => w_OMoveC2.(sig_OMoveC2).(msg).(c2) end))) ((match s with st8 w_XJoin w_OJoin w_XMoveC1 w_OMoveC1 w_XMoveC2 w_OMoveC2 w_XMoveC3 w_OMoveC3 => w_OMoveC1.(sig_OMoveC1).(msg).(c1) end) <> (match s with st8 w_XJoin w_OJoin w_XMoveC1 w_OMoveC1 w_XMoveC2 w_OMoveC2 w_XMoveC3 w_OMoveC3 => w_XMoveC3.(sig_XMoveC3).(msg).(c3) end))) ((match s with st8 w_XJoin w_OJoin w_XMoveC1 w_OMoveC1 w_XMoveC2 w_OMoveC2 w_XMoveC3 w_OMoveC3 => w_OMoveC1.(sig_OMoveC1).(msg).(c1) end) <> (match s with st8 w_XJoin w_OJoin w_XMoveC1 w_OMoveC1 w_XMoveC2 w_OMoveC2 w_XMoveC3 w_OMoveC3 => w_OMoveC3.(sig_OMoveC3).(msg).(c3) end))) ((match s with st8 w_XJoin w_OJoin w_XMoveC1 w_OMoveC1 w_XMoveC2 w_OMoveC2 w_XMoveC3 w_OMoveC3 => w_OMoveC1.(sig_OMoveC1).(msg).(c1) end) <> sig.(msg).(c4))) ((match s with st8 w_XJoin w_OJoin w_XMoveC1 w_OMoveC1 w_XMoveC2 w_OMoveC2 w_XMoveC3 w_OMoveC3 => w_XMoveC2.(sig_XMoveC2).(msg).(c2) end) <> (match s with st8 w_XJoin w_OJoin w_XMoveC1 w_OMoveC1 w_XMoveC2 w_OMoveC2 w_XMoveC3 w_OMoveC3 => w_OMoveC2.(sig_OMoveC2).(msg).(c2) end))) ((match s with st8 w_XJoin w_OJoin w_XMoveC1 w_OMoveC1 w_XMoveC2 w_OMoveC2 w_XMoveC3 w_OMoveC3 => w_XMoveC2.(sig_XMoveC2).(msg).(c2) end) <> (match s with st8 w_XJoin w_OJoin w_XMoveC1 w_OMoveC1 w_XMoveC2 w_OMoveC2 w_XMoveC3 w_OMoveC3 => w_XMoveC3.(sig_XMoveC3).(msg).(c3) end))) ((match s with st8 w_XJoin w_OJoin w_XMoveC1 w_OMoveC1 w_XMoveC2 w_OMoveC2 w_XMoveC3 w_OMoveC3 => w_XMoveC2.(sig_XMoveC2).(msg).(c2) end) <> (match s with st8 w_XJoin w_OJoin w_XMoveC1 w_OMoveC1 w_XMoveC2 w_OMoveC2 w_XMoveC3 w_OMoveC3 => w_OMoveC3.(sig_OMoveC3).(msg).(c3) end))) ((match s with st8 w_XJoin w_OJoin w_XMoveC1 w_OMoveC1 w_XMoveC2 w_OMoveC2 w_XMoveC3 w_OMoveC3 => w_XMoveC2.(sig_XMoveC2).(msg).(c2) end) <> sig.(msg).(c4))) ((match s with st8 w_XJoin w_OJoin w_XMoveC1 w_OMoveC1 w_XMoveC2 w_OMoveC2 w_XMoveC3 w_OMoveC3 => w_OMoveC2.(sig_OMoveC2).(msg).(c2) end) <> (match s with st8 w_XJoin w_OJoin w_XMoveC1 w_OMoveC1 w_XMoveC2 w_OMoveC2 w_XMoveC3 w_OMoveC3 => w_XMoveC3.(sig_XMoveC3).(msg).(c3) end))) ((match s with st8 w_XJoin w_OJoin w_XMoveC1 w_OMoveC1 w_XMoveC2 w_OMoveC2 w_XMoveC3 w_OMoveC3 => w_OMoveC2.(sig_OMoveC2).(msg).(c2) end) <> (match s with st8 w_XJoin w_OJoin w_XMoveC1 w_OMoveC1 w_XMoveC2 w_OMoveC2 w_XMoveC3 w_OMoveC3 => w_OMoveC3.(sig_OMoveC3).(msg).(c3) end))) ((match s with st8 w_XJoin w_OJoin w_XMoveC1 w_OMoveC1 w_XMoveC2 w_OMoveC2 w_XMoveC3 w_OMoveC3 => w_OMoveC2.(sig_OMoveC2).(msg).(c2) end) <> sig.(msg).(c4))) ((match s with st8 w_XJoin w_OJoin w_XMoveC1 w_OMoveC1 w_XMoveC2 w_OMoveC2 w_XMoveC3 w_OMoveC3 => w_XMoveC3.(sig_XMoveC3).(msg).(c3) end) <> (match s with st8 w_XJoin w_OJoin w_XMoveC1 w_OMoveC1 w_XMoveC2 w_OMoveC2 w_XMoveC3 w_OMoveC3 => w_OMoveC3.(sig_OMoveC3).(msg).(c3) end))) ((match s with st8 w_XJoin w_OJoin w_XMoveC1 w_OMoveC1 w_XMoveC2 w_OMoveC2 w_XMoveC3 w_OMoveC3 => w_XMoveC3.(sig_XMoveC3).(msg).(c3) end) <> sig.(msg).(c4))) ((match s with st8 w_XJoin w_OJoin w_XMoveC1 w_OMoveC1 w_XMoveC2 w_OMoveC2 w_XMoveC3 w_OMoveC3 => w_OMoveC3.(sig_OMoveC3).(msg).(c3) end) <> sig.(msg).(c4)))) : State S9 :=
  match s with
  | st8 w_XJoin w_OJoin w_XMoveC1 w_OMoveC1 w_XMoveC2 w_OMoveC2 w_XMoveC3 w_OMoveC3 =>
      st9 w_XJoin w_OJoin w_XMoveC1 w_OMoveC1 w_XMoveC2 w_OMoveC2 w_XMoveC3 w_OMoveC3 {| sig_XMoveC4 := sig; guard := Hguard |}
  end.


[Change at line 113]   sig_XMoveC3 : Signed X P_XMoveC3;
  guard : andb andb andb andb andb andb andb andb andb (w_XMoveC1.(sig_XMoveC1).(msg).(c1) <> w_OMoveC1.(sig_OMoveC1).(msg).(c1)) (w_XMoveC1.(sig_XMoveC1).(msg).(c1) <> w_XMoveC2.(sig_XMoveC2).(msg).(c2)) (w_XMoveC1.(sig_XMoveC1).(msg).(c1) <> w_OMoveC2.(sig_OMoveC2).(msg).(c2)) (w_XMoveC1.(sig_XMoveC1).(msg).(c1) <> w_XMoveC3.(sig_XMoveC3).(msg).(c3)) (w_OMoveC1.(sig_OMoveC1).(msg).(c1) <> w_XMoveC2.(sig_XMoveC2).(msg).(c2)) (w_OMoveC1.(sig_OMoveC1).(msg).(c1) <> w_OMoveC2.(sig_OMoveC2).(msg).(c2)) (w_OMoveC1.(sig_OMoveC1).(msg).(c1) <> w_XMoveC3.(sig_XMoveC3).(msg).(c3)) (w_XMoveC2.(sig_XMoveC2).(msg).(c2) <> w_OMoveC2.(sig_OMoveC2).(msg).(c2)) (w_XMoveC2.(sig_XMoveC2).(msg).(c2) <> w_XMoveC3.(sig_XMoveC3).(msg).(c3)) (w_OMoveC2.(sig_OMoveC2).(msg).(c2) <> w_XMoveC3.(sig_XMoveC3).(msg).(c3));
}.

Record W_OMoveC3 (w_XJoin : W_XJoin) (w_OJoin : (W_OJoin w_XJoin)) (w_XMoveC1 : (W_XMoveC1 w_XJoin w_OJoin)) (w_OMoveC1 : (W_OMoveC1 w_XJoin w_OJoin w_XMoveC1)) (w_XMoveC2 : (W_XMoveC2 w_XJoin w_OJoin w_XMoveC1 w_OMoveC1)) (w_OMoveC2 : (W_OMoveC2 w_XJoin w_OJoin w_XMoveC1 w_OMoveC1 w_XMoveC2)) (w_XMoveC3 : (W_XMoveC3 w_XJoin w_OJoin w_XMoveC1 w_OMoveC1 w_XMoveC2 w_OMoveC2)) : Type := {
  sig_OMoveC3 : Signed O P_OMoveC3;
  guard : andb andb andb andb andb andb andb andb andb andb andb andb andb andb (w_XMoveC1.(sig_XMoveC1).(msg).(c1) <> w_OMoveC1.(sig_OMoveC1).(msg).(c1)) (w_XMoveC1.(sig_XMoveC1).(msg).(c1) <> w_XMoveC2.(sig_XMoveC2).(msg).(c2)) (w_XMoveC1.(sig_XMoveC1).(msg).(c1) <> w_OMoveC2.(sig_OMoveC2).(msg).(c2)) (w_XMoveC1.(sig_XMoveC1).(msg).(c1) <> w_XMoveC3.(sig_XMoveC3).(msg).(c3)) (w_XMoveC1.(sig_XMoveC1).(msg).(c1) <> w_OMoveC3.(sig_OMoveC3).(msg).(c3)) (w_OMoveC1.(sig_OMoveC1).(msg).(c1) <> w_XMoveC2.(sig_XMoveC2).(msg).(c2)) (w_OMoveC1.(sig_OMoveC1).(msg).(c1) <> w_OMoveC2.(sig_OMoveC2).(msg).(c2)) (w_OMoveC1.(sig_OMoveC1).(msg).(c1) <> w_XMoveC3.(sig_XMoveC3).(msg).(c3)) (w_OMoveC1.(sig_OMoveC1).(msg).(c1) <> w_OMoveC3.(sig_OMoveC3).(msg).(c3)) (w_XMoveC2.(sig_XMoveC2).(msg).(c2) <> w_OMoveC2.(sig_OMoveC2).(msg).(c2)) (w_XMoveC2.(sig_XMoveC2).(msg).(c2) <> w_XMoveC3.(sig_XMoveC3).(msg).(c3)) (w_XMoveC2.(sig_XMoveC2).(msg).(c2) <> w_OMoveC3.(sig_OMoveC3).(msg).(c3)) (w_OMoveC2.(sig_OMoveC2).(msg).(c2) <> w_XMoveC3.(sig_XMoveC3).(msg).(c3)) (w_OMoveC2.(sig_OMoveC2).(msg).(c2) <> w_OMoveC3.(sig_OMoveC3).(msg).(c3)) (w_XMoveC3.(sig_XMoveC3).(msg).(c3) <> w_OMoveC3.(sig_OMoveC3).(msg).(c3));
}.

Record W_XMoveC4 (w_XJoin : W_XJoin) (w_OJoin : (W_OJoin w_XJoin)) (w_XMoveC1 : (W_XMoveC1 w_XJoin w_OJoin)) (w_OMoveC1 : (W_OMoveC1 w_XJoin w_OJoin w_XMoveC1)) (w_XMoveC2 : (W_XMoveC2 w_XJoin w_OJoin w_XMoveC1 w_OMoveC1)) (w_OMoveC2 : (W_OMoveC2 w_XJoin w_OJoin w_XMoveC1 w_OMoveC1 w_XMoveC2)) (w_XMoveC3 : (W_XMoveC3 w_XJoin w_OJoin w_XMoveC1 w_OMoveC1 w_XMoveC2 w_OMoveC2)) (w_OMoveC3 : (W_OMoveC3 w_XJoin w_OJoin w_XMoveC1 w_OMoveC1 w_XMoveC2 w_OMoveC2 w_XMoveC3)) : Type := {
  sig_XMoveC4 : Signed X P_XMoveC4;
  guard : andb andb andb andb andb andb andb andb andb andb andb andb andb andb andb andb andb andb andb andb (w_XMoveC1.(sig_XMoveC1).(msg).(c1) <> w_OMoveC1.(sig_OMoveC1).(msg).(c1)) (w_XMoveC1.(sig_XMoveC1).(msg).(c1) <> w_XMoveC2.(sig_XMoveC2).(msg).(c2)) (w_XMoveC1.(sig_XMoveC1).(msg).(c1) <> w_OMoveC2.(sig_OMoveC2).(msg).(c2)) (w_XMoveC1.(sig_XMoveC1).(msg).(c1) <> w_XMoveC3.(sig_XMoveC3).(msg).(c3)) (w_XMoveC1.(sig_XMoveC1).(msg).(c1) <> w_OMoveC3.(sig_OMoveC3).(msg).(c3)) (w_XMoveC1.(sig_XMoveC1).(msg).(c1) <> w_XMoveC4.(sig_XMoveC4).(msg).(c4)) (w_OMoveC1.(sig_OMoveC1).(msg).(c1) <> w_XMoveC2.(sig_XMoveC2).(msg).(c2)) (w_OMoveC1.(sig_OMoveC1).(msg).(c1) <> w_OMoveC2.(sig_OMoveC2).(msg).(c2)) (w_OMoveC1.(sig_OMoveC1).(msg).(c1) <> w_XMoveC3.(sig_XMoveC3).(msg).(c3)) (w_OMoveC1.(sig_OMoveC1).(msg).(c1) <> w_OMoveC3.(sig_OMoveC3).(msg).(c3)) (w_OMoveC1.(sig_OMoveC1).(msg).(c1) <> w_XMoveC4.(sig_XMoveC4).(msg).(c4)) (w_XMoveC2.(sig_XMoveC2).(msg).(c2) <> w_OMoveC2.(sig_OMoveC2).(msg).(c2)) (w_XMoveC2.(sig_XMoveC2).(msg).(c2) <> w_XMoveC3.(sig_XMoveC3).(msg).(c3)) (w_XMoveC2.(sig_XMoveC2).(msg).(c2) <> w_OMoveC3.(sig_OMoveC3).(msg).(c3)) (w_XMoveC2.(sig_XMoveC2).(msg).(c2) <> w_XMoveC4.(sig_XMoveC4).(msg).(c4)) (w_OMoveC2.(sig_OMoveC2).(msg).(c2) <> w_XMoveC3.(sig_XMoveC3).(msg).(c3)) (w_OMoveC2.(sig_OMoveC2).(msg).(c2) <> w_OMoveC3.(sig_OMoveC3).(msg).(c3)) (w_OMoveC2.(sig_OMoveC2).(msg).(c2) <> w_XMoveC4.(sig_XMoveC4).(msg).(c4)) (w_XMoveC3.(sig_XMoveC3).(msg).(c3) <> w_OMoveC3.(sig_OMoveC3).(msg).(c3)) (w_XMoveC3.(sig_XMoveC3).(msg).(c3) <> w_XMoveC4.(sig_XMoveC4).(msg).(c4)) (w_OMoveC3.(sig_OMoveC3).(msg).(c3) <> w_XMoveC4.(sig_XMoveC4).(msg).(c4));
}.

Record W_OMoveC4 (w_XJoin : W_XJoin) (w_OJoin : (W_OJoin w_XJoin)) (w_XMoveC1 : (W_XMoveC1 w_XJoin w_OJoin)) (w_OMoveC1 : (W_OMoveC1 w_XJoin w_OJoin w_XMoveC1)) (w_XMoveC2 : (W_XMoveC2 w_XJoin w_OJoin w_XMoveC1 w_OMoveC1)) (w_OMoveC2 : (W_OMoveC2 w_XJoin w_OJoin w_XMoveC1 w_OMoveC1 w_XMoveC2)) (w_XMoveC3 : (W_XMoveC3 w_XJoin w_OJoin w_XMoveC1 w_OMoveC1 w_XMoveC2 w_OMoveC2)) (w_OMoveC3 : (W_OMoveC3 w_XJoin w_OJoin w_XMoveC1 w_OMoveC1 w_XMoveC2 w_OMoveC2 w_XMoveC3)) (w_XMoveC4 : (W_XMoveC4 w_XJoin w_OJoin w_XMoveC1 w_OMoveC1 w_XMoveC2 w_OMoveC2 w_XMoveC3 w_OMoveC3)) : Type := {
  sig_OMoveC4 : Signed O P_OMoveC4;
  guard : andb andb andb andb andb andb andb andb andb andb andb andb andb andb andb andb andb andb andb andb andb andb andb andb andb andb andb (w_XMoveC1.(sig_XMoveC1).(msg).(c1) <> w_OMoveC1.(sig_OMoveC1).(msg).(c1)) (w_XMoveC1.(sig_XMoveC1).(msg).(c1) <> w_XMoveC2.(sig_XMoveC2).(msg).(c2)) (w_XMoveC1.(sig_XMoveC1).(msg).(c1) <> w_OMoveC2.(sig_OMoveC2).(msg).(c2)) (w_XMoveC1.(sig_XMoveC1).(msg).(c1) <> w_XMoveC3.(sig_XMoveC3).(msg).(c3)) (w_XMoveC1.(sig_XMoveC1).(msg).(c1) <> w_OMoveC3.(sig_OMoveC3).(msg).(c3)) (w_XMoveC1.(sig_XMoveC1).(msg).(c1) <> w_XMoveC4.(sig_XMoveC4).(msg).(c4)) (w_XMoveC1.(sig_XMoveC1).(msg).(c1) <> w_OMoveC4.(sig_OMoveC4).(msg).(c4)) (w_OMoveC1.(sig_OMoveC1).(msg).(c1) <> w_XMoveC2.(sig_XMoveC2).(msg).(c2)) (w_OMoveC1.(sig_OMoveC1).(msg).(c1) <> w_OMoveC2.(sig_OMoveC2).(msg).(c2)) (w_OMoveC1.(sig_OMoveC1).(msg).(c1) <> w_XMoveC3.(sig_XMoveC3).(msg).(c3)) (w_OMoveC1.(sig_OMoveC1).(msg).(c1) <> w_OMoveC3.(sig_OMoveC3).(msg).(c3)) (w_OMoveC1.(sig_OMoveC1).(msg).(c1) <> w_XMoveC4.(sig_XMoveC4).(msg).(c4)) (w_OMoveC1.(sig_OMoveC1).(msg).(c1) <> w_OMoveC4.(sig_OMoveC4).(msg).(c4)) (w_XMoveC2.(sig_XMoveC2).(msg).(c2) <> w_OMoveC2.(sig_OMoveC2).(msg).(c2)) (w_XMoveC2.(sig_XMoveC2).(msg).(c2) <> w_XMoveC3.(sig_XMoveC3).(msg).(c3)) (w_XMoveC2.(sig_XMoveC2).(msg).(c2) <> w_OMoveC3.(sig_OMoveC3).(msg).(c3)) (w_XMoveC2.(sig_XMoveC2).(msg).(c2) <> w_XMoveC4.(sig_XMoveC4).(msg).(c4)) (w_XMoveC2.(sig_XMoveC2).(msg).(c2) <> w_OMoveC4.(sig_OMoveC4).(msg).(c4)) (w_OMoveC2.(sig_OMoveC2).(msg).(c2) <> w_XMoveC3.(sig_XMoveC3).(msg).(c3)) (w_OMoveC2.(sig_OMoveC2).(msg).(c2) <> w_OMoveC3.(sig_OMoveC3).(msg).(c3)) (w_OMoveC2.(sig_OMoveC2).(msg).(c2) <> w_XMoveC4.(sig_XMoveC4).(msg).(c4)) (w_OMoveC2.(sig_OMoveC2).(msg).(c2) <> w_OMoveC4.(sig_OMoveC4).(msg).(c4)) (w_XMoveC3.(sig_XMoveC3).(msg).(c3) <> w_OMoveC3.(sig_OMoveC3).(msg).(c3)) (w_XMoveC3.(sig_XMoveC3).(msg).(c3) <> w_XMoveC4.(sig_XMoveC4).(msg).(c4)) (w_XMoveC3.(sig_XMoveC3).(msg).(c3) <> w_OMoveC4.(sig_OMoveC4).(msg).(c4)) (w_OMoveC3.(sig_OMoveC3).(msg).(c3) <> w_XMoveC4.(sig_XMoveC4).(msg).(c4)) (w_OMoveC3.(sig_OMoveC3).(msg).(c3) <> w_OMoveC4.(sig_OMoveC4).(msg).(c4)) (w_XMoveC4.(sig_XMoveC4).(msg).(c4) <> w_OMoveC4.(sig_OMoveC4).(msg).(c4));
}.

(* ===================== *)
(* 5) Typed runtime/ESM  *)
(* ===================== *)

Inductive Stage : Type :=
S0 | S1 | S2 | S3 | S4 | S5 | S6 | S7 | S8 | S9 | S10.

Inductive State : Stage -> Type :=
| st0 : State S0
| st1 : (w_XJoin : W_XJoin) -> State S1
| st2 : (w_XJoin : W_XJoin) (w_OJoin : (W_OJoin w_XJoin)) -> State S2
| st3 : (w_XJoin : W_XJoin) (w_OJoin : (W_OJoin w_XJoin)) (w_XMoveC1 : (W_XMoveC1 w_XJoin w_OJoin)) -> State S3
| st4 : (w_XJoin : W_XJoin) (w_OJoin : (W_OJoin w_XJoin)) (w_XMoveC1 : (W_XMoveC1 w_XJoin w_OJoin)) (w_OMoveC1 : (W_OMoveC1 w_XJoin w_OJoin w_XMoveC1)) -> State S4
| st5 : (w_XJoin : W_XJoin) (w_OJoin : (W_OJoin w_XJoin)) (w_XMoveC1 : (W_XMoveC1 w_XJoin w_OJoin)) (w_OMoveC1 : (W_OMoveC1 w_XJoin w_OJoin w_XMoveC1)) (w_XMoveC2 : (W_XMoveC2 w_XJoin w_OJoin w_XMoveC1 w_OMoveC1)) -> State S5
| st6 : (w_XJoin : W_XJoin) (w_OJoin : (W_OJoin w_XJoin)) (w_XMoveC1 : (W_XMoveC1 w_XJoin w_OJoin)) (w_OMoveC1 : (W_OMoveC1 w_XJoin w_OJoin w_XMoveC1)) (w_XMoveC2 : (W_XMoveC2 w_XJoin w_OJoin w_XMoveC1 w_OMoveC1)) (w_OMoveC2 : (W_OMoveC2 w_XJoin w_OJoin w_XMoveC1 w_OMoveC1 w_XMoveC2)) -> State S6
| st7 : (w_XJoin : W_XJoin) (w_OJoin : (W_OJoin w_XJoin)) (w_XMoveC1 : (W_XMoveC1 w_XJoin w_OJoin)) (w_OMoveC1 : (W_OMoveC1 w_XJoin w_OJoin w_XMoveC1)) (w_XMoveC2 : (W_XMoveC2 w_XJoin w_OJoin w_XMoveC1 w_OMoveC1)) (w_OMoveC2 : (W_OMoveC2 w_XJoin w_OJoin w_XMoveC1 w_OMoveC1 w_XMoveC2)) (w_XMoveC3 : (W_XMoveC3 w_XJoin w_OJoin w_XMoveC1 w_OMoveC1 w_XMoveC2 w_OMoveC2)) -> State S7
| st8 : (w_XJoin : W_XJoin) (w_OJoin : (W_OJoin w_XJoin)) (w_XMoveC1 : (W_XMoveC1 w_XJoin w_OJoin)) (w_OMoveC1 : (W_OMoveC1 w_XJoin w_OJoin w_XMoveC1)) (w_XMoveC2 : (W_XMoveC2 w_XJoin w_OJoin w_XMoveC1 w_OMoveC1)) (w_OMoveC2 : (W_OMoveC2 w_XJoin w_OJoin w_XMoveC1 w_OMoveC1 w_XMoveC2)) (w_XMoveC3 : (W_XMoveC3 w_XJoin w_OJoin w_XMoveC1 w_OMoveC1 w_XMoveC2 w_OMoveC2)) (w_OMoveC3 : (W_OMoveC3 w_XJoin w_OJoin w_XMoveC1 w_OMoveC1 w_XMoveC2 w_OMoveC2 w_XMoveC3)) -> State S8
| st9 : (w_XJoin : W_XJoin) (w_OJoin : (W_OJoin w_XJoin)) (w_XMoveC1 : (W_XMoveC1 w_XJoin w_OJoin)) (w_OMoveC1 : (W_OMoveC1 w_XJoin w_OJoin w_XMoveC1)) (w_XMoveC2 : (W_XMoveC2 w_XJoin w_OJoin w_XMoveC1 w_OMoveC1)) (w_OMoveC2 : (W_OMoveC2 w_XJoin w_OJoin w_XMoveC1 w_OMoveC1 w_XMoveC2)) (w_XMoveC3 : (W_XMoveC3 w_XJoin w_OJoin w_XMoveC1 w_OMoveC1 w_XMoveC2 w_OMoveC2)) (w_OMoveC3 : (W_OMoveC3 w_XJoin w_OJoin w_XMoveC1 w_OMoveC1 w_XMoveC2 w_OMoveC2 w_XMoveC3)) (w_XMoveC4 : (W_XMoveC4 w_XJoin w_OJoin w_XMoveC1 w_OMoveC1 w_XMoveC2 w_OMoveC2 w_XMoveC3 w_OMoveC3)) -> State S9
| st10 : (w_XJoin : W_XJoin) (w_OJoin : (W_OJoin w_XJoin)) (w_XMoveC1 : (W_XMoveC1 w_XJoin w_OJoin)) (w_OMoveC1 : (W_OMoveC1 w_XJoin w_OJoin w_XMoveC1)) (w_XMoveC2 : (W_XMoveC2 w_XJoin w_OJoin w_XMoveC1 w_OMoveC1)) (w_OMoveC2 : (W_OMoveC2 w_XJoin w_OJoin w_XMoveC1 w_OMoveC1 w_XMoveC2)) (w_XMoveC3 : (W_XMoveC3 w_XJoin w_OJoin w_XMoveC1 w_OMoveC1 w_XMoveC2 w_OMoveC2)) (w_OMoveC3 : (W_OMoveC3 w_XJoin w_OJoin w_XMoveC1 w_OMoveC1 w_XMoveC2 w_OMoveC2 w_XMoveC3)) (w_XMoveC4 : (W_XMoveC4 w_XJoin w_OJoin w_XMoveC1 w_OMoveC1 w_XMoveC2 w_OMoveC2 w_XMoveC3 w_OMoveC3)) (w_OMoveC4 : (W_OMoveC4 w_XJoin w_OJoin w_XMoveC1 w_OMoveC1 w_XMoveC2 w_OMoveC2 w_XMoveC3 w_OMoveC3 w_XMoveC4)) -> State S10
.

(* Step API *)
Definition step_xjoin_from_s0 (s : State S0) (sig : Signed X P_XJoin)
 : State S1 :=
  match s with
  | st0 =>
      st1 {| sig_XJoin := sig |}
  end.

Definition step_ojoin_from_s1 (s : State S1) (sig : Signed O P_OJoin)
 : State S2 :=
  match s with
  | st1 w_XJoin =>
      st2 w_XJoin {| sig_OJoin := sig |}
  end.

Definition step_xmovec1_from_s2 (s : State S2) (sig : Signed X P_XMoveC1)
 : State S3 :=
  match s with
  | st2 w_XJoin w_OJoin =>
      st3 w_XJoin w_OJoin {| sig_XMoveC1 := sig |}
  end.

Definition step_omovec1_from_s3 (s : State S3) (sig : Signed O P_OMoveC1)
  (Hguard : ((match s with st3 w_XJoin w_OJoin w_XMoveC1 => w_XMoveC1.(sig_XMoveC1).(msg).(c1) end) <> sig.(msg).(c1))) : State S4 :=
  match s with
  | st3 w_XJoin w_OJoin w_XMoveC1 =>
      st4 w_XJoin w_OJoin w_XMoveC1 {| sig_OMoveC1 := sig; guard := Hguard |}
  end.

Definition step_xmovec2_from_s4 (s : State S4) (sig : Signed X P_XMoveC2)
  (Hguard : (andb (andb ((match s with st4 w_XJoin w_OJoin w_XMoveC1 w_OMoveC1 => w_XMoveC1.(sig_XMoveC1).(msg).(c1) end) <> (match s with st4 w_XJoin w_OJoin w_XMoveC1 w_OMoveC1 => w_OMoveC1.(sig_OMoveC1).(msg).(c1) end)) ((match s with st4 w_XJoin w_OJoin w_XMoveC1 w_OMoveC1 => w_XMoveC1.(sig_XMoveC1).(msg).(c1) end) <> sig.(msg).(c2))) ((match s with st4 w_XJoin w_OJoin w_XMoveC1 w_OMoveC1 => w_OMoveC1.(sig_OMoveC1).(msg).(c1) end) <> sig.(msg).(c2)))) : State S5 :=
  match s with
  | st4 w_XJoin w_OJoin w_XMoveC1 w_OMoveC1 =>
      st5 w_XJoin w_OJoin w_XMoveC1 w_OMoveC1 {| sig_XMoveC2 := sig; guard := Hguard |}
  end.

Definition step_omovec2_from_s5 (s : State S5) (sig : Signed O P_OMoveC2)
  (Hguard : (andb (andb (andb (andb (andb ((match s with st5 w_XJoin w_OJoin w_XMoveC1 w_OMoveC1 w_XMoveC2 => w_XMoveC1.(sig_XMoveC1).(msg).(c1) end) <> (match s with st5 w_XJoin w_OJoin w_XMoveC1 w_OMoveC1 w_XMoveC2 => w_OMoveC1.(sig_OMoveC1).(msg).(c1) end)) ((match s with st5 w_XJoin w_OJoin w_XMoveC1 w_OMoveC1 w_XMoveC2 => w_XMoveC1.(sig_XMoveC1).(msg).(c1) end) <> (match s with st5 w_XJoin w_OJoin w_XMoveC1 w_OMoveC1 w_XMoveC2 => w_XMoveC2.(sig_XMoveC2).(msg).(c2) end))) ((match s with st5 w_XJoin w_OJoin w_XMoveC1 w_OMoveC1 w_XMoveC2 => w_XMoveC1.(sig_XMoveC1).(msg).(c1) end) <> sig.(msg).(c2))) ((match s with st5 w_XJoin w_OJoin w_XMoveC1 w_OMoveC1 w_XMoveC2 => w_OMoveC1.(sig_OMoveC1).(msg).(c1) end) <> (match s with st5 w_XJoin w_OJoin w_XMoveC1 w_OMoveC1 w_XMoveC2 => w_XMoveC2.(sig_XMoveC2).(msg).(c2) end))) ((match s with st5 w_XJoin w_OJoin w_XMoveC1 w_OMoveC1 w_XMoveC2 => w_OMoveC1.(sig_OMoveC1).(msg).(c1) end) <> sig.(msg).(c2))) ((match s with st5 w_XJoin w_OJoin w_XMoveC1 w_OMoveC1 w_XMoveC2 => w_XMoveC2.(sig_XMoveC2).(msg).(c2) end) <> sig.(msg).(c2)))) : State S6 :=
  match s with
  | st5 w_XJoin w_OJoin w_XMoveC1 w_OMoveC1 w_XMoveC2 =>
      st6 w_XJoin w_OJoin w_XMoveC1 w_OMoveC1 w_XMoveC2 {| sig_OMoveC2 := sig; guard := Hguard |}
  end.

Definition step_xmovec3_from_s6 (s : State S6) (sig : Signed X P_XMoveC3)
  (Hguard : (andb (andb (andb (andb (andb (andb (andb (andb (andb ((match s with st6 w_XJoin w_OJoin w_XMoveC1 w_OMoveC1 w_XMoveC2 w_OMoveC2 => w_XMoveC1.(sig_XMoveC1).(msg).(c1) end) <> (match s with st6 w_XJoin w_OJoin w_XMoveC1 w_OMoveC1 w_XMoveC2 w_OMoveC2 => w_OMoveC1.(sig_OMoveC1).(msg).(c1) end)) ((match s with st6 w_XJoin w_OJoin w_XMoveC1 w_OMoveC1 w_XMoveC2 w_OMoveC2 => w_XMoveC1.(sig_XMoveC1).(msg).(c1) end) <> (match s with st6 w_XJoin w_OJoin w_XMoveC1 w_OMoveC1 w_XMoveC2 w_OMoveC2 => w_XMoveC2.(sig_XMoveC2).(msg).(c2) end))) ((match s with st6 w_XJoin w_OJoin w_XMoveC1 w_OMoveC1 w_XMoveC2 w_OMoveC2 => w_XMoveC1.(sig_XMoveC1).(msg).(c1) end) <> (match s with st6 w_XJoin w_OJoin w_XMoveC1 w_OMoveC1 w_XMoveC2 w_OMoveC2 => w_OMoveC2.(sig_OMoveC2).(msg).(c2) end))) ((match s with st6 w_XJoin w_OJoin w_XMoveC1 w_OMoveC1 w_XMoveC2 w_OMoveC2 => w_XMoveC1.(sig_XMoveC1).(msg).(c1) end) <> sig.(msg).(c3))) ((match s with st6 w_XJoin w_OJoin w_XMoveC1 w_OMoveC1 w_XMoveC2 w_OMoveC2 => w_OMoveC1.(sig_OMoveC1).(msg).(c1) end) <> (match s with st6 w_XJoin w_OJoin w_XMoveC1 w_OMoveC1 w_XMoveC2 w_OMoveC2 => w_XMoveC2.(sig_XMoveC2).(msg).(c2) end))) ((match s with st6 w_XJoin w_OJoin w_XMoveC1 w_OMoveC1 w_XMoveC2 w_OMoveC2 => w_OMoveC1.(sig_OMoveC1).(msg).(c1) end) <> (match s with st6 w_XJoin w_OJoin w_XMoveC1 w_OMoveC1 w_XMoveC2 w_OMoveC2 => w_OMoveC2.(sig_OMoveC2).(msg).(c2) end))) ((match s with st6 w_XJoin w_OJoin w_XMoveC1 w_OMoveC1 w_XMoveC2 w_OMoveC2 => w_OMoveC1.(sig_OMoveC1).(msg).(c1) end) <> sig.(msg).(c3))) ((match s with st6 w_XJoin w_OJoin w_XMoveC1 w_OMoveC1 w_XMoveC2 w_OMoveC2 => w_XMoveC2.(sig_XMoveC2).(msg).(c2) end) <> (match s with st6 w_XJoin w_OJoin w_XMoveC1 w_OMoveC1 w_XMoveC2 w_OMoveC2 => w_OMoveC2.(sig_OMoveC2).(msg).(c2) end))) ((match s with st6 w_XJoin w_OJoin w_XMoveC1 w_OMoveC1 w_XMoveC2 w_OMoveC2 => w_XMoveC2.(sig_XMoveC2).(msg).(c2) end) <> sig.(msg).(c3))) ((match s with st6 w_XJoin w_OJoin w_XMoveC1 w_OMoveC1 w_XMoveC2 w_OMoveC2 => w_OMoveC2.(sig_OMoveC2).(msg).(c2) end) <> sig.(msg).(c3)))) : State S7 :=
  match s with
  | st6 w_XJoin w_OJoin w_XMoveC1 w_OMoveC1 w_XMoveC2 w_OMoveC2 =>
      st7 w_XJoin w_OJoin w_XMoveC1 w_OMoveC1 w_XMoveC2 w_OMoveC2 {| sig_XMoveC3 := sig; guard := Hguard |}
  end.

Definition step_omovec3_from_s7 (s : State S7) (sig : Signed O P_OMoveC3)
  (Hguard : (andb (andb (andb (andb (andb (andb (andb (andb (andb (andb (andb (andb (andb (andb ((match s with st7 w_XJoin w_OJoin w_XMoveC1 w_OMoveC1 w_XMoveC2 w_OMoveC2 w_XMoveC3 => w_XMoveC1.(sig_XMoveC1).(msg).(c1) end) <> (match s with st7 w_XJoin w_OJoin w_XMoveC1 w_OMoveC1 w_XMoveC2 w_OMoveC2 w_XMoveC3 => w_OMoveC1.(sig_OMoveC1).(msg).(c1) end)) ((match s with st7 w_XJoin w_OJoin w_XMoveC1 w_OMoveC1 w_XMoveC2 w_OMoveC2 w_XMoveC3 => w_XMoveC1.(sig_XMoveC1).(msg).(c1) end) <> (match s with st7 w_XJoin w_OJoin w_XMoveC1 w_OMoveC1 w_XMoveC2 w_OMoveC2 w_XMoveC3 => w_XMoveC2.(sig_XMoveC2).(msg).(c2) end))) ((match s with st7 w_XJoin w_OJoin w_XMoveC1 w_OMoveC1 w_XMoveC2 w_OMoveC2 w_XMoveC3 => w_XMoveC1.(sig_XMoveC1).(msg).(c1) end) <> (match s with st7 w_XJoin w_OJoin w_XMoveC1 w_OMoveC1 w_XMoveC2 w_OMoveC2 w_XMoveC3 => w_OMoveC2.(sig_OMoveC2).(msg).(c2) end))) ((match s with st7 w_XJoin w_OJoin w_XMoveC1 w_OMoveC1 w_XMoveC2 w_OMoveC2 w_XMoveC3 => w_XMoveC1.(sig_XMoveC1).(msg).(c1) end) <> (match s with st7 w_XJoin w_OJoin w_XMoveC1 w_OMoveC1 w_XMoveC2 w_OMoveC2 w_XMoveC3 => w_XMoveC3.(sig_XMoveC3).(msg).(c3) end))) ((match s with st7 w_XJoin w_OJoin w_XMoveC1 w_OMoveC1 w_XMoveC2 w_OMoveC2 w_XMoveC3 => w_XMoveC1.(sig_XMoveC1).(msg).(c1) end) <> sig.(msg).(c3))) ((match s with st7 w_XJoin w_OJoin w_XMoveC1 w_OMoveC1 w_XMoveC2 w_OMoveC2 w_XMoveC3 => w_OMoveC1.(sig_OMoveC1).(msg).(c1) end) <> (match s with st7 w_XJoin w_OJoin w_XMoveC1 w_OMoveC1 w_XMoveC2 w_OMoveC2 w_XMoveC3 => w_XMoveC2.(sig_XMoveC2).(msg).(c2) end))) ((match s with st7 w_XJoin w_OJoin w_XMoveC1 w_OMoveC1 w_XMoveC2 w_OMoveC2 w_XMoveC3 => w_OMoveC1.(sig_OMoveC1).(msg).(c1) end) <> (match s with st7 w_XJoin w_OJoin w_XMoveC1 w_OMoveC1 w_XMoveC2 w_OMoveC2 w_XMoveC3 => w_OMoveC2.(sig_OMoveC2).(msg).(c2) end))) ((match s with st7 w_XJoin w_OJoin w_XMoveC1 w_OMoveC1 w_XMoveC2 w_OMoveC2 w_XMoveC3 => w_OMoveC1.(sig_OMoveC1).(msg).(c1) end) <> (match s with st7 w_XJoin w_OJoin w_XMoveC1 w_OMoveC1 w_XMoveC2 w_OMoveC2 w_XMoveC3 => w_XMoveC3.(sig_XMoveC3).(msg).(c3) end))) ((match s with st7 w_XJoin w_OJoin w_XMoveC1 w_OMoveC1 w_XMoveC2 w_OMoveC2 w_XMoveC3 => w_OMoveC1.(sig_OMoveC1).(msg).(c1) end) <> sig.(msg).(c3))) ((match s with st7 w_XJoin w_OJoin w_XMoveC1 w_OMoveC1 w_XMoveC2 w_OMoveC2 w_XMoveC3 => w_XMoveC2.(sig_XMoveC2).(msg).(c2) end) <> (match s with st7 w_XJoin w_OJoin w_XMoveC1 w_OMoveC1 w_XMoveC2 w_OMoveC2 w_XMoveC3 => w_OMoveC2.(sig_OMoveC2).(msg).(c2) end))) ((match s with st7 w_XJoin w_OJoin w_XMoveC1 w_OMoveC1 w_XMoveC2 w_OMoveC2 w_XMoveC3 => w_XMoveC2.(sig_XMoveC2).(msg).(c2) end) <> (match s with st7 w_XJoin w_OJoin w_XMoveC1 w_OMoveC1 w_XMoveC2 w_OMoveC2 w_XMoveC3 => w_XMoveC3.(sig_XMoveC3).(msg).(c3) end))) ((match s with st7 w_XJoin w_OJoin w_XMoveC1 w_OMoveC1 w_XMoveC2 w_OMoveC2 w_XMoveC3 => w_XMoveC2.(sig_XMoveC2).(msg).(c2) end) <> sig.(msg).(c3))) ((match s with st7 w_XJoin w_OJoin w_XMoveC1 w_OMoveC1 w_XMoveC2 w_OMoveC2 w_XMoveC3 => w_OMoveC2.(sig_OMoveC2).(msg).(c2) end) <> (match s with st7 w_XJoin w_OJoin w_XMoveC1 w_OMoveC1 w_XMoveC2 w_OMoveC2 w_XMoveC3 => w_XMoveC3.(sig_XMoveC3).(msg).(c3) end))) ((match s with st7 w_XJoin w_OJoin w_XMoveC1 w_OMoveC1 w_XMoveC2 w_OMoveC2 w_XMoveC3 => w_OMoveC2.(sig_OMoveC2).(msg).(c2) end) <> sig.(msg).(c3))) ((match s with st7 w_XJoin w_OJoin w_XMoveC1 w_OMoveC1 w_XMoveC2 w_OMoveC2 w_XMoveC3 => w_XMoveC3.(sig_XMoveC3).(msg).(c3) end) <> sig.(msg).(c3)))) : State S8 :=
  match s with
  | st7 w_XJoin w_OJoin w_XMoveC1 w_OMoveC1 w_XMoveC2 w_OMoveC2 w_XMoveC3 =>
      st8 w_XJoin w_OJoin w_XMoveC1 w_OMoveC1 w_XMoveC2 w_OMoveC2 w_XMoveC3 {| sig_OMoveC3 := sig; guard := Hguard |}
  end.

Definition step_xmovec4_from_s8 (s : State S8) (sig : Signed X P_XMoveC4)
  (Hguard : (andb (andb (andb (andb (andb (andb (andb (andb (andb (andb (andb (andb (andb (andb (andb (andb (andb (andb (andb (andb ((match s with st8 w_XJoin w_OJoin w_XMoveC1 w_OMoveC1 w_XMoveC2 w_OMoveC2 w_XMoveC3 w_OMoveC3 => w_XMoveC1.(sig_XMoveC1).(msg).(c1) end) <> (match s with st8 w_XJoin w_OJoin w_XMoveC1 w_OMoveC1 w_XMoveC2 w_OMoveC2 w_XMoveC3 w_OMoveC3 => w_OMoveC1.(sig_OMoveC1).(msg).(c1) end)) ((match s with st8 w_XJoin w_OJoin w_XMoveC1 w_OMoveC1 w_XMoveC2 w_OMoveC2 w_XMoveC3 w_OMoveC3 => w_XMoveC1.(sig_XMoveC1).(msg).(c1) end) <> (match s with st8 w_XJoin w_OJoin w_XMoveC1 w_OMoveC1 w_XMoveC2 w_OMoveC2 w_XMoveC3 w_OMoveC3 => w_XMoveC2.(sig_XMoveC2).(msg).(c2) end))) ((match s with st8 w_XJoin w_OJoin w_XMoveC1 w_OMoveC1 w_XMoveC2 w_OMoveC2 w_XMoveC3 w_OMoveC3 => w_XMoveC1.(sig_XMoveC1).(msg).(c1) end) <> (match s with st8 w_XJoin w_OJoin w_XMoveC1 w_OMoveC1 w_XMoveC2 w_OMoveC2 w_XMoveC3 w_OMoveC3 => w_OMoveC2.(sig_OMoveC2).(msg).(c2) end))) ((match s with st8 w_XJoin w_OJoin w_XMoveC1 w_OMoveC1 w_XMoveC2 w_OMoveC2 w_XMoveC3 w_OMoveC3 => w_XMoveC1.(sig_XMoveC1).(msg).(c1) end) <> (match s with st8 w_XJoin w_OJoin w_XMoveC1 w_OMoveC1 w_XMoveC2 w_OMoveC2 w_XMoveC3 w_OMoveC3 => w_XMoveC3.(sig_XMoveC3).(msg).(c3) end))) ((match s with st8 w_XJoin w_OJoin w_XMoveC1 w_OMoveC1 w_XMoveC2 w_OMoveC2 w_XMoveC3 w_OMoveC3 => w_XMoveC1.(sig_XMoveC1).(msg).(c1) end) <> (match s with st8 w_XJoin w_OJoin w_XMoveC1 w_OMoveC1 w_XMoveC2 w_OMoveC2 w_XMoveC3 w_OMoveC3 => w_OMoveC3.(sig_OMoveC3).(msg).(c3) end))) ((match s with st8 w_XJoin w_OJoin w_XMoveC1 w_OMoveC1 w_XMoveC2 w_OMoveC2 w_XMoveC3 w_OMoveC3 => w_XMoveC1.(sig_XMoveC1).(msg).(c1) end) <> sig.(msg).(c4))) ((match s with st8 w_XJoin w_OJoin w_XMoveC1 w_OMoveC1 w_XMoveC2 w_OMoveC2 w_XMoveC3 w_OMoveC3 => w_OMoveC1.(sig_OMoveC1).(msg).(c1) end) <> (match s with st8 w_XJoin w_OJoin w_XMoveC1 w_OMoveC1 w_XMoveC2 w_OMoveC2 w_XMoveC3 w_OMoveC3 => w_XMoveC2.(sig_XMoveC2).(msg).(c2) end))) ((match s with st8 w_XJoin w_OJoin w_XMoveC1 w_OMoveC1 w_XMoveC2 w_OMoveC2 w_XMoveC3 w_OMoveC3 => w_OMoveC1.(sig_OMoveC1).(msg).(c1) end) <> (match s with st8 w_XJoin w_OJoin w_XMoveC1 w_OMoveC1 w_XMoveC2 w_OMoveC2 w_XMoveC3 w_OMoveC3 => w_OMoveC2.(sig_OMoveC2).(msg).(c2) end))) ((match s with st8 w_XJoin w_OJoin w_XMoveC1 w_OMoveC1 w_XMoveC2 w_OMoveC2 w_XMoveC3 w_OMoveC3 => w_OMoveC1.(sig_OMoveC1).(msg).(c1) end) <> (match s with st8 w_XJoin w_OJoin w_XMoveC1 w_OMoveC1 w_XMoveC2 w_OMoveC2 w_XMoveC3 w_OMoveC3 => w_XMoveC3.(sig_XMoveC3).(msg).(c3) end))) ((match s with st8 w_XJoin w_OJoin w_XMoveC1 w_OMoveC1 w_XMoveC2 w_OMoveC2 w_XMoveC3 w_OMoveC3 => w_OMoveC1.(sig_OMoveC1).(msg).(c1) end) <> (match s with st8 w_XJoin w_OJoin w_XMoveC1 w_OMoveC1 w_XMoveC2 w_OMoveC2 w_XMoveC3 w_OMoveC3 => w_OMoveC3.(sig_OMoveC3).(msg).(c3) end))) ((match s with st8 w_XJoin w_OJoin w_XMoveC1 w_OMoveC1 w_XMoveC2 w_OMoveC2 w_XMoveC3 w_OMoveC3 => w_OMoveC1.(sig_OMoveC1).(msg).(c1) end) <> sig.(msg).(c4))) ((match s with st8 w_XJoin w_OJoin w_XMoveC1 w_OMoveC1 w_XMoveC2 w_OMoveC2 w_XMoveC3 w_OMoveC3 => w_XMoveC2.(sig_XMoveC2).(msg).(c2) end) <> (match s with st8 w_XJoin w_OJoin w_XMoveC1 w_OMoveC1 w_XMoveC2 w_OMoveC2 w_XMoveC3 w_OMoveC3 => w_OMoveC2.(sig_OMoveC2).(msg).(c2) end))) ((match s with st8 w_XJoin w_OJoin w_XMoveC1 w_OMoveC1 w_XMoveC2 w_OMoveC2 w_XMoveC3 w_OMoveC3 => w_XMoveC2.(sig_XMoveC2).(msg).(c2) end) <> (match s with st8 w_XJoin w_OJoin w_XMoveC1 w_OMoveC1 w_XMoveC2 w_OMoveC2 w_XMoveC3 w_OMoveC3 => w_XMoveC3.(sig_XMoveC3).(msg).(c3) end))) ((match s with st8 w_XJoin w_OJoin w_XMoveC1 w_OMoveC1 w_XMoveC2 w_OMoveC2 w_XMoveC3 w_OMoveC3 => w_XMoveC2.(sig_XMoveC2).(msg).(c2) end) <> (match s with st8 w_XJoin w_OJoin w_XMoveC1 w_OMoveC1 w_XMoveC2 w_OMoveC2 w_XMoveC3 w_OMoveC3 => w_OMoveC3.(sig_OMoveC3).(msg).(c3) end))) ((match s with st8 w_XJoin w_OJoin w_XMoveC1 w_OMoveC1 w_XMoveC2 w_OMoveC2 w_XMoveC3 w_OMoveC3 => w_XMoveC2.(sig_XMoveC2).(msg).(c2) end) <> sig.(msg).(c4))) ((match s with st8 w_XJoin w_OJoin w_XMoveC1 w_OMoveC1 w_XMoveC2 w_OMoveC2 w_XMoveC3 w_OMoveC3 => w_OMoveC2.(sig_OMoveC2).(msg).(c2) end) <> (match s with st8 w_XJoin w_OJoin w_XMoveC1 w_OMoveC1 w_XMoveC2 w_OMoveC2 w_XMoveC3 w_OMoveC3 => w_XMoveC3.(sig_XMoveC3).(msg).(c3) end))) ((match s with st8 w_XJoin w_OJoin w_XMoveC1 w_OMoveC1 w_XMoveC2 w_OMoveC2 w_XMoveC3 w_OMoveC3 => w_OMoveC2.(sig_OMoveC2).(msg).(c2) end) <> (match s with st8 w_XJoin w_OJoin w_XMoveC1 w_OMoveC1 w_XMoveC2 w_OMoveC2 w_XMoveC3 w_OMoveC3 => w_OMoveC3.(sig_OMoveC3).(msg).(c3) end))) ((match s with st8 w_XJoin w_OJoin w_XMoveC1 w_OMoveC1 w_XMoveC2 w_OMoveC2 w_XMoveC3 w_OMoveC3 => w_OMoveC2.(sig_OMoveC2).(msg).(c2) end) <> sig.(msg).(c4))) ((match s with st8 w_XJoin w_OJoin w_XMoveC1 w_OMoveC1 w_XMoveC2 w_OMoveC2 w_XMoveC3 w_OMoveC3 => w_XMoveC3.(sig_XMoveC3).(msg).(c3) end) <> (match s with st8 w_XJoin w_OJoin w_XMoveC1 w_OMoveC1 w_XMoveC2 w_OMoveC2 w_XMoveC3 w_OMoveC3 => w_OMoveC3.(sig_OMoveC3).(msg).(c3) end))) ((match s with st8 w_XJoin w_OJoin w_XMoveC1 w_OMoveC1 w_XMoveC2 w_OMoveC2 w_XMoveC3 w_OMoveC3 => w_XMoveC3.(sig_XMoveC3).(msg).(c3) end) <> sig.(msg).(c4))) ((match s with st8 w_XJoin w_OJoin w_XMoveC1 w_OMoveC1 w_XMoveC2 w_OMoveC2 w_XMoveC3 w_OMoveC3 => w_OMoveC3.(sig_OMoveC3).(msg).(c3) end) <> sig.(msg).(c4)))) : State S9 :=
  match s with
  | st8 w_XJoin w_OJoin w_XMoveC1 w_OMoveC1 w_XMoveC2 w_OMoveC2 w_XMoveC3 w_OMoveC3 =>
      st9 w_XJoin w_OJoin w_XMoveC1 w_OMoveC1 w_XMoveC2 w_OMoveC2 w_XMoveC3 w_OMoveC3 {| sig_XMoveC4 := sig; guard := Hguard |}
  end.

Definition step_omovec4_from_s9 (s : State S9) (sig : Signed O P_OMoveC4)
  (Hguard : (andb (andb (andb (andb (andb (andb (andb (andb (andb (andb (andb (andb (andb (andb (andb (andb (andb (andb (andb (andb (andb (andb (andb (andb (andb (andb (andb ((match s with st9 w_XJoin w_OJoin w_XMoveC1 w_OMoveC1 w_XMoveC2 w_OMoveC2 w_XMoveC3 w_OMoveC3 w_XMoveC4 => w_XMoveC1.(sig_XMoveC1).(msg).(c1) end) <> (match s with st9 w_XJoin w_OJoin w_XMoveC1 w_OMoveC1 w_XMoveC2 w_OMoveC2 w_XMoveC3 w_OMoveC3 w_XMoveC4 => w_OMoveC1.(sig_OMoveC1).(msg).(c1) end)) ((match s with st9 w_XJoin w_OJoin w_XMoveC1 w_OMoveC1 w_XMoveC2 w_OMoveC2 w_XMoveC3 w_OMoveC3 w_XMoveC4 => w_XMoveC1.(sig_XMoveC1).(msg).(c1) end) <> (match s with st9 w_XJoin w_OJoin w_XMoveC1 w_OMoveC1 w_XMoveC2 w_OMoveC2 w_XMoveC3 w_OMoveC3 w_XMoveC4 => w_XMoveC2.(sig_XMoveC2).(msg).(c2) end))) ((match s with st9 w_XJoin w_OJoin w_XMoveC1 w_OMoveC1 w_XMoveC2 w_OMoveC2 w_XMoveC3 w_OMoveC3 w_XMoveC4 => w_XMoveC1.(sig_XMoveC1).(msg).(c1) end) <> (match s with st9 w_XJoin w_OJoin w_XMoveC1 w_OMoveC1 w_XMoveC2 w_OMoveC2 w_XMoveC3 w_OMoveC3 w_XMoveC4 => w_OMoveC2.(sig_OMoveC2).(msg).(c2) end))) ((match s with st9 w_XJoin w_OJoin w_XMoveC1 w_OMoveC1 w_XMoveC2 w_OMoveC2 w_XMoveC3 w_OMoveC3 w_XMoveC4 => w_XMoveC1.(sig_XMoveC1).(msg).(c1) end) <> (match s with st9 w_XJoin w_OJoin w_XMoveC1 w_OMoveC1 w_XMoveC2 w_OMoveC2 w_XMoveC3 w_OMoveC3 w_XMoveC4 => w_XMoveC3.(sig_XMoveC3).(msg).(c3) end))) ((match s with st9 w_XJoin w_OJoin w_XMoveC1 w_OMoveC1 w_XMoveC2 w_OMoveC2 w_XMoveC3 w_OMoveC3 w_XMoveC4 => w_XMoveC1.(sig_XMoveC1).(msg).(c1) end) <> (match s with st9 w_XJoin w_OJoin w_XMoveC1 w_OMoveC1 w_XMoveC2 w_OMoveC2 w_XMoveC3 w_OMoveC3 w_XMoveC4 => w_OMoveC3.(sig_OMoveC3).(msg).(c3) end))) ((match s with st9 w_XJoin w_OJoin w_XMoveC1 w_OMoveC1 w_XMoveC2 w_OMoveC2 w_XMoveC3 w_OMoveC3 w_XMoveC4 => w_XMoveC1.(sig_XMoveC1).(msg).(c1) end) <> (match s with st9 w_XJoin w_OJoin w_XMoveC1 w_OMoveC1 w_XMoveC2 w_OMoveC2 w_XMoveC3 w_OMoveC3 w_XMoveC4 => w_XMoveC4.(sig_XMoveC4).(msg).(c4) end))) ((match s with st9 w_XJoin w_OJoin w_XMoveC1 w_OMoveC1 w_XMoveC2 w_OMoveC2 w_XMoveC3 w_OMoveC3 w_XMoveC4 => w_XMoveC1.(sig_XMoveC1).(msg).(c1) end) <> sig.(msg).(c4))) ((match s with st9 w_XJoin w_OJoin w_XMoveC1 w_OMoveC1 w_XMoveC2 w_OMoveC2 w_XMoveC3 w_OMoveC3 w_XMoveC4 => w_OMoveC1.(sig_OMoveC1).(msg).(c1) end) <> (match s with st9 w_XJoin w_OJoin w_XMoveC1 w_OMoveC1 w_XMoveC2 w_OMoveC2 w_XMoveC3 w_OMoveC3 w_XMoveC4 => w_XMoveC2.(sig_XMoveC2).(msg).(c2) end))) ((match s with st9 w_XJoin w_OJoin w_XMoveC1 w_OMoveC1 w_XMoveC2 w_OMoveC2 w_XMoveC3 w_OMoveC3 w_XMoveC4 => w_OMoveC1.(sig_OMoveC1).(msg).(c1) end) <> (match s with st9 w_XJoin w_OJoin w_XMoveC1 w_OMoveC1 w_XMoveC2 w_OMoveC2 w_XMoveC3 w_OMoveC3 w_XMoveC4 => w_OMoveC2.(sig_OMoveC2).(msg).(c2) end))) ((match s with st9 w_XJoin w_OJoin w_XMoveC1 w_OMoveC1 w_XMoveC2 w_OMoveC2 w_XMoveC3 w_OMoveC3 w_XMoveC4 => w_OMoveC1.(sig_OMoveC1).(msg).(c1) end) <> (match s with st9 w_XJoin w_OJoin w_XMoveC1 w_OMoveC1 w_XMoveC2 w_OMoveC2 w_XMoveC3 w_OMoveC3 w_XMoveC4 => w_XMoveC3.(sig_XMoveC3).(msg).(c3) end))) ((match s with st9 w_XJoin w_OJoin w_XMoveC1 w_OMoveC1 w_XMoveC2 w_OMoveC2 w_XMoveC3 w_OMoveC3 w_XMoveC4 => w_OMoveC1.(sig_OMoveC1).(msg).(c1) end) <> (match s with st9 w_XJoin w_OJoin w_XMoveC1 w_OMoveC1 w_XMoveC2 w_OMoveC2 w_XMoveC3 w_OMoveC3 w_XMoveC4 => w_OMoveC3.(sig_OMoveC3).(msg).(c3) end))) ((match s with st9 w_XJoin w_OJoin w_XMoveC1 w_OMoveC1 w_XMoveC2 w_OMoveC2 w_XMoveC3 w_OMoveC3 w_XMoveC4 => w_OMoveC1.(sig_OMoveC1).(msg).(c1) end) <> (match s with st9 w_XJoin w_OJoin w_XMoveC1 w_OMoveC1 w_XMoveC2 w_OMoveC2 w_XMoveC3 w_OMoveC3 w_XMoveC4 => w_XMoveC4.(sig_XMoveC4).(msg).(c4) end))) ((match s with st9 w_XJoin w_OJoin w_XMoveC1 w_OMoveC1 w_XMoveC2 w_OMoveC2 w_XMoveC3 w_OMoveC3 w_XMoveC4 => w_OMoveC1.(sig_OMoveC1).(msg).(c1) end) <> sig.(msg).(c4))) ((match s with st9 w_XJoin w_OJoin w_XMoveC1 w_OMoveC1 w_XMoveC2 w_OMoveC2 w_XMoveC3 w_OMoveC3 w_XMoveC4 => w_XMoveC2.(sig_XMoveC2).(msg).(c2) end) <> (match s with st9 w_XJoin w_OJoin w_XMoveC1 w_OMoveC1 w_XMoveC2 w_OMoveC2 w_XMoveC3 w_OMoveC3 w_XMoveC4 => w_OMoveC2.(sig_OMoveC2).(msg).(c2) end))) ((match s with st9 w_XJoin w_OJoin w_XMoveC1 w_OMoveC1 w_XMoveC2 w_OMoveC2 w_XMoveC3 w_OMoveC3 w_XMoveC4 => w_XMoveC2.(sig_XMoveC2).(msg).(c2) end) <> (match s with st9 w_XJoin w_OJoin w_XMoveC1 w_OMoveC1 w_XMoveC2 w_OMoveC2 w_XMoveC3 w_OMoveC3 w_XMoveC4 => w_XMoveC3.(sig_XMoveC3).(msg).(c3) end))) ((match s with st9 w_XJoin w_OJoin w_XMoveC1 w_OMoveC1 w_XMoveC2 w_OMoveC2 w_XMoveC3 w_OMoveC3 w_XMoveC4 => w_XMoveC2.(sig_XMoveC2).(msg).(c2) end) <> (match s with st9 w_XJoin w_OJoin w_XMoveC1 w_OMoveC1 w_XMoveC2 w_OMoveC2 w_XMoveC3 w_OMoveC3 w_XMoveC4 => w_OMoveC3.(sig_OMoveC3).(msg).(c3) end))) ((match s with st9 w_XJoin w_OJoin w_XMoveC1 w_OMoveC1 w_XMoveC2 w_OMoveC2 w_XMoveC3 w_OMoveC3 w_XMoveC4 => w_XMoveC2.(sig_XMoveC2).(msg).(c2) end) <> (match s with st9 w_XJoin w_OJoin w_XMoveC1 w_OMoveC1 w_XMoveC2 w_OMoveC2 w_XMoveC3 w_OMoveC3 w_XMoveC4 => w_XMoveC4.(sig_XMoveC4).(msg).(c4) end))) ((match s with st9 w_XJoin w_OJoin w_XMoveC1 w_OMoveC1 w_XMoveC2 w_OMoveC2 w_XMoveC3 w_OMoveC3 w_XMoveC4 => w_XMoveC2.(sig_XMoveC2).(msg).(c2) end) <> sig.(msg).(c4))) ((match s with st9 w_XJoin w_OJoin w_XMoveC1 w_OMoveC1 w_XMoveC2 w_OMoveC2 w_XMoveC3 w_OMoveC3 w_XMoveC4 => w_OMoveC2.(sig_OMoveC2).(msg).(c2) end) <> (match s with st9 w_XJoin w_OJoin w_XMoveC1 w_OMoveC1 w_XMoveC2 w_OMoveC2 w_XMoveC3 w_OMoveC3 w_XMoveC4 => w_XMoveC3.(sig_XMoveC3).(msg).(c3) end))) ((match s with st9 w_XJoin w_OJoin w_XMoveC1 w_OMoveC1 w_XMoveC2 w_OMoveC2 w_XMoveC3 w_OMoveC3 w_XMoveC4 => w_OMoveC2.(sig_OMoveC2).(msg).(c2) end) <> (match s with st9 w_XJoin w_OJoin w_XMoveC1 w_OMoveC1 w_XMoveC2 w_OMoveC2 w_XMoveC3 w_OMoveC3 w_XMoveC4 => w_OMoveC3.(sig_OMoveC3).(msg).(c3) end))) ((match s with st9 w_XJoin w_OJoin w_XMoveC1 w_OMoveC1 w_XMoveC2 w_OMoveC2 w_XMoveC3 w_OMoveC3 w_XMoveC4 => w_OMoveC2.(sig_OMoveC2).(msg).(c2) end) <> (match s with st9 w_XJoin w_OJoin w_XMoveC1 w_OMoveC1 w_XMoveC2 w_OMoveC2 w_XMoveC3 w_OMoveC3 w_XMoveC4 => w_XMoveC4.(sig_XMoveC4).(msg).(c4) end))) ((match s with st9 w_XJoin w_OJoin w_XMoveC1 w_OMoveC1 w_XMoveC2 w_OMoveC2 w_XMoveC3 w_OMoveC3 w_XMoveC4 => w_OMoveC2.(sig_OMoveC2).(msg).(c2) end) <> sig.(msg).(c4))) ((match s with st9 w_XJoin w_OJoin w_XMoveC1 w_OMoveC1 w_XMoveC2 w_OMoveC2 w_XMoveC3 w_OMoveC3 w_XMoveC4 => w_XMoveC3.(sig_XMoveC3).(msg).(c3) end) <> (match s with st9 w_XJoin w_OJoin w_XMoveC1 w_OMoveC1 w_XMoveC2 w_OMoveC2 w_XMoveC3 w_OMoveC3 w_XMoveC4 => w_OMoveC3.(sig_OMoveC3).(msg).(c3) end))) ((match s with st9 w_XJoin w_OJoin w_XMoveC1 w_OMoveC1 w_XMoveC2 w_OMoveC2 w_XMoveC3 w_OMoveC3 w_XMoveC4 => w_XMoveC3.(sig_XMoveC3).(msg).(c3) end) <> (match s with st9 w_XJoin w_OJoin w_XMoveC1 w_OMoveC1 w_XMoveC2 w_OMoveC2 w_XMoveC3 w_OMoveC3 w_XMoveC4 => w_XMoveC4.(sig_XMoveC4).(msg).(c4) end))) ((match s with st9 w_XJoin w_OJoin w_XMoveC1 w_OMoveC1 w_XMoveC2 w_OMoveC2 w_XMoveC3 w_OMoveC3 w_XMoveC4 => w_XMoveC3.(sig_XMoveC3).(msg).(c3) end) <> sig.(msg).(c4))) ((match s with st9 w_XJoin w_OJoin w_XMoveC1 w_OMoveC1 w_XMoveC2 w_OMoveC2 w_XMoveC3 w_OMoveC3 w_XMoveC4 => w_OMoveC3.(sig_OMoveC3).(msg).(c3) end) <> (match s with st9 w_XJoin w_OJoin w_XMoveC1 w_OMoveC1 w_XMoveC2 w_OMoveC2 w_XMoveC3 w_OMoveC3 w_XMoveC4 => w_XMoveC4.(sig_XMoveC4).(msg).(c4) end))) ((match s with st9 w_XJoin w_OJoin w_XMoveC1 w_OMoveC1 w_XMoveC2 w_OMoveC2 w_XMoveC3 w_OMoveC3 w_XMoveC4 => w_OMoveC3.(sig_OMoveC3).(msg).(c3) end) <> sig.(msg).(c4))) ((match s with st9 w_XJoin w_OJoin w_XMoveC1 w_OMoveC1 w_XMoveC2 w_OMoveC2 w_XMoveC3 w_OMoveC3 w_XMoveC4 => w_XMoveC4.(sig_XMoveC4).(msg).(c4) end) <> sig.(msg).(c4)))) : State S10 :=
  match s with
  | st9 w_XJoin w_OJoin w_XMoveC1 w_OMoveC1 w_XMoveC2 w_OMoveC2 w_XMoveC3 w_OMoveC3 w_XMoveC4 =>
      st10 w_XJoin w_OJoin w_XMoveC1 w_OMoveC1 w_XMoveC2 w_OMoveC2 w_XMoveC3 w_OMoveC3 w_XMoveC4 {| sig_OMoveC4 := sig; guard := Hguard |}
  end.

End TicTacToe_Protocol.

[Change at line 118]   sig_OMoveC3 : Signed O P_OMoveC3;
  guard : andb andb andb andb andb andb andb andb andb andb andb andb andb andb (w_XMoveC1.(sig_XMoveC1).(msg).(c1) <> w_OMoveC1.(sig_OMoveC1).(msg).(c1)) (w_XMoveC1.(sig_XMoveC1).(msg).(c1) <> w_XMoveC2.(sig_XMoveC2).(msg).(c2)) (w_XMoveC1.(sig_XMoveC1).(msg).(c1) <> w_OMoveC2.(sig_OMoveC2).(msg).(c2)) (w_XMoveC1.(sig_XMoveC1).(msg).(c1) <> w_XMoveC3.(sig_XMoveC3).(msg).(c3)) (w_XMoveC1.(sig_XMoveC1).(msg).(c1) <> w_OMoveC3.(sig_OMoveC3).(msg).(c3)) (w_OMoveC1.(sig_OMoveC1).(msg).(c1) <> w_XMoveC2.(sig_XMoveC2).(msg).(c2)) (w_OMoveC1.(sig_OMoveC1).(msg).(c1) <> w_OMoveC2.(sig_OMoveC2).(msg).(c2)) (w_OMoveC1.(sig_OMoveC1).(msg).(c1) <> w_XMoveC3.(sig_XMoveC3).(msg).(c3)) (w_OMoveC1.(sig_OMoveC1).(msg).(c1) <> w_OMoveC3.(sig_OMoveC3).(msg).(c3)) (w_XMoveC2.(sig_XMoveC2).(msg).(c2) <> w_OMoveC2.(sig_OMoveC2).(msg).(c2)) (w_XMoveC2.(sig_XMoveC2).(msg).(c2) <> w_XMoveC3.(sig_XMoveC3).(msg).(c3)) (w_XMoveC2.(sig_XMoveC2).(msg).(c2) <> w_OMoveC3.(sig_OMoveC3).(msg).(c3)) (w_OMoveC2.(sig_OMoveC2).(msg).(c2) <> w_XMoveC3.(sig_XMoveC3).(msg).(c3)) (w_OMoveC2.(sig_OMoveC2).(msg).(c2) <> w_OMoveC3.(sig_OMoveC3).(msg).(c3)) (w_XMoveC3.(sig_XMoveC3).(msg).(c3) <> w_OMoveC3.(sig_OMoveC3).(msg).(c3));
}.

Record W_XMoveC4 (w_XJoin : W_XJoin) (w_OJoin : (W_OJoin w_XJoin)) (w_XMoveC1 : (W_XMoveC1 w_XJoin w_OJoin)) (w_OMoveC1 : (W_OMoveC1 w_XJoin w_OJoin w_XMoveC1)) (w_XMoveC2 : (W_XMoveC2 w_XJoin w_OJoin w_XMoveC1 w_OMoveC1)) (w_OMoveC2 : (W_OMoveC2 w_XJoin w_OJoin w_XMoveC1 w_OMoveC1 w_XMoveC2)) (w_XMoveC3 : (W_XMoveC3 w_XJoin w_OJoin w_XMoveC1 w_OMoveC1 w_XMoveC2 w_OMoveC2)) (w_OMoveC3 : (W_OMoveC3 w_XJoin w_OJoin w_XMoveC1 w_OMoveC1 w_XMoveC2 w_OMoveC2 w_XMoveC3)) : Type := {
  sig_XMoveC4 : Signed X P_XMoveC4;
  guard : andb andb andb andb andb andb andb andb andb andb andb andb andb andb andb andb andb andb andb andb (w_XMoveC1.(sig_XMoveC1).(msg).(c1) <> w_OMoveC1.(sig_OMoveC1).(msg).(c1)) (w_XMoveC1.(sig_XMoveC1).(msg).(c1) <> w_XMoveC2.(sig_XMoveC2).(msg).(c2)) (w_XMoveC1.(sig_XMoveC1).(msg).(c1) <> w_OMoveC2.(sig_OMoveC2).(msg).(c2)) (w_XMoveC1.(sig_XMoveC1).(msg).(c1) <> w_XMoveC3.(sig_XMoveC3).(msg).(c3)) (w_XMoveC1.(sig_XMoveC1).(msg).(c1) <> w_OMoveC3.(sig_OMoveC3).(msg).(c3)) (w_XMoveC1.(sig_XMoveC1).(msg).(c1) <> w_XMoveC4.(sig_XMoveC4).(msg).(c4)) (w_OMoveC1.(sig_OMoveC1).(msg).(c1) <> w_XMoveC2.(sig_XMoveC2).(msg).(c2)) (w_OMoveC1.(sig_OMoveC1).(msg).(c1) <> w_OMoveC2.(sig_OMoveC2).(msg).(c2)) (w_OMoveC1.(sig_OMoveC1).(msg).(c1) <> w_XMoveC3.(sig_XMoveC3).(msg).(c3)) (w_OMoveC1.(sig_OMoveC1).(msg).(c1) <> w_OMoveC3.(sig_OMoveC3).(msg).(c3)) (w_OMoveC1.(sig_OMoveC1).(msg).(c1) <> w_XMoveC4.(sig_XMoveC4).(msg).(c4)) (w_XMoveC2.(sig_XMoveC2).(msg).(c2) <> w_OMoveC2.(sig_OMoveC2).(msg).(c2)) (w_XMoveC2.(sig_XMoveC2).(msg).(c2) <> w_XMoveC3.(sig_XMoveC3).(msg).(c3)) (w_XMoveC2.(sig_XMoveC2).(msg).(c2) <> w_OMoveC3.(sig_OMoveC3).(msg).(c3)) (w_XMoveC2.(sig_XMoveC2).(msg).(c2) <> w_XMoveC4.(sig_XMoveC4).(msg).(c4)) (w_OMoveC2.(sig_OMoveC2).(msg).(c2) <> w_XMoveC3.(sig_XMoveC3).(msg).(c3)) (w_OMoveC2.(sig_OMoveC2).(msg).(c2) <> w_OMoveC3.(sig_OMoveC3).(msg).(c3)) (w_OMoveC2.(sig_OMoveC2).(msg).(c2) <> w_XMoveC4.(sig_XMoveC4).(msg).(c4)) (w_XMoveC3.(sig_XMoveC3).(msg).(c3) <> w_OMoveC3.(sig_OMoveC3).(msg).(c3)) (w_XMoveC3.(sig_XMoveC3).(msg).(c3) <> w_XMoveC4.(sig_XMoveC4).(msg).(c4)) (w_OMoveC3.(sig_OMoveC3).(msg).(c3) <> w_XMoveC4.(sig_XMoveC4).(msg).(c4));
}.

Record W_OMoveC4 (w_XJoin : W_XJoin) (w_OJoin : (W_OJoin w_XJoin)) (w_XMoveC1 : (W_XMoveC1 w_XJoin w_OJoin)) (w_OMoveC1 : (W_OMoveC1 w_XJoin w_OJoin w_XMoveC1)) (w_XMoveC2 : (W_XMoveC2 w_XJoin w_OJoin w_XMoveC1 w_OMoveC1)) (w_OMoveC2 : (W_OMoveC2 w_XJoin w_OJoin w_XMoveC1 w_OMoveC1 w_XMoveC2)) (w_XMoveC3 : (W_XMoveC3 w_XJoin w_OJoin w_XMoveC1 w_OMoveC1 w_XMoveC2 w_OMoveC2)) (w_OMoveC3 : (W_OMoveC3 w_XJoin w_OJoin w_XMoveC1 w_OMoveC1 w_XMoveC2 w_OMoveC2 w_XMoveC3)) (w_XMoveC4 : (W_XMoveC4 w_XJoin w_OJoin w_XMoveC1 w_OMoveC1 w_XMoveC2 w_OMoveC2 w_XMoveC3 w_OMoveC3)) : Type := {
  sig_OMoveC4 : Signed O P_OMoveC4;
  guard : andb andb andb andb andb andb andb andb andb andb andb andb andb andb andb andb andb andb andb andb andb andb andb andb andb andb andb (w_XMoveC1.(sig_XMoveC1).(msg).(c1) <> w_OMoveC1.(sig_OMoveC1).(msg).(c1)) (w_XMoveC1.(sig_XMoveC1).(msg).(c1) <> w_XMoveC2.(sig_XMoveC2).(msg).(c2)) (w_XMoveC1.(sig_XMoveC1).(msg).(c1) <> w_OMoveC2.(sig_OMoveC2).(msg).(c2)) (w_XMoveC1.(sig_XMoveC1).(msg).(c1) <> w_XMoveC3.(sig_XMoveC3).(msg).(c3)) (w_XMoveC1.(sig_XMoveC1).(msg).(c1) <> w_OMoveC3.(sig_OMoveC3).(msg).(c3)) (w_XMoveC1.(sig_XMoveC1).(msg).(c1) <> w_XMoveC4.(sig_XMoveC4).(msg).(c4)) (w_XMoveC1.(sig_XMoveC1).(msg).(c1) <> w_OMoveC4.(sig_OMoveC4).(msg).(c4)) (w_OMoveC1.(sig_OMoveC1).(msg).(c1) <> w_XMoveC2.(sig_XMoveC2).(msg).(c2)) (w_OMoveC1.(sig_OMoveC1).(msg).(c1) <> w_OMoveC2.(sig_OMoveC2).(msg).(c2)) (w_OMoveC1.(sig_OMoveC1).(msg).(c1) <> w_XMoveC3.(sig_XMoveC3).(msg).(c3)) (w_OMoveC1.(sig_OMoveC1).(msg).(c1) <> w_OMoveC3.(sig_OMoveC3).(msg).(c3)) (w_OMoveC1.(sig_OMoveC1).(msg).(c1) <> w_XMoveC4.(sig_XMoveC4).(msg).(c4)) (w_OMoveC1.(sig_OMoveC1).(msg).(c1) <> w_OMoveC4.(sig_OMoveC4).(msg).(c4)) (w_XMoveC2.(sig_XMoveC2).(msg).(c2) <> w_OMoveC2.(sig_OMoveC2).(msg).(c2)) (w_XMoveC2.(sig_XMoveC2).(msg).(c2) <> w_XMoveC3.(sig_XMoveC3).(msg).(c3)) (w_XMoveC2.(sig_XMoveC2).(msg).(c2) <> w_OMoveC3.(sig_OMoveC3).(msg).(c3)) (w_XMoveC2.(sig_XMoveC2).(msg).(c2) <> w_XMoveC4.(sig_XMoveC4).(msg).(c4)) (w_XMoveC2.(sig_XMoveC2).(msg).(c2) <> w_OMoveC4.(sig_OMoveC4).(msg).(c4)) (w_OMoveC2.(sig_OMoveC2).(msg).(c2) <> w_XMoveC3.(sig_XMoveC3).(msg).(c3)) (w_OMoveC2.(sig_OMoveC2).(msg).(c2) <> w_OMoveC3.(sig_OMoveC3).(msg).(c3)) (w_OMoveC2.(sig_OMoveC2).(msg).(c2) <> w_XMoveC4.(sig_XMoveC4).(msg).(c4)) (w_OMoveC2.(sig_OMoveC2).(msg).(c2) <> w_OMoveC4.(sig_OMoveC4).(msg).(c4)) (w_XMoveC3.(sig_XMoveC3).(msg).(c3) <> w_OMoveC3.(sig_OMoveC3).(msg).(c3)) (w_XMoveC3.(sig_XMoveC3).(msg).(c3) <> w_XMoveC4.(sig_XMoveC4).(msg).(c4)) (w_XMoveC3.(sig_XMoveC3).(msg).(c3) <> w_OMoveC4.(sig_OMoveC4).(msg).(c4)) (w_OMoveC3.(sig_OMoveC3).(msg).(c3) <> w_XMoveC4.(sig_XMoveC4).(msg).(c4)) (w_OMoveC3.(sig_OMoveC3).(msg).(c3) <> w_OMoveC4.(sig_OMoveC4).(msg).(c4)) (w_XMoveC4.(sig_XMoveC4).(msg).(c4) <> w_OMoveC4.(sig_OMoveC4).(msg).(c4));
}.

(* ===================== *)
(* 5) Typed runtime/ESM  *)
(* ===================== *)

Inductive Stage : Type :=
S0 | S1 | S2 | S3 | S4 | S5 | S6 | S7 | S8 | S9 | S10.

Inductive State : Stage -> Type :=
| st0 : State S0
| st1 : (w_XJoin : W_XJoin) -> State S1
| st2 : (w_XJoin : W_XJoin) (w_OJoin : (W_OJoin w_XJoin)) -> State S2
| st3 : (w_XJoin : W_XJoin) (w_OJoin : (W_OJoin w_XJoin)) (w_XMoveC1 : (W_XMoveC1 w_XJoin w_OJoin)) -> State S3
| st4 : (w_XJoin : W_XJoin) (w_OJoin : (W_OJoin w_XJoin)) (w_XMoveC1 : (W_XMoveC1 w_XJoin w_OJoin)) (w_OMoveC1 : (W_OMoveC1 w_XJoin w_OJoin w_XMoveC1)) -> State S4
| st5 : (w_XJoin : W_XJoin) (w_OJoin : (W_OJoin w_XJoin)) (w_XMoveC1 : (W_XMoveC1 w_XJoin w_OJoin)) (w_OMoveC1 : (W_OMoveC1 w_XJoin w_OJoin w_XMoveC1)) (w_XMoveC2 : (W_XMoveC2 w_XJoin w_OJoin w_XMoveC1 w_OMoveC1)) -> State S5
| st6 : (w_XJoin : W_XJoin) (w_OJoin : (W_OJoin w_XJoin)) (w_XMoveC1 : (W_XMoveC1 w_XJoin w_OJoin)) (w_OMoveC1 : (W_OMoveC1 w_XJoin w_OJoin w_XMoveC1)) (w_XMoveC2 : (W_XMoveC2 w_XJoin w_OJoin w_XMoveC1 w_OMoveC1)) (w_OMoveC2 : (W_OMoveC2 w_XJoin w_OJoin w_XMoveC1 w_OMoveC1 w_XMoveC2)) -> State S6
| st7 : (w_XJoin : W_XJoin) (w_OJoin : (W_OJoin w_XJoin)) (w_XMoveC1 : (W_XMoveC1 w_XJoin w_OJoin)) (w_OMoveC1 : (W_OMoveC1 w_XJoin w_OJoin w_XMoveC1)) (w_XMoveC2 : (W_XMoveC2 w_XJoin w_OJoin w_XMoveC1 w_OMoveC1)) (w_OMoveC2 : (W_OMoveC2 w_XJoin w_OJoin w_XMoveC1 w_OMoveC1 w_XMoveC2)) (w_XMoveC3 : (W_XMoveC3 w_XJoin w_OJoin w_XMoveC1 w_OMoveC1 w_XMoveC2 w_OMoveC2)) -> State S7
| st8 : (w_XJoin : W_XJoin) (w_OJoin : (W_OJoin w_XJoin)) (w_XMoveC1 : (W_XMoveC1 w_XJoin w_OJoin)) (w_OMoveC1 : (W_OMoveC1 w_XJoin w_OJoin w_XMoveC1)) (w_XMoveC2 : (W_XMoveC2 w_XJoin w_OJoin w_XMoveC1 w_OMoveC1)) (w_OMoveC2 : (W_OMoveC2 w_XJoin w_OJoin w_XMoveC1 w_OMoveC1 w_XMoveC2)) (w_XMoveC3 : (W_XMoveC3 w_XJoin w_OJoin w_XMoveC1 w_OMoveC1 w_XMoveC2 w_OMoveC2)) (w_OMoveC3 : (W_OMoveC3 w_XJoin w_OJoin w_XMoveC1 w_OMoveC1 w_XMoveC2 w_OMoveC2 w_XMoveC3)) -> State S8
| st9 : (w_XJoin : W_XJoin) (w_OJoin : (W_OJoin w_XJoin)) (w_XMoveC1 : (W_XMoveC1 w_XJoin w_OJoin)) (w_OMoveC1 : (W_OMoveC1 w_XJoin w_OJoin w_XMoveC1)) (w_XMoveC2 : (W_XMoveC2 w_XJoin w_OJoin w_XMoveC1 w_OMoveC1)) (w_OMoveC2 : (W_OMoveC2 w_XJoin w_OJoin w_XMoveC1 w_OMoveC1 w_XMoveC2)) (w_XMoveC3 : (W_XMoveC3 w_XJoin w_OJoin w_XMoveC1 w_OMoveC1 w_XMoveC2 w_OMoveC2)) (w_OMoveC3 : (W_OMoveC3 w_XJoin w_OJoin w_XMoveC1 w_OMoveC1 w_XMoveC2 w_OMoveC2 w_XMoveC3)) (w_XMoveC4 : (W_XMoveC4 w_XJoin w_OJoin w_XMoveC1 w_OMoveC1 w_XMoveC2 w_OMoveC2 w_XMoveC3 w_OMoveC3)) -> State S9
| st10 : (w_XJoin : W_XJoin) (w_OJoin : (W_OJoin w_XJoin)) (w_XMoveC1 : (W_XMoveC1 w_XJoin w_OJoin)) (w_OMoveC1 : (W_OMoveC1 w_XJoin w_OJoin w_XMoveC1)) (w_XMoveC2 : (W_XMoveC2 w_XJoin w_OJoin w_XMoveC1 w_OMoveC1)) (w_OMoveC2 : (W_OMoveC2 w_XJoin w_OJoin w_XMoveC1 w_OMoveC1 w_XMoveC2)) (w_XMoveC3 : (W_XMoveC3 w_XJoin w_OJoin w_XMoveC1 w_OMoveC1 w_XMoveC2 w_OMoveC2)) (w_OMoveC3 : (W_OMoveC3 w_XJoin w_OJoin w_XMoveC1 w_OMoveC1 w_XMoveC2 w_OMoveC2 w_XMoveC3)) (w_XMoveC4 : (W_XMoveC4 w_XJoin w_OJoin w_XMoveC1 w_OMoveC1 w_XMoveC2 w_OMoveC2 w_XMoveC3 w_OMoveC3)) (w_OMoveC4 : (W_OMoveC4 w_XJoin w_OJoin w_XMoveC1 w_OMoveC1 w_XMoveC2 w_OMoveC2 w_XMoveC3 w_OMoveC3 w_XMoveC4)) -> State S10
.

(* Step API *)
Definition step_xjoin_from_s0 (s : State S0) (sig : Signed X P_XJoin)
 : State S1 :=
  match s with
  | st0 =>
      st1 {| sig_XJoin := sig |}
  end.

Definition step_ojoin_from_s1 (s : State S1) (sig : Signed O P_OJoin)
 : State S2 :=
  match s with
  | st1 w_XJoin =>
      st2 w_XJoin {| sig_OJoin := sig |}
  end.

Definition step_xmovec1_from_s2 (s : State S2) (sig : Signed X P_XMoveC1)
 : State S3 :=
  match s with
  | st2 w_XJoin w_OJoin =>
      st3 w_XJoin w_OJoin {| sig_XMoveC1 := sig |}
  end.

Definition step_omovec1_from_s3 (s : State S3) (sig : Signed O P_OMoveC1)
  (Hguard : ((match s with st3 w_XJoin w_OJoin w_XMoveC1 => w_XMoveC1.(sig_XMoveC1).(msg).(c1) end) <> sig.(msg).(c1))) : State S4 :=
  match s with
  | st3 w_XJoin w_OJoin w_XMoveC1 =>
      st4 w_XJoin w_OJoin w_XMoveC1 {| sig_OMoveC1 := sig; guard := Hguard |}
  end.

Definition step_xmovec2_from_s4 (s : State S4) (sig : Signed X P_XMoveC2)
  (Hguard : (andb (andb ((match s with st4 w_XJoin w_OJoin w_XMoveC1 w_OMoveC1 => w_XMoveC1.(sig_XMoveC1).(msg).(c1) end) <> (match s with st4 w_XJoin w_OJoin w_XMoveC1 w_OMoveC1 => w_OMoveC1.(sig_OMoveC1).(msg).(c1) end)) ((match s with st4 w_XJoin w_OJoin w_XMoveC1 w_OMoveC1 => w_XMoveC1.(sig_XMoveC1).(msg).(c1) end) <> sig.(msg).(c2))) ((match s with st4 w_XJoin w_OJoin w_XMoveC1 w_OMoveC1 => w_OMoveC1.(sig_OMoveC1).(msg).(c1) end) <> sig.(msg).(c2)))) : State S5 :=
  match s with
  | st4 w_XJoin w_OJoin w_XMoveC1 w_OMoveC1 =>
      st5 w_XJoin w_OJoin w_XMoveC1 w_OMoveC1 {| sig_XMoveC2 := sig; guard := Hguard |}
  end.

Definition step_omovec2_from_s5 (s : State S5) (sig : Signed O P_OMoveC2)
  (Hguard : (andb (andb (andb (andb (andb ((match s with st5 w_XJoin w_OJoin w_XMoveC1 w_OMoveC1 w_XMoveC2 => w_XMoveC1.(sig_XMoveC1).(msg).(c1) end) <> (match s with st5 w_XJoin w_OJoin w_XMoveC1 w_OMoveC1 w_XMoveC2 => w_OMoveC1.(sig_OMoveC1).(msg).(c1) end)) ((match s with st5 w_XJoin w_OJoin w_XMoveC1 w_OMoveC1 w_XMoveC2 => w_XMoveC1.(sig_XMoveC1).(msg).(c1) end) <> (match s with st5 w_XJoin w_OJoin w_XMoveC1 w_OMoveC1 w_XMoveC2 => w_XMoveC2.(sig_XMoveC2).(msg).(c2) end))) ((match s with st5 w_XJoin w_OJoin w_XMoveC1 w_OMoveC1 w_XMoveC2 => w_XMoveC1.(sig_XMoveC1).(msg).(c1) end) <> sig.(msg).(c2))) ((match s with st5 w_XJoin w_OJoin w_XMoveC1 w_OMoveC1 w_XMoveC2 => w_OMoveC1.(sig_OMoveC1).(msg).(c1) end) <> (match s with st5 w_XJoin w_OJoin w_XMoveC1 w_OMoveC1 w_XMoveC2 => w_XMoveC2.(sig_XMoveC2).(msg).(c2) end))) ((match s with st5 w_XJoin w_OJoin w_XMoveC1 w_OMoveC1 w_XMoveC2 => w_OMoveC1.(sig_OMoveC1).(msg).(c1) end) <> sig.(msg).(c2))) ((match s with st5 w_XJoin w_OJoin w_XMoveC1 w_OMoveC1 w_XMoveC2 => w_XMoveC2.(sig_XMoveC2).(msg).(c2) end) <> sig.(msg).(c2)))) : State S6 :=
  match s with
  | st5 w_XJoin w_OJoin w_XMoveC1 w_OMoveC1 w_XMoveC2 =>
      st6 w_XJoin w_OJoin w_XMoveC1 w_OMoveC1 w_XMoveC2 {| sig_OMoveC2 := sig; guard := Hguard |}
  end.

Definition step_xmovec3_from_s6 (s : State S6) (sig : Signed X P_XMoveC3)
  (Hguard : (andb (andb (andb (andb (andb (andb (andb (andb (andb ((match s with st6 w_XJoin w_OJoin w_XMoveC1 w_OMoveC1 w_XMoveC2 w_OMoveC2 => w_XMoveC1.(sig_XMoveC1).(msg).(c1) end) <> (match s with st6 w_XJoin w_OJoin w_XMoveC1 w_OMoveC1 w_XMoveC2 w_OMoveC2 => w_OMoveC1.(sig_OMoveC1).(msg).(c1) end)) ((match s with st6 w_XJoin w_OJoin w_XMoveC1 w_OMoveC1 w_XMoveC2 w_OMoveC2 => w_XMoveC1.(sig_XMoveC1).(msg).(c1) end) <> (match s with st6 w_XJoin w_OJoin w_XMoveC1 w_OMoveC1 w_XMoveC2 w_OMoveC2 => w_XMoveC2.(sig_XMoveC2).(msg).(c2) end))) ((match s with st6 w_XJoin w_OJoin w_XMoveC1 w_OMoveC1 w_XMoveC2 w_OMoveC2 => w_XMoveC1.(sig_XMoveC1).(msg).(c1) end) <> (match s with st6 w_XJoin w_OJoin w_XMoveC1 w_OMoveC1 w_XMoveC2 w_OMoveC2 => w_OMoveC2.(sig_OMoveC2).(msg).(c2) end))) ((match s with st6 w_XJoin w_OJoin w_XMoveC1 w_OMoveC1 w_XMoveC2 w_OMoveC2 => w_XMoveC1.(sig_XMoveC1).(msg).(c1) end) <> sig.(msg).(c3))) ((match s with st6 w_XJoin w_OJoin w_XMoveC1 w_OMoveC1 w_XMoveC2 w_OMoveC2 => w_OMoveC1.(sig_OMoveC1).(msg).(c1) end) <> (match s with st6 w_XJoin w_OJoin w_XMoveC1 w_OMoveC1 w_XMoveC2 w_OMoveC2 => w_XMoveC2.(sig_XMoveC2).(msg).(c2) end))) ((match s with st6 w_XJoin w_OJoin w_XMoveC1 w_OMoveC1 w_XMoveC2 w_OMoveC2 => w_OMoveC1.(sig_OMoveC1).(msg).(c1) end) <> (match s with st6 w_XJoin w_OJoin w_XMoveC1 w_OMoveC1 w_XMoveC2 w_OMoveC2 => w_OMoveC2.(sig_OMoveC2).(msg).(c2) end))) ((match s with st6 w_XJoin w_OJoin w_XMoveC1 w_OMoveC1 w_XMoveC2 w_OMoveC2 => w_OMoveC1.(sig_OMoveC1).(msg).(c1) end) <> sig.(msg).(c3))) ((match s with st6 w_XJoin w_OJoin w_XMoveC1 w_OMoveC1 w_XMoveC2 w_OMoveC2 => w_XMoveC2.(sig_XMoveC2).(msg).(c2) end) <> (match s with st6 w_XJoin w_OJoin w_XMoveC1 w_OMoveC1 w_XMoveC2 w_OMoveC2 => w_OMoveC2.(sig_OMoveC2).(msg).(c2) end))) ((match s with st6 w_XJoin w_OJoin w_XMoveC1 w_OMoveC1 w_XMoveC2 w_OMoveC2 => w_XMoveC2.(sig_XMoveC2).(msg).(c2) end) <> sig.(msg).(c3))) ((match s with st6 w_XJoin w_OJoin w_XMoveC1 w_OMoveC1 w_XMoveC2 w_OMoveC2 => w_OMoveC2.(sig_OMoveC2).(msg).(c2) end) <> sig.(msg).(c3)))) : State S7 :=
  match s with
  | st6 w_XJoin w_OJoin w_XMoveC1 w_OMoveC1 w_XMoveC2 w_OMoveC2 =>
      st7 w_XJoin w_OJoin w_XMoveC1 w_OMoveC1 w_XMoveC2 w_OMoveC2 {| sig_XMoveC3 := sig; guard := Hguard |}
  end.

Definition step_omovec3_from_s7 (s : State S7) (sig : Signed O P_OMoveC3)
  (Hguard : (andb (andb (andb (andb (andb (andb (andb (andb (andb (andb (andb (andb (andb (andb ((match s with st7 w_XJoin w_OJoin w_XMoveC1 w_OMoveC1 w_XMoveC2 w_OMoveC2 w_XMoveC3 => w_XMoveC1.(sig_XMoveC1).(msg).(c1) end) <> (match s with st7 w_XJoin w_OJoin w_XMoveC1 w_OMoveC1 w_XMoveC2 w_OMoveC2 w_XMoveC3 => w_OMoveC1.(sig_OMoveC1).(msg).(c1) end)) ((match s with st7 w_XJoin w_OJoin w_XMoveC1 w_OMoveC1 w_XMoveC2 w_OMoveC2 w_XMoveC3 => w_XMoveC1.(sig_XMoveC1).(msg).(c1) end) <> (match s with st7 w_XJoin w_OJoin w_XMoveC1 w_OMoveC1 w_XMoveC2 w_OMoveC2 w_XMoveC3 => w_XMoveC2.(sig_XMoveC2).(msg).(c2) end))) ((match s with st7 w_XJoin w_OJoin w_XMoveC1 w_OMoveC1 w_XMoveC2 w_OMoveC2 w_XMoveC3 => w_XMoveC1.(sig_XMoveC1).(msg).(c1) end) <> (match s with st7 w_XJoin w_OJoin w_XMoveC1 w_OMoveC1 w_XMoveC2 w_OMoveC2 w_XMoveC3 => w_OMoveC2.(sig_OMoveC2).(msg).(c2) end))) ((match s with st7 w_XJoin w_OJoin w_XMoveC1 w_OMoveC1 w_XMoveC2 w_OMoveC2 w_XMoveC3 => w_XMoveC1.(sig_XMoveC1).(msg).(c1) end) <> (match s with st7 w_XJoin w_OJoin w_XMoveC1 w_OMoveC1 w_XMoveC2 w_OMoveC2 w_XMoveC3 => w_XMoveC3.(sig_XMoveC3).(msg).(c3) end))) ((match s with st7 w_XJoin w_OJoin w_XMoveC1 w_OMoveC1 w_XMoveC2 w_OMoveC2 w_XMoveC3 => w_XMoveC1.(sig_XMoveC1).(msg).(c1) end) <> sig.(msg).(c3))) ((match s with st7 w_XJoin w_OJoin w_XMoveC1 w_OMoveC1 w_XMoveC2 w_OMoveC2 w_XMoveC3 => w_OMoveC1.(sig_OMoveC1).(msg).(c1) end) <> (match s with st7 w_XJoin w_OJoin w_XMoveC1 w_OMoveC1 w_XMoveC2 w_OMoveC2 w_XMoveC3 => w_XMoveC2.(sig_XMoveC2).(msg).(c2) end))) ((match s with st7 w_XJoin w_OJoin w_XMoveC1 w_OMoveC1 w_XMoveC2 w_OMoveC2 w_XMoveC3 => w_OMoveC1.(sig_OMoveC1).(msg).(c1) end) <> (match s with st7 w_XJoin w_OJoin w_XMoveC1 w_OMoveC1 w_XMoveC2 w_OMoveC2 w_XMoveC3 => w_OMoveC2.(sig_OMoveC2).(msg).(c2) end))) ((match s with st7 w_XJoin w_OJoin w_XMoveC1 w_OMoveC1 w_XMoveC2 w_OMoveC2 w_XMoveC3 => w_OMoveC1.(sig_OMoveC1).(msg).(c1) end) <> (match s with st7 w_XJoin w_OJoin w_XMoveC1 w_OMoveC1 w_XMoveC2 w_OMoveC2 w_XMoveC3 => w_XMoveC3.(sig_XMoveC3).(msg).(c3) end))) ((match s with st7 w_XJoin w_OJoin w_XMoveC1 w_OMoveC1 w_XMoveC2 w_OMoveC2 w_XMoveC3 => w_OMoveC1.(sig_OMoveC1).(msg).(c1) end) <> sig.(msg).(c3))) ((match s with st7 w_XJoin w_OJoin w_XMoveC1 w_OMoveC1 w_XMoveC2 w_OMoveC2 w_XMoveC3 => w_XMoveC2.(sig_XMoveC2).(msg).(c2) end) <> (match s with st7 w_XJoin w_OJoin w_XMoveC1 w_OMoveC1 w_XMoveC2 w_OMoveC2 w_XMoveC3 => w_OMoveC2.(sig_OMoveC2).(msg).(c2) end))) ((match s with st7 w_XJoin w_OJoin w_XMoveC1 w_OMoveC1 w_XMoveC2 w_OMoveC2 w_XMoveC3 => w_XMoveC2.(sig_XMoveC2).(msg).(c2) end) <> (match s with st7 w_XJoin w_OJoin w_XMoveC1 w_OMoveC1 w_XMoveC2 w_OMoveC2 w_XMoveC3 => w_XMoveC3.(sig_XMoveC3).(msg).(c3) end))) ((match s with st7 w_XJoin w_OJoin w_XMoveC1 w_OMoveC1 w_XMoveC2 w_OMoveC2 w_XMoveC3 => w_XMoveC2.(sig_XMoveC2).(msg).(c2) end) <> sig.(msg).(c3))) ((match s with st7 w_XJoin w_OJoin w_XMoveC1 w_OMoveC1 w_XMoveC2 w_OMoveC2 w_XMoveC3 => w_OMoveC2.(sig_OMoveC2).(msg).(c2) end) <> (match s with st7 w_XJoin w_OJoin w_XMoveC1 w_OMoveC1 w_XMoveC2 w_OMoveC2 w_XMoveC3 => w_XMoveC3.(sig_XMoveC3).(msg).(c3) end))) ((match s with st7 w_XJoin w_OJoin w_XMoveC1 w_OMoveC1 w_XMoveC2 w_OMoveC2 w_XMoveC3 => w_OMoveC2.(sig_OMoveC2).(msg).(c2) end) <> sig.(msg).(c3))) ((match s with st7 w_XJoin w_OJoin w_XMoveC1 w_OMoveC1 w_XMoveC2 w_OMoveC2 w_XMoveC3 => w_XMoveC3.(sig_XMoveC3).(msg).(c3) end) <> sig.(msg).(c3)))) : State S8 :=
  match s with
  | st7 w_XJoin w_OJoin w_XMoveC1 w_OMoveC1 w_XMoveC2 w_OMoveC2 w_XMoveC3 =>
      st8 w_XJoin w_OJoin w_XMoveC1 w_OMoveC1 w_XMoveC2 w_OMoveC2 w_XMoveC3 {| sig_OMoveC3 := sig; guard := Hguard |}
  end.

Definition step_xmovec4_from_s8 (s : State S8) (sig : Signed X P_XMoveC4)
  (Hguard : (andb (andb (andb (andb (andb (andb (andb (andb (andb (andb (andb (andb (andb (andb (andb (andb (andb (andb (andb (andb ((match s with st8 w_XJoin w_OJoin w_XMoveC1 w_OMoveC1 w_XMoveC2 w_OMoveC2 w_XMoveC3 w_OMoveC3 => w_XMoveC1.(sig_XMoveC1).(msg).(c1) end) <> (match s with st8 w_XJoin w_OJoin w_XMoveC1 w_OMoveC1 w_XMoveC2 w_OMoveC2 w_XMoveC3 w_OMoveC3 => w_OMoveC1.(sig_OMoveC1).(msg).(c1) end)) ((match s with st8 w_XJoin w_OJoin w_XMoveC1 w_OMoveC1 w_XMoveC2 w_OMoveC2 w_XMoveC3 w_OMoveC3 => w_XMoveC1.(sig_XMoveC1).(msg).(c1) end) <> (match s with st8 w_XJoin w_OJoin w_XMoveC1 w_OMoveC1 w_XMoveC2 w_OMoveC2 w_XMoveC3 w_OMoveC3 => w_XMoveC2.(sig_XMoveC2).(msg).(c2) end))) ((match s with st8 w_XJoin w_OJoin w_XMoveC1 w_OMoveC1 w_XMoveC2 w_OMoveC2 w_XMoveC3 w_OMoveC3 => w_XMoveC1.(sig_XMoveC1).(msg).(c1) end) <> (match s with st8 w_XJoin w_OJoin w_XMoveC1 w_OMoveC1 w_XMoveC2 w_OMoveC2 w_XMoveC3 w_OMoveC3 => w_OMoveC2.(sig_OMoveC2).(msg).(c2) end))) ((match s with st8 w_XJoin w_OJoin w_XMoveC1 w_OMoveC1 w_XMoveC2 w_OMoveC2 w_XMoveC3 w_OMoveC3 => w_XMoveC1.(sig_XMoveC1).(msg).(c1) end) <> (match s with st8 w_XJoin w_OJoin w_XMoveC1 w_OMoveC1 w_XMoveC2 w_OMoveC2 w_XMoveC3 w_OMoveC3 => w_XMoveC3.(sig_XMoveC3).(msg).(c3) end))) ((match s with st8 w_XJoin w_OJoin w_XMoveC1 w_OMoveC1 w_XMoveC2 w_OMoveC2 w_XMoveC3 w_OMoveC3 => w_XMoveC1.(sig_XMoveC1).(msg).(c1) end) <> (match s with st8 w_XJoin w_OJoin w_XMoveC1 w_OMoveC1 w_XMoveC2 w_OMoveC2 w_XMoveC3 w_OMoveC3 => w_OMoveC3.(sig_OMoveC3).(msg).(c3) end))) ((match s with st8 w_XJoin w_OJoin w_XMoveC1 w_OMoveC1 w_XMoveC2 w_OMoveC2 w_XMoveC3 w_OMoveC3 => w_XMoveC1.(sig_XMoveC1).(msg).(c1) end) <> sig.(msg).(c4))) ((match s with st8 w_XJoin w_OJoin w_XMoveC1 w_OMoveC1 w_XMoveC2 w_OMoveC2 w_XMoveC3 w_OMoveC3 => w_OMoveC1.(sig_OMoveC1).(msg).(c1) end) <> (match s with st8 w_XJoin w_OJoin w_XMoveC1 w_OMoveC1 w_XMoveC2 w_OMoveC2 w_XMoveC3 w_OMoveC3 => w_XMoveC2.(sig_XMoveC2).(msg).(c2) end))) ((match s with st8 w_XJoin w_OJoin w_XMoveC1 w_OMoveC1 w_XMoveC2 w_OMoveC2 w_XMoveC3 w_OMoveC3 => w_OMoveC1.(sig_OMoveC1).(msg).(c1) end) <> (match s with st8 w_XJoin w_OJoin w_XMoveC1 w_OMoveC1 w_XMoveC2 w_OMoveC2 w_XMoveC3 w_OMoveC3 => w_OMoveC2.(sig_OMoveC2).(msg).(c2) end))) ((match s with st8 w_XJoin w_OJoin w_XMoveC1 w_OMoveC1 w_XMoveC2 w_OMoveC2 w_XMoveC3 w_OMoveC3 => w_OMoveC1.(sig_OMoveC1).(msg).(c1) end) <> (match s with st8 w_XJoin w_OJoin w_XMoveC1 w_OMoveC1 w_XMoveC2 w_OMoveC2 w_XMoveC3 w_OMoveC3 => w_XMoveC3.(sig_XMoveC3).(msg).(c3) end))) ((match s with st8 w_XJoin w_OJoin w_XMoveC1 w_OMoveC1 w_XMoveC2 w_OMoveC2 w_XMoveC3 w_OMoveC3 => w_OMoveC1.(sig_OMoveC1).(msg).(c1) end) <> (match s with st8 w_XJoin w_OJoin w_XMoveC1 w_OMoveC1 w_XMoveC2 w_OMoveC2 w_XMoveC3 w_OMoveC3 => w_OMoveC3.(sig_OMoveC3).(msg).(c3) end))) ((match s with st8 w_XJoin w_OJoin w_XMoveC1 w_OMoveC1 w_XMoveC2 w_OMoveC2 w_XMoveC3 w_OMoveC3 => w_OMoveC1.(sig_OMoveC1).(msg).(c1) end) <> sig.(msg).(c4))) ((match s with st8 w_XJoin w_OJoin w_XMoveC1 w_OMoveC1 w_XMoveC2 w_OMoveC2 w_XMoveC3 w_OMoveC3 => w_XMoveC2.(sig_XMoveC2).(msg).(c2) end) <> (match s with st8 w_XJoin w_OJoin w_XMoveC1 w_OMoveC1 w_XMoveC2 w_OMoveC2 w_XMoveC3 w_OMoveC3 => w_OMoveC2.(sig_OMoveC2).(msg).(c2) end))) ((match s with st8 w_XJoin w_OJoin w_XMoveC1 w_OMoveC1 w_XMoveC2 w_OMoveC2 w_XMoveC3 w_OMoveC3 => w_XMoveC2.(sig_XMoveC2).(msg).(c2) end) <> (match s with st8 w_XJoin w_OJoin w_XMoveC1 w_OMoveC1 w_XMoveC2 w_OMoveC2 w_XMoveC3 w_OMoveC3 => w_XMoveC3.(sig_XMoveC3).(msg).(c3) end))) ((match s with st8 w_XJoin w_OJoin w_XMoveC1 w_OMoveC1 w_XMoveC2 w_OMoveC2 w_XMoveC3 w_OMoveC3 => w_XMoveC2.(sig_XMoveC2).(msg).(c2) end) <> (match s with st8 w_XJoin w_OJoin w_XMoveC1 w_OMoveC1 w_XMoveC2 w_OMoveC2 w_XMoveC3 w_OMoveC3 => w_OMoveC3.(sig_OMoveC3).(msg).(c3) end))) ((match s with st8 w_XJoin w_OJoin w_XMoveC1 w_OMoveC1 w_XMoveC2 w_OMoveC2 w_XMoveC3 w_OMoveC3 => w_XMoveC2.(sig_XMoveC2).(msg).(c2) end) <> sig.(msg).(c4))) ((match s with st8 w_XJoin w_OJoin w_XMoveC1 w_OMoveC1 w_XMoveC2 w_OMoveC2 w_XMoveC3 w_OMoveC3 => w_OMoveC2.(sig_OMoveC2).(msg).(c2) end) <> (match s with st8 w_XJoin w_OJoin w_XMoveC1 w_OMoveC1 w_XMoveC2 w_OMoveC2 w_XMoveC3 w_OMoveC3 => w_XMoveC3.(sig_XMoveC3).(msg).(c3) end))) ((match s with st8 w_XJoin w_OJoin w_XMoveC1 w_OMoveC1 w_XMoveC2 w_OMoveC2 w_XMoveC3 w_OMoveC3 => w_OMoveC2.(sig_OMoveC2).(msg).(c2) end) <> (match s with st8 w_XJoin w_OJoin w_XMoveC1 w_OMoveC1 w_XMoveC2 w_OMoveC2 w_XMoveC3 w_OMoveC3 => w_OMoveC3.(sig_OMoveC3).(msg).(c3) end))) ((match s with st8 w_XJoin w_OJoin w_XMoveC1 w_OMoveC1 w_XMoveC2 w_OMoveC2 w_XMoveC3 w_OMoveC3 => w_OMoveC2.(sig_OMoveC2).(msg).(c2) end) <> sig.(msg).(c4))) ((match s with st8 w_XJoin w_OJoin w_XMoveC1 w_OMoveC1 w_XMoveC2 w_OMoveC2 w_XMoveC3 w_OMoveC3 => w_XMoveC3.(sig_XMoveC3).(msg).(c3) end) <> (match s with st8 w_XJoin w_OJoin w_XMoveC1 w_OMoveC1 w_XMoveC2 w_OMoveC2 w_XMoveC3 w_OMoveC3 => w_OMoveC3.(sig_OMoveC3).(msg).(c3) end))) ((match s with st8 w_XJoin w_OJoin w_XMoveC1 w_OMoveC1 w_XMoveC2 w_OMoveC2 w_XMoveC3 w_OMoveC3 => w_XMoveC3.(sig_XMoveC3).(msg).(c3) end) <> sig.(msg).(c4))) ((match s with st8 w_XJoin w_OJoin w_XMoveC1 w_OMoveC1 w_XMoveC2 w_OMoveC2 w_XMoveC3 w_OMoveC3 => w_OMoveC3.(sig_OMoveC3).(msg).(c3) end) <> sig.(msg).(c4)))) : State S9 :=
  match s with
  | st8 w_XJoin w_OJoin w_XMoveC1 w_OMoveC1 w_XMoveC2 w_OMoveC2 w_XMoveC3 w_OMoveC3 =>
      st9 w_XJoin w_OJoin w_XMoveC1 w_OMoveC1 w_XMoveC2 w_OMoveC2 w_XMoveC3 w_OMoveC3 {| sig_XMoveC4 := sig; guard := Hguard |}
  end.

Definition step_omovec4_from_s9 (s : State S9) (sig : Signed O P_OMoveC4)
  (Hguard : (andb (andb (andb (andb (andb (andb (andb (andb (andb (andb (andb (andb (andb (andb (andb (andb (andb (andb (andb (andb (andb (andb (andb (andb (andb (andb (andb ((match s with st9 w_XJoin w_OJoin w_XMoveC1 w_OMoveC1 w_XMoveC2 w_OMoveC2 w_XMoveC3 w_OMoveC3 w_XMoveC4 => w_XMoveC1.(sig_XMoveC1).(msg).(c1) end) <> (match s with st9 w_XJoin w_OJoin w_XMoveC1 w_OMoveC1 w_XMoveC2 w_OMoveC2 w_XMoveC3 w_OMoveC3 w_XMoveC4 => w_OMoveC1.(sig_OMoveC1).(msg).(c1) end)) ((match s with st9 w_XJoin w_OJoin w_XMoveC1 w_OMoveC1 w_XMoveC2 w_OMoveC2 w_XMoveC3 w_OMoveC3 w_XMoveC4 => w_XMoveC1.(sig_XMoveC1).(msg).(c1) end) <> (match s with st9 w_XJoin w_OJoin w_XMoveC1 w_OMoveC1 w_XMoveC2 w_OMoveC2 w_XMoveC3 w_OMoveC3 w_XMoveC4 => w_XMoveC2.(sig_XMoveC2).(msg).(c2) end))) ((match s with st9 w_XJoin w_OJoin w_XMoveC1 w_OMoveC1 w_XMoveC2 w_OMoveC2 w_XMoveC3 w_OMoveC3 w_XMoveC4 => w_XMoveC1.(sig_XMoveC1).(msg).(c1) end) <> (match s with st9 w_XJoin w_OJoin w_XMoveC1 w_OMoveC1 w_XMoveC2 w_OMoveC2 w_XMoveC3 w_OMoveC3 w_XMoveC4 => w_OMoveC2.(sig_OMoveC2).(msg).(c2) end))) ((match s with st9 w_XJoin w_OJoin w_XMoveC1 w_OMoveC1 w_XMoveC2 w_OMoveC2 w_XMoveC3 w_OMoveC3 w_XMoveC4 => w_XMoveC1.(sig_XMoveC1).(msg).(c1) end) <> (match s with st9 w_XJoin w_OJoin w_XMoveC1 w_OMoveC1 w_XMoveC2 w_OMoveC2 w_XMoveC3 w_OMoveC3 w_XMoveC4 => w_XMoveC3.(sig_XMoveC3).(msg).(c3) end))) ((match s with st9 w_XJoin w_OJoin w_XMoveC1 w_OMoveC1 w_XMoveC2 w_OMoveC2 w_XMoveC3 w_OMoveC3 w_XMoveC4 => w_XMoveC1.(sig_XMoveC1).(msg).(c1) end) <> (match s with st9 w_XJoin w_OJoin w_XMoveC1 w_OMoveC1 w_XMoveC2 w_OMoveC2 w_XMoveC3 w_OMoveC3 w_XMoveC4 => w_OMoveC3.(sig_OMoveC3).(msg).(c3) end))) ((match s with st9 w_XJoin w_OJoin w_XMoveC1 w_OMoveC1 w_XMoveC2 w_OMoveC2 w_XMoveC3 w_OMoveC3 w_XMoveC4 => w_XMoveC1.(sig_XMoveC1).(msg).(c1) end) <> (match s with st9 w_XJoin w_OJoin w_XMoveC1 w_OMoveC1 w_XMoveC2 w_OMoveC2 w_XMoveC3 w_OMoveC3 w_XMoveC4 => w_XMoveC4.(sig_XMoveC4).(msg).(c4) end))) ((match s with st9 w_XJoin w_OJoin w_XMoveC1 w_OMoveC1 w_XMoveC2 w_OMoveC2 w_XMoveC3 w_OMoveC3 w_XMoveC4 => w_XMoveC1.(sig_XMoveC1).(msg).(c1) end) <> sig.(msg).(c4))) ((match s with st9 w_XJoin w_OJoin w_XMoveC1 w_OMoveC1 w_XMoveC2 w_OMoveC2 w_XMoveC3 w_OMoveC3 w_XMoveC4 => w_OMoveC1.(sig_OMoveC1).(msg).(c1) end) <> (match s with st9 w_XJoin w_OJoin w_XMoveC1 w_OMoveC1 w_XMoveC2 w_OMoveC2 w_XMoveC3 w_OMoveC3 w_XMoveC4 => w_XMoveC2.(sig_XMoveC2).(msg).(c2) end))) ((match s with st9 w_XJoin w_OJoin w_XMoveC1 w_OMoveC1 w_XMoveC2 w_OMoveC2 w_XMoveC3 w_OMoveC3 w_XMoveC4 => w_OMoveC1.(sig_OMoveC1).(msg).(c1) end) <> (match s with st9 w_XJoin w_OJoin w_XMoveC1 w_OMoveC1 w_XMoveC2 w_OMoveC2 w_XMoveC3 w_OMoveC3 w_XMoveC4 => w_OMoveC2.(sig_OMoveC2).(msg).(c2) end))) ((match s with st9 w_XJoin w_OJoin w_XMoveC1 w_OMoveC1 w_XMoveC2 w_OMoveC2 w_XMoveC3 w_OMoveC3 w_XMoveC4 => w_OMoveC1.(sig_OMoveC1).(msg).(c1) end) <> (match s with st9 w_XJoin w_OJoin w_XMoveC1 w_OMoveC1 w_XMoveC2 w_OMoveC2 w_XMoveC3 w_OMoveC3 w_XMoveC4 => w_XMoveC3.(sig_XMoveC3).(msg).(c3) end))) ((match s with st9 w_XJoin w_OJoin w_XMoveC1 w_OMoveC1 w_XMoveC2 w_OMoveC2 w_XMoveC3 w_OMoveC3 w_XMoveC4 => w_OMoveC1.(sig_OMoveC1).(msg).(c1) end) <> (match s with st9 w_XJoin w_OJoin w_XMoveC1 w_OMoveC1 w_XMoveC2 w_OMoveC2 w_XMoveC3 w_OMoveC3 w_XMoveC4 => w_OMoveC3.(sig_OMoveC3).(msg).(c3) end))) ((match s with st9 w_XJoin w_OJoin w_XMoveC1 w_OMoveC1 w_XMoveC2 w_OMoveC2 w_XMoveC3 w_OMoveC3 w_XMoveC4 => w_OMoveC1.(sig_OMoveC1).(msg).(c1) end) <> (match s with st9 w_XJoin w_OJoin w_XMoveC1 w_OMoveC1 w_XMoveC2 w_OMoveC2 w_XMoveC3 w_OMoveC3 w_XMoveC4 => w_XMoveC4.(sig_XMoveC4).(msg).(c4) end))) ((match s with st9 w_XJoin w_OJoin w_XMoveC1 w_OMoveC1 w_XMoveC2 w_OMoveC2 w_XMoveC3 w_OMoveC3 w_XMoveC4 => w_OMoveC1.(sig_OMoveC1).(msg).(c1) end) <> sig.(msg).(c4))) ((match s with st9 w_XJoin w_OJoin w_XMoveC1 w_OMoveC1 w_XMoveC2 w_OMoveC2 w_XMoveC3 w_OMoveC3 w_XMoveC4 => w_XMoveC2.(sig_XMoveC2).(msg).(c2) end) <> (match s with st9 w_XJoin w_OJoin w_XMoveC1 w_OMoveC1 w_XMoveC2 w_OMoveC2 w_XMoveC3 w_OMoveC3 w_XMoveC4 => w_OMoveC2.(sig_OMoveC2).(msg).(c2) end))) ((match s with st9 w_XJoin w_OJoin w_XMoveC1 w_OMoveC1 w_XMoveC2 w_OMoveC2 w_XMoveC3 w_OMoveC3 w_XMoveC4 => w_XMoveC2.(sig_XMoveC2).(msg).(c2) end) <> (match s with st9 w_XJoin w_OJoin w_XMoveC1 w_OMoveC1 w_XMoveC2 w_OMoveC2 w_XMoveC3 w_OMoveC3 w_XMoveC4 => w_XMoveC3.(sig_XMoveC3).(msg).(c3) end))) ((match s with st9 w_XJoin w_OJoin w_XMoveC1 w_OMoveC1 w_XMoveC2 w_OMoveC2 w_XMoveC3 w_OMoveC3 w_XMoveC4 => w_XMoveC2.(sig_XMoveC2).(msg).(c2) end) <> (match s with st9 w_XJoin w_OJoin w_XMoveC1 w_OMoveC1 w_XMoveC2 w_OMoveC2 w_XMoveC3 w_OMoveC3 w_XMoveC4 => w_OMoveC3.(sig_OMoveC3).(msg).(c3) end))) ((match s with st9 w_XJoin w_OJoin w_XMoveC1 w_OMoveC1 w_XMoveC2 w_OMoveC2 w_XMoveC3 w_OMoveC3 w_XMoveC4 => w_XMoveC2.(sig_XMoveC2).(msg).(c2) end) <> (match s with st9 w_XJoin w_OJoin w_XMoveC1 w_OMoveC1 w_XMoveC2 w_OMoveC2 w_XMoveC3 w_OMoveC3 w_XMoveC4 => w_XMoveC4.(sig_XMoveC4).(msg).(c4) end))) ((match s with st9 w_XJoin w_OJoin w_XMoveC1 w_OMoveC1 w_XMoveC2 w_OMoveC2 w_XMoveC3 w_OMoveC3 w_XMoveC4 => w_XMoveC2.(sig_XMoveC2).(msg).(c2) end) <> sig.(msg).(c4))) ((match s with st9 w_XJoin w_OJoin w_XMoveC1 w_OMoveC1 w_XMoveC2 w_OMoveC2 w_XMoveC3 w_OMoveC3 w_XMoveC4 => w_OMoveC2.(sig_OMoveC2).(msg).(c2) end) <> (match s with st9 w_XJoin w_OJoin w_XMoveC1 w_OMoveC1 w_XMoveC2 w_OMoveC2 w_XMoveC3 w_OMoveC3 w_XMoveC4 => w_XMoveC3.(sig_XMoveC3).(msg).(c3) end))) ((match s with st9 w_XJoin w_OJoin w_XMoveC1 w_OMoveC1 w_XMoveC2 w_OMoveC2 w_XMoveC3 w_OMoveC3 w_XMoveC4 => w_OMoveC2.(sig_OMoveC2).(msg).(c2) end) <> (match s with st9 w_XJoin w_OJoin w_XMoveC1 w_OMoveC1 w_XMoveC2 w_OMoveC2 w_XMoveC3 w_OMoveC3 w_XMoveC4 => w_OMoveC3.(sig_OMoveC3).(msg).(c3) end))) ((match s with st9 w_XJoin w_OJoin w_XMoveC1 w_OMoveC1 w_XMoveC2 w_OMoveC2 w_XMoveC3 w_OMoveC3 w_XMoveC4 => w_OMoveC2.(sig_OMoveC2).(msg).(c2) end) <> (match s with st9 w_XJoin w_OJoin w_XMoveC1 w_OMoveC1 w_XMoveC2 w_OMoveC2 w_XMoveC3 w_OMoveC3 w_XMoveC4 => w_XMoveC4.(sig_XMoveC4).(msg).(c4) end))) ((match s with st9 w_XJoin w_OJoin w_XMoveC1 w_OMoveC1 w_XMoveC2 w_OMoveC2 w_XMoveC3 w_OMoveC3 w_XMoveC4 => w_OMoveC2.(sig_OMoveC2).(msg).(c2) end) <> sig.(msg).(c4))) ((match s with st9 w_XJoin w_OJoin w_XMoveC1 w_OMoveC1 w_XMoveC2 w_OMoveC2 w_XMoveC3 w_OMoveC3 w_XMoveC4 => w_XMoveC3.(sig_XMoveC3).(msg).(c3) end) <> (match s with st9 w_XJoin w_OJoin w_XMoveC1 w_OMoveC1 w_XMoveC2 w_OMoveC2 w_XMoveC3 w_OMoveC3 w_XMoveC4 => w_OMoveC3.(sig_OMoveC3).(msg).(c3) end))) ((match s with st9 w_XJoin w_OJoin w_XMoveC1 w_OMoveC1 w_XMoveC2 w_OMoveC2 w_XMoveC3 w_OMoveC3 w_XMoveC4 => w_XMoveC3.(sig_XMoveC3).(msg).(c3) end) <> (match s with st9 w_XJoin w_OJoin w_XMoveC1 w_OMoveC1 w_XMoveC2 w_OMoveC2 w_XMoveC3 w_OMoveC3 w_XMoveC4 => w_XMoveC4.(sig_XMoveC4).(msg).(c4) end))) ((match s with st9 w_XJoin w_OJoin w_XMoveC1 w_OMoveC1 w_XMoveC2 w_OMoveC2 w_XMoveC3 w_OMoveC3 w_XMoveC4 => w_XMoveC3.(sig_XMoveC3).(msg).(c3) end) <> sig.(msg).(c4))) ((match s with st9 w_XJoin w_OJoin w_XMoveC1 w_OMoveC1 w_XMoveC2 w_OMoveC2 w_XMoveC3 w_OMoveC3 w_XMoveC4 => w_OMoveC3.(sig_OMoveC3).(msg).(c3) end) <> (match s with st9 w_XJoin w_OJoin w_XMoveC1 w_OMoveC1 w_XMoveC2 w_OMoveC2 w_XMoveC3 w_OMoveC3 w_XMoveC4 => w_XMoveC4.(sig_XMoveC4).(msg).(c4) end))) ((match s with st9 w_XJoin w_OJoin w_XMoveC1 w_OMoveC1 w_XMoveC2 w_OMoveC2 w_XMoveC3 w_OMoveC3 w_XMoveC4 => w_OMoveC3.(sig_OMoveC3).(msg).(c3) end) <> sig.(msg).(c4))) ((match s with st9 w_XJoin w_OJoin w_XMoveC1 w_OMoveC1 w_XMoveC2 w_OMoveC2 w_XMoveC3 w_OMoveC3 w_XMoveC4 => w_XMoveC4.(sig_XMoveC4).(msg).(c4) end) <> sig.(msg).(c4)))) : State S10 :=
  match s with
  | st9 w_XJoin w_OJoin w_XMoveC1 w_OMoveC1 w_XMoveC2 w_OMoveC2 w_XMoveC3 w_OMoveC3 w_XMoveC4 =>
      st10 w_XJoin w_OJoin w_XMoveC1 w_OMoveC1 w_XMoveC2 w_OMoveC2 w_XMoveC3 w_OMoveC3 w_XMoveC4 {| sig_OMoveC4 := sig; guard := Hguard |}
  end.

End TicTacToe_Protocol.

[Change at line 123]   sig_XMoveC4 : Signed X P_XMoveC4;
  guard : andb andb andb andb andb andb andb andb andb andb andb andb andb andb andb andb andb andb andb andb (w_XMoveC1.(sig_XMoveC1).(msg).(c1) <> w_OMoveC1.(sig_OMoveC1).(msg).(c1)) (w_XMoveC1.(sig_XMoveC1).(msg).(c1) <> w_XMoveC2.(sig_XMoveC2).(msg).(c2)) (w_XMoveC1.(sig_XMoveC1).(msg).(c1) <> w_OMoveC2.(sig_OMoveC2).(msg).(c2)) (w_XMoveC1.(sig_XMoveC1).(msg).(c1) <> w_XMoveC3.(sig_XMoveC3).(msg).(c3)) (w_XMoveC1.(sig_XMoveC1).(msg).(c1) <> w_OMoveC3.(sig_OMoveC3).(msg).(c3)) (w_XMoveC1.(sig_XMoveC1).(msg).(c1) <> w_XMoveC4.(sig_XMoveC4).(msg).(c4)) (w_OMoveC1.(sig_OMoveC1).(msg).(c1) <> w_XMoveC2.(sig_XMoveC2).(msg).(c2)) (w_OMoveC1.(sig_OMoveC1).(msg).(c1) <> w_OMoveC2.(sig_OMoveC2).(msg).(c2)) (w_OMoveC1.(sig_OMoveC1).(msg).(c1) <> w_XMoveC3.(sig_XMoveC3).(msg).(c3)) (w_OMoveC1.(sig_OMoveC1).(msg).(c1) <> w_OMoveC3.(sig_OMoveC3).(msg).(c3)) (w_OMoveC1.(sig_OMoveC1).(msg).(c1) <> w_XMoveC4.(sig_XMoveC4).(msg).(c4)) (w_XMoveC2.(sig_XMoveC2).(msg).(c2) <> w_OMoveC2.(sig_OMoveC2).(msg).(c2)) (w_XMoveC2.(sig_XMoveC2).(msg).(c2) <> w_XMoveC3.(sig_XMoveC3).(msg).(c3)) (w_XMoveC2.(sig_XMoveC2).(msg).(c2) <> w_OMoveC3.(sig_OMoveC3).(msg).(c3)) (w_XMoveC2.(sig_XMoveC2).(msg).(c2) <> w_XMoveC4.(sig_XMoveC4).(msg).(c4)) (w_OMoveC2.(sig_OMoveC2).(msg).(c2) <> w_XMoveC3.(sig_XMoveC3).(msg).(c3)) (w_OMoveC2.(sig_OMoveC2).(msg).(c2) <> w_OMoveC3.(sig_OMoveC3).(msg).(c3)) (w_OMoveC2.(sig_OMoveC2).(msg).(c2) <> w_XMoveC4.(sig_XMoveC4).(msg).(c4)) (w_XMoveC3.(sig_XMoveC3).(msg).(c3) <> w_OMoveC3.(sig_OMoveC3).(msg).(c3)) (w_XMoveC3.(sig_XMoveC3).(msg).(c3) <> w_XMoveC4.(sig_XMoveC4).(msg).(c4)) (w_OMoveC3.(sig_OMoveC3).(msg).(c3) <> w_XMoveC4.(sig_XMoveC4).(msg).(c4));
}.

Record W_OMoveC4 (w_XJoin : W_XJoin) (w_OJoin : (W_OJoin w_XJoin)) (w_XMoveC1 : (W_XMoveC1 w_XJoin w_OJoin)) (w_OMoveC1 : (W_OMoveC1 w_XJoin w_OJoin w_XMoveC1)) (w_XMoveC2 : (W_XMoveC2 w_XJoin w_OJoin w_XMoveC1 w_OMoveC1)) (w_OMoveC2 : (W_OMoveC2 w_XJoin w_OJoin w_XMoveC1 w_OMoveC1 w_XMoveC2)) (w_XMoveC3 : (W_XMoveC3 w_XJoin w_OJoin w_XMoveC1 w_OMoveC1 w_XMoveC2 w_OMoveC2)) (w_OMoveC3 : (W_OMoveC3 w_XJoin w_OJoin w_XMoveC1 w_OMoveC1 w_XMoveC2 w_OMoveC2 w_XMoveC3)) (w_XMoveC4 : (W_XMoveC4 w_XJoin w_OJoin w_XMoveC1 w_OMoveC1 w_XMoveC2 w_OMoveC2 w_XMoveC3 w_OMoveC3)) : Type := {
  sig_OMoveC4 : Signed O P_OMoveC4;
  guard : andb andb andb andb andb andb andb andb andb andb andb andb andb andb andb andb andb andb andb andb andb andb andb andb andb andb andb (w_XMoveC1.(sig_XMoveC1).(msg).(c1) <> w_OMoveC1.(sig_OMoveC1).(msg).(c1)) (w_XMoveC1.(sig_XMoveC1).(msg).(c1) <> w_XMoveC2.(sig_XMoveC2).(msg).(c2)) (w_XMoveC1.(sig_XMoveC1).(msg).(c1) <> w_OMoveC2.(sig_OMoveC2).(msg).(c2)) (w_XMoveC1.(sig_XMoveC1).(msg).(c1) <> w_XMoveC3.(sig_XMoveC3).(msg).(c3)) (w_XMoveC1.(sig_XMoveC1).(msg).(c1) <> w_OMoveC3.(sig_OMoveC3).(msg).(c3)) (w_XMoveC1.(sig_XMoveC1).(msg).(c1) <> w_XMoveC4.(sig_XMoveC4).(msg).(c4)) (w_XMoveC1.(sig_XMoveC1).(msg).(c1) <> w_OMoveC4.(sig_OMoveC4).(msg).(c4)) (w_OMoveC1.(sig_OMoveC1).(msg).(c1) <> w_XMoveC2.(sig_XMoveC2).(msg).(c2)) (w_OMoveC1.(sig_OMoveC1).(msg).(c1) <> w_OMoveC2.(sig_OMoveC2).(msg).(c2)) (w_OMoveC1.(sig_OMoveC1).(msg).(c1) <> w_XMoveC3.(sig_XMoveC3).(msg).(c3)) (w_OMoveC1.(sig_OMoveC1).(msg).(c1) <> w_OMoveC3.(sig_OMoveC3).(msg).(c3)) (w_OMoveC1.(sig_OMoveC1).(msg).(c1) <> w_XMoveC4.(sig_XMoveC4).(msg).(c4)) (w_OMoveC1.(sig_OMoveC1).(msg).(c1) <> w_OMoveC4.(sig_OMoveC4).(msg).(c4)) (w_XMoveC2.(sig_XMoveC2).(msg).(c2) <> w_OMoveC2.(sig_OMoveC2).(msg).(c2)) (w_XMoveC2.(sig_XMoveC2).(msg).(c2) <> w_XMoveC3.(sig_XMoveC3).(msg).(c3)) (w_XMoveC2.(sig_XMoveC2).(msg).(c2) <> w_OMoveC3.(sig_OMoveC3).(msg).(c3)) (w_XMoveC2.(sig_XMoveC2).(msg).(c2) <> w_XMoveC4.(sig_XMoveC4).(msg).(c4)) (w_XMoveC2.(sig_XMoveC2).(msg).(c2) <> w_OMoveC4.(sig_OMoveC4).(msg).(c4)) (w_OMoveC2.(sig_OMoveC2).(msg).(c2) <> w_XMoveC3.(sig_XMoveC3).(msg).(c3)) (w_OMoveC2.(sig_OMoveC2).(msg).(c2) <> w_OMoveC3.(sig_OMoveC3).(msg).(c3)) (w_OMoveC2.(sig_OMoveC2).(msg).(c2) <> w_XMoveC4.(sig_XMoveC4).(msg).(c4)) (w_OMoveC2.(sig_OMoveC2).(msg).(c2) <> w_OMoveC4.(sig_OMoveC4).(msg).(c4)) (w_XMoveC3.(sig_XMoveC3).(msg).(c3) <> w_OMoveC3.(sig_OMoveC3).(msg).(c3)) (w_XMoveC3.(sig_XMoveC3).(msg).(c3) <> w_XMoveC4.(sig_XMoveC4).(msg).(c4)) (w_XMoveC3.(sig_XMoveC3).(msg).(c3) <> w_OMoveC4.(sig_OMoveC4).(msg).(c4)) (w_OMoveC3.(sig_OMoveC3).(msg).(c3) <> w_XMoveC4.(sig_XMoveC4).(msg).(c4)) (w_OMoveC3.(sig_OMoveC3).(msg).(c3) <> w_OMoveC4.(sig_OMoveC4).(msg).(c4)) (w_XMoveC4.(sig_XMoveC4).(msg).(c4) <> w_OMoveC4.(sig_OMoveC4).(msg).(c4));
}.

(* ===================== *)
(* 5) Typed runtime/ESM  *)
(* ===================== *)

Inductive Stage : Type :=
S0 | S1 | S2 | S3 | S4 | S5 | S6 | S7 | S8 | S9 | S10.

Inductive State : Stage -> Type :=
| st0 : State S0
| st1 : (w_XJoin : W_XJoin) -> State S1
| st2 : (w_XJoin : W_XJoin) (w_OJoin : (W_OJoin w_XJoin)) -> State S2
| st3 : (w_XJoin : W_XJoin) (w_OJoin : (W_OJoin w_XJoin)) (w_XMoveC1 : (W_XMoveC1 w_XJoin w_OJoin)) -> State S3
| st4 : (w_XJoin : W_XJoin) (w_OJoin : (W_OJoin w_XJoin)) (w_XMoveC1 : (W_XMoveC1 w_XJoin w_OJoin)) (w_OMoveC1 : (W_OMoveC1 w_XJoin w_OJoin w_XMoveC1)) -> State S4
| st5 : (w_XJoin : W_XJoin) (w_OJoin : (W_OJoin w_XJoin)) (w_XMoveC1 : (W_XMoveC1 w_XJoin w_OJoin)) (w_OMoveC1 : (W_OMoveC1 w_XJoin w_OJoin w_XMoveC1)) (w_XMoveC2 : (W_XMoveC2 w_XJoin w_OJoin w_XMoveC1 w_OMoveC1)) -> State S5
| st6 : (w_XJoin : W_XJoin) (w_OJoin : (W_OJoin w_XJoin)) (w_XMoveC1 : (W_XMoveC1 w_XJoin w_OJoin)) (w_OMoveC1 : (W_OMoveC1 w_XJoin w_OJoin w_XMoveC1)) (w_XMoveC2 : (W_XMoveC2 w_XJoin w_OJoin w_XMoveC1 w_OMoveC1)) (w_OMoveC2 : (W_OMoveC2 w_XJoin w_OJoin w_XMoveC1 w_OMoveC1 w_XMoveC2)) -> State S6
| st7 : (w_XJoin : W_XJoin) (w_OJoin : (W_OJoin w_XJoin)) (w_XMoveC1 : (W_XMoveC1 w_XJoin w_OJoin)) (w_OMoveC1 : (W_OMoveC1 w_XJoin w_OJoin w_XMoveC1)) (w_XMoveC2 : (W_XMoveC2 w_XJoin w_OJoin w_XMoveC1 w_OMoveC1)) (w_OMoveC2 : (W_OMoveC2 w_XJoin w_OJoin w_XMoveC1 w_OMoveC1 w_XMoveC2)) (w_XMoveC3 : (W_XMoveC3 w_XJoin w_OJoin w_XMoveC1 w_OMoveC1 w_XMoveC2 w_OMoveC2)) -> State S7
| st8 : (w_XJoin : W_XJoin) (w_OJoin : (W_OJoin w_XJoin)) (w_XMoveC1 : (W_XMoveC1 w_XJoin w_OJoin)) (w_OMoveC1 : (W_OMoveC1 w_XJoin w_OJoin w_XMoveC1)) (w_XMoveC2 : (W_XMoveC2 w_XJoin w_OJoin w_XMoveC1 w_OMoveC1)) (w_OMoveC2 : (W_OMoveC2 w_XJoin w_OJoin w_XMoveC1 w_OMoveC1 w_XMoveC2)) (w_XMoveC3 : (W_XMoveC3 w_XJoin w_OJoin w_XMoveC1 w_OMoveC1 w_XMoveC2 w_OMoveC2)) (w_OMoveC3 : (W_OMoveC3 w_XJoin w_OJoin w_XMoveC1 w_OMoveC1 w_XMoveC2 w_OMoveC2 w_XMoveC3)) -> State S8
| st9 : (w_XJoin : W_XJoin) (w_OJoin : (W_OJoin w_XJoin)) (w_XMoveC1 : (W_XMoveC1 w_XJoin w_OJoin)) (w_OMoveC1 : (W_OMoveC1 w_XJoin w_OJoin w_XMoveC1)) (w_XMoveC2 : (W_XMoveC2 w_XJoin w_OJoin w_XMoveC1 w_OMoveC1)) (w_OMoveC2 : (W_OMoveC2 w_XJoin w_OJoin w_XMoveC1 w_OMoveC1 w_XMoveC2)) (w_XMoveC3 : (W_XMoveC3 w_XJoin w_OJoin w_XMoveC1 w_OMoveC1 w_XMoveC2 w_OMoveC2)) (w_OMoveC3 : (W_OMoveC3 w_XJoin w_OJoin w_XMoveC1 w_OMoveC1 w_XMoveC2 w_OMoveC2 w_XMoveC3)) (w_XMoveC4 : (W_XMoveC4 w_XJoin w_OJoin w_XMoveC1 w_OMoveC1 w_XMoveC2 w_OMoveC2 w_XMoveC3 w_OMoveC3)) -> State S9
| st10 : (w_XJoin : W_XJoin) (w_OJoin : (W_OJoin w_XJoin)) (w_XMoveC1 : (W_XMoveC1 w_XJoin w_OJoin)) (w_OMoveC1 : (W_OMoveC1 w_XJoin w_OJoin w_XMoveC1)) (w_XMoveC2 : (W_XMoveC2 w_XJoin w_OJoin w_XMoveC1 w_OMoveC1)) (w_OMoveC2 : (W_OMoveC2 w_XJoin w_OJoin w_XMoveC1 w_OMoveC1 w_XMoveC2)) (w_XMoveC3 : (W_XMoveC3 w_XJoin w_OJoin w_XMoveC1 w_OMoveC1 w_XMoveC2 w_OMoveC2)) (w_OMoveC3 : (W_OMoveC3 w_XJoin w_OJoin w_XMoveC1 w_OMoveC1 w_XMoveC2 w_OMoveC2 w_XMoveC3)) (w_XMoveC4 : (W_XMoveC4 w_XJoin w_OJoin w_XMoveC1 w_OMoveC1 w_XMoveC2 w_OMoveC2 w_XMoveC3 w_OMoveC3)) (w_OMoveC4 : (W_OMoveC4 w_XJoin w_OJoin w_XMoveC1 w_OMoveC1 w_XMoveC2 w_OMoveC2 w_XMoveC3 w_OMoveC3 w_XMoveC4)) -> State S10
.

(* Step API *)
Definition step_xjoin_from_s0 (s : State S0) (sig : Signed X P_XJoin)
 : State S1 :=
  match s with
  | st0 =>
      st1 {| sig_XJoin := sig |}
  end.

Definition step_ojoin_from_s1 (s : State S1) (sig : Signed O P_OJoin)
 : State S2 :=
  match s with
  | st1 w_XJoin =>
      st2 w_XJoin {| sig_OJoin := sig |}
  end.

Definition step_xmovec1_from_s2 (s : State S2) (sig : Signed X P_XMoveC1)
 : State S3 :=
  match s with
  | st2 w_XJoin w_OJoin =>
      st3 w_XJoin w_OJoin {| sig_XMoveC1 := sig |}
  end.

Definition step_omovec1_from_s3 (s : State S3) (sig : Signed O P_OMoveC1)
  (Hguard : ((match s with st3 w_XJoin w_OJoin w_XMoveC1 => w_XMoveC1.(sig_XMoveC1).(msg).(c1) end) <> sig.(msg).(c1))) : State S4 :=
  match s with
  | st3 w_XJoin w_OJoin w_XMoveC1 =>
      st4 w_XJoin w_OJoin w_XMoveC1 {| sig_OMoveC1 := sig; guard := Hguard |}
  end.

Definition step_xmovec2_from_s4 (s : State S4) (sig : Signed X P_XMoveC2)
  (Hguard : (andb (andb ((match s with st4 w_XJoin w_OJoin w_XMoveC1 w_OMoveC1 => w_XMoveC1.(sig_XMoveC1).(msg).(c1) end) <> (match s with st4 w_XJoin w_OJoin w_XMoveC1 w_OMoveC1 => w_OMoveC1.(sig_OMoveC1).(msg).(c1) end)) ((match s with st4 w_XJoin w_OJoin w_XMoveC1 w_OMoveC1 => w_XMoveC1.(sig_XMoveC1).(msg).(c1) end) <> sig.(msg).(c2))) ((match s with st4 w_XJoin w_OJoin w_XMoveC1 w_OMoveC1 => w_OMoveC1.(sig_OMoveC1).(msg).(c1) end) <> sig.(msg).(c2)))) : State S5 :=
  match s with
  | st4 w_XJoin w_OJoin w_XMoveC1 w_OMoveC1 =>
      st5 w_XJoin w_OJoin w_XMoveC1 w_OMoveC1 {| sig_XMoveC2 := sig; guard := Hguard |}
  end.

Definition step_omovec2_from_s5 (s : State S5) (sig : Signed O P_OMoveC2)
  (Hguard : (andb (andb (andb (andb (andb ((match s with st5 w_XJoin w_OJoin w_XMoveC1 w_OMoveC1 w_XMoveC2 => w_XMoveC1.(sig_XMoveC1).(msg).(c1) end) <> (match s with st5 w_XJoin w_OJoin w_XMoveC1 w_OMoveC1 w_XMoveC2 => w_OMoveC1.(sig_OMoveC1).(msg).(c1) end)) ((match s with st5 w_XJoin w_OJoin w_XMoveC1 w_OMoveC1 w_XMoveC2 => w_XMoveC1.(sig_XMoveC1).(msg).(c1) end) <> (match s with st5 w_XJoin w_OJoin w_XMoveC1 w_OMoveC1 w_XMoveC2 => w_XMoveC2.(sig_XMoveC2).(msg).(c2) end))) ((match s with st5 w_XJoin w_OJoin w_XMoveC1 w_OMoveC1 w_XMoveC2 => w_XMoveC1.(sig_XMoveC1).(msg).(c1) end) <> sig.(msg).(c2))) ((match s with st5 w_XJoin w_OJoin w_XMoveC1 w_OMoveC1 w_XMoveC2 => w_OMoveC1.(sig_OMoveC1).(msg).(c1) end) <> (match s with st5 w_XJoin w_OJoin w_XMoveC1 w_OMoveC1 w_XMoveC2 => w_XMoveC2.(sig_XMoveC2).(msg).(c2) end))) ((match s with st5 w_XJoin w_OJoin w_XMoveC1 w_OMoveC1 w_XMoveC2 => w_OMoveC1.(sig_OMoveC1).(msg).(c1) end) <> sig.(msg).(c2))) ((match s with st5 w_XJoin w_OJoin w_XMoveC1 w_OMoveC1 w_XMoveC2 => w_XMoveC2.(sig_XMoveC2).(msg).(c2) end) <> sig.(msg).(c2)))) : State S6 :=
  match s with
  | st5 w_XJoin w_OJoin w_XMoveC1 w_OMoveC1 w_XMoveC2 =>
      st6 w_XJoin w_OJoin w_XMoveC1 w_OMoveC1 w_XMoveC2 {| sig_OMoveC2 := sig; guard := Hguard |}
  end.

Definition step_xmovec3_from_s6 (s : State S6) (sig : Signed X P_XMoveC3)
  (Hguard : (andb (andb (andb (andb (andb (andb (andb (andb (andb ((match s with st6 w_XJoin w_OJoin w_XMoveC1 w_OMoveC1 w_XMoveC2 w_OMoveC2 => w_XMoveC1.(sig_XMoveC1).(msg).(c1) end) <> (match s with st6 w_XJoin w_OJoin w_XMoveC1 w_OMoveC1 w_XMoveC2 w_OMoveC2 => w_OMoveC1.(sig_OMoveC1).(msg).(c1) end)) ((match s with st6 w_XJoin w_OJoin w_XMoveC1 w_OMoveC1 w_XMoveC2 w_OMoveC2 => w_XMoveC1.(sig_XMoveC1).(msg).(c1) end) <> (match s with st6 w_XJoin w_OJoin w_XMoveC1 w_OMoveC1 w_XMoveC2 w_OMoveC2 => w_XMoveC2.(sig_XMoveC2).(msg).(c2) end))) ((match s with st6 w_XJoin w_OJoin w_XMoveC1 w_OMoveC1 w_XMoveC2 w_OMoveC2 => w_XMoveC1.(sig_XMoveC1).(msg).(c1) end) <> (match s with st6 w_XJoin w_OJoin w_XMoveC1 w_OMoveC1 w_XMoveC2 w_OMoveC2 => w_OMoveC2.(sig_OMoveC2).(msg).(c2) end))) ((match s with st6 w_XJoin w_OJoin w_XMoveC1 w_OMoveC1 w_XMoveC2 w_OMoveC2 => w_XMoveC1.(sig_XMoveC1).(msg).(c1) end) <> sig.(msg).(c3))) ((match s with st6 w_XJoin w_OJoin w_XMoveC1 w_OMoveC1 w_XMoveC2 w_OMoveC2 => w_OMoveC1.(sig_OMoveC1).(msg).(c1) end) <> (match s with st6 w_XJoin w_OJoin w_XMoveC1 w_OMoveC1 w_XMoveC2 w_OMoveC2 => w_XMoveC2.(sig_XMoveC2).(msg).(c2) end))) ((match s with st6 w_XJoin w_OJoin w_XMoveC1 w_OMoveC1 w_XMoveC2 w_OMoveC2 => w_OMoveC1.(sig_OMoveC1).(msg).(c1) end) <> (match s with st6 w_XJoin w_OJoin w_XMoveC1 w_OMoveC1 w_XMoveC2 w_OMoveC2 => w_OMoveC2.(sig_OMoveC2).(msg).(c2) end))) ((match s with st6 w_XJoin w_OJoin w_XMoveC1 w_OMoveC1 w_XMoveC2 w_OMoveC2 => w_OMoveC1.(sig_OMoveC1).(msg).(c1) end) <> sig.(msg).(c3))) ((match s with st6 w_XJoin w_OJoin w_XMoveC1 w_OMoveC1 w_XMoveC2 w_OMoveC2 => w_XMoveC2.(sig_XMoveC2).(msg).(c2) end) <> (match s with st6 w_XJoin w_OJoin w_XMoveC1 w_OMoveC1 w_XMoveC2 w_OMoveC2 => w_OMoveC2.(sig_OMoveC2).(msg).(c2) end))) ((match s with st6 w_XJoin w_OJoin w_XMoveC1 w_OMoveC1 w_XMoveC2 w_OMoveC2 => w_XMoveC2.(sig_XMoveC2).(msg).(c2) end) <> sig.(msg).(c3))) ((match s with st6 w_XJoin w_OJoin w_XMoveC1 w_OMoveC1 w_XMoveC2 w_OMoveC2 => w_OMoveC2.(sig_OMoveC2).(msg).(c2) end) <> sig.(msg).(c3)))) : State S7 :=
  match s with
  | st6 w_XJoin w_OJoin w_XMoveC1 w_OMoveC1 w_XMoveC2 w_OMoveC2 =>
      st7 w_XJoin w_OJoin w_XMoveC1 w_OMoveC1 w_XMoveC2 w_OMoveC2 {| sig_XMoveC3 := sig; guard := Hguard |}
  end.

Definition step_omovec3_from_s7 (s : State S7) (sig : Signed O P_OMoveC3)
  (Hguard : (andb (andb (andb (andb (andb (andb (andb (andb (andb (andb (andb (andb (andb (andb ((match s with st7 w_XJoin w_OJoin w_XMoveC1 w_OMoveC1 w_XMoveC2 w_OMoveC2 w_XMoveC3 => w_XMoveC1.(sig_XMoveC1).(msg).(c1) end) <> (match s with st7 w_XJoin w_OJoin w_XMoveC1 w_OMoveC1 w_XMoveC2 w_OMoveC2 w_XMoveC3 => w_OMoveC1.(sig_OMoveC1).(msg).(c1) end)) ((match s with st7 w_XJoin w_OJoin w_XMoveC1 w_OMoveC1 w_XMoveC2 w_OMoveC2 w_XMoveC3 => w_XMoveC1.(sig_XMoveC1).(msg).(c1) end) <> (match s with st7 w_XJoin w_OJoin w_XMoveC1 w_OMoveC1 w_XMoveC2 w_OMoveC2 w_XMoveC3 => w_XMoveC2.(sig_XMoveC2).(msg).(c2) end))) ((match s with st7 w_XJoin w_OJoin w_XMoveC1 w_OMoveC1 w_XMoveC2 w_OMoveC2 w_XMoveC3 => w_XMoveC1.(sig_XMoveC1).(msg).(c1) end) <> (match s with st7 w_XJoin w_OJoin w_XMoveC1 w_OMoveC1 w_XMoveC2 w_OMoveC2 w_XMoveC3 => w_OMoveC2.(sig_OMoveC2).(msg).(c2) end))) ((match s with st7 w_XJoin w_OJoin w_XMoveC1 w_OMoveC1 w_XMoveC2 w_OMoveC2 w_XMoveC3 => w_XMoveC1.(sig_XMoveC1).(msg).(c1) end) <> (match s with st7 w_XJoin w_OJoin w_XMoveC1 w_OMoveC1 w_XMoveC2 w_OMoveC2 w_XMoveC3 => w_XMoveC3.(sig_XMoveC3).(msg).(c3) end))) ((match s with st7 w_XJoin w_OJoin w_XMoveC1 w_OMoveC1 w_XMoveC2 w_OMoveC2 w_XMoveC3 => w_XMoveC1.(sig_XMoveC1).(msg).(c1) end) <> sig.(msg).(c3))) ((match s with st7 w_XJoin w_OJoin w_XMoveC1 w_OMoveC1 w_XMoveC2 w_OMoveC2 w_XMoveC3 => w_OMoveC1.(sig_OMoveC1).(msg).(c1) end) <> (match s with st7 w_XJoin w_OJoin w_XMoveC1 w_OMoveC1 w_XMoveC2 w_OMoveC2 w_XMoveC3 => w_XMoveC2.(sig_XMoveC2).(msg).(c2) end))) ((match s with st7 w_XJoin w_OJoin w_XMoveC1 w_OMoveC1 w_XMoveC2 w_OMoveC2 w_XMoveC3 => w_OMoveC1.(sig_OMoveC1).(msg).(c1) end) <> (match s with st7 w_XJoin w_OJoin w_XMoveC1 w_OMoveC1 w_XMoveC2 w_OMoveC2 w_XMoveC3 => w_OMoveC2.(sig_OMoveC2).(msg).(c2) end))) ((match s with st7 w_XJoin w_OJoin w_XMoveC1 w_OMoveC1 w_XMoveC2 w_OMoveC2 w_XMoveC3 => w_OMoveC1.(sig_OMoveC1).(msg).(c1) end) <> (match s with st7 w_XJoin w_OJoin w_XMoveC1 w_OMoveC1 w_XMoveC2 w_OMoveC2 w_XMoveC3 => w_XMoveC3.(sig_XMoveC3).(msg).(c3) end))) ((match s with st7 w_XJoin w_OJoin w_XMoveC1 w_OMoveC1 w_XMoveC2 w_OMoveC2 w_XMoveC3 => w_OMoveC1.(sig_OMoveC1).(msg).(c1) end) <> sig.(msg).(c3))) ((match s with st7 w_XJoin w_OJoin w_XMoveC1 w_OMoveC1 w_XMoveC2 w_OMoveC2 w_XMoveC3 => w_XMoveC2.(sig_XMoveC2).(msg).(c2) end) <> (match s with st7 w_XJoin w_OJoin w_XMoveC1 w_OMoveC1 w_XMoveC2 w_OMoveC2 w_XMoveC3 => w_OMoveC2.(sig_OMoveC2).(msg).(c2) end))) ((match s with st7 w_XJoin w_OJoin w_XMoveC1 w_OMoveC1 w_XMoveC2 w_OMoveC2 w_XMoveC3 => w_XMoveC2.(sig_XMoveC2).(msg).(c2) end) <> (match s with st7 w_XJoin w_OJoin w_XMoveC1 w_OMoveC1 w_XMoveC2 w_OMoveC2 w_XMoveC3 => w_XMoveC3.(sig_XMoveC3).(msg).(c3) end))) ((match s with st7 w_XJoin w_OJoin w_XMoveC1 w_OMoveC1 w_XMoveC2 w_OMoveC2 w_XMoveC3 => w_XMoveC2.(sig_XMoveC2).(msg).(c2) end) <> sig.(msg).(c3))) ((match s with st7 w_XJoin w_OJoin w_XMoveC1 w_OMoveC1 w_XMoveC2 w_OMoveC2 w_XMoveC3 => w_OMoveC2.(sig_OMoveC2).(msg).(c2) end) <> (match s with st7 w_XJoin w_OJoin w_XMoveC1 w_OMoveC1 w_XMoveC2 w_OMoveC2 w_XMoveC3 => w_XMoveC3.(sig_XMoveC3).(msg).(c3) end))) ((match s with st7 w_XJoin w_OJoin w_XMoveC1 w_OMoveC1 w_XMoveC2 w_OMoveC2 w_XMoveC3 => w_OMoveC2.(sig_OMoveC2).(msg).(c2) end) <> sig.(msg).(c3))) ((match s with st7 w_XJoin w_OJoin w_XMoveC1 w_OMoveC1 w_XMoveC2 w_OMoveC2 w_XMoveC3 => w_XMoveC3.(sig_XMoveC3).(msg).(c3) end) <> sig.(msg).(c3)))) : State S8 :=
  match s with
  | st7 w_XJoin w_OJoin w_XMoveC1 w_OMoveC1 w_XMoveC2 w_OMoveC2 w_XMoveC3 =>
      st8 w_XJoin w_OJoin w_XMoveC1 w_OMoveC1 w_XMoveC2 w_OMoveC2 w_XMoveC3 {| sig_OMoveC3 := sig; guard := Hguard |}
  end.

Definition step_xmovec4_from_s8 (s : State S8) (sig : Signed X P_XMoveC4)
  (Hguard : (andb (andb (andb (andb (andb (andb (andb (andb (andb (andb (andb (andb (andb (andb (andb (andb (andb (andb (andb (andb ((match s with st8 w_XJoin w_OJoin w_XMoveC1 w_OMoveC1 w_XMoveC2 w_OMoveC2 w_XMoveC3 w_OMoveC3 => w_XMoveC1.(sig_XMoveC1).(msg).(c1) end) <> (match s with st8 w_XJoin w_OJoin w_XMoveC1 w_OMoveC1 w_XMoveC2 w_OMoveC2 w_XMoveC3 w_OMoveC3 => w_OMoveC1.(sig_OMoveC1).(msg).(c1) end)) ((match s with st8 w_XJoin w_OJoin w_XMoveC1 w_OMoveC1 w_XMoveC2 w_OMoveC2 w_XMoveC3 w_OMoveC3 => w_XMoveC1.(sig_XMoveC1).(msg).(c1) end) <> (match s with st8 w_XJoin w_OJoin w_XMoveC1 w_OMoveC1 w_XMoveC2 w_OMoveC2 w_XMoveC3 w_OMoveC3 => w_XMoveC2.(sig_XMoveC2).(msg).(c2) end))) ((match s with st8 w_XJoin w_OJoin w_XMoveC1 w_OMoveC1 w_XMoveC2 w_OMoveC2 w_XMoveC3 w_OMoveC3 => w_XMoveC1.(sig_XMoveC1).(msg).(c1) end) <> (match s with st8 w_XJoin w_OJoin w_XMoveC1 w_OMoveC1 w_XMoveC2 w_OMoveC2 w_XMoveC3 w_OMoveC3 => w_OMoveC2.(sig_OMoveC2).(msg).(c2) end))) ((match s with st8 w_XJoin w_OJoin w_XMoveC1 w_OMoveC1 w_XMoveC2 w_OMoveC2 w_XMoveC3 w_OMoveC3 => w_XMoveC1.(sig_XMoveC1).(msg).(c1) end) <> (match s with st8 w_XJoin w_OJoin w_XMoveC1 w_OMoveC1 w_XMoveC2 w_OMoveC2 w_XMoveC3 w_OMoveC3 => w_XMoveC3.(sig_XMoveC3).(msg).(c3) end))) ((match s with st8 w_XJoin w_OJoin w_XMoveC1 w_OMoveC1 w_XMoveC2 w_OMoveC2 w_XMoveC3 w_OMoveC3 => w_XMoveC1.(sig_XMoveC1).(msg).(c1) end) <> (match s with st8 w_XJoin w_OJoin w_XMoveC1 w_OMoveC1 w_XMoveC2 w_OMoveC2 w_XMoveC3 w_OMoveC3 => w_OMoveC3.(sig_OMoveC3).(msg).(c3) end))) ((match s with st8 w_XJoin w_OJoin w_XMoveC1 w_OMoveC1 w_XMoveC2 w_OMoveC2 w_XMoveC3 w_OMoveC3 => w_XMoveC1.(sig_XMoveC1).(msg).(c1) end) <> sig.(msg).(c4))) ((match s with st8 w_XJoin w_OJoin w_XMoveC1 w_OMoveC1 w_XMoveC2 w_OMoveC2 w_XMoveC3 w_OMoveC3 => w_OMoveC1.(sig_OMoveC1).(msg).(c1) end) <> (match s with st8 w_XJoin w_OJoin w_XMoveC1 w_OMoveC1 w_XMoveC2 w_OMoveC2 w_XMoveC3 w_OMoveC3 => w_XMoveC2.(sig_XMoveC2).(msg).(c2) end))) ((match s with st8 w_XJoin w_OJoin w_XMoveC1 w_OMoveC1 w_XMoveC2 w_OMoveC2 w_XMoveC3 w_OMoveC3 => w_OMoveC1.(sig_OMoveC1).(msg).(c1) end) <> (match s with st8 w_XJoin w_OJoin w_XMoveC1 w_OMoveC1 w_XMoveC2 w_OMoveC2 w_XMoveC3 w_OMoveC3 => w_OMoveC2.(sig_OMoveC2).(msg).(c2) end))) ((match s with st8 w_XJoin w_OJoin w_XMoveC1 w_OMoveC1 w_XMoveC2 w_OMoveC2 w_XMoveC3 w_OMoveC3 => w_OMoveC1.(sig_OMoveC1).(msg).(c1) end) <> (match s with st8 w_XJoin w_OJoin w_XMoveC1 w_OMoveC1 w_XMoveC2 w_OMoveC2 w_XMoveC3 w_OMoveC3 => w_XMoveC3.(sig_XMoveC3).(msg).(c3) end))) ((match s with st8 w_XJoin w_OJoin w_XMoveC1 w_OMoveC1 w_XMoveC2 w_OMoveC2 w_XMoveC3 w_OMoveC3 => w_OMoveC1.(sig_OMoveC1).(msg).(c1) end) <> (match s with st8 w_XJoin w_OJoin w_XMoveC1 w_OMoveC1 w_XMoveC2 w_OMoveC2 w_XMoveC3 w_OMoveC3 => w_OMoveC3.(sig_OMoveC3).(msg).(c3) end))) ((match s with st8 w_XJoin w_OJoin w_XMoveC1 w_OMoveC1 w_XMoveC2 w_OMoveC2 w_XMoveC3 w_OMoveC3 => w_OMoveC1.(sig_OMoveC1).(msg).(c1) end) <> sig.(msg).(c4))) ((match s with st8 w_XJoin w_OJoin w_XMoveC1 w_OMoveC1 w_XMoveC2 w_OMoveC2 w_XMoveC3 w_OMoveC3 => w_XMoveC2.(sig_XMoveC2).(msg).(c2) end) <> (match s with st8 w_XJoin w_OJoin w_XMoveC1 w_OMoveC1 w_XMoveC2 w_OMoveC2 w_XMoveC3 w_OMoveC3 => w_OMoveC2.(sig_OMoveC2).(msg).(c2) end))) ((match s with st8 w_XJoin w_OJoin w_XMoveC1 w_OMoveC1 w_XMoveC2 w_OMoveC2 w_XMoveC3 w_OMoveC3 => w_XMoveC2.(sig_XMoveC2).(msg).(c2) end) <> (match s with st8 w_XJoin w_OJoin w_XMoveC1 w_OMoveC1 w_XMoveC2 w_OMoveC2 w_XMoveC3 w_OMoveC3 => w_XMoveC3.(sig_XMoveC3).(msg).(c3) end))) ((match s with st8 w_XJoin w_OJoin w_XMoveC1 w_OMoveC1 w_XMoveC2 w_OMoveC2 w_XMoveC3 w_OMoveC3 => w_XMoveC2.(sig_XMoveC2).(msg).(c2) end) <> (match s with st8 w_XJoin w_OJoin w_XMoveC1 w_OMoveC1 w_XMoveC2 w_OMoveC2 w_XMoveC3 w_OMoveC3 => w_OMoveC3.(sig_OMoveC3).(msg).(c3) end))) ((match s with st8 w_XJoin w_OJoin w_XMoveC1 w_OMoveC1 w_XMoveC2 w_OMoveC2 w_XMoveC3 w_OMoveC3 => w_XMoveC2.(sig_XMoveC2).(msg).(c2) end) <> sig.(msg).(c4))) ((match s with st8 w_XJoin w_OJoin w_XMoveC1 w_OMoveC1 w_XMoveC2 w_OMoveC2 w_XMoveC3 w_OMoveC3 => w_OMoveC2.(sig_OMoveC2).(msg).(c2) end) <> (match s with st8 w_XJoin w_OJoin w_XMoveC1 w_OMoveC1 w_XMoveC2 w_OMoveC2 w_XMoveC3 w_OMoveC3 => w_XMoveC3.(sig_XMoveC3).(msg).(c3) end))) ((match s with st8 w_XJoin w_OJoin w_XMoveC1 w_OMoveC1 w_XMoveC2 w_OMoveC2 w_XMoveC3 w_OMoveC3 => w_OMoveC2.(sig_OMoveC2).(msg).(c2) end) <> (match s with st8 w_XJoin w_OJoin w_XMoveC1 w_OMoveC1 w_XMoveC2 w_OMoveC2 w_XMoveC3 w_OMoveC3 => w_OMoveC3.(sig_OMoveC3).(msg).(c3) end))) ((match s with st8 w_XJoin w_OJoin w_XMoveC1 w_OMoveC1 w_XMoveC2 w_OMoveC2 w_XMoveC3 w_OMoveC3 => w_OMoveC2.(sig_OMoveC2).(msg).(c2) end) <> sig.(msg).(c4))) ((match s with st8 w_XJoin w_OJoin w_XMoveC1 w_OMoveC1 w_XMoveC2 w_OMoveC2 w_XMoveC3 w_OMoveC3 => w_XMoveC3.(sig_XMoveC3).(msg).(c3) end) <> (match s with st8 w_XJoin w_OJoin w_XMoveC1 w_OMoveC1 w_XMoveC2 w_OMoveC2 w_XMoveC3 w_OMoveC3 => w_OMoveC3.(sig_OMoveC3).(msg).(c3) end))) ((match s with st8 w_XJoin w_OJoin w_XMoveC1 w_OMoveC1 w_XMoveC2 w_OMoveC2 w_XMoveC3 w_OMoveC3 => w_XMoveC3.(sig_XMoveC3).(msg).(c3) end) <> sig.(msg).(c4))) ((match s with st8 w_XJoin w_OJoin w_XMoveC1 w_OMoveC1 w_XMoveC2 w_OMoveC2 w_XMoveC3 w_OMoveC3 => w_OMoveC3.(sig_OMoveC3).(msg).(c3) end) <> sig.(msg).(c4)))) : State S9 :=
  match s with
  | st8 w_XJoin w_OJoin w_XMoveC1 w_OMoveC1 w_XMoveC2 w_OMoveC2 w_XMoveC3 w_OMoveC3 =>
      st9 w_XJoin w_OJoin w_XMoveC1 w_OMoveC1 w_XMoveC2 w_OMoveC2 w_XMoveC3 w_OMoveC3 {| sig_XMoveC4 := sig; guard := Hguard |}
  end.

Definition step_omovec4_from_s9 (s : State S9) (sig : Signed O P_OMoveC4)
  (Hguard : (andb (andb (andb (andb (andb (andb (andb (andb (andb (andb (andb (andb (andb (andb (andb (andb (andb (andb (andb (andb (andb (andb (andb (andb (andb (andb (andb ((match s with st9 w_XJoin w_OJoin w_XMoveC1 w_OMoveC1 w_XMoveC2 w_OMoveC2 w_XMoveC3 w_OMoveC3 w_XMoveC4 => w_XMoveC1.(sig_XMoveC1).(msg).(c1) end) <> (match s with st9 w_XJoin w_OJoin w_XMoveC1 w_OMoveC1 w_XMoveC2 w_OMoveC2 w_XMoveC3 w_OMoveC3 w_XMoveC4 => w_OMoveC1.(sig_OMoveC1).(msg).(c1) end)) ((match s with st9 w_XJoin w_OJoin w_XMoveC1 w_OMoveC1 w_XMoveC2 w_OMoveC2 w_XMoveC3 w_OMoveC3 w_XMoveC4 => w_XMoveC1.(sig_XMoveC1).(msg).(c1) end) <> (match s with st9 w_XJoin w_OJoin w_XMoveC1 w_OMoveC1 w_XMoveC2 w_OMoveC2 w_XMoveC3 w_OMoveC3 w_XMoveC4 => w_XMoveC2.(sig_XMoveC2).(msg).(c2) end))) ((match s with st9 w_XJoin w_OJoin w_XMoveC1 w_OMoveC1 w_XMoveC2 w_OMoveC2 w_XMoveC3 w_OMoveC3 w_XMoveC4 => w_XMoveC1.(sig_XMoveC1).(msg).(c1) end) <> (match s with st9 w_XJoin w_OJoin w_XMoveC1 w_OMoveC1 w_XMoveC2 w_OMoveC2 w_XMoveC3 w_OMoveC3 w_XMoveC4 => w_OMoveC2.(sig_OMoveC2).(msg).(c2) end))) ((match s with st9 w_XJoin w_OJoin w_XMoveC1 w_OMoveC1 w_XMoveC2 w_OMoveC2 w_XMoveC3 w_OMoveC3 w_XMoveC4 => w_XMoveC1.(sig_XMoveC1).(msg).(c1) end) <> (match s with st9 w_XJoin w_OJoin w_XMoveC1 w_OMoveC1 w_XMoveC2 w_OMoveC2 w_XMoveC3 w_OMoveC3 w_XMoveC4 => w_XMoveC3.(sig_XMoveC3).(msg).(c3) end))) ((match s with st9 w_XJoin w_OJoin w_XMoveC1 w_OMoveC1 w_XMoveC2 w_OMoveC2 w_XMoveC3 w_OMoveC3 w_XMoveC4 => w_XMoveC1.(sig_XMoveC1).(msg).(c1) end) <> (match s with st9 w_XJoin w_OJoin w_XMoveC1 w_OMoveC1 w_XMoveC2 w_OMoveC2 w_XMoveC3 w_OMoveC3 w_XMoveC4 => w_OMoveC3.(sig_OMoveC3).(msg).(c3) end))) ((match s with st9 w_XJoin w_OJoin w_XMoveC1 w_OMoveC1 w_XMoveC2 w_OMoveC2 w_XMoveC3 w_OMoveC3 w_XMoveC4 => w_XMoveC1.(sig_XMoveC1).(msg).(c1) end) <> (match s with st9 w_XJoin w_OJoin w_XMoveC1 w_OMoveC1 w_XMoveC2 w_OMoveC2 w_XMoveC3 w_OMoveC3 w_XMoveC4 => w_XMoveC4.(sig_XMoveC4).(msg).(c4) end))) ((match s with st9 w_XJoin w_OJoin w_XMoveC1 w_OMoveC1 w_XMoveC2 w_OMoveC2 w_XMoveC3 w_OMoveC3 w_XMoveC4 => w_XMoveC1.(sig_XMoveC1).(msg).(c1) end) <> sig.(msg).(c4))) ((match s with st9 w_XJoin w_OJoin w_XMoveC1 w_OMoveC1 w_XMoveC2 w_OMoveC2 w_XMoveC3 w_OMoveC3 w_XMoveC4 => w_OMoveC1.(sig_OMoveC1).(msg).(c1) end) <> (match s with st9 w_XJoin w_OJoin w_XMoveC1 w_OMoveC1 w_XMoveC2 w_OMoveC2 w_XMoveC3 w_OMoveC3 w_XMoveC4 => w_XMoveC2.(sig_XMoveC2).(msg).(c2) end))) ((match s with st9 w_XJoin w_OJoin w_XMoveC1 w_OMoveC1 w_XMoveC2 w_OMoveC2 w_XMoveC3 w_OMoveC3 w_XMoveC4 => w_OMoveC1.(sig_OMoveC1).(msg).(c1) end) <> (match s with st9 w_XJoin w_OJoin w_XMoveC1 w_OMoveC1 w_XMoveC2 w_OMoveC2 w_XMoveC3 w_OMoveC3 w_XMoveC4 => w_OMoveC2.(sig_OMoveC2).(msg).(c2) end))) ((match s with st9 w_XJoin w_OJoin w_XMoveC1 w_OMoveC1 w_XMoveC2 w_OMoveC2 w_XMoveC3 w_OMoveC3 w_XMoveC4 => w_OMoveC1.(sig_OMoveC1).(msg).(c1) end) <> (match s with st9 w_XJoin w_OJoin w_XMoveC1 w_OMoveC1 w_XMoveC2 w_OMoveC2 w_XMoveC3 w_OMoveC3 w_XMoveC4 => w_XMoveC3.(sig_XMoveC3).(msg).(c3) end))) ((match s with st9 w_XJoin w_OJoin w_XMoveC1 w_OMoveC1 w_XMoveC2 w_OMoveC2 w_XMoveC3 w_OMoveC3 w_XMoveC4 => w_OMoveC1.(sig_OMoveC1).(msg).(c1) end) <> (match s with st9 w_XJoin w_OJoin w_XMoveC1 w_OMoveC1 w_XMoveC2 w_OMoveC2 w_XMoveC3 w_OMoveC3 w_XMoveC4 => w_OMoveC3.(sig_OMoveC3).(msg).(c3) end))) ((match s with st9 w_XJoin w_OJoin w_XMoveC1 w_OMoveC1 w_XMoveC2 w_OMoveC2 w_XMoveC3 w_OMoveC3 w_XMoveC4 => w_OMoveC1.(sig_OMoveC1).(msg).(c1) end) <> (match s with st9 w_XJoin w_OJoin w_XMoveC1 w_OMoveC1 w_XMoveC2 w_OMoveC2 w_XMoveC3 w_OMoveC3 w_XMoveC4 => w_XMoveC4.(sig_XMoveC4).(msg).(c4) end))) ((match s with st9 w_XJoin w_OJoin w_XMoveC1 w_OMoveC1 w_XMoveC2 w_OMoveC2 w_XMoveC3 w_OMoveC3 w_XMoveC4 => w_OMoveC1.(sig_OMoveC1).(msg).(c1) end) <> sig.(msg).(c4))) ((match s with st9 w_XJoin w_OJoin w_XMoveC1 w_OMoveC1 w_XMoveC2 w_OMoveC2 w_XMoveC3 w_OMoveC3 w_XMoveC4 => w_XMoveC2.(sig_XMoveC2).(msg).(c2) end) <> (match s with st9 w_XJoin w_OJoin w_XMoveC1 w_OMoveC1 w_XMoveC2 w_OMoveC2 w_XMoveC3 w_OMoveC3 w_XMoveC4 => w_OMoveC2.(sig_OMoveC2).(msg).(c2) end))) ((match s with st9 w_XJoin w_OJoin w_XMoveC1 w_OMoveC1 w_XMoveC2 w_OMoveC2 w_XMoveC3 w_OMoveC3 w_XMoveC4 => w_XMoveC2.(sig_XMoveC2).(msg).(c2) end) <> (match s with st9 w_XJoin w_OJoin w_XMoveC1 w_OMoveC1 w_XMoveC2 w_OMoveC2 w_XMoveC3 w_OMoveC3 w_XMoveC4 => w_XMoveC3.(sig_XMoveC3).(msg).(c3) end))) ((match s with st9 w_XJoin w_OJoin w_XMoveC1 w_OMoveC1 w_XMoveC2 w_OMoveC2 w_XMoveC3 w_OMoveC3 w_XMoveC4 => w_XMoveC2.(sig_XMoveC2).(msg).(c2) end) <> (match s with st9 w_XJoin w_OJoin w_XMoveC1 w_OMoveC1 w_XMoveC2 w_OMoveC2 w_XMoveC3 w_OMoveC3 w_XMoveC4 => w_OMoveC3.(sig_OMoveC3).(msg).(c3) end))) ((match s with st9 w_XJoin w_OJoin w_XMoveC1 w_OMoveC1 w_XMoveC2 w_OMoveC2 w_XMoveC3 w_OMoveC3 w_XMoveC4 => w_XMoveC2.(sig_XMoveC2).(msg).(c2) end) <> (match s with st9 w_XJoin w_OJoin w_XMoveC1 w_OMoveC1 w_XMoveC2 w_OMoveC2 w_XMoveC3 w_OMoveC3 w_XMoveC4 => w_XMoveC4.(sig_XMoveC4).(msg).(c4) end))) ((match s with st9 w_XJoin w_OJoin w_XMoveC1 w_OMoveC1 w_XMoveC2 w_OMoveC2 w_XMoveC3 w_OMoveC3 w_XMoveC4 => w_XMoveC2.(sig_XMoveC2).(msg).(c2) end) <> sig.(msg).(c4))) ((match s with st9 w_XJoin w_OJoin w_XMoveC1 w_OMoveC1 w_XMoveC2 w_OMoveC2 w_XMoveC3 w_OMoveC3 w_XMoveC4 => w_OMoveC2.(sig_OMoveC2).(msg).(c2) end) <> (match s with st9 w_XJoin w_OJoin w_XMoveC1 w_OMoveC1 w_XMoveC2 w_OMoveC2 w_XMoveC3 w_OMoveC3 w_XMoveC4 => w_XMoveC3.(sig_XMoveC3).(msg).(c3) end))) ((match s with st9 w_XJoin w_OJoin w_XMoveC1 w_OMoveC1 w_XMoveC2 w_OMoveC2 w_XMoveC3 w_OMoveC3 w_XMoveC4 => w_OMoveC2.(sig_OMoveC2).(msg).(c2) end) <> (match s with st9 w_XJoin w_OJoin w_XMoveC1 w_OMoveC1 w_XMoveC2 w_OMoveC2 w_XMoveC3 w_OMoveC3 w_XMoveC4 => w_OMoveC3.(sig_OMoveC3).(msg).(c3) end))) ((match s with st9 w_XJoin w_OJoin w_XMoveC1 w_OMoveC1 w_XMoveC2 w_OMoveC2 w_XMoveC3 w_OMoveC3 w_XMoveC4 => w_OMoveC2.(sig_OMoveC2).(msg).(c2) end) <> (match s with st9 w_XJoin w_OJoin w_XMoveC1 w_OMoveC1 w_XMoveC2 w_OMoveC2 w_XMoveC3 w_OMoveC3 w_XMoveC4 => w_XMoveC4.(sig_XMoveC4).(msg).(c4) end))) ((match s with st9 w_XJoin w_OJoin w_XMoveC1 w_OMoveC1 w_XMoveC2 w_OMoveC2 w_XMoveC3 w_OMoveC3 w_XMoveC4 => w_OMoveC2.(sig_OMoveC2).(msg).(c2) end) <> sig.(msg).(c4))) ((match s with st9 w_XJoin w_OJoin w_XMoveC1 w_OMoveC1 w_XMoveC2 w_OMoveC2 w_XMoveC3 w_OMoveC3 w_XMoveC4 => w_XMoveC3.(sig_XMoveC3).(msg).(c3) end) <> (match s with st9 w_XJoin w_OJoin w_XMoveC1 w_OMoveC1 w_XMoveC2 w_OMoveC2 w_XMoveC3 w_OMoveC3 w_XMoveC4 => w_OMoveC3.(sig_OMoveC3).(msg).(c3) end))) ((match s with st9 w_XJoin w_OJoin w_XMoveC1 w_OMoveC1 w_XMoveC2 w_OMoveC2 w_XMoveC3 w_OMoveC3 w_XMoveC4 => w_XMoveC3.(sig_XMoveC3).(msg).(c3) end) <> (match s with st9 w_XJoin w_OJoin w_XMoveC1 w_OMoveC1 w_XMoveC2 w_OMoveC2 w_XMoveC3 w_OMoveC3 w_XMoveC4 => w_XMoveC4.(sig_XMoveC4).(msg).(c4) end))) ((match s with st9 w_XJoin w_OJoin w_XMoveC1 w_OMoveC1 w_XMoveC2 w_OMoveC2 w_XMoveC3 w_OMoveC3 w_XMoveC4 => w_XMoveC3.(sig_XMoveC3).(msg).(c3) end) <> sig.(msg).(c4))) ((match s with st9 w_XJoin w_OJoin w_XMoveC1 w_OMoveC1 w_XMoveC2 w_OMoveC2 w_XMoveC3 w_OMoveC3 w_XMoveC4 => w_OMoveC3.(sig_OMoveC3).(msg).(c3) end) <> (match s with st9 w_XJoin w_OJoin w_XMoveC1 w_OMoveC1 w_XMoveC2 w_OMoveC2 w_XMoveC3 w_OMoveC3 w_XMoveC4 => w_XMoveC4.(sig_XMoveC4).(msg).(c4) end))) ((match s with st9 w_XJoin w_OJoin w_XMoveC1 w_OMoveC1 w_XMoveC2 w_OMoveC2 w_XMoveC3 w_OMoveC3 w_XMoveC4 => w_OMoveC3.(sig_OMoveC3).(msg).(c3) end) <> sig.(msg).(c4))) ((match s with st9 w_XJoin w_OJoin w_XMoveC1 w_OMoveC1 w_XMoveC2 w_OMoveC2 w_XMoveC3 w_OMoveC3 w_XMoveC4 => w_XMoveC4.(sig_XMoveC4).(msg).(c4) end) <> sig.(msg).(c4)))) : State S10 :=
  match s with
  | st9 w_XJoin w_OJoin w_XMoveC1 w_OMoveC1 w_XMoveC2 w_OMoveC2 w_XMoveC3 w_OMoveC3 w_XMoveC4 =>
      st10 w_XJoin w_OJoin w_XMoveC1 w_OMoveC1 w_XMoveC2 w_OMoveC2 w_XMoveC3 w_OMoveC3 w_XMoveC4 {| sig_OMoveC4 := sig; guard := Hguard |}
  end.

End TicTacToe_Protocol.

[Change at line 128]   sig_OMoveC4 : Signed O P_OMoveC4;
  guard : andb andb andb andb andb andb andb andb andb andb andb andb andb andb andb andb andb andb andb andb andb andb andb andb andb andb andb (w_XMoveC1.(sig_XMoveC1).(msg).(c1) <> w_OMoveC1.(sig_OMoveC1).(msg).(c1)) (w_XMoveC1.(sig_XMoveC1).(msg).(c1) <> w_XMoveC2.(sig_XMoveC2).(msg).(c2)) (w_XMoveC1.(sig_XMoveC1).(msg).(c1) <> w_OMoveC2.(sig_OMoveC2).(msg).(c2)) (w_XMoveC1.(sig_XMoveC1).(msg).(c1) <> w_XMoveC3.(sig_XMoveC3).(msg).(c3)) (w_XMoveC1.(sig_XMoveC1).(msg).(c1) <> w_OMoveC3.(sig_OMoveC3).(msg).(c3)) (w_XMoveC1.(sig_XMoveC1).(msg).(c1) <> w_XMoveC4.(sig_XMoveC4).(msg).(c4)) (w_XMoveC1.(sig_XMoveC1).(msg).(c1) <> w_OMoveC4.(sig_OMoveC4).(msg).(c4)) (w_OMoveC1.(sig_OMoveC1).(msg).(c1) <> w_XMoveC2.(sig_XMoveC2).(msg).(c2)) (w_OMoveC1.(sig_OMoveC1).(msg).(c1) <> w_OMoveC2.(sig_OMoveC2).(msg).(c2)) (w_OMoveC1.(sig_OMoveC1).(msg).(c1) <> w_XMoveC3.(sig_XMoveC3).(msg).(c3)) (w_OMoveC1.(sig_OMoveC1).(msg).(c1) <> w_OMoveC3.(sig_OMoveC3).(msg).(c3)) (w_OMoveC1.(sig_OMoveC1).(msg).(c1) <> w_XMoveC4.(sig_XMoveC4).(msg).(c4)) (w_OMoveC1.(sig_OMoveC1).(msg).(c1) <> w_OMoveC4.(sig_OMoveC4).(msg).(c4)) (w_XMoveC2.(sig_XMoveC2).(msg).(c2) <> w_OMoveC2.(sig_OMoveC2).(msg).(c2)) (w_XMoveC2.(sig_XMoveC2).(msg).(c2) <> w_XMoveC3.(sig_XMoveC3).(msg).(c3)) (w_XMoveC2.(sig_XMoveC2).(msg).(c2) <> w_OMoveC3.(sig_OMoveC3).(msg).(c3)) (w_XMoveC2.(sig_XMoveC2).(msg).(c2) <> w_XMoveC4.(sig_XMoveC4).(msg).(c4)) (w_XMoveC2.(sig_XMoveC2).(msg).(c2) <> w_OMoveC4.(sig_OMoveC4).(msg).(c4)) (w_OMoveC2.(sig_OMoveC2).(msg).(c2) <> w_XMoveC3.(sig_XMoveC3).(msg).(c3)) (w_OMoveC2.(sig_OMoveC2).(msg).(c2) <> w_OMoveC3.(sig_OMoveC3).(msg).(c3)) (w_OMoveC2.(sig_OMoveC2).(msg).(c2) <> w_XMoveC4.(sig_XMoveC4).(msg).(c4)) (w_OMoveC2.(sig_OMoveC2).(msg).(c2) <> w_OMoveC4.(sig_OMoveC4).(msg).(c4)) (w_XMoveC3.(sig_XMoveC3).(msg).(c3) <> w_OMoveC3.(sig_OMoveC3).(msg).(c3)) (w_XMoveC3.(sig_XMoveC3).(msg).(c3) <> w_XMoveC4.(sig_XMoveC4).(msg).(c4)) (w_XMoveC3.(sig_XMoveC3).(msg).(c3) <> w_OMoveC4.(sig_OMoveC4).(msg).(c4)) (w_OMoveC3.(sig_OMoveC3).(msg).(c3) <> w_XMoveC4.(sig_XMoveC4).(msg).(c4)) (w_OMoveC3.(sig_OMoveC3).(msg).(c3) <> w_OMoveC4.(sig_OMoveC4).(msg).(c4)) (w_XMoveC4.(sig_XMoveC4).(msg).(c4) <> w_OMoveC4.(sig_OMoveC4).(msg).(c4));
}.

(* ===================== *)
(* 5) Typed runtime/ESM  *)
(* ===================== *)

Inductive Stage : Type :=
S0 | S1 | S2 | S3 | S4 | S5 | S6 | S7 | S8 | S9 | S10.

Inductive State : Stage -> Type :=
| st0 : State S0
| st1 : (w_XJoin : W_XJoin) -> State S1
| st2 : (w_XJoin : W_XJoin) (w_OJoin : (W_OJoin w_XJoin)) -> State S2
| st3 : (w_XJoin : W_XJoin) (w_OJoin : (W_OJoin w_XJoin)) (w_XMoveC1 : (W_XMoveC1 w_XJoin w_OJoin)) -> State S3
| st4 : (w_XJoin : W_XJoin) (w_OJoin : (W_OJoin w_XJoin)) (w_XMoveC1 : (W_XMoveC1 w_XJoin w_OJoin)) (w_OMoveC1 : (W_OMoveC1 w_XJoin w_OJoin w_XMoveC1)) -> State S4
| st5 : (w_XJoin : W_XJoin) (w_OJoin : (W_OJoin w_XJoin)) (w_XMoveC1 : (W_XMoveC1 w_XJoin w_OJoin)) (w_OMoveC1 : (W_OMoveC1 w_XJoin w_OJoin w_XMoveC1)) (w_XMoveC2 : (W_XMoveC2 w_XJoin w_OJoin w_XMoveC1 w_OMoveC1)) -> State S5
| st6 : (w_XJoin : W_XJoin) (w_OJoin : (W_OJoin w_XJoin)) (w_XMoveC1 : (W_XMoveC1 w_XJoin w_OJoin)) (w_OMoveC1 : (W_OMoveC1 w_XJoin w_OJoin w_XMoveC1)) (w_XMoveC2 : (W_XMoveC2 w_XJoin w_OJoin w_XMoveC1 w_OMoveC1)) (w_OMoveC2 : (W_OMoveC2 w_XJoin w_OJoin w_XMoveC1 w_OMoveC1 w_XMoveC2)) -> State S6
| st7 : (w_XJoin : W_XJoin) (w_OJoin : (W_OJoin w_XJoin)) (w_XMoveC1 : (W_XMoveC1 w_XJoin w_OJoin)) (w_OMoveC1 : (W_OMoveC1 w_XJoin w_OJoin w_XMoveC1)) (w_XMoveC2 : (W_XMoveC2 w_XJoin w_OJoin w_XMoveC1 w_OMoveC1)) (w_OMoveC2 : (W_OMoveC2 w_XJoin w_OJoin w_XMoveC1 w_OMoveC1 w_XMoveC2)) (w_XMoveC3 : (W_XMoveC3 w_XJoin w_OJoin w_XMoveC1 w_OMoveC1 w_XMoveC2 w_OMoveC2)) -> State S7
| st8 : (w_XJoin : W_XJoin) (w_OJoin : (W_OJoin w_XJoin)) (w_XMoveC1 : (W_XMoveC1 w_XJoin w_OJoin)) (w_OMoveC1 : (W_OMoveC1 w_XJoin w_OJoin w_XMoveC1)) (w_XMoveC2 : (W_XMoveC2 w_XJoin w_OJoin w_XMoveC1 w_OMoveC1)) (w_OMoveC2 : (W_OMoveC2 w_XJoin w_OJoin w_XMoveC1 w_OMoveC1 w_XMoveC2)) (w_XMoveC3 : (W_XMoveC3 w_XJoin w_OJoin w_XMoveC1 w_OMoveC1 w_XMoveC2 w_OMoveC2)) (w_OMoveC3 : (W_OMoveC3 w_XJoin w_OJoin w_XMoveC1 w_OMoveC1 w_XMoveC2 w_OMoveC2 w_XMoveC3)) -> State S8
| st9 : (w_XJoin : W_XJoin) (w_OJoin : (W_OJoin w_XJoin)) (w_XMoveC1 : (W_XMoveC1 w_XJoin w_OJoin)) (w_OMoveC1 : (W_OMoveC1 w_XJoin w_OJoin w_XMoveC1)) (w_XMoveC2 : (W_XMoveC2 w_XJoin w_OJoin w_XMoveC1 w_OMoveC1)) (w_OMoveC2 : (W_OMoveC2 w_XJoin w_OJoin w_XMoveC1 w_OMoveC1 w_XMoveC2)) (w_XMoveC3 : (W_XMoveC3 w_XJoin w_OJoin w_XMoveC1 w_OMoveC1 w_XMoveC2 w_OMoveC2)) (w_OMoveC3 : (W_OMoveC3 w_XJoin w_OJoin w_XMoveC1 w_OMoveC1 w_XMoveC2 w_OMoveC2 w_XMoveC3)) (w_XMoveC4 : (W_XMoveC4 w_XJoin w_OJoin w_XMoveC1 w_OMoveC1 w_XMoveC2 w_OMoveC2 w_XMoveC3 w_OMoveC3)) -> State S9
| st10 : (w_XJoin : W_XJoin) (w_OJoin : (W_OJoin w_XJoin)) (w_XMoveC1 : (W_XMoveC1 w_XJoin w_OJoin)) (w_OMoveC1 : (W_OMoveC1 w_XJoin w_OJoin w_XMoveC1)) (w_XMoveC2 : (W_XMoveC2 w_XJoin w_OJoin w_XMoveC1 w_OMoveC1)) (w_OMoveC2 : (W_OMoveC2 w_XJoin w_OJoin w_XMoveC1 w_OMoveC1 w_XMoveC2)) (w_XMoveC3 : (W_XMoveC3 w_XJoin w_OJoin w_XMoveC1 w_OMoveC1 w_XMoveC2 w_OMoveC2)) (w_OMoveC3 : (W_OMoveC3 w_XJoin w_OJoin w_XMoveC1 w_OMoveC1 w_XMoveC2 w_OMoveC2 w_XMoveC3)) (w_XMoveC4 : (W_XMoveC4 w_XJoin w_OJoin w_XMoveC1 w_OMoveC1 w_XMoveC2 w_OMoveC2 w_XMoveC3 w_OMoveC3)) (w_OMoveC4 : (W_OMoveC4 w_XJoin w_OJoin w_XMoveC1 w_OMoveC1 w_XMoveC2 w_OMoveC2 w_XMoveC3 w_OMoveC3 w_XMoveC4)) -> State S10
.

(* Step API *)
Definition step_xjoin_from_s0 (s : State S0) (sig : Signed X P_XJoin)
 : State S1 :=
  match s with
  | st0 =>
      st1 {| sig_XJoin := sig |}
  end.

Definition step_ojoin_from_s1 (s : State S1) (sig : Signed O P_OJoin)
 : State S2 :=
  match s with
  | st1 w_XJoin =>
      st2 w_XJoin {| sig_OJoin := sig |}
  end.

Definition step_xmovec1_from_s2 (s : State S2) (sig : Signed X P_XMoveC1)
 : State S3 :=
  match s with
  | st2 w_XJoin w_OJoin =>
      st3 w_XJoin w_OJoin {| sig_XMoveC1 := sig |}
  end.

Definition step_omovec1_from_s3 (s : State S3) (sig : Signed O P_OMoveC1)
  (Hguard : ((match s with st3 w_XJoin w_OJoin w_XMoveC1 => w_XMoveC1.(sig_XMoveC1).(msg).(c1) end) <> sig.(msg).(c1))) : State S4 :=
  match s with
  | st3 w_XJoin w_OJoin w_XMoveC1 =>
      st4 w_XJoin w_OJoin w_XMoveC1 {| sig_OMoveC1 := sig; guard := Hguard |}
  end.

Definition step_xmovec2_from_s4 (s : State S4) (sig : Signed X P_XMoveC2)
  (Hguard : (andb (andb ((match s with st4 w_XJoin w_OJoin w_XMoveC1 w_OMoveC1 => w_XMoveC1.(sig_XMoveC1).(msg).(c1) end) <> (match s with st4 w_XJoin w_OJoin w_XMoveC1 w_OMoveC1 => w_OMoveC1.(sig_OMoveC1).(msg).(c1) end)) ((match s with st4 w_XJoin w_OJoin w_XMoveC1 w_OMoveC1 => w_XMoveC1.(sig_XMoveC1).(msg).(c1) end) <> sig.(msg).(c2))) ((match s with st4 w_XJoin w_OJoin w_XMoveC1 w_OMoveC1 => w_OMoveC1.(sig_OMoveC1).(msg).(c1) end) <> sig.(msg).(c2)))) : State S5 :=
  match s with
  | st4 w_XJoin w_OJoin w_XMoveC1 w_OMoveC1 =>
      st5 w_XJoin w_OJoin w_XMoveC1 w_OMoveC1 {| sig_XMoveC2 := sig; guard := Hguard |}
  end.

Definition step_omovec2_from_s5 (s : State S5) (sig : Signed O P_OMoveC2)
  (Hguard : (andb (andb (andb (andb (andb ((match s with st5 w_XJoin w_OJoin w_XMoveC1 w_OMoveC1 w_XMoveC2 => w_XMoveC1.(sig_XMoveC1).(msg).(c1) end) <> (match s with st5 w_XJoin w_OJoin w_XMoveC1 w_OMoveC1 w_XMoveC2 => w_OMoveC1.(sig_OMoveC1).(msg).(c1) end)) ((match s with st5 w_XJoin w_OJoin w_XMoveC1 w_OMoveC1 w_XMoveC2 => w_XMoveC1.(sig_XMoveC1).(msg).(c1) end) <> (match s with st5 w_XJoin w_OJoin w_XMoveC1 w_OMoveC1 w_XMoveC2 => w_XMoveC2.(sig_XMoveC2).(msg).(c2) end))) ((match s with st5 w_XJoin w_OJoin w_XMoveC1 w_OMoveC1 w_XMoveC2 => w_XMoveC1.(sig_XMoveC1).(msg).(c1) end) <> sig.(msg).(c2))) ((match s with st5 w_XJoin w_OJoin w_XMoveC1 w_OMoveC1 w_XMoveC2 => w_OMoveC1.(sig_OMoveC1).(msg).(c1) end) <> (match s with st5 w_XJoin w_OJoin w_XMoveC1 w_OMoveC1 w_XMoveC2 => w_XMoveC2.(sig_XMoveC2).(msg).(c2) end))) ((match s with st5 w_XJoin w_OJoin w_XMoveC1 w_OMoveC1 w_XMoveC2 => w_OMoveC1.(sig_OMoveC1).(msg).(c1) end) <> sig.(msg).(c2))) ((match s with st5 w_XJoin w_OJoin w_XMoveC1 w_OMoveC1 w_XMoveC2 => w_XMoveC2.(sig_XMoveC2).(msg).(c2) end) <> sig.(msg).(c2)))) : State S6 :=
  match s with
  | st5 w_XJoin w_OJoin w_XMoveC1 w_OMoveC1 w_XMoveC2 =>
      st6 w_XJoin w_OJoin w_XMoveC1 w_OMoveC1 w_XMoveC2 {| sig_OMoveC2 := sig; guard := Hguard |}
  end.

Definition step_xmovec3_from_s6 (s : State S6) (sig : Signed X P_XMoveC3)
  (Hguard : (andb (andb (andb (andb (andb (andb (andb (andb (andb ((match s with st6 w_XJoin w_OJoin w_XMoveC1 w_OMoveC1 w_XMoveC2 w_OMoveC2 => w_XMoveC1.(sig_XMoveC1).(msg).(c1) end) <> (match s with st6 w_XJoin w_OJoin w_XMoveC1 w_OMoveC1 w_XMoveC2 w_OMoveC2 => w_OMoveC1.(sig_OMoveC1).(msg).(c1) end)) ((match s with st6 w_XJoin w_OJoin w_XMoveC1 w_OMoveC1 w_XMoveC2 w_OMoveC2 => w_XMoveC1.(sig_XMoveC1).(msg).(c1) end) <> (match s with st6 w_XJoin w_OJoin w_XMoveC1 w_OMoveC1 w_XMoveC2 w_OMoveC2 => w_XMoveC2.(sig_XMoveC2).(msg).(c2) end))) ((match s with st6 w_XJoin w_OJoin w_XMoveC1 w_OMoveC1 w_XMoveC2 w_OMoveC2 => w_XMoveC1.(sig_XMoveC1).(msg).(c1) end) <> (match s with st6 w_XJoin w_OJoin w_XMoveC1 w_OMoveC1 w_XMoveC2 w_OMoveC2 => w_OMoveC2.(sig_OMoveC2).(msg).(c2) end))) ((match s with st6 w_XJoin w_OJoin w_XMoveC1 w_OMoveC1 w_XMoveC2 w_OMoveC2 => w_XMoveC1.(sig_XMoveC1).(msg).(c1) end) <> sig.(msg).(c3))) ((match s with st6 w_XJoin w_OJoin w_XMoveC1 w_OMoveC1 w_XMoveC2 w_OMoveC2 => w_OMoveC1.(sig_OMoveC1).(msg).(c1) end) <> (match s with st6 w_XJoin w_OJoin w_XMoveC1 w_OMoveC1 w_XMoveC2 w_OMoveC2 => w_XMoveC2.(sig_XMoveC2).(msg).(c2) end))) ((match s with st6 w_XJoin w_OJoin w_XMoveC1 w_OMoveC1 w_XMoveC2 w_OMoveC2 => w_OMoveC1.(sig_OMoveC1).(msg).(c1) end) <> (match s with st6 w_XJoin w_OJoin w_XMoveC1 w_OMoveC1 w_XMoveC2 w_OMoveC2 => w_OMoveC2.(sig_OMoveC2).(msg).(c2) end))) ((match s with st6 w_XJoin w_OJoin w_XMoveC1 w_OMoveC1 w_XMoveC2 w_OMoveC2 => w_OMoveC1.(sig_OMoveC1).(msg).(c1) end) <> sig.(msg).(c3))) ((match s with st6 w_XJoin w_OJoin w_XMoveC1 w_OMoveC1 w_XMoveC2 w_OMoveC2 => w_XMoveC2.(sig_XMoveC2).(msg).(c2) end) <> (match s with st6 w_XJoin w_OJoin w_XMoveC1 w_OMoveC1 w_XMoveC2 w_OMoveC2 => w_OMoveC2.(sig_OMoveC2).(msg).(c2) end))) ((match s with st6 w_XJoin w_OJoin w_XMoveC1 w_OMoveC1 w_XMoveC2 w_OMoveC2 => w_XMoveC2.(sig_XMoveC2).(msg).(c2) end) <> sig.(msg).(c3))) ((match s with st6 w_XJoin w_OJoin w_XMoveC1 w_OMoveC1 w_XMoveC2 w_OMoveC2 => w_OMoveC2.(sig_OMoveC2).(msg).(c2) end) <> sig.(msg).(c3)))) : State S7 :=
  match s with
  | st6 w_XJoin w_OJoin w_XMoveC1 w_OMoveC1 w_XMoveC2 w_OMoveC2 =>
      st7 w_XJoin w_OJoin w_XMoveC1 w_OMoveC1 w_XMoveC2 w_OMoveC2 {| sig_XMoveC3 := sig; guard := Hguard |}
  end.

Definition step_omovec3_from_s7 (s : State S7) (sig : Signed O P_OMoveC3)
  (Hguard : (andb (andb (andb (andb (andb (andb (andb (andb (andb (andb (andb (andb (andb (andb ((match s with st7 w_XJoin w_OJoin w_XMoveC1 w_OMoveC1 w_XMoveC2 w_OMoveC2 w_XMoveC3 => w_XMoveC1.(sig_XMoveC1).(msg).(c1) end) <> (match s with st7 w_XJoin w_OJoin w_XMoveC1 w_OMoveC1 w_XMoveC2 w_OMoveC2 w_XMoveC3 => w_OMoveC1.(sig_OMoveC1).(msg).(c1) end)) ((match s with st7 w_XJoin w_OJoin w_XMoveC1 w_OMoveC1 w_XMoveC2 w_OMoveC2 w_XMoveC3 => w_XMoveC1.(sig_XMoveC1).(msg).(c1) end) <> (match s with st7 w_XJoin w_OJoin w_XMoveC1 w_OMoveC1 w_XMoveC2 w_OMoveC2 w_XMoveC3 => w_XMoveC2.(sig_XMoveC2).(msg).(c2) end))) ((match s with st7 w_XJoin w_OJoin w_XMoveC1 w_OMoveC1 w_XMoveC2 w_OMoveC2 w_XMoveC3 => w_XMoveC1.(sig_XMoveC1).(msg).(c1) end) <> (match s with st7 w_XJoin w_OJoin w_XMoveC1 w_OMoveC1 w_XMoveC2 w_OMoveC2 w_XMoveC3 => w_OMoveC2.(sig_OMoveC2).(msg).(c2) end))) ((match s with st7 w_XJoin w_OJoin w_XMoveC1 w_OMoveC1 w_XMoveC2 w_OMoveC2 w_XMoveC3 => w_XMoveC1.(sig_XMoveC1).(msg).(c1) end) <> (match s with st7 w_XJoin w_OJoin w_XMoveC1 w_OMoveC1 w_XMoveC2 w_OMoveC2 w_XMoveC3 => w_XMoveC3.(sig_XMoveC3).(msg).(c3) end))) ((match s with st7 w_XJoin w_OJoin w_XMoveC1 w_OMoveC1 w_XMoveC2 w_OMoveC2 w_XMoveC3 => w_XMoveC1.(sig_XMoveC1).(msg).(c1) end) <> sig.(msg).(c3))) ((match s with st7 w_XJoin w_OJoin w_XMoveC1 w_OMoveC1 w_XMoveC2 w_OMoveC2 w_XMoveC3 => w_OMoveC1.(sig_OMoveC1).(msg).(c1) end) <> (match s with st7 w_XJoin w_OJoin w_XMoveC1 w_OMoveC1 w_XMoveC2 w_OMoveC2 w_XMoveC3 => w_XMoveC2.(sig_XMoveC2).(msg).(c2) end))) ((match s with st7 w_XJoin w_OJoin w_XMoveC1 w_OMoveC1 w_XMoveC2 w_OMoveC2 w_XMoveC3 => w_OMoveC1.(sig_OMoveC1).(msg).(c1) end) <> (match s with st7 w_XJoin w_OJoin w_XMoveC1 w_OMoveC1 w_XMoveC2 w_OMoveC2 w_XMoveC3 => w_OMoveC2.(sig_OMoveC2).(msg).(c2) end))) ((match s with st7 w_XJoin w_OJoin w_XMoveC1 w_OMoveC1 w_XMoveC2 w_OMoveC2 w_XMoveC3 => w_OMoveC1.(sig_OMoveC1).(msg).(c1) end) <> (match s with st7 w_XJoin w_OJoin w_XMoveC1 w_OMoveC1 w_XMoveC2 w_OMoveC2 w_XMoveC3 => w_XMoveC3.(sig_XMoveC3).(msg).(c3) end))) ((match s with st7 w_XJoin w_OJoin w_XMoveC1 w_OMoveC1 w_XMoveC2 w_OMoveC2 w_XMoveC3 => w_OMoveC1.(sig_OMoveC1).(msg).(c1) end) <> sig.(msg).(c3))) ((match s with st7 w_XJoin w_OJoin w_XMoveC1 w_OMoveC1 w_XMoveC2 w_OMoveC2 w_XMoveC3 => w_XMoveC2.(sig_XMoveC2).(msg).(c2) end) <> (match s with st7 w_XJoin w_OJoin w_XMoveC1 w_OMoveC1 w_XMoveC2 w_OMoveC2 w_XMoveC3 => w_OMoveC2.(sig_OMoveC2).(msg).(c2) end))) ((match s with st7 w_XJoin w_OJoin w_XMoveC1 w_OMoveC1 w_XMoveC2 w_OMoveC2 w_XMoveC3 => w_XMoveC2.(sig_XMoveC2).(msg).(c2) end) <> (match s with st7 w_XJoin w_OJoin w_XMoveC1 w_OMoveC1 w_XMoveC2 w_OMoveC2 w_XMoveC3 => w_XMoveC3.(sig_XMoveC3).(msg).(c3) end))) ((match s with st7 w_XJoin w_OJoin w_XMoveC1 w_OMoveC1 w_XMoveC2 w_OMoveC2 w_XMoveC3 => w_XMoveC2.(sig_XMoveC2).(msg).(c2) end) <> sig.(msg).(c3))) ((match s with st7 w_XJoin w_OJoin w_XMoveC1 w_OMoveC1 w_XMoveC2 w_OMoveC2 w_XMoveC3 => w_OMoveC2.(sig_OMoveC2).(msg).(c2) end) <> (match s with st7 w_XJoin w_OJoin w_XMoveC1 w_OMoveC1 w_XMoveC2 w_OMoveC2 w_XMoveC3 => w_XMoveC3.(sig_XMoveC3).(msg).(c3) end))) ((match s with st7 w_XJoin w_OJoin w_XMoveC1 w_OMoveC1 w_XMoveC2 w_OMoveC2 w_XMoveC3 => w_OMoveC2.(sig_OMoveC2).(msg).(c2) end) <> sig.(msg).(c3))) ((match s with st7 w_XJoin w_OJoin w_XMoveC1 w_OMoveC1 w_XMoveC2 w_OMoveC2 w_XMoveC3 => w_XMoveC3.(sig_XMoveC3).(msg).(c3) end) <> sig.(msg).(c3)))) : State S8 :=
  match s with
  | st7 w_XJoin w_OJoin w_XMoveC1 w_OMoveC1 w_XMoveC2 w_OMoveC2 w_XMoveC3 =>
      st8 w_XJoin w_OJoin w_XMoveC1 w_OMoveC1 w_XMoveC2 w_OMoveC2 w_XMoveC3 {| sig_OMoveC3 := sig; guard := Hguard |}
  end.

Definition step_xmovec4_from_s8 (s : State S8) (sig : Signed X P_XMoveC4)
  (Hguard : (andb (andb (andb (andb (andb (andb (andb (andb (andb (andb (andb (andb (andb (andb (andb (andb (andb (andb (andb (andb ((match s with st8 w_XJoin w_OJoin w_XMoveC1 w_OMoveC1 w_XMoveC2 w_OMoveC2 w_XMoveC3 w_OMoveC3 => w_XMoveC1.(sig_XMoveC1).(msg).(c1) end) <> (match s with st8 w_XJoin w_OJoin w_XMoveC1 w_OMoveC1 w_XMoveC2 w_OMoveC2 w_XMoveC3 w_OMoveC3 => w_OMoveC1.(sig_OMoveC1).(msg).(c1) end)) ((match s with st8 w_XJoin w_OJoin w_XMoveC1 w_OMoveC1 w_XMoveC2 w_OMoveC2 w_XMoveC3 w_OMoveC3 => w_XMoveC1.(sig_XMoveC1).(msg).(c1) end) <> (match s with st8 w_XJoin w_OJoin w_XMoveC1 w_OMoveC1 w_XMoveC2 w_OMoveC2 w_XMoveC3 w_OMoveC3 => w_XMoveC2.(sig_XMoveC2).(msg).(c2) end))) ((match s with st8 w_XJoin w_OJoin w_XMoveC1 w_OMoveC1 w_XMoveC2 w_OMoveC2 w_XMoveC3 w_OMoveC3 => w_XMoveC1.(sig_XMoveC1).(msg).(c1) end) <> (match s with st8 w_XJoin w_OJoin w_XMoveC1 w_OMoveC1 w_XMoveC2 w_OMoveC2 w_XMoveC3 w_OMoveC3 => w_OMoveC2.(sig_OMoveC2).(msg).(c2) end))) ((match s with st8 w_XJoin w_OJoin w_XMoveC1 w_OMoveC1 w_XMoveC2 w_OMoveC2 w_XMoveC3 w_OMoveC3 => w_XMoveC1.(sig_XMoveC1).(msg).(c1) end) <> (match s with st8 w_XJoin w_OJoin w_XMoveC1 w_OMoveC1 w_XMoveC2 w_OMoveC2 w_XMoveC3 w_OMoveC3 => w_XMoveC3.(sig_XMoveC3).(msg).(c3) end))) ((match s with st8 w_XJoin w_OJoin w_XMoveC1 w_OMoveC1 w_XMoveC2 w_OMoveC2 w_XMoveC3 w_OMoveC3 => w_XMoveC1.(sig_XMoveC1).(msg).(c1) end) <> (match s with st8 w_XJoin w_OJoin w_XMoveC1 w_OMoveC1 w_XMoveC2 w_OMoveC2 w_XMoveC3 w_OMoveC3 => w_OMoveC3.(sig_OMoveC3).(msg).(c3) end))) ((match s with st8 w_XJoin w_OJoin w_XMoveC1 w_OMoveC1 w_XMoveC2 w_OMoveC2 w_XMoveC3 w_OMoveC3 => w_XMoveC1.(sig_XMoveC1).(msg).(c1) end) <> sig.(msg).(c4))) ((match s with st8 w_XJoin w_OJoin w_XMoveC1 w_OMoveC1 w_XMoveC2 w_OMoveC2 w_XMoveC3 w_OMoveC3 => w_OMoveC1.(sig_OMoveC1).(msg).(c1) end) <> (match s with st8 w_XJoin w_OJoin w_XMoveC1 w_OMoveC1 w_XMoveC2 w_OMoveC2 w_XMoveC3 w_OMoveC3 => w_XMoveC2.(sig_XMoveC2).(msg).(c2) end))) ((match s with st8 w_XJoin w_OJoin w_XMoveC1 w_OMoveC1 w_XMoveC2 w_OMoveC2 w_XMoveC3 w_OMoveC3 => w_OMoveC1.(sig_OMoveC1).(msg).(c1) end) <> (match s with st8 w_XJoin w_OJoin w_XMoveC1 w_OMoveC1 w_XMoveC2 w_OMoveC2 w_XMoveC3 w_OMoveC3 => w_OMoveC2.(sig_OMoveC2).(msg).(c2) end))) ((match s with st8 w_XJoin w_OJoin w_XMoveC1 w_OMoveC1 w_XMoveC2 w_OMoveC2 w_XMoveC3 w_OMoveC3 => w_OMoveC1.(sig_OMoveC1).(msg).(c1) end) <> (match s with st8 w_XJoin w_OJoin w_XMoveC1 w_OMoveC1 w_XMoveC2 w_OMoveC2 w_XMoveC3 w_OMoveC3 => w_XMoveC3.(sig_XMoveC3).(msg).(c3) end))) ((match s with st8 w_XJoin w_OJoin w_XMoveC1 w_OMoveC1 w_XMoveC2 w_OMoveC2 w_XMoveC3 w_OMoveC3 => w_OMoveC1.(sig_OMoveC1).(msg).(c1) end) <> (match s with st8 w_XJoin w_OJoin w_XMoveC1 w_OMoveC1 w_XMoveC2 w_OMoveC2 w_XMoveC3 w_OMoveC3 => w_OMoveC3.(sig_OMoveC3).(msg).(c3) end))) ((match s with st8 w_XJoin w_OJoin w_XMoveC1 w_OMoveC1 w_XMoveC2 w_OMoveC2 w_XMoveC3 w_OMoveC3 => w_OMoveC1.(sig_OMoveC1).(msg).(c1) end) <> sig.(msg).(c4))) ((match s with st8 w_XJoin w_OJoin w_XMoveC1 w_OMoveC1 w_XMoveC2 w_OMoveC2 w_XMoveC3 w_OMoveC3 => w_XMoveC2.(sig_XMoveC2).(msg).(c2) end) <> (match s with st8 w_XJoin w_OJoin w_XMoveC1 w_OMoveC1 w_XMoveC2 w_OMoveC2 w_XMoveC3 w_OMoveC3 => w_OMoveC2.(sig_OMoveC2).(msg).(c2) end))) ((match s with st8 w_XJoin w_OJoin w_XMoveC1 w_OMoveC1 w_XMoveC2 w_OMoveC2 w_XMoveC3 w_OMoveC3 => w_XMoveC2.(sig_XMoveC2).(msg).(c2) end) <> (match s with st8 w_XJoin w_OJoin w_XMoveC1 w_OMoveC1 w_XMoveC2 w_OMoveC2 w_XMoveC3 w_OMoveC3 => w_XMoveC3.(sig_XMoveC3).(msg).(c3) end))) ((match s with st8 w_XJoin w_OJoin w_XMoveC1 w_OMoveC1 w_XMoveC2 w_OMoveC2 w_XMoveC3 w_OMoveC3 => w_XMoveC2.(sig_XMoveC2).(msg).(c2) end) <> (match s with st8 w_XJoin w_OJoin w_XMoveC1 w_OMoveC1 w_XMoveC2 w_OMoveC2 w_XMoveC3 w_OMoveC3 => w_OMoveC3.(sig_OMoveC3).(msg).(c3) end))) ((match s with st8 w_XJoin w_OJoin w_XMoveC1 w_OMoveC1 w_XMoveC2 w_OMoveC2 w_XMoveC3 w_OMoveC3 => w_XMoveC2.(sig_XMoveC2).(msg).(c2) end) <> sig.(msg).(c4))) ((match s with st8 w_XJoin w_OJoin w_XMoveC1 w_OMoveC1 w_XMoveC2 w_OMoveC2 w_XMoveC3 w_OMoveC3 => w_OMoveC2.(sig_OMoveC2).(msg).(c2) end) <> (match s with st8 w_XJoin w_OJoin w_XMoveC1 w_OMoveC1 w_XMoveC2 w_OMoveC2 w_XMoveC3 w_OMoveC3 => w_XMoveC3.(sig_XMoveC3).(msg).(c3) end))) ((match s with st8 w_XJoin w_OJoin w_XMoveC1 w_OMoveC1 w_XMoveC2 w_OMoveC2 w_XMoveC3 w_OMoveC3 => w_OMoveC2.(sig_OMoveC2).(msg).(c2) end) <> (match s with st8 w_XJoin w_OJoin w_XMoveC1 w_OMoveC1 w_XMoveC2 w_OMoveC2 w_XMoveC3 w_OMoveC3 => w_OMoveC3.(sig_OMoveC3).(msg).(c3) end))) ((match s with st8 w_XJoin w_OJoin w_XMoveC1 w_OMoveC1 w_XMoveC2 w_OMoveC2 w_XMoveC3 w_OMoveC3 => w_OMoveC2.(sig_OMoveC2).(msg).(c2) end) <> sig.(msg).(c4))) ((match s with st8 w_XJoin w_OJoin w_XMoveC1 w_OMoveC1 w_XMoveC2 w_OMoveC2 w_XMoveC3 w_OMoveC3 => w_XMoveC3.(sig_XMoveC3).(msg).(c3) end) <> (match s with st8 w_XJoin w_OJoin w_XMoveC1 w_OMoveC1 w_XMoveC2 w_OMoveC2 w_XMoveC3 w_OMoveC3 => w_OMoveC3.(sig_OMoveC3).(msg).(c3) end))) ((match s with st8 w_XJoin w_OJoin w_XMoveC1 w_OMoveC1 w_XMoveC2 w_OMoveC2 w_XMoveC3 w_OMoveC3 => w_XMoveC3.(sig_XMoveC3).(msg).(c3) end) <> sig.(msg).(c4))) ((match s with st8 w_XJoin w_OJoin w_XMoveC1 w_OMoveC1 w_XMoveC2 w_OMoveC2 w_XMoveC3 w_OMoveC3 => w_OMoveC3.(sig_OMoveC3).(msg).(c3) end) <> sig.(msg).(c4)))) : State S9 :=
  match s with
  | st8 w_XJoin w_OJoin w_XMoveC1 w_OMoveC1 w_XMoveC2 w_OMoveC2 w_XMoveC3 w_OMoveC3 =>
      st9 w_XJoin w_OJoin w_XMoveC1 w_OMoveC1 w_XMoveC2 w_OMoveC2 w_XMoveC3 w_OMoveC3 {| sig_XMoveC4 := sig; guard := Hguard |}
  end.

Definition step_omovec4_from_s9 (s : State S9) (sig : Signed O P_OMoveC4)
  (Hguard : (andb (andb (andb (andb (andb (andb (andb (andb (andb (andb (andb (andb (andb (andb (andb (andb (andb (andb (andb (andb (andb (andb (andb (andb (andb (andb (andb ((match s with st9 w_XJoin w_OJoin w_XMoveC1 w_OMoveC1 w_XMoveC2 w_OMoveC2 w_XMoveC3 w_OMoveC3 w_XMoveC4 => w_XMoveC1.(sig_XMoveC1).(msg).(c1) end) <> (match s with st9 w_XJoin w_OJoin w_XMoveC1 w_OMoveC1 w_XMoveC2 w_OMoveC2 w_XMoveC3 w_OMoveC3 w_XMoveC4 => w_OMoveC1.(sig_OMoveC1).(msg).(c1) end)) ((match s with st9 w_XJoin w_OJoin w_XMoveC1 w_OMoveC1 w_XMoveC2 w_OMoveC2 w_XMoveC3 w_OMoveC3 w_XMoveC4 => w_XMoveC1.(sig_XMoveC1).(msg).(c1) end) <> (match s with st9 w_XJoin w_OJoin w_XMoveC1 w_OMoveC1 w_XMoveC2 w_OMoveC2 w_XMoveC3 w_OMoveC3 w_XMoveC4 => w_XMoveC2.(sig_XMoveC2).(msg).(c2) end))) ((match s with st9 w_XJoin w_OJoin w_XMoveC1 w_OMoveC1 w_XMoveC2 w_OMoveC2 w_XMoveC3 w_OMoveC3 w_XMoveC4 => w_XMoveC1.(sig_XMoveC1).(msg).(c1) end) <> (match s with st9 w_XJoin w_OJoin w_XMoveC1 w_OMoveC1 w_XMoveC2 w_OMoveC2 w_XMoveC3 w_OMoveC3 w_XMoveC4 => w_OMoveC2.(sig_OMoveC2).(msg).(c2) end))) ((match s with st9 w_XJoin w_OJoin w_XMoveC1 w_OMoveC1 w_XMoveC2 w_OMoveC2 w_XMoveC3 w_OMoveC3 w_XMoveC4 => w_XMoveC1.(sig_XMoveC1).(msg).(c1) end) <> (match s with st9 w_XJoin w_OJoin w_XMoveC1 w_OMoveC1 w_XMoveC2 w_OMoveC2 w_XMoveC3 w_OMoveC3 w_XMoveC4 => w_XMoveC3.(sig_XMoveC3).(msg).(c3) end))) ((match s with st9 w_XJoin w_OJoin w_XMoveC1 w_OMoveC1 w_XMoveC2 w_OMoveC2 w_XMoveC3 w_OMoveC3 w_XMoveC4 => w_XMoveC1.(sig_XMoveC1).(msg).(c1) end) <> (match s with st9 w_XJoin w_OJoin w_XMoveC1 w_OMoveC1 w_XMoveC2 w_OMoveC2 w_XMoveC3 w_OMoveC3 w_XMoveC4 => w_OMoveC3.(sig_OMoveC3).(msg).(c3) end))) ((match s with st9 w_XJoin w_OJoin w_XMoveC1 w_OMoveC1 w_XMoveC2 w_OMoveC2 w_XMoveC3 w_OMoveC3 w_XMoveC4 => w_XMoveC1.(sig_XMoveC1).(msg).(c1) end) <> (match s with st9 w_XJoin w_OJoin w_XMoveC1 w_OMoveC1 w_XMoveC2 w_OMoveC2 w_XMoveC3 w_OMoveC3 w_XMoveC4 => w_XMoveC4.(sig_XMoveC4).(msg).(c4) end))) ((match s with st9 w_XJoin w_OJoin w_XMoveC1 w_OMoveC1 w_XMoveC2 w_OMoveC2 w_XMoveC3 w_OMoveC3 w_XMoveC4 => w_XMoveC1.(sig_XMoveC1).(msg).(c1) end) <> sig.(msg).(c4))) ((match s with st9 w_XJoin w_OJoin w_XMoveC1 w_OMoveC1 w_XMoveC2 w_OMoveC2 w_XMoveC3 w_OMoveC3 w_XMoveC4 => w_OMoveC1.(sig_OMoveC1).(msg).(c1) end) <> (match s with st9 w_XJoin w_OJoin w_XMoveC1 w_OMoveC1 w_XMoveC2 w_OMoveC2 w_XMoveC3 w_OMoveC3 w_XMoveC4 => w_XMoveC2.(sig_XMoveC2).(msg).(c2) end))) ((match s with st9 w_XJoin w_OJoin w_XMoveC1 w_OMoveC1 w_XMoveC2 w_OMoveC2 w_XMoveC3 w_OMoveC3 w_XMoveC4 => w_OMoveC1.(sig_OMoveC1).(msg).(c1) end) <> (match s with st9 w_XJoin w_OJoin w_XMoveC1 w_OMoveC1 w_XMoveC2 w_OMoveC2 w_XMoveC3 w_OMoveC3 w_XMoveC4 => w_OMoveC2.(sig_OMoveC2).(msg).(c2) end))) ((match s with st9 w_XJoin w_OJoin w_XMoveC1 w_OMoveC1 w_XMoveC2 w_OMoveC2 w_XMoveC3 w_OMoveC3 w_XMoveC4 => w_OMoveC1.(sig_OMoveC1).(msg).(c1) end) <> (match s with st9 w_XJoin w_OJoin w_XMoveC1 w_OMoveC1 w_XMoveC2 w_OMoveC2 w_XMoveC3 w_OMoveC3 w_XMoveC4 => w_XMoveC3.(sig_XMoveC3).(msg).(c3) end))) ((match s with st9 w_XJoin w_OJoin w_XMoveC1 w_OMoveC1 w_XMoveC2 w_OMoveC2 w_XMoveC3 w_OMoveC3 w_XMoveC4 => w_OMoveC1.(sig_OMoveC1).(msg).(c1) end) <> (match s with st9 w_XJoin w_OJoin w_XMoveC1 w_OMoveC1 w_XMoveC2 w_OMoveC2 w_XMoveC3 w_OMoveC3 w_XMoveC4 => w_OMoveC3.(sig_OMoveC3).(msg).(c3) end))) ((match s with st9 w_XJoin w_OJoin w_XMoveC1 w_OMoveC1 w_XMoveC2 w_OMoveC2 w_XMoveC3 w_OMoveC3 w_XMoveC4 => w_OMoveC1.(sig_OMoveC1).(msg).(c1) end) <> (match s with st9 w_XJoin w_OJoin w_XMoveC1 w_OMoveC1 w_XMoveC2 w_OMoveC2 w_XMoveC3 w_OMoveC3 w_XMoveC4 => w_XMoveC4.(sig_XMoveC4).(msg).(c4) end))) ((match s with st9 w_XJoin w_OJoin w_XMoveC1 w_OMoveC1 w_XMoveC2 w_OMoveC2 w_XMoveC3 w_OMoveC3 w_XMoveC4 => w_OMoveC1.(sig_OMoveC1).(msg).(c1) end) <> sig.(msg).(c4))) ((match s with st9 w_XJoin w_OJoin w_XMoveC1 w_OMoveC1 w_XMoveC2 w_OMoveC2 w_XMoveC3 w_OMoveC3 w_XMoveC4 => w_XMoveC2.(sig_XMoveC2).(msg).(c2) end) <> (match s with st9 w_XJoin w_OJoin w_XMoveC1 w_OMoveC1 w_XMoveC2 w_OMoveC2 w_XMoveC3 w_OMoveC3 w_XMoveC4 => w_OMoveC2.(sig_OMoveC2).(msg).(c2) end))) ((match s with st9 w_XJoin w_OJoin w_XMoveC1 w_OMoveC1 w_XMoveC2 w_OMoveC2 w_XMoveC3 w_OMoveC3 w_XMoveC4 => w_XMoveC2.(sig_XMoveC2).(msg).(c2) end) <> (match s with st9 w_XJoin w_OJoin w_XMoveC1 w_OMoveC1 w_XMoveC2 w_OMoveC2 w_XMoveC3 w_OMoveC3 w_XMoveC4 => w_XMoveC3.(sig_XMoveC3).(msg).(c3) end))) ((match s with st9 w_XJoin w_OJoin w_XMoveC1 w_OMoveC1 w_XMoveC2 w_OMoveC2 w_XMoveC3 w_OMoveC3 w_XMoveC4 => w_XMoveC2.(sig_XMoveC2).(msg).(c2) end) <> (match s with st9 w_XJoin w_OJoin w_XMoveC1 w_OMoveC1 w_XMoveC2 w_OMoveC2 w_XMoveC3 w_OMoveC3 w_XMoveC4 => w_OMoveC3.(sig_OMoveC3).(msg).(c3) end))) ((match s with st9 w_XJoin w_OJoin w_XMoveC1 w_OMoveC1 w_XMoveC2 w_OMoveC2 w_XMoveC3 w_OMoveC3 w_XMoveC4 => w_XMoveC2.(sig_XMoveC2).(msg).(c2) end) <> (match s with st9 w_XJoin w_OJoin w_XMoveC1 w_OMoveC1 w_XMoveC2 w_OMoveC2 w_XMoveC3 w_OMoveC3 w_XMoveC4 => w_XMoveC4.(sig_XMoveC4).(msg).(c4) end))) ((match s with st9 w_XJoin w_OJoin w_XMoveC1 w_OMoveC1 w_XMoveC2 w_OMoveC2 w_XMoveC3 w_OMoveC3 w_XMoveC4 => w_XMoveC2.(sig_XMoveC2).(msg).(c2) end) <> sig.(msg).(c4))) ((match s with st9 w_XJoin w_OJoin w_XMoveC1 w_OMoveC1 w_XMoveC2 w_OMoveC2 w_XMoveC3 w_OMoveC3 w_XMoveC4 => w_OMoveC2.(sig_OMoveC2).(msg).(c2) end) <> (match s with st9 w_XJoin w_OJoin w_XMoveC1 w_OMoveC1 w_XMoveC2 w_OMoveC2 w_XMoveC3 w_OMoveC3 w_XMoveC4 => w_XMoveC3.(sig_XMoveC3).(msg).(c3) end))) ((match s with st9 w_XJoin w_OJoin w_XMoveC1 w_OMoveC1 w_XMoveC2 w_OMoveC2 w_XMoveC3 w_OMoveC3 w_XMoveC4 => w_OMoveC2.(sig_OMoveC2).(msg).(c2) end) <> (match s with st9 w_XJoin w_OJoin w_XMoveC1 w_OMoveC1 w_XMoveC2 w_OMoveC2 w_XMoveC3 w_OMoveC3 w_XMoveC4 => w_OMoveC3.(sig_OMoveC3).(msg).(c3) end))) ((match s with st9 w_XJoin w_OJoin w_XMoveC1 w_OMoveC1 w_XMoveC2 w_OMoveC2 w_XMoveC3 w_OMoveC3 w_XMoveC4 => w_OMoveC2.(sig_OMoveC2).(msg).(c2) end) <> (match s with st9 w_XJoin w_OJoin w_XMoveC1 w_OMoveC1 w_XMoveC2 w_OMoveC2 w_XMoveC3 w_OMoveC3 w_XMoveC4 => w_XMoveC4.(sig_XMoveC4).(msg).(c4) end))) ((match s with st9 w_XJoin w_OJoin w_XMoveC1 w_OMoveC1 w_XMoveC2 w_OMoveC2 w_XMoveC3 w_OMoveC3 w_XMoveC4 => w_OMoveC2.(sig_OMoveC2).(msg).(c2) end) <> sig.(msg).(c4))) ((match s with st9 w_XJoin w_OJoin w_XMoveC1 w_OMoveC1 w_XMoveC2 w_OMoveC2 w_XMoveC3 w_OMoveC3 w_XMoveC4 => w_XMoveC3.(sig_XMoveC3).(msg).(c3) end) <> (match s with st9 w_XJoin w_OJoin w_XMoveC1 w_OMoveC1 w_XMoveC2 w_OMoveC2 w_XMoveC3 w_OMoveC3 w_XMoveC4 => w_OMoveC3.(sig_OMoveC3).(msg).(c3) end))) ((match s with st9 w_XJoin w_OJoin w_XMoveC1 w_OMoveC1 w_XMoveC2 w_OMoveC2 w_XMoveC3 w_OMoveC3 w_XMoveC4 => w_XMoveC3.(sig_XMoveC3).(msg).(c3) end) <> (match s with st9 w_XJoin w_OJoin w_XMoveC1 w_OMoveC1 w_XMoveC2 w_OMoveC2 w_XMoveC3 w_OMoveC3 w_XMoveC4 => w_XMoveC4.(sig_XMoveC4).(msg).(c4) end))) ((match s with st9 w_XJoin w_OJoin w_XMoveC1 w_OMoveC1 w_XMoveC2 w_OMoveC2 w_XMoveC3 w_OMoveC3 w_XMoveC4 => w_XMoveC3.(sig_XMoveC3).(msg).(c3) end) <> sig.(msg).(c4))) ((match s with st9 w_XJoin w_OJoin w_XMoveC1 w_OMoveC1 w_XMoveC2 w_OMoveC2 w_XMoveC3 w_OMoveC3 w_XMoveC4 => w_OMoveC3.(sig_OMoveC3).(msg).(c3) end) <> (match s with st9 w_XJoin w_OJoin w_XMoveC1 w_OMoveC1 w_XMoveC2 w_OMoveC2 w_XMoveC3 w_OMoveC3 w_XMoveC4 => w_XMoveC4.(sig_XMoveC4).(msg).(c4) end))) ((match s with st9 w_XJoin w_OJoin w_XMoveC1 w_OMoveC1 w_XMoveC2 w_OMoveC2 w_XMoveC3 w_OMoveC3 w_XMoveC4 => w_OMoveC3.(sig_OMoveC3).(msg).(c3) end) <> sig.(msg).(c4))) ((match s with st9 w_XJoin w_OJoin w_XMoveC1 w_OMoveC1 w_XMoveC2 w_OMoveC2 w_XMoveC3 w_OMoveC3 w_XMoveC4 => w_XMoveC4.(sig_XMoveC4).(msg).(c4) end) <> sig.(msg).(c4)))) : State S10 :=
  match s with
  | st9 w_XJoin w_OJoin w_XMoveC1 w_OMoveC1 w_XMoveC2 w_OMoveC2 w_XMoveC3 w_OMoveC3 w_XMoveC4 =>
      st10 w_XJoin w_OJoin w_XMoveC1 w_OMoveC1 w_XMoveC2 w_OMoveC2 w_XMoveC3 w_OMoveC3 w_XMoveC4 {| sig_OMoveC4 := sig; guard := Hguard |}
  end.

End TicTacToe_Protocol.> but was:<[Change at line 98]   sig_OMoveC1 : Signed O P_OMoveC1;
  guard : (w_XMoveC1.(sig_XMoveC1).(msg).(c1) <> sig_OMoveC1.(msg).(c1));
}.

Record W_XMoveC2 (w_XJoin : W_XJoin) (w_OJoin : (W_OJoin w_XJoin)) (w_XMoveC1 : (W_XMoveC1 w_XJoin w_OJoin)) (w_OMoveC1 : (W_OMoveC1 w_XJoin w_OJoin w_XMoveC1)) : Type := {
  sig_XMoveC2 : Signed X P_XMoveC2;
  guard : andb andb (w_XMoveC1.(sig_XMoveC1).(msg).(c1) <> w_OMoveC1.(sig_OMoveC1).(msg).(c1)) (w_XMoveC1.(sig_XMoveC1).(msg).(c1) <> sig_XMoveC2.(msg).(c2)) (w_OMoveC1.(sig_OMoveC1).(msg).(c1) <> sig_XMoveC2.(msg).(c2));
}.

Record W_OMoveC2 (w_XJoin : W_XJoin) (w_OJoin : (W_OJoin w_XJoin)) (w_XMoveC1 : (W_XMoveC1 w_XJoin w_OJoin)) (w_OMoveC1 : (W_OMoveC1 w_XJoin w_OJoin w_XMoveC1)) (w_XMoveC2 : (W_XMoveC2 w_XJoin w_OJoin w_XMoveC1 w_OMoveC1)) : Type := {
  sig_OMoveC2 : Signed O P_OMoveC2;
  guard : andb andb andb andb andb (w_XMoveC1.(sig_XMoveC1).(msg).(c1) <> w_OMoveC1.(sig_OMoveC1).(msg).(c1)) (w_XMoveC1.(sig_XMoveC1).(msg).(c1) <> w_XMoveC2.(sig_XMoveC2).(msg).(c2)) (w_XMoveC1.(sig_XMoveC1).(msg).(c1) <> sig_OMoveC2.(msg).(c2)) (w_OMoveC1.(sig_OMoveC1).(msg).(c1) <> w_XMoveC2.(sig_XMoveC2).(msg).(c2)) (w_OMoveC1.(sig_OMoveC1).(msg).(c1) <> sig_OMoveC2.(msg).(c2)) (w_XMoveC2.(sig_XMoveC2).(msg).(c2) <> sig_OMoveC2.(msg).(c2));
}.

Record W_XMoveC3 (w_XJoin : W_XJoin) (w_OJoin : (W_OJoin w_XJoin)) (w_XMoveC1 : (W_XMoveC1 w_XJoin w_OJoin)) (w_OMoveC1 : (W_OMoveC1 w_XJoin w_OJoin w_XMoveC1)) (w_XMoveC2 : (W_XMoveC2 w_XJoin w_OJoin w_XMoveC1 w_OMoveC1)) (w_OMoveC2 : (W_OMoveC2 w_XJoin w_OJoin w_XMoveC1 w_OMoveC1 w_XMoveC2)) : Type := {
  sig_XMoveC3 : Signed X P_XMoveC3;
  guard : andb andb andb andb andb andb andb andb andb (w_XMoveC1.(sig_XMoveC1).(msg).(c1) <> w_OMoveC1.(sig_OMoveC1).(msg).(c1)) (w_XMoveC1.(sig_XMoveC1).(msg).(c1) <> w_XMoveC2.(sig_XMoveC2).(msg).(c2)) (w_XMoveC1.(sig_XMoveC1).(msg).(c1) <> w_OMoveC2.(sig_OMoveC2).(msg).(c2)) (w_XMoveC1.(sig_XMoveC1).(msg).(c1) <> sig_XMoveC3.(msg).(c3)) (w_OMoveC1.(sig_OMoveC1).(msg).(c1) <> w_XMoveC2.(sig_XMoveC2).(msg).(c2)) (w_OMoveC1.(sig_OMoveC1).(msg).(c1) <> w_OMoveC2.(sig_OMoveC2).(msg).(c2)) (w_OMoveC1.(sig_OMoveC1).(msg).(c1) <> sig_XMoveC3.(msg).(c3)) (w_XMoveC2.(sig_XMoveC2).(msg).(c2) <> w_OMoveC2.(sig_OMoveC2).(msg).(c2)) (w_XMoveC2.(sig_XMoveC2).(msg).(c2) <> sig_XMoveC3.(msg).(c3)) (w_OMoveC2.(sig_OMoveC2).(msg).(c2) <> sig_XMoveC3.(msg).(c3));
}.

Record W_OMoveC3 (w_XJoin : W_XJoin) (w_OJoin : (W_OJoin w_XJoin)) (w_XMoveC1 : (W_XMoveC1 w_XJoin w_OJoin)) (w_OMoveC1 : (W_OMoveC1 w_XJoin w_OJoin w_XMoveC1)) (w_XMoveC2 : (W_XMoveC2 w_XJoin w_OJoin w_XMoveC1 w_OMoveC1)) (w_OMoveC2 : (W_OMoveC2 w_XJoin w_OJoin w_XMoveC1 w_OMoveC1 w_XMoveC2)) (w_XMoveC3 : (W_XMoveC3 w_XJoin w_OJoin w_XMoveC1 w_OMoveC1 w_XMoveC2 w_OMoveC2)) : Type := {
  sig_OMoveC3 : Signed O P_OMoveC3;
  guard : andb andb andb andb andb andb andb andb andb andb andb andb andb andb (w_XMoveC1.(sig_XMoveC1).(msg).(c1) <> w_OMoveC1.(sig_OMoveC1).(msg).(c1)) (w_XMoveC1.(sig_XMoveC1).(msg).(c1) <> w_XMoveC2.(sig_XMoveC2).(msg).(c2)) (w_XMoveC1.(sig_XMoveC1).(msg).(c1) <> w_OMoveC2.(sig_OMoveC2).(msg).(c2)) (w_XMoveC1.(sig_XMoveC1).(msg).(c1) <> w_XMoveC3.(sig_XMoveC3).(msg).(c3)) (w_XMoveC1.(sig_XMoveC1).(msg).(c1) <> sig_OMoveC3.(msg).(c3)) (w_OMoveC1.(sig_OMoveC1).(msg).(c1) <> w_XMoveC2.(sig_XMoveC2).(msg).(c2)) (w_OMoveC1.(sig_OMoveC1).(msg).(c1) <> w_OMoveC2.(sig_OMoveC2).(msg).(c2)) (w_OMoveC1.(sig_OMoveC1).(msg).(c1) <> w_XMoveC3.(sig_XMoveC3).(msg).(c3)) (w_OMoveC1.(sig_OMoveC1).(msg).(c1) <> sig_OMoveC3.(msg).(c3)) (w_XMoveC2.(sig_XMoveC2).(msg).(c2) <> w_OMoveC2.(sig_OMoveC2).(msg).(c2)) (w_XMoveC2.(sig_XMoveC2).(msg).(c2) <> w_XMoveC3.(sig_XMoveC3).(msg).(c3)) (w_XMoveC2.(sig_XMoveC2).(msg).(c2) <> sig_OMoveC3.(msg).(c3)) (w_OMoveC2.(sig_OMoveC2).(msg).(c2) <> w_XMoveC3.(sig_XMoveC3).(msg).(c3)) (w_OMoveC2.(sig_OMoveC2).(msg).(c2) <> sig_OMoveC3.(msg).(c3)) (w_XMoveC3.(sig_XMoveC3).(msg).(c3) <> sig_OMoveC3.(msg).(c3));
}.

Record W_XMoveC4 (w_XJoin : W_XJoin) (w_OJoin : (W_OJoin w_XJoin)) (w_XMoveC1 : (W_XMoveC1 w_XJoin w_OJoin)) (w_OMoveC1 : (W_OMoveC1 w_XJoin w_OJoin w_XMoveC1)) (w_XMoveC2 : (W_XMoveC2 w_XJoin w_OJoin w_XMoveC1 w_OMoveC1)) (w_OMoveC2 : (W_OMoveC2 w_XJoin w_OJoin w_XMoveC1 w_OMoveC1 w_XMoveC2)) (w_XMoveC3 : (W_XMoveC3 w_XJoin w_OJoin w_XMoveC1 w_OMoveC1 w_XMoveC2 w_OMoveC2)) (w_OMoveC3 : (W_OMoveC3 w_XJoin w_OJoin w_XMoveC1 w_OMoveC1 w_XMoveC2 w_OMoveC2 w_XMoveC3)) : Type := {
  sig_XMoveC4 : Signed X P_XMoveC4;
  guard : andb andb andb andb andb andb andb andb andb andb andb andb andb andb andb andb andb andb andb andb (w_XMoveC1.(sig_XMoveC1).(msg).(c1) <> w_OMoveC1.(sig_OMoveC1).(msg).(c1)) (w_XMoveC1.(sig_XMoveC1).(msg).(c1) <> w_XMoveC2.(sig_XMoveC2).(msg).(c2)) (w_XMoveC1.(sig_XMoveC1).(msg).(c1) <> w_OMoveC2.(sig_OMoveC2).(msg).(c2)) (w_XMoveC1.(sig_XMoveC1).(msg).(c1) <> w_XMoveC3.(sig_XMoveC3).(msg).(c3)) (w_XMoveC1.(sig_XMoveC1).(msg).(c1) <> w_OMoveC3.(sig_OMoveC3).(msg).(c3)) (w_XMoveC1.(sig_XMoveC1).(msg).(c1) <> sig_XMoveC4.(msg).(c4)) (w_OMoveC1.(sig_OMoveC1).(msg).(c1) <> w_XMoveC2.(sig_XMoveC2).(msg).(c2)) (w_OMoveC1.(sig_OMoveC1).(msg).(c1) <> w_OMoveC2.(sig_OMoveC2).(msg).(c2)) (w_OMoveC1.(sig_OMoveC1).(msg).(c1) <> w_XMoveC3.(sig_XMoveC3).(msg).(c3)) (w_OMoveC1.(sig_OMoveC1).(msg).(c1) <> w_OMoveC3.(sig_OMoveC3).(msg).(c3)) (w_OMoveC1.(sig_OMoveC1).(msg).(c1) <> sig_XMoveC4.(msg).(c4)) (w_XMoveC2.(sig_XMoveC2).(msg).(c2) <> w_OMoveC2.(sig_OMoveC2).(msg).(c2)) (w_XMoveC2.(sig_XMoveC2).(msg).(c2) <> w_XMoveC3.(sig_XMoveC3).(msg).(c3)) (w_XMoveC2.(sig_XMoveC2).(msg).(c2) <> w_OMoveC3.(sig_OMoveC3).(msg).(c3)) (w_XMoveC2.(sig_XMoveC2).(msg).(c2) <> sig_XMoveC4.(msg).(c4)) (w_OMoveC2.(sig_OMoveC2).(msg).(c2) <> w_XMoveC3.(sig_XMoveC3).(msg).(c3)) (w_OMoveC2.(sig_OMoveC2).(msg).(c2) <> w_OMoveC3.(sig_OMoveC3).(msg).(c3)) (w_OMoveC2.(sig_OMoveC2).(msg).(c2) <> sig_XMoveC4.(msg).(c4)) (w_XMoveC3.(sig_XMoveC3).(msg).(c3) <> w_OMoveC3.(sig_OMoveC3).(msg).(c3)) (w_XMoveC3.(sig_XMoveC3).(msg).(c3) <> sig_XMoveC4.(msg).(c4)) (w_OMoveC3.(sig_OMoveC3).(msg).(c3) <> sig_XMoveC4.(msg).(c4));
}.

Record W_OMoveC4 (w_XJoin : W_XJoin) (w_OJoin : (W_OJoin w_XJoin)) (w_XMoveC1 : (W_XMoveC1 w_XJoin w_OJoin)) (w_OMoveC1 : (W_OMoveC1 w_XJoin w_OJoin w_XMoveC1)) (w_XMoveC2 : (W_XMoveC2 w_XJoin w_OJoin w_XMoveC1 w_OMoveC1)) (w_OMoveC2 : (W_OMoveC2 w_XJoin w_OJoin w_XMoveC1 w_OMoveC1 w_XMoveC2)) (w_XMoveC3 : (W_XMoveC3 w_XJoin w_OJoin w_XMoveC1 w_OMoveC1 w_XMoveC2 w_OMoveC2)) (w_OMoveC3 : (W_OMoveC3 w_XJoin w_OJoin w_XMoveC1 w_OMoveC1 w_XMoveC2 w_OMoveC2 w_XMoveC3)) (w_XMoveC4 : (W_XMoveC4 w_XJoin w_OJoin w_XMoveC1 w_OMoveC1 w_XMoveC2 w_OMoveC2 w_XMoveC3 w_OMoveC3)) : Type := {
  sig_OMoveC4 : Signed O P_OMoveC4;
  guard : andb andb andb andb andb andb andb andb andb andb andb andb andb andb andb andb andb andb andb andb andb andb andb andb andb andb andb (w_XMoveC1.(sig_XMoveC1).(msg).(c1) <> w_OMoveC1.(sig_OMoveC1).(msg).(c1)) (w_XMoveC1.(sig_XMoveC1).(msg).(c1) <> w_XMoveC2.(sig_XMoveC2).(msg).(c2)) (w_XMoveC1.(sig_XMoveC1).(msg).(c1) <> w_OMoveC2.(sig_OMoveC2).(msg).(c2)) (w_XMoveC1.(sig_XMoveC1).(msg).(c1) <> w_XMoveC3.(sig_XMoveC3).(msg).(c3)) (w_XMoveC1.(sig_XMoveC1).(msg).(c1) <> w_OMoveC3.(sig_OMoveC3).(msg).(c3)) (w_XMoveC1.(sig_XMoveC1).(msg).(c1) <> w_XMoveC4.(sig_XMoveC4).(msg).(c4)) (w_XMoveC1.(sig_XMoveC1).(msg).(c1) <> sig_OMoveC4.(msg).(c4)) (w_OMoveC1.(sig_OMoveC1).(msg).(c1) <> w_XMoveC2.(sig_XMoveC2).(msg).(c2)) (w_OMoveC1.(sig_OMoveC1).(msg).(c1) <> w_OMoveC2.(sig_OMoveC2).(msg).(c2)) (w_OMoveC1.(sig_OMoveC1).(msg).(c1) <> w_XMoveC3.(sig_XMoveC3).(msg).(c3)) (w_OMoveC1.(sig_OMoveC1).(msg).(c1) <> w_OMoveC3.(sig_OMoveC3).(msg).(c3)) (w_OMoveC1.(sig_OMoveC1).(msg).(c1) <> w_XMoveC4.(sig_XMoveC4).(msg).(c4)) (w_OMoveC1.(sig_OMoveC1).(msg).(c1) <> sig_OMoveC4.(msg).(c4)) (w_XMoveC2.(sig_XMoveC2).(msg).(c2) <> w_OMoveC2.(sig_OMoveC2).(msg).(c2)) (w_XMoveC2.(sig_XMoveC2).(msg).(c2) <> w_XMoveC3.(sig_XMoveC3).(msg).(c3)) (w_XMoveC2.(sig_XMoveC2).(msg).(c2) <> w_OMoveC3.(sig_OMoveC3).(msg).(c3)) (w_XMoveC2.(sig_XMoveC2).(msg).(c2) <> w_XMoveC4.(sig_XMoveC4).(msg).(c4)) (w_XMoveC2.(sig_XMoveC2).(msg).(c2) <> sig_OMoveC4.(msg).(c4)) (w_OMoveC2.(sig_OMoveC2).(msg).(c2) <> w_XMoveC3.(sig_XMoveC3).(msg).(c3)) (w_OMoveC2.(sig_OMoveC2).(msg).(c2) <> w_OMoveC3.(sig_OMoveC3).(msg).(c3)) (w_OMoveC2.(sig_OMoveC2).(msg).(c2) <> w_XMoveC4.(sig_XMoveC4).(msg).(c4)) (w_OMoveC2.(sig_OMoveC2).(msg).(c2) <> sig_OMoveC4.(msg).(c4)) (w_XMoveC3.(sig_XMoveC3).(msg).(c3) <> w_OMoveC3.(sig_OMoveC3).(msg).(c3)) (w_XMoveC3.(sig_XMoveC3).(msg).(c3) <> w_XMoveC4.(sig_XMoveC4).(msg).(c4)) (w_XMoveC3.(sig_XMoveC3).(msg).(c3) <> sig_OMoveC4.(msg).(c4)) (w_OMoveC3.(sig_OMoveC3).(msg).(c3) <> w_XMoveC4.(sig_XMoveC4).(msg).(c4)) (w_OMoveC3.(sig_OMoveC3).(msg).(c3) <> sig_OMoveC4.(msg).(c4)) (w_XMoveC4.(sig_XMoveC4).(msg).(c4) <> sig_OMoveC4.(msg).(c4));
}.

(* ===================== *)
(* 5) Typed runtime/ESM  *)
(* ===================== *)

Inductive Stage : Type :=
S0 | S1 | S2 | S3 | S4 | S5 | S6 | S7 | S8 | S9 | S10.

Inductive State : Stage -> Type :=
| st0 : State S0
| st1 : (w_XJoin : W_XJoin) -> State S1
| st2 : (w_XJoin : W_XJoin) (w_OJoin : (W_OJoin w_XJoin)) -> State S2
| st3 : (w_XJoin : W_XJoin) (w_OJoin : (W_OJoin w_XJoin)) (w_XMoveC1 : (W_XMoveC1 w_XJoin w_OJoin)) -> State S3
| st4 : (w_XJoin : W_XJoin) (w_OJoin : (W_OJoin w_XJoin)) (w_XMoveC1 : (W_XMoveC1 w_XJoin w_OJoin)) (w_OMoveC1 : (W_OMoveC1 w_XJoin w_OJoin w_XMoveC1)) -> State S4
| st5 : (w_XJoin : W_XJoin) (w_OJoin : (W_OJoin w_XJoin)) (w_XMoveC1 : (W_XMoveC1 w_XJoin w_OJoin)) (w_OMoveC1 : (W_OMoveC1 w_XJoin w_OJoin w_XMoveC1)) (w_XMoveC2 : (W_XMoveC2 w_XJoin w_OJoin w_XMoveC1 w_OMoveC1)) -> State S5
| st6 : (w_XJoin : W_XJoin) (w_OJoin : (W_OJoin w_XJoin)) (w_XMoveC1 : (W_XMoveC1 w_XJoin w_OJoin)) (w_OMoveC1 : (W_OMoveC1 w_XJoin w_OJoin w_XMoveC1)) (w_XMoveC2 : (W_XMoveC2 w_XJoin w_OJoin w_XMoveC1 w_OMoveC1)) (w_OMoveC2 : (W_OMoveC2 w_XJoin w_OJoin w_XMoveC1 w_OMoveC1 w_XMoveC2)) -> State S6
| st7 : (w_XJoin : W_XJoin) (w_OJoin : (W_OJoin w_XJoin)) (w_XMoveC1 : (W_XMoveC1 w_XJoin w_OJoin)) (w_OMoveC1 : (W_OMoveC1 w_XJoin w_OJoin w_XMoveC1)) (w_XMoveC2 : (W_XMoveC2 w_XJoin w_OJoin w_XMoveC1 w_OMoveC1)) (w_OMoveC2 : (W_OMoveC2 w_XJoin w_OJoin w_XMoveC1 w_OMoveC1 w_XMoveC2)) (w_XMoveC3 : (W_XMoveC3 w_XJoin w_OJoin w_XMoveC1 w_OMoveC1 w_XMoveC2 w_OMoveC2)) -> State S7
| st8 : (w_XJoin : W_XJoin) (w_OJoin : (W_OJoin w_XJoin)) (w_XMoveC1 : (W_XMoveC1 w_XJoin w_OJoin)) (w_OMoveC1 : (W_OMoveC1 w_XJoin w_OJoin w_XMoveC1)) (w_XMoveC2 : (W_XMoveC2 w_XJoin w_OJoin w_XMoveC1 w_OMoveC1)) (w_OMoveC2 : (W_OMoveC2 w_XJoin w_OJoin w_XMoveC1 w_OMoveC1 w_XMoveC2)) (w_XMoveC3 : (W_XMoveC3 w_XJoin w_OJoin w_XMoveC1 w_OMoveC1 w_XMoveC2 w_OMoveC2)) (w_OMoveC3 : (W_OMoveC3 w_XJoin w_OJoin w_XMoveC1 w_OMoveC1 w_XMoveC2 w_OMoveC2 w_XMoveC3)) -> State S8
| st9 : (w_XJoin : W_XJoin) (w_OJoin : (W_OJoin w_XJoin)) (w_XMoveC1 : (W_XMoveC1 w_XJoin w_OJoin)) (w_OMoveC1 : (W_OMoveC1 w_XJoin w_OJoin w_XMoveC1)) (w_XMoveC2 : (W_XMoveC2 w_XJoin w_OJoin w_XMoveC1 w_OMoveC1)) (w_OMoveC2 : (W_OMoveC2 w_XJoin w_OJoin w_XMoveC1 w_OMoveC1 w_XMoveC2)) (w_XMoveC3 : (W_XMoveC3 w_XJoin w_OJoin w_XMoveC1 w_OMoveC1 w_XMoveC2 w_OMoveC2)) (w_OMoveC3 : (W_OMoveC3 w_XJoin w_OJoin w_XMoveC1 w_OMoveC1 w_XMoveC2 w_OMoveC2 w_XMoveC3)) (w_XMoveC4 : (W_XMoveC4 w_XJoin w_OJoin w_XMoveC1 w_OMoveC1 w_XMoveC2 w_OMoveC2 w_XMoveC3 w_OMoveC3)) -> State S9
| st10 : (w_XJoin : W_XJoin) (w_OJoin : (W_OJoin w_XJoin)) (w_XMoveC1 : (W_XMoveC1 w_XJoin w_OJoin)) (w_OMoveC1 : (W_OMoveC1 w_XJoin w_OJoin w_XMoveC1)) (w_XMoveC2 : (W_XMoveC2 w_XJoin w_OJoin w_XMoveC1 w_OMoveC1)) (w_OMoveC2 : (W_OMoveC2 w_XJoin w_OJoin w_XMoveC1 w_OMoveC1 w_XMoveC2)) (w_XMoveC3 : (W_XMoveC3 w_XJoin w_OJoin w_XMoveC1 w_OMoveC1 w_XMoveC2 w_OMoveC2)) (w_OMoveC3 : (W_OMoveC3 w_XJoin w_OJoin w_XMoveC1 w_OMoveC1 w_XMoveC2 w_OMoveC2 w_XMoveC3)) (w_XMoveC4 : (W_XMoveC4 w_XJoin w_OJoin w_XMoveC1 w_OMoveC1 w_XMoveC2 w_OMoveC2 w_XMoveC3 w_OMoveC3)) (w_OMoveC4 : (W_OMoveC4 w_XJoin w_OJoin w_XMoveC1 w_OMoveC1 w_XMoveC2 w_OMoveC2 w_XMoveC3 w_OMoveC3 w_XMoveC4)) -> State S10
.

(* Step API *)
Definition step_xjoin_from_s0 (s : State S0) (sig : Signed X P_XJoin)
 : State S1 :=
  match s with
  | st0 =>
      st1 {| sig_XJoin := sig |}
  end.

Definition step_ojoin_from_s1 (s : State S1) (sig : Signed O P_OJoin)
 : State S2 :=
  match s with
  | st1 w_XJoin =>
      st2 w_XJoin {| sig_OJoin := sig |}
  end.

Definition step_xmovec1_from_s2 (s : State S2) (sig : Signed X P_XMoveC1)
 : State S3 :=
  match s with
  | st2 w_XJoin w_OJoin =>
      st3 w_XJoin w_OJoin {| sig_XMoveC1 := sig |}
  end.

Definition step_omovec1_from_s3 (s : State S3) (sig : Signed O P_OMoveC1)
  (Hguard : ((match s with st3 w_XJoin w_OJoin w_XMoveC1 => w_XMoveC1.(sig_XMoveC1).(msg).(c1) end) <> sig.(msg).(c1))) : State S4 :=
  match s with
  | st3 w_XJoin w_OJoin w_XMoveC1 =>
      st4 w_XJoin w_OJoin w_XMoveC1 {| sig_OMoveC1 := sig; guard := Hguard |}
  end.

Definition step_xmovec2_from_s4 (s : State S4) (sig : Signed X P_XMoveC2)
  (Hguard : (andb (andb ((match s with st4 w_XJoin w_OJoin w_XMoveC1 w_OMoveC1 => w_XMoveC1.(sig_XMoveC1).(msg).(c1) end) <> (match s with st4 w_XJoin w_OJoin w_XMoveC1 w_OMoveC1 => w_OMoveC1.(sig_OMoveC1).(msg).(c1) end)) ((match s with st4 w_XJoin w_OJoin w_XMoveC1 w_OMoveC1 => w_XMoveC1.(sig_XMoveC1).(msg).(c1) end) <> sig.(msg).(c2))) ((match s with st4 w_XJoin w_OJoin w_XMoveC1 w_OMoveC1 => w_OMoveC1.(sig_OMoveC1).(msg).(c1) end) <> sig.(msg).(c2)))) : State S5 :=
  match s with
  | st4 w_XJoin w_OJoin w_XMoveC1 w_OMoveC1 =>
      st5 w_XJoin w_OJoin w_XMoveC1 w_OMoveC1 {| sig_XMoveC2 := sig; guard := Hguard |}
  end.

Definition step_omovec2_from_s5 (s : State S5) (sig : Signed O P_OMoveC2)
  (Hguard : (andb (andb (andb (andb (andb ((match s with st5 w_XJoin w_OJoin w_XMoveC1 w_OMoveC1 w_XMoveC2 => w_XMoveC1.(sig_XMoveC1).(msg).(c1) end) <> (match s with st5 w_XJoin w_OJoin w_XMoveC1 w_OMoveC1 w_XMoveC2 => w_OMoveC1.(sig_OMoveC1).(msg).(c1) end)) ((match s with st5 w_XJoin w_OJoin w_XMoveC1 w_OMoveC1 w_XMoveC2 => w_XMoveC1.(sig_XMoveC1).(msg).(c1) end) <> (match s with st5 w_XJoin w_OJoin w_XMoveC1 w_OMoveC1 w_XMoveC2 => w_XMoveC2.(sig_XMoveC2).(msg).(c2) end))) ((match s with st5 w_XJoin w_OJoin w_XMoveC1 w_OMoveC1 w_XMoveC2 => w_XMoveC1.(sig_XMoveC1).(msg).(c1) end) <> sig.(msg).(c2))) ((match s with st5 w_XJoin w_OJoin w_XMoveC1 w_OMoveC1 w_XMoveC2 => w_OMoveC1.(sig_OMoveC1).(msg).(c1) end) <> (match s with st5 w_XJoin w_OJoin w_XMoveC1 w_OMoveC1 w_XMoveC2 => w_XMoveC2.(sig_XMoveC2).(msg).(c2) end))) ((match s with st5 w_XJoin w_OJoin w_XMoveC1 w_OMoveC1 w_XMoveC2 => w_OMoveC1.(sig_OMoveC1).(msg).(c1) end) <> sig.(msg).(c2))) ((match s with st5 w_XJoin w_OJoin w_XMoveC1 w_OMoveC1 w_XMoveC2 => w_XMoveC2.(sig_XMoveC2).(msg).(c2) end) <> sig.(msg).(c2)))) : State S6 :=
  match s with
  | st5 w_XJoin w_OJoin w_XMoveC1 w_OMoveC1 w_XMoveC2 =>
      st6 w_XJoin w_OJoin w_XMoveC1 w_OMoveC1 w_XMoveC2 {| sig_OMoveC2 := sig; guard := Hguard |}
  end.

Definition step_xmovec3_from_s6 (s : State S6) (sig : Signed X P_XMoveC3)

[Change at line 103]   sig_XMoveC2 : Signed X P_XMoveC2;
  guard : andb andb (w_XMoveC1.(sig_XMoveC1).(msg).(c1) <> w_OMoveC1.(sig_OMoveC1).(msg).(c1)) (w_XMoveC1.(sig_XMoveC1).(msg).(c1) <> sig_XMoveC2.(msg).(c2)) (w_OMoveC1.(sig_OMoveC1).(msg).(c1) <> sig_XMoveC2.(msg).(c2));
}.

Record W_OMoveC2 (w_XJoin : W_XJoin) (w_OJoin : (W_OJoin w_XJoin)) (w_XMoveC1 : (W_XMoveC1 w_XJoin w_OJoin)) (w_OMoveC1 : (W_OMoveC1 w_XJoin w_OJoin w_XMoveC1)) (w_XMoveC2 : (W_XMoveC2 w_XJoin w_OJoin w_XMoveC1 w_OMoveC1)) : Type := {
  sig_OMoveC2 : Signed O P_OMoveC2;
  guard : andb andb andb andb andb (w_XMoveC1.(sig_XMoveC1).(msg).(c1) <> w_OMoveC1.(sig_OMoveC1).(msg).(c1)) (w_XMoveC1.(sig_XMoveC1).(msg).(c1) <> w_XMoveC2.(sig_XMoveC2).(msg).(c2)) (w_XMoveC1.(sig_XMoveC1).(msg).(c1) <> sig_OMoveC2.(msg).(c2)) (w_OMoveC1.(sig_OMoveC1).(msg).(c1) <> w_XMoveC2.(sig_XMoveC2).(msg).(c2)) (w_OMoveC1.(sig_OMoveC1).(msg).(c1) <> sig_OMoveC2.(msg).(c2)) (w_XMoveC2.(sig_XMoveC2).(msg).(c2) <> sig_OMoveC2.(msg).(c2));
}.

Record W_XMoveC3 (w_XJoin : W_XJoin) (w_OJoin : (W_OJoin w_XJoin)) (w_XMoveC1 : (W_XMoveC1 w_XJoin w_OJoin)) (w_OMoveC1 : (W_OMoveC1 w_XJoin w_OJoin w_XMoveC1)) (w_XMoveC2 : (W_XMoveC2 w_XJoin w_OJoin w_XMoveC1 w_OMoveC1)) (w_OMoveC2 : (W_OMoveC2 w_XJoin w_OJoin w_XMoveC1 w_OMoveC1 w_XMoveC2)) : Type := {
  sig_XMoveC3 : Signed X P_XMoveC3;
  guard : andb andb andb andb andb andb andb andb andb (w_XMoveC1.(sig_XMoveC1).(msg).(c1) <> w_OMoveC1.(sig_OMoveC1).(msg).(c1)) (w_XMoveC1.(sig_XMoveC1).(msg).(c1) <> w_XMoveC2.(sig_XMoveC2).(msg).(c2)) (w_XMoveC1.(sig_XMoveC1).(msg).(c1) <> w_OMoveC2.(sig_OMoveC2).(msg).(c2)) (w_XMoveC1.(sig_XMoveC1).(msg).(c1) <> sig_XMoveC3.(msg).(c3)) (w_OMoveC1.(sig_OMoveC1).(msg).(c1) <> w_XMoveC2.(sig_XMoveC2).(msg).(c2)) (w_OMoveC1.(sig_OMoveC1).(msg).(c1) <> w_OMoveC2.(sig_OMoveC2).(msg).(c2)) (w_OMoveC1.(sig_OMoveC1).(msg).(c1) <> sig_XMoveC3.(msg).(c3)) (w_XMoveC2.(sig_XMoveC2).(msg).(c2) <> w_OMoveC2.(sig_OMoveC2).(msg).(c2)) (w_XMoveC2.(sig_XMoveC2).(msg).(c2) <> sig_XMoveC3.(msg).(c3)) (w_OMoveC2.(sig_OMoveC2).(msg).(c2) <> sig_XMoveC3.(msg).(c3));
}.

Record W_OMoveC3 (w_XJoin : W_XJoin) (w_OJoin : (W_OJoin w_XJoin)) (w_XMoveC1 : (W_XMoveC1 w_XJoin w_OJoin)) (w_OMoveC1 : (W_OMoveC1 w_XJoin w_OJoin w_XMoveC1)) (w_XMoveC2 : (W_XMoveC2 w_XJoin w_OJoin w_XMoveC1 w_OMoveC1)) (w_OMoveC2 : (W_OMoveC2 w_XJoin w_OJoin w_XMoveC1 w_OMoveC1 w_XMoveC2)) (w_XMoveC3 : (W_XMoveC3 w_XJoin w_OJoin w_XMoveC1 w_OMoveC1 w_XMoveC2 w_OMoveC2)) : Type := {
  sig_OMoveC3 : Signed O P_OMoveC3;
  guard : andb andb andb andb andb andb andb andb andb andb andb andb andb andb (w_XMoveC1.(sig_XMoveC1).(msg).(c1) <> w_OMoveC1.(sig_OMoveC1).(msg).(c1)) (w_XMoveC1.(sig_XMoveC1).(msg).(c1) <> w_XMoveC2.(sig_XMoveC2).(msg).(c2)) (w_XMoveC1.(sig_XMoveC1).(msg).(c1) <> w_OMoveC2.(sig_OMoveC2).(msg).(c2)) (w_XMoveC1.(sig_XMoveC1).(msg).(c1) <> w_XMoveC3.(sig_XMoveC3).(msg).(c3)) (w_XMoveC1.(sig_XMoveC1).(msg).(c1) <> sig_OMoveC3.(msg).(c3)) (w_OMoveC1.(sig_OMoveC1).(msg).(c1) <> w_XMoveC2.(sig_XMoveC2).(msg).(c2)) (w_OMoveC1.(sig_OMoveC1).(msg).(c1) <> w_OMoveC2.(sig_OMoveC2).(msg).(c2)) (w_OMoveC1.(sig_OMoveC1).(msg).(c1) <> w_XMoveC3.(sig_XMoveC3).(msg).(c3)) (w_OMoveC1.(sig_OMoveC1).(msg).(c1) <> sig_OMoveC3.(msg).(c3)) (w_XMoveC2.(sig_XMoveC2).(msg).(c2) <> w_OMoveC2.(sig_OMoveC2).(msg).(c2)) (w_XMoveC2.(sig_XMoveC2).(msg).(c2) <> w_XMoveC3.(sig_XMoveC3).(msg).(c3)) (w_XMoveC2.(sig_XMoveC2).(msg).(c2) <> sig_OMoveC3.(msg).(c3)) (w_OMoveC2.(sig_OMoveC2).(msg).(c2) <> w_XMoveC3.(sig_XMoveC3).(msg).(c3)) (w_OMoveC2.(sig_OMoveC2).(msg).(c2) <> sig_OMoveC3.(msg).(c3)) (w_XMoveC3.(sig_XMoveC3).(msg).(c3) <> sig_OMoveC3.(msg).(c3));
}.

Record W_XMoveC4 (w_XJoin : W_XJoin) (w_OJoin : (W_OJoin w_XJoin)) (w_XMoveC1 : (W_XMoveC1 w_XJoin w_OJoin)) (w_OMoveC1 : (W_OMoveC1 w_XJoin w_OJoin w_XMoveC1)) (w_XMoveC2 : (W_XMoveC2 w_XJoin w_OJoin w_XMoveC1 w_OMoveC1)) (w_OMoveC2 : (W_OMoveC2 w_XJoin w_OJoin w_XMoveC1 w_OMoveC1 w_XMoveC2)) (w_XMoveC3 : (W_XMoveC3 w_XJoin w_OJoin w_XMoveC1 w_OMoveC1 w_XMoveC2 w_OMoveC2)) (w_OMoveC3 : (W_OMoveC3 w_XJoin w_OJoin w_XMoveC1 w_OMoveC1 w_XMoveC2 w_OMoveC2 w_XMoveC3)) : Type := {
  sig_XMoveC4 : Signed X P_XMoveC4;
  guard : andb andb andb andb andb andb andb andb andb andb andb andb andb andb andb andb andb andb andb andb (w_XMoveC1.(sig_XMoveC1).(msg).(c1) <> w_OMoveC1.(sig_OMoveC1).(msg).(c1)) (w_XMoveC1.(sig_XMoveC1).(msg).(c1) <> w_XMoveC2.(sig_XMoveC2).(msg).(c2)) (w_XMoveC1.(sig_XMoveC1).(msg).(c1) <> w_OMoveC2.(sig_OMoveC2).(msg).(c2)) (w_XMoveC1.(sig_XMoveC1).(msg).(c1) <> w_XMoveC3.(sig_XMoveC3).(msg).(c3)) (w_XMoveC1.(sig_XMoveC1).(msg).(c1) <> w_OMoveC3.(sig_OMoveC3).(msg).(c3)) (w_XMoveC1.(sig_XMoveC1).(msg).(c1) <> sig_XMoveC4.(msg).(c4)) (w_OMoveC1.(sig_OMoveC1).(msg).(c1) <> w_XMoveC2.(sig_XMoveC2).(msg).(c2)) (w_OMoveC1.(sig_OMoveC1).(msg).(c1) <> w_OMoveC2.(sig_OMoveC2).(msg).(c2)) (w_OMoveC1.(sig_OMoveC1).(msg).(c1) <> w_XMoveC3.(sig_XMoveC3).(msg).(c3)) (w_OMoveC1.(sig_OMoveC1).(msg).(c1) <> w_OMoveC3.(sig_OMoveC3).(msg).(c3)) (w_OMoveC1.(sig_OMoveC1).(msg).(c1) <> sig_XMoveC4.(msg).(c4)) (w_XMoveC2.(sig_XMoveC2).(msg).(c2) <> w_OMoveC2.(sig_OMoveC2).(msg).(c2)) (w_XMoveC2.(sig_XMoveC2).(msg).(c2) <> w_XMoveC3.(sig_XMoveC3).(msg).(c3)) (w_XMoveC2.(sig_XMoveC2).(msg).(c2) <> w_OMoveC3.(sig_OMoveC3).(msg).(c3)) (w_XMoveC2.(sig_XMoveC2).(msg).(c2) <> sig_XMoveC4.(msg).(c4)) (w_OMoveC2.(sig_OMoveC2).(msg).(c2) <> w_XMoveC3.(sig_XMoveC3).(msg).(c3)) (w_OMoveC2.(sig_OMoveC2).(msg).(c2) <> w_OMoveC3.(sig_OMoveC3).(msg).(c3)) (w_OMoveC2.(sig_OMoveC2).(msg).(c2) <> sig_XMoveC4.(msg).(c4)) (w_XMoveC3.(sig_XMoveC3).(msg).(c3) <> w_OMoveC3.(sig_OMoveC3).(msg).(c3)) (w_XMoveC3.(sig_XMoveC3).(msg).(c3) <> sig_XMoveC4.(msg).(c4)) (w_OMoveC3.(sig_OMoveC3).(msg).(c3) <> sig_XMoveC4.(msg).(c4));
}.

Record W_OMoveC4 (w_XJoin : W_XJoin) (w_OJoin : (W_OJoin w_XJoin)) (w_XMoveC1 : (W_XMoveC1 w_XJoin w_OJoin)) (w_OMoveC1 : (W_OMoveC1 w_XJoin w_OJoin w_XMoveC1)) (w_XMoveC2 : (W_XMoveC2 w_XJoin w_OJoin w_XMoveC1 w_OMoveC1)) (w_OMoveC2 : (W_OMoveC2 w_XJoin w_OJoin w_XMoveC1 w_OMoveC1 w_XMoveC2)) (w_XMoveC3 : (W_XMoveC3 w_XJoin w_OJoin w_XMoveC1 w_OMoveC1 w_XMoveC2 w_OMoveC2)) (w_OMoveC3 : (W_OMoveC3 w_XJoin w_OJoin w_XMoveC1 w_OMoveC1 w_XMoveC2 w_OMoveC2 w_XMoveC3)) (w_XMoveC4 : (W_XMoveC4 w_XJoin w_OJoin w_XMoveC1 w_OMoveC1 w_XMoveC2 w_OMoveC2 w_XMoveC3 w_OMoveC3)) : Type := {
  sig_OMoveC4 : Signed O P_OMoveC4;
  guard : andb andb andb andb andb andb andb andb andb andb andb andb andb andb andb andb andb andb andb andb andb andb andb andb andb andb andb (w_XMoveC1.(sig_XMoveC1).(msg).(c1) <> w_OMoveC1.(sig_OMoveC1).(msg).(c1)) (w_XMoveC1.(sig_XMoveC1).(msg).(c1) <> w_XMoveC2.(sig_XMoveC2).(msg).(c2)) (w_XMoveC1.(sig_XMoveC1).(msg).(c1) <> w_OMoveC2.(sig_OMoveC2).(msg).(c2)) (w_XMoveC1.(sig_XMoveC1).(msg).(c1) <> w_XMoveC3.(sig_XMoveC3).(msg).(c3)) (w_XMoveC1.(sig_XMoveC1).(msg).(c1) <> w_OMoveC3.(sig_OMoveC3).(msg).(c3)) (w_XMoveC1.(sig_XMoveC1).(msg).(c1) <> w_XMoveC4.(sig_XMoveC4).(msg).(c4)) (w_XMoveC1.(sig_XMoveC1).(msg).(c1) <> sig_OMoveC4.(msg).(c4)) (w_OMoveC1.(sig_OMoveC1).(msg).(c1) <> w_XMoveC2.(sig_XMoveC2).(msg).(c2)) (w_OMoveC1.(sig_OMoveC1).(msg).(c1) <> w_OMoveC2.(sig_OMoveC2).(msg).(c2)) (w_OMoveC1.(sig_OMoveC1).(msg).(c1) <> w_XMoveC3.(sig_XMoveC3).(msg).(c3)) (w_OMoveC1.(sig_OMoveC1).(msg).(c1) <> w_OMoveC3.(sig_OMoveC3).(msg).(c3)) (w_OMoveC1.(sig_OMoveC1).(msg).(c1) <> w_XMoveC4.(sig_XMoveC4).(msg).(c4)) (w_OMoveC1.(sig_OMoveC1).(msg).(c1) <> sig_OMoveC4.(msg).(c4)) (w_XMoveC2.(sig_XMoveC2).(msg).(c2) <> w_OMoveC2.(sig_OMoveC2).(msg).(c2)) (w_XMoveC2.(sig_XMoveC2).(msg).(c2) <> w_XMoveC3.(sig_XMoveC3).(msg).(c3)) (w_XMoveC2.(sig_XMoveC2).(msg).(c2) <> w_OMoveC3.(sig_OMoveC3).(msg).(c3)) (w_XMoveC2.(sig_XMoveC2).(msg).(c2) <> w_XMoveC4.(sig_XMoveC4).(msg).(c4)) (w_XMoveC2.(sig_XMoveC2).(msg).(c2) <> sig_OMoveC4.(msg).(c4)) (w_OMoveC2.(sig_OMoveC2).(msg).(c2) <> w_XMoveC3.(sig_XMoveC3).(msg).(c3)) (w_OMoveC2.(sig_OMoveC2).(msg).(c2) <> w_OMoveC3.(sig_OMoveC3).(msg).(c3)) (w_OMoveC2.(sig_OMoveC2).(msg).(c2) <> w_XMoveC4.(sig_XMoveC4).(msg).(c4)) (w_OMoveC2.(sig_OMoveC2).(msg).(c2) <> sig_OMoveC4.(msg).(c4)) (w_XMoveC3.(sig_XMoveC3).(msg).(c3) <> w_OMoveC3.(sig_OMoveC3).(msg).(c3)) (w_XMoveC3.(sig_XMoveC3).(msg).(c3) <> w_XMoveC4.(sig_XMoveC4).(msg).(c4)) (w_XMoveC3.(sig_XMoveC3).(msg).(c3) <> sig_OMoveC4.(msg).(c4)) (w_OMoveC3.(sig_OMoveC3).(msg).(c3) <> w_XMoveC4.(sig_XMoveC4).(msg).(c4)) (w_OMoveC3.(sig_OMoveC3).(msg).(c3) <> sig_OMoveC4.(msg).(c4)) (w_XMoveC4.(sig_XMoveC4).(msg).(c4) <> sig_OMoveC4.(msg).(c4));
}.

(* ===================== *)
(* 5) Typed runtime/ESM  *)
(* ===================== *)

Inductive Stage : Type :=
S0 | S1 | S2 | S3 | S4 | S5 | S6 | S7 | S8 | S9 | S10.

Inductive State : Stage -> Type :=
| st0 : State S0
| st1 : (w_XJoin : W_XJoin) -> State S1
| st2 : (w_XJoin : W_XJoin) (w_OJoin : (W_OJoin w_XJoin)) -> State S2
| st3 : (w_XJoin : W_XJoin) (w_OJoin : (W_OJoin w_XJoin)) (w_XMoveC1 : (W_XMoveC1 w_XJoin w_OJoin)) -> State S3
| st4 : (w_XJoin : W_XJoin) (w_OJoin : (W_OJoin w_XJoin)) (w_XMoveC1 : (W_XMoveC1 w_XJoin w_OJoin)) (w_OMoveC1 : (W_OMoveC1 w_XJoin w_OJoin w_XMoveC1)) -> State S4
| st5 : (w_XJoin : W_XJoin) (w_OJoin : (W_OJoin w_XJoin)) (w_XMoveC1 : (W_XMoveC1 w_XJoin w_OJoin)) (w_OMoveC1 : (W_OMoveC1 w_XJoin w_OJoin w_XMoveC1)) (w_XMoveC2 : (W_XMoveC2 w_XJoin w_OJoin w_XMoveC1 w_OMoveC1)) -> State S5
| st6 : (w_XJoin : W_XJoin) (w_OJoin : (W_OJoin w_XJoin)) (w_XMoveC1 : (W_XMoveC1 w_XJoin w_OJoin)) (w_OMoveC1 : (W_OMoveC1 w_XJoin w_OJoin w_XMoveC1)) (w_XMoveC2 : (W_XMoveC2 w_XJoin w_OJoin w_XMoveC1 w_OMoveC1)) (w_OMoveC2 : (W_OMoveC2 w_XJoin w_OJoin w_XMoveC1 w_OMoveC1 w_XMoveC2)) -> State S6
| st7 : (w_XJoin : W_XJoin) (w_OJoin : (W_OJoin w_XJoin)) (w_XMoveC1 : (W_XMoveC1 w_XJoin w_OJoin)) (w_OMoveC1 : (W_OMoveC1 w_XJoin w_OJoin w_XMoveC1)) (w_XMoveC2 : (W_XMoveC2 w_XJoin w_OJoin w_XMoveC1 w_OMoveC1)) (w_OMoveC2 : (W_OMoveC2 w_XJoin w_OJoin w_XMoveC1 w_OMoveC1 w_XMoveC2)) (w_XMoveC3 : (W_XMoveC3 w_XJoin w_OJoin w_XMoveC1 w_OMoveC1 w_XMoveC2 w_OMoveC2)) -> State S7
| st8 : (w_XJoin : W_XJoin) (w_OJoin : (W_OJoin w_XJoin)) (w_XMoveC1 : (W_XMoveC1 w_XJoin w_OJoin)) (w_OMoveC1 : (W_OMoveC1 w_XJoin w_OJoin w_XMoveC1)) (w_XMoveC2 : (W_XMoveC2 w_XJoin w_OJoin w_XMoveC1 w_OMoveC1)) (w_OMoveC2 : (W_OMoveC2 w_XJoin w_OJoin w_XMoveC1 w_OMoveC1 w_XMoveC2)) (w_XMoveC3 : (W_XMoveC3 w_XJoin w_OJoin w_XMoveC1 w_OMoveC1 w_XMoveC2 w_OMoveC2)) (w_OMoveC3 : (W_OMoveC3 w_XJoin w_OJoin w_XMoveC1 w_OMoveC1 w_XMoveC2 w_OMoveC2 w_XMoveC3)) -> State S8
| st9 : (w_XJoin : W_XJoin) (w_OJoin : (W_OJoin w_XJoin)) (w_XMoveC1 : (W_XMoveC1 w_XJoin w_OJoin)) (w_OMoveC1 : (W_OMoveC1 w_XJoin w_OJoin w_XMoveC1)) (w_XMoveC2 : (W_XMoveC2 w_XJoin w_OJoin w_XMoveC1 w_OMoveC1)) (w_OMoveC2 : (W_OMoveC2 w_XJoin w_OJoin w_XMoveC1 w_OMoveC1 w_XMoveC2)) (w_XMoveC3 : (W_XMoveC3 w_XJoin w_OJoin w_XMoveC1 w_OMoveC1 w_XMoveC2 w_OMoveC2)) (w_OMoveC3 : (W_OMoveC3 w_XJoin w_OJoin w_XMoveC1 w_OMoveC1 w_XMoveC2 w_OMoveC2 w_XMoveC3)) (w_XMoveC4 : (W_XMoveC4 w_XJoin w_OJoin w_XMoveC1 w_OMoveC1 w_XMoveC2 w_OMoveC2 w_XMoveC3 w_OMoveC3)) -> State S9
| st10 : (w_XJoin : W_XJoin) (w_OJoin : (W_OJoin w_XJoin)) (w_XMoveC1 : (W_XMoveC1 w_XJoin w_OJoin)) (w_OMoveC1 : (W_OMoveC1 w_XJoin w_OJoin w_XMoveC1)) (w_XMoveC2 : (W_XMoveC2 w_XJoin w_OJoin w_XMoveC1 w_OMoveC1)) (w_OMoveC2 : (W_OMoveC2 w_XJoin w_OJoin w_XMoveC1 w_OMoveC1 w_XMoveC2)) (w_XMoveC3 : (W_XMoveC3 w_XJoin w_OJoin w_XMoveC1 w_OMoveC1 w_XMoveC2 w_OMoveC2)) (w_OMoveC3 : (W_OMoveC3 w_XJoin w_OJoin w_XMoveC1 w_OMoveC1 w_XMoveC2 w_OMoveC2 w_XMoveC3)) (w_XMoveC4 : (W_XMoveC4 w_XJoin w_OJoin w_XMoveC1 w_OMoveC1 w_XMoveC2 w_OMoveC2 w_XMoveC3 w_OMoveC3)) (w_OMoveC4 : (W_OMoveC4 w_XJoin w_OJoin w_XMoveC1 w_OMoveC1 w_XMoveC2 w_OMoveC2 w_XMoveC3 w_OMoveC3 w_XMoveC4)) -> State S10
.

(* Step API *)
Definition step_xjoin_from_s0 (s : State S0) (sig : Signed X P_XJoin)
 : State S1 :=
  match s with
  | st0 =>
      st1 {| sig_XJoin := sig |}
  end.

Definition step_ojoin_from_s1 (s : State S1) (sig : Signed O P_OJoin)
 : State S2 :=
  match s with
  | st1 w_XJoin =>
      st2 w_XJoin {| sig_OJoin := sig |}
  end.

Definition step_xmovec1_from_s2 (s : State S2) (sig : Signed X P_XMoveC1)
 : State S3 :=
  match s with
  | st2 w_XJoin w_OJoin =>
      st3 w_XJoin w_OJoin {| sig_XMoveC1 := sig |}
  end.

Definition step_omovec1_from_s3 (s : State S3) (sig : Signed O P_OMoveC1)
  (Hguard : ((match s with st3 w_XJoin w_OJoin w_XMoveC1 => w_XMoveC1.(sig_XMoveC1).(msg).(c1) end) <> sig.(msg).(c1))) : State S4 :=
  match s with
  | st3 w_XJoin w_OJoin w_XMoveC1 =>
      st4 w_XJoin w_OJoin w_XMoveC1 {| sig_OMoveC1 := sig; guard := Hguard |}
  end.

Definition step_xmovec2_from_s4 (s : State S4) (sig : Signed X P_XMoveC2)
  (Hguard : (andb (andb ((match s with st4 w_XJoin w_OJoin w_XMoveC1 w_OMoveC1 => w_XMoveC1.(sig_XMoveC1).(msg).(c1) end) <> (match s with st4 w_XJoin w_OJoin w_XMoveC1 w_OMoveC1 => w_OMoveC1.(sig_OMoveC1).(msg).(c1) end)) ((match s with st4 w_XJoin w_OJoin w_XMoveC1 w_OMoveC1 => w_XMoveC1.(sig_XMoveC1).(msg).(c1) end) <> sig.(msg).(c2))) ((match s with st4 w_XJoin w_OJoin w_XMoveC1 w_OMoveC1 => w_OMoveC1.(sig_OMoveC1).(msg).(c1) end) <> sig.(msg).(c2)))) : State S5 :=
  match s with
  | st4 w_XJoin w_OJoin w_XMoveC1 w_OMoveC1 =>
      st5 w_XJoin w_OJoin w_XMoveC1 w_OMoveC1 {| sig_XMoveC2 := sig; guard := Hguard |}
  end.

Definition step_omovec2_from_s5 (s : State S5) (sig : Signed O P_OMoveC2)
  (Hguard : (andb (andb (andb (andb (andb ((match s with st5 w_XJoin w_OJoin w_XMoveC1 w_OMoveC1 w_XMoveC2 => w_XMoveC1.(sig_XMoveC1).(msg).(c1) end) <> (match s with st5 w_XJoin w_OJoin w_XMoveC1 w_OMoveC1 w_XMoveC2 => w_OMoveC1.(sig_OMoveC1).(msg).(c1) end)) ((match s with st5 w_XJoin w_OJoin w_XMoveC1 w_OMoveC1 w_XMoveC2 => w_XMoveC1.(sig_XMoveC1).(msg).(c1) end) <> (match s with st5 w_XJoin w_OJoin w_XMoveC1 w_OMoveC1 w_XMoveC2 => w_XMoveC2.(sig_XMoveC2).(msg).(c2) end))) ((match s with st5 w_XJoin w_OJoin w_XMoveC1 w_OMoveC1 w_XMoveC2 => w_XMoveC1.(sig_XMoveC1).(msg).(c1) end) <> sig.(msg).(c2))) ((match s with st5 w_XJoin w_OJoin w_XMoveC1 w_OMoveC1 w_XMoveC2 => w_OMoveC1.(sig_OMoveC1).(msg).(c1) end) <> (match s with st5 w_XJoin w_OJoin w_XMoveC1 w_OMoveC1 w_XMoveC2 => w_XMoveC2.(sig_XMoveC2).(msg).(c2) end))) ((match s with st5 w_XJoin w_OJoin w_XMoveC1 w_OMoveC1 w_XMoveC2 => w_OMoveC1.(sig_OMoveC1).(msg).(c1) end) <> sig.(msg).(c2))) ((match s with st5 w_XJoin w_OJoin w_XMoveC1 w_OMoveC1 w_XMoveC2 => w_XMoveC2.(sig_XMoveC2).(msg).(c2) end) <> sig.(msg).(c2)))) : State S6 :=
  match s with
  | st5 w_XJoin w_OJoin w_XMoveC1 w_OMoveC1 w_XMoveC2 =>
      st6 w_XJoin w_OJoin w_XMoveC1 w_OMoveC1 w_XMoveC2 {| sig_OMoveC2 := sig; guard := Hguard |}
  end.

Definition step_xmovec3_from_s6 (s : State S6) (sig : Signed X P_XMoveC3)
  (Hguard : (andb (andb (andb (andb (andb (andb (andb (andb (andb ((match s with st6 w_XJoin w_OJoin w_XMoveC1 w_OMoveC1 w_XMoveC2 w_OMoveC2 => w_XMoveC1.(sig_XMoveC1).(msg).(c1) end) <> (match s with st6 w_XJoin w_OJoin w_XMoveC1 w_OMoveC1 w_XMoveC2 w_OMoveC2 => w_OMoveC1.(sig_OMoveC1).(msg).(c1) end)) ((match s with st6 w_XJoin w_OJoin w_XMoveC1 w_OMoveC1 w_XMoveC2 w_OMoveC2 => w_XMoveC1.(sig_XMoveC1).(msg).(c1) end) <> (match s with st6 w_XJoin w_OJoin w_XMoveC1 w_OMoveC1 w_XMoveC2 w_OMoveC2 => w_XMoveC2.(sig_XMoveC2).(msg).(c2) end))) ((match s with st6 w_XJoin w_OJoin w_XMoveC1 w_OMoveC1 w_XMoveC2 w_OMoveC2 => w_XMoveC1.(sig_XMoveC1).(msg).(c1) end) <> (match s with st6 w_XJoin w_OJoin w_XMoveC1 w_OMoveC1 w_XMoveC2 w_OMoveC2 => w_OMoveC2.(sig_OMoveC2).(msg).(c2) end))) ((match s with st6 w_XJoin w_OJoin w_XMoveC1 w_OMoveC1 w_XMoveC2 w_OMoveC2 => w_XMoveC1.(sig_XMoveC1).(msg).(c1) end) <> sig.(msg).(c3))) ((match s with st6 w_XJoin w_OJoin w_XMoveC1 w_OMoveC1 w_XMoveC2 w_OMoveC2 => w_OMoveC1.(sig_OMoveC1).(msg).(c1) end) <> (match s with st6 w_XJoin w_OJoin w_XMoveC1 w_OMoveC1 w_XMoveC2 w_OMoveC2 => w_XMoveC2.(sig_XMoveC2).(msg).(c2) end))) ((match s with st6 w_XJoin w_OJoin w_XMoveC1 w_OMoveC1 w_XMoveC2 w_OMoveC2 => w_OMoveC1.(sig_OMoveC1).(msg).(c1) end) <> (match s with st6 w_XJoin w_OJoin w_XMoveC1 w_OMoveC1 w_XMoveC2 w_OMoveC2 => w_OMoveC2.(sig_OMoveC2).(msg).(c2) end))) ((match s with st6 w_XJoin w_OJoin w_XMoveC1 w_OMoveC1 w_XMoveC2 w_OMoveC2 => w_OMoveC1.(sig_OMoveC1).(msg).(c1) end) <> sig.(msg).(c3))) ((match s with st6 w_XJoin w_OJoin w_XMoveC1 w_OMoveC1 w_XMoveC2 w_OMoveC2 => w_XMoveC2.(sig_XMoveC2).(msg).(c2) end) <> (match s with st6 w_XJoin w_OJoin w_XMoveC1 w_OMoveC1 w_XMoveC2 w_OMoveC2 => w_OMoveC2.(sig_OMoveC2).(msg).(c2) end))) ((match s with st6 w_XJoin w_OJoin w_XMoveC1 w_OMoveC1 w_XMoveC2 w_OMoveC2 => w_XMoveC2.(sig_XMoveC2).(msg).(c2) end) <> sig.(msg).(c3))) ((match s with st6 w_XJoin w_OJoin w_XMoveC1 w_OMoveC1 w_XMoveC2 w_OMoveC2 => w_OMoveC2.(sig_OMoveC2).(msg).(c2) end) <> sig.(msg).(c3)))) : State S7 :=
  match s with
  | st6 w_XJoin w_OJoin w_XMoveC1 w_OMoveC1 w_XMoveC2 w_OMoveC2 =>
      st7 w_XJoin w_OJoin w_XMoveC1 w_OMoveC1 w_XMoveC2 w_OMoveC2 {| sig_XMoveC3 := sig; guard := Hguard |}
  end.

Definition step_omovec3_from_s7 (s : State S7) (sig : Signed O P_OMoveC3)
  (Hguard : (andb (andb (andb (andb (andb (andb (andb (andb (andb (andb (andb (andb (andb (andb ((match s with st7 w_XJoin w_OJoin w_XMoveC1 w_OMoveC1 w_XMoveC2 w_OMoveC2 w_XMoveC3 => w_XMoveC1.(sig_XMoveC1).(msg).(c1) end) <> (match s with st7 w_XJoin w_OJoin w_XMoveC1 w_OMoveC1 w_XMoveC2 w_OMoveC2 w_XMoveC3 => w_OMoveC1.(sig_OMoveC1).(msg).(c1) end)) ((match s with st7 w_XJoin w_OJoin w_XMoveC1 w_OMoveC1 w_XMoveC2 w_OMoveC2 w_XMoveC3 => w_XMoveC1.(sig_XMoveC1).(msg).(c1) end) <> (match s with st7 w_XJoin w_OJoin w_XMoveC1 w_OMoveC1 w_XMoveC2 w_OMoveC2 w_XMoveC3 => w_XMoveC2.(sig_XMoveC2).(msg).(c2) end))) ((match s with st7 w_XJoin w_OJoin w_XMoveC1 w_OMoveC1 w_XMoveC2 w_OMoveC2 w_XMoveC3 => w_XMoveC1.(sig_XMoveC1).(msg).(c1) end) <> (match s with st7 w_XJoin w_OJoin w_XMoveC1 w_OMoveC1 w_XMoveC2 w_OMoveC2 w_XMoveC3 => w_OMoveC2.(sig_OMoveC2).(msg).(c2) end))) ((match s with st7 w_XJoin w_OJoin w_XMoveC1 w_OMoveC1 w_XMoveC2 w_OMoveC2 w_XMoveC3 => w_XMoveC1.(sig_XMoveC1).(msg).(c1) end) <> (match s with st7 w_XJoin w_OJoin w_XMoveC1 w_OMoveC1 w_XMoveC2 w_OMoveC2 w_XMoveC3 => w_XMoveC3.(sig_XMoveC3).(msg).(c3) end))) ((match s with st7 w_XJoin w_OJoin w_XMoveC1 w_OMoveC1 w_XMoveC2 w_OMoveC2 w_XMoveC3 => w_XMoveC1.(sig_XMoveC1).(msg).(c1) end) <> sig.(msg).(c3))) ((match s with st7 w_XJoin w_OJoin w_XMoveC1 w_OMoveC1 w_XMoveC2 w_OMoveC2 w_XMoveC3 => w_OMoveC1.(sig_OMoveC1).(msg).(c1) end) <> (match s with st7 w_XJoin w_OJoin w_XMoveC1 w_OMoveC1 w_XMoveC2 w_OMoveC2 w_XMoveC3 => w_XMoveC2.(sig_XMoveC2).(msg).(c2) end))) ((match s with st7 w_XJoin w_OJoin w_XMoveC1 w_OMoveC1 w_XMoveC2 w_OMoveC2 w_XMoveC3 => w_OMoveC1.(sig_OMoveC1).(msg).(c1) end) <> (match s with st7 w_XJoin w_OJoin w_XMoveC1 w_OMoveC1 w_XMoveC2 w_OMoveC2 w_XMoveC3 => w_OMoveC2.(sig_OMoveC2).(msg).(c2) end))) ((match s with st7 w_XJoin w_OJoin w_XMoveC1 w_OMoveC1 w_XMoveC2 w_OMoveC2 w_XMoveC3 => w_OMoveC1.(sig_OMoveC1).(msg).(c1) end) <> (match s with st7 w_XJoin w_OJoin w_XMoveC1 w_OMoveC1 w_XMoveC2 w_OMoveC2 w_XMoveC3 => w_XMoveC3.(sig_XMoveC3).(msg).(c3) end))) ((match s with st7 w_XJoin w_OJoin w_XMoveC1 w_OMoveC1 w_XMoveC2 w_OMoveC2 w_XMoveC3 => w_OMoveC1.(sig_OMoveC1).(msg).(c1) end) <> sig.(msg).(c3))) ((match s with st7 w_XJoin w_OJoin w_XMoveC1 w_OMoveC1 w_XMoveC2 w_OMoveC2 w_XMoveC3 => w_XMoveC2.(sig_XMoveC2).(msg).(c2) end) <> (match s with st7 w_XJoin w_OJoin w_XMoveC1 w_OMoveC1 w_XMoveC2 w_OMoveC2 w_XMoveC3 => w_OMoveC2.(sig_OMoveC2).(msg).(c2) end))) ((match s with st7 w_XJoin w_OJoin w_XMoveC1 w_OMoveC1 w_XMoveC2 w_OMoveC2 w_XMoveC3 => w_XMoveC2.(sig_XMoveC2).(msg).(c2) end) <> (match s with st7 w_XJoin w_OJoin w_XMoveC1 w_OMoveC1 w_XMoveC2 w_OMoveC2 w_XMoveC3 => w_XMoveC3.(sig_XMoveC3).(msg).(c3) end))) ((match s with st7 w_XJoin w_OJoin w_XMoveC1 w_OMoveC1 w_XMoveC2 w_OMoveC2 w_XMoveC3 => w_XMoveC2.(sig_XMoveC2).(msg).(c2) end) <> sig.(msg).(c3))) ((match s with st7 w_XJoin w_OJoin w_XMoveC1 w_OMoveC1 w_XMoveC2 w_OMoveC2 w_XMoveC3 => w_OMoveC2.(sig_OMoveC2).(msg).(c2) end) <> (match s with st7 w_XJoin w_OJoin w_XMoveC1 w_OMoveC1 w_XMoveC2 w_OMoveC2 w_XMoveC3 => w_XMoveC3.(sig_XMoveC3).(msg).(c3) end))) ((match s with st7 w_XJoin w_OJoin w_XMoveC1 w_OMoveC1 w_XMoveC2 w_OMoveC2 w_XMoveC3 => w_OMoveC2.(sig_OMoveC2).(msg).(c2) end) <> sig.(msg).(c3))) ((match s with st7 w_XJoin w_OJoin w_XMoveC1 w_OMoveC1 w_XMoveC2 w_OMoveC2 w_XMoveC3 => w_XMoveC3.(sig_XMoveC3).(msg).(c3) end) <> sig.(msg).(c3)))) : State S8 :=
  match s with
  | st7 w_XJoin w_OJoin w_XMoveC1 w_OMoveC1 w_XMoveC2 w_OMoveC2 w_XMoveC3 =>

[Change at line 108]   sig_OMoveC2 : Signed O P_OMoveC2;
  guard : andb andb andb andb andb (w_XMoveC1.(sig_XMoveC1).(msg).(c1) <> w_OMoveC1.(sig_OMoveC1).(msg).(c1)) (w_XMoveC1.(sig_XMoveC1).(msg).(c1) <> w_XMoveC2.(sig_XMoveC2).(msg).(c2)) (w_XMoveC1.(sig_XMoveC1).(msg).(c1) <> sig_OMoveC2.(msg).(c2)) (w_OMoveC1.(sig_OMoveC1).(msg).(c1) <> w_XMoveC2.(sig_XMoveC2).(msg).(c2)) (w_OMoveC1.(sig_OMoveC1).(msg).(c1) <> sig_OMoveC2.(msg).(c2)) (w_XMoveC2.(sig_XMoveC2).(msg).(c2) <> sig_OMoveC2.(msg).(c2));
}.

Record W_XMoveC3 (w_XJoin : W_XJoin) (w_OJoin : (W_OJoin w_XJoin)) (w_XMoveC1 : (W_XMoveC1 w_XJoin w_OJoin)) (w_OMoveC1 : (W_OMoveC1 w_XJoin w_OJoin w_XMoveC1)) (w_XMoveC2 : (W_XMoveC2 w_XJoin w_OJoin w_XMoveC1 w_OMoveC1)) (w_OMoveC2 : (W_OMoveC2 w_XJoin w_OJoin w_XMoveC1 w_OMoveC1 w_XMoveC2)) : Type := {
  sig_XMoveC3 : Signed X P_XMoveC3;
  guard : andb andb andb andb andb andb andb andb andb (w_XMoveC1.(sig_XMoveC1).(msg).(c1) <> w_OMoveC1.(sig_OMoveC1).(msg).(c1)) (w_XMoveC1.(sig_XMoveC1).(msg).(c1) <> w_XMoveC2.(sig_XMoveC2).(msg).(c2)) (w_XMoveC1.(sig_XMoveC1).(msg).(c1) <> w_OMoveC2.(sig_OMoveC2).(msg).(c2)) (w_XMoveC1.(sig_XMoveC1).(msg).(c1) <> sig_XMoveC3.(msg).(c3)) (w_OMoveC1.(sig_OMoveC1).(msg).(c1) <> w_XMoveC2.(sig_XMoveC2).(msg).(c2)) (w_OMoveC1.(sig_OMoveC1).(msg).(c1) <> w_OMoveC2.(sig_OMoveC2).(msg).(c2)) (w_OMoveC1.(sig_OMoveC1).(msg).(c1) <> sig_XMoveC3.(msg).(c3)) (w_XMoveC2.(sig_XMoveC2).(msg).(c2) <> w_OMoveC2.(sig_OMoveC2).(msg).(c2)) (w_XMoveC2.(sig_XMoveC2).(msg).(c2) <> sig_XMoveC3.(msg).(c3)) (w_OMoveC2.(sig_OMoveC2).(msg).(c2) <> sig_XMoveC3.(msg).(c3));
}.

Record W_OMoveC3 (w_XJoin : W_XJoin) (w_OJoin : (W_OJoin w_XJoin)) (w_XMoveC1 : (W_XMoveC1 w_XJoin w_OJoin)) (w_OMoveC1 : (W_OMoveC1 w_XJoin w_OJoin w_XMoveC1)) (w_XMoveC2 : (W_XMoveC2 w_XJoin w_OJoin w_XMoveC1 w_OMoveC1)) (w_OMoveC2 : (W_OMoveC2 w_XJoin w_OJoin w_XMoveC1 w_OMoveC1 w_XMoveC2)) (w_XMoveC3 : (W_XMoveC3 w_XJoin w_OJoin w_XMoveC1 w_OMoveC1 w_XMoveC2 w_OMoveC2)) : Type := {
  sig_OMoveC3 : Signed O P_OMoveC3;
  guard : andb andb andb andb andb andb andb andb andb andb andb andb andb andb (w_XMoveC1.(sig_XMoveC1).(msg).(c1) <> w_OMoveC1.(sig_OMoveC1).(msg).(c1)) (w_XMoveC1.(sig_XMoveC1).(msg).(c1) <> w_XMoveC2.(sig_XMoveC2).(msg).(c2)) (w_XMoveC1.(sig_XMoveC1).(msg).(c1) <> w_OMoveC2.(sig_OMoveC2).(msg).(c2)) (w_XMoveC1.(sig_XMoveC1).(msg).(c1) <> w_XMoveC3.(sig_XMoveC3).(msg).(c3)) (w_XMoveC1.(sig_XMoveC1).(msg).(c1) <> sig_OMoveC3.(msg).(c3)) (w_OMoveC1.(sig_OMoveC1).(msg).(c1) <> w_XMoveC2.(sig_XMoveC2).(msg).(c2)) (w_OMoveC1.(sig_OMoveC1).(msg).(c1) <> w_OMoveC2.(sig_OMoveC2).(msg).(c2)) (w_OMoveC1.(sig_OMoveC1).(msg).(c1) <> w_XMoveC3.(sig_XMoveC3).(msg).(c3)) (w_OMoveC1.(sig_OMoveC1).(msg).(c1) <> sig_OMoveC3.(msg).(c3)) (w_XMoveC2.(sig_XMoveC2).(msg).(c2) <> w_OMoveC2.(sig_OMoveC2).(msg).(c2)) (w_XMoveC2.(sig_XMoveC2).(msg).(c2) <> w_XMoveC3.(sig_XMoveC3).(msg).(c3)) (w_XMoveC2.(sig_XMoveC2).(msg).(c2) <> sig_OMoveC3.(msg).(c3)) (w_OMoveC2.(sig_OMoveC2).(msg).(c2) <> w_XMoveC3.(sig_XMoveC3).(msg).(c3)) (w_OMoveC2.(sig_OMoveC2).(msg).(c2) <> sig_OMoveC3.(msg).(c3)) (w_XMoveC3.(sig_XMoveC3).(msg).(c3) <> sig_OMoveC3.(msg).(c3));
}.

Record W_XMoveC4 (w_XJoin : W_XJoin) (w_OJoin : (W_OJoin w_XJoin)) (w_XMoveC1 : (W_XMoveC1 w_XJoin w_OJoin)) (w_OMoveC1 : (W_OMoveC1 w_XJoin w_OJoin w_XMoveC1)) (w_XMoveC2 : (W_XMoveC2 w_XJoin w_OJoin w_XMoveC1 w_OMoveC1)) (w_OMoveC2 : (W_OMoveC2 w_XJoin w_OJoin w_XMoveC1 w_OMoveC1 w_XMoveC2)) (w_XMoveC3 : (W_XMoveC3 w_XJoin w_OJoin w_XMoveC1 w_OMoveC1 w_XMoveC2 w_OMoveC2)) (w_OMoveC3 : (W_OMoveC3 w_XJoin w_OJoin w_XMoveC1 w_OMoveC1 w_XMoveC2 w_OMoveC2 w_XMoveC3)) : Type := {
  sig_XMoveC4 : Signed X P_XMoveC4;
  guard : andb andb andb andb andb andb andb andb andb andb andb andb andb andb andb andb andb andb andb andb (w_XMoveC1.(sig_XMoveC1).(msg).(c1) <> w_OMoveC1.(sig_OMoveC1).(msg).(c1)) (w_XMoveC1.(sig_XMoveC1).(msg).(c1) <> w_XMoveC2.(sig_XMoveC2).(msg).(c2)) (w_XMoveC1.(sig_XMoveC1).(msg).(c1) <> w_OMoveC2.(sig_OMoveC2).(msg).(c2)) (w_XMoveC1.(sig_XMoveC1).(msg).(c1) <> w_XMoveC3.(sig_XMoveC3).(msg).(c3)) (w_XMoveC1.(sig_XMoveC1).(msg).(c1) <> w_OMoveC3.(sig_OMoveC3).(msg).(c3)) (w_XMoveC1.(sig_XMoveC1).(msg).(c1) <> sig_XMoveC4.(msg).(c4)) (w_OMoveC1.(sig_OMoveC1).(msg).(c1) <> w_XMoveC2.(sig_XMoveC2).(msg).(c2)) (w_OMoveC1.(sig_OMoveC1).(msg).(c1) <> w_OMoveC2.(sig_OMoveC2).(msg).(c2)) (w_OMoveC1.(sig_OMoveC1).(msg).(c1) <> w_XMoveC3.(sig_XMoveC3).(msg).(c3)) (w_OMoveC1.(sig_OMoveC1).(msg).(c1) <> w_OMoveC3.(sig_OMoveC3).(msg).(c3)) (w_OMoveC1.(sig_OMoveC1).(msg).(c1) <> sig_XMoveC4.(msg).(c4)) (w_XMoveC2.(sig_XMoveC2).(msg).(c2) <> w_OMoveC2.(sig_OMoveC2).(msg).(c2)) (w_XMoveC2.(sig_XMoveC2).(msg).(c2) <> w_XMoveC3.(sig_XMoveC3).(msg).(c3)) (w_XMoveC2.(sig_XMoveC2).(msg).(c2) <> w_OMoveC3.(sig_OMoveC3).(msg).(c3)) (w_XMoveC2.(sig_XMoveC2).(msg).(c2) <> sig_XMoveC4.(msg).(c4)) (w_OMoveC2.(sig_OMoveC2).(msg).(c2) <> w_XMoveC3.(sig_XMoveC3).(msg).(c3)) (w_OMoveC2.(sig_OMoveC2).(msg).(c2) <> w_OMoveC3.(sig_OMoveC3).(msg).(c3)) (w_OMoveC2.(sig_OMoveC2).(msg).(c2) <> sig_XMoveC4.(msg).(c4)) (w_XMoveC3.(sig_XMoveC3).(msg).(c3) <> w_OMoveC3.(sig_OMoveC3).(msg).(c3)) (w_XMoveC3.(sig_XMoveC3).(msg).(c3) <> sig_XMoveC4.(msg).(c4)) (w_OMoveC3.(sig_OMoveC3).(msg).(c3) <> sig_XMoveC4.(msg).(c4));
}.

Record W_OMoveC4 (w_XJoin : W_XJoin) (w_OJoin : (W_OJoin w_XJoin)) (w_XMoveC1 : (W_XMoveC1 w_XJoin w_OJoin)) (w_OMoveC1 : (W_OMoveC1 w_XJoin w_OJoin w_XMoveC1)) (w_XMoveC2 : (W_XMoveC2 w_XJoin w_OJoin w_XMoveC1 w_OMoveC1)) (w_OMoveC2 : (W_OMoveC2 w_XJoin w_OJoin w_XMoveC1 w_OMoveC1 w_XMoveC2)) (w_XMoveC3 : (W_XMoveC3 w_XJoin w_OJoin w_XMoveC1 w_OMoveC1 w_XMoveC2 w_OMoveC2)) (w_OMoveC3 : (W_OMoveC3 w_XJoin w_OJoin w_XMoveC1 w_OMoveC1 w_XMoveC2 w_OMoveC2 w_XMoveC3)) (w_XMoveC4 : (W_XMoveC4 w_XJoin w_OJoin w_XMoveC1 w_OMoveC1 w_XMoveC2 w_OMoveC2 w_XMoveC3 w_OMoveC3)) : Type := {
  sig_OMoveC4 : Signed O P_OMoveC4;
  guard : andb andb andb andb andb andb andb andb andb andb andb andb andb andb andb andb andb andb andb andb andb andb andb andb andb andb andb (w_XMoveC1.(sig_XMoveC1).(msg).(c1) <> w_OMoveC1.(sig_OMoveC1).(msg).(c1)) (w_XMoveC1.(sig_XMoveC1).(msg).(c1) <> w_XMoveC2.(sig_XMoveC2).(msg).(c2)) (w_XMoveC1.(sig_XMoveC1).(msg).(c1) <> w_OMoveC2.(sig_OMoveC2).(msg).(c2)) (w_XMoveC1.(sig_XMoveC1).(msg).(c1) <> w_XMoveC3.(sig_XMoveC3).(msg).(c3)) (w_XMoveC1.(sig_XMoveC1).(msg).(c1) <> w_OMoveC3.(sig_OMoveC3).(msg).(c3)) (w_XMoveC1.(sig_XMoveC1).(msg).(c1) <> w_XMoveC4.(sig_XMoveC4).(msg).(c4)) (w_XMoveC1.(sig_XMoveC1).(msg).(c1) <> sig_OMoveC4.(msg).(c4)) (w_OMoveC1.(sig_OMoveC1).(msg).(c1) <> w_XMoveC2.(sig_XMoveC2).(msg).(c2)) (w_OMoveC1.(sig_OMoveC1).(msg).(c1) <> w_OMoveC2.(sig_OMoveC2).(msg).(c2)) (w_OMoveC1.(sig_OMoveC1).(msg).(c1) <> w_XMoveC3.(sig_XMoveC3).(msg).(c3)) (w_OMoveC1.(sig_OMoveC1).(msg).(c1) <> w_OMoveC3.(sig_OMoveC3).(msg).(c3)) (w_OMoveC1.(sig_OMoveC1).(msg).(c1) <> w_XMoveC4.(sig_XMoveC4).(msg).(c4)) (w_OMoveC1.(sig_OMoveC1).(msg).(c1) <> sig_OMoveC4.(msg).(c4)) (w_XMoveC2.(sig_XMoveC2).(msg).(c2) <> w_OMoveC2.(sig_OMoveC2).(msg).(c2)) (w_XMoveC2.(sig_XMoveC2).(msg).(c2) <> w_XMoveC3.(sig_XMoveC3).(msg).(c3)) (w_XMoveC2.(sig_XMoveC2).(msg).(c2) <> w_OMoveC3.(sig_OMoveC3).(msg).(c3)) (w_XMoveC2.(sig_XMoveC2).(msg).(c2) <> w_XMoveC4.(sig_XMoveC4).(msg).(c4)) (w_XMoveC2.(sig_XMoveC2).(msg).(c2) <> sig_OMoveC4.(msg).(c4)) (w_OMoveC2.(sig_OMoveC2).(msg).(c2) <> w_XMoveC3.(sig_XMoveC3).(msg).(c3)) (w_OMoveC2.(sig_OMoveC2).(msg).(c2) <> w_OMoveC3.(sig_OMoveC3).(msg).(c3)) (w_OMoveC2.(sig_OMoveC2).(msg).(c2) <> w_XMoveC4.(sig_XMoveC4).(msg).(c4)) (w_OMoveC2.(sig_OMoveC2).(msg).(c2) <> sig_OMoveC4.(msg).(c4)) (w_XMoveC3.(sig_XMoveC3).(msg).(c3) <> w_OMoveC3.(sig_OMoveC3).(msg).(c3)) (w_XMoveC3.(sig_XMoveC3).(msg).(c3) <> w_XMoveC4.(sig_XMoveC4).(msg).(c4)) (w_XMoveC3.(sig_XMoveC3).(msg).(c3) <> sig_OMoveC4.(msg).(c4)) (w_OMoveC3.(sig_OMoveC3).(msg).(c3) <> w_XMoveC4.(sig_XMoveC4).(msg).(c4)) (w_OMoveC3.(sig_OMoveC3).(msg).(c3) <> sig_OMoveC4.(msg).(c4)) (w_XMoveC4.(sig_XMoveC4).(msg).(c4) <> sig_OMoveC4.(msg).(c4));
}.

(* ===================== *)
(* 5) Typed runtime/ESM  *)
(* ===================== *)

Inductive Stage : Type :=
S0 | S1 | S2 | S3 | S4 | S5 | S6 | S7 | S8 | S9 | S10.

Inductive State : Stage -> Type :=
| st0 : State S0
| st1 : (w_XJoin : W_XJoin) -> State S1
| st2 : (w_XJoin : W_XJoin) (w_OJoin : (W_OJoin w_XJoin)) -> State S2
| st3 : (w_XJoin : W_XJoin) (w_OJoin : (W_OJoin w_XJoin)) (w_XMoveC1 : (W_XMoveC1 w_XJoin w_OJoin)) -> State S3
| st4 : (w_XJoin : W_XJoin) (w_OJoin : (W_OJoin w_XJoin)) (w_XMoveC1 : (W_XMoveC1 w_XJoin w_OJoin)) (w_OMoveC1 : (W_OMoveC1 w_XJoin w_OJoin w_XMoveC1)) -> State S4
| st5 : (w_XJoin : W_XJoin) (w_OJoin : (W_OJoin w_XJoin)) (w_XMoveC1 : (W_XMoveC1 w_XJoin w_OJoin)) (w_OMoveC1 : (W_OMoveC1 w_XJoin w_OJoin w_XMoveC1)) (w_XMoveC2 : (W_XMoveC2 w_XJoin w_OJoin w_XMoveC1 w_OMoveC1)) -> State S5
| st6 : (w_XJoin : W_XJoin) (w_OJoin : (W_OJoin w_XJoin)) (w_XMoveC1 : (W_XMoveC1 w_XJoin w_OJoin)) (w_OMoveC1 : (W_OMoveC1 w_XJoin w_OJoin w_XMoveC1)) (w_XMoveC2 : (W_XMoveC2 w_XJoin w_OJoin w_XMoveC1 w_OMoveC1)) (w_OMoveC2 : (W_OMoveC2 w_XJoin w_OJoin w_XMoveC1 w_OMoveC1 w_XMoveC2)) -> State S6
| st7 : (w_XJoin : W_XJoin) (w_OJoin : (W_OJoin w_XJoin)) (w_XMoveC1 : (W_XMoveC1 w_XJoin w_OJoin)) (w_OMoveC1 : (W_OMoveC1 w_XJoin w_OJoin w_XMoveC1)) (w_XMoveC2 : (W_XMoveC2 w_XJoin w_OJoin w_XMoveC1 w_OMoveC1)) (w_OMoveC2 : (W_OMoveC2 w_XJoin w_OJoin w_XMoveC1 w_OMoveC1 w_XMoveC2)) (w_XMoveC3 : (W_XMoveC3 w_XJoin w_OJoin w_XMoveC1 w_OMoveC1 w_XMoveC2 w_OMoveC2)) -> State S7
| st8 : (w_XJoin : W_XJoin) (w_OJoin : (W_OJoin w_XJoin)) (w_XMoveC1 : (W_XMoveC1 w_XJoin w_OJoin)) (w_OMoveC1 : (W_OMoveC1 w_XJoin w_OJoin w_XMoveC1)) (w_XMoveC2 : (W_XMoveC2 w_XJoin w_OJoin w_XMoveC1 w_OMoveC1)) (w_OMoveC2 : (W_OMoveC2 w_XJoin w_OJoin w_XMoveC1 w_OMoveC1 w_XMoveC2)) (w_XMoveC3 : (W_XMoveC3 w_XJoin w_OJoin w_XMoveC1 w_OMoveC1 w_XMoveC2 w_OMoveC2)) (w_OMoveC3 : (W_OMoveC3 w_XJoin w_OJoin w_XMoveC1 w_OMoveC1 w_XMoveC2 w_OMoveC2 w_XMoveC3)) -> State S8
| st9 : (w_XJoin : W_XJoin) (w_OJoin : (W_OJoin w_XJoin)) (w_XMoveC1 : (W_XMoveC1 w_XJoin w_OJoin)) (w_OMoveC1 : (W_OMoveC1 w_XJoin w_OJoin w_XMoveC1)) (w_XMoveC2 : (W_XMoveC2 w_XJoin w_OJoin w_XMoveC1 w_OMoveC1)) (w_OMoveC2 : (W_OMoveC2 w_XJoin w_OJoin w_XMoveC1 w_OMoveC1 w_XMoveC2)) (w_XMoveC3 : (W_XMoveC3 w_XJoin w_OJoin w_XMoveC1 w_OMoveC1 w_XMoveC2 w_OMoveC2)) (w_OMoveC3 : (W_OMoveC3 w_XJoin w_OJoin w_XMoveC1 w_OMoveC1 w_XMoveC2 w_OMoveC2 w_XMoveC3)) (w_XMoveC4 : (W_XMoveC4 w_XJoin w_OJoin w_XMoveC1 w_OMoveC1 w_XMoveC2 w_OMoveC2 w_XMoveC3 w_OMoveC3)) -> State S9
| st10 : (w_XJoin : W_XJoin) (w_OJoin : (W_OJoin w_XJoin)) (w_XMoveC1 : (W_XMoveC1 w_XJoin w_OJoin)) (w_OMoveC1 : (W_OMoveC1 w_XJoin w_OJoin w_XMoveC1)) (w_XMoveC2 : (W_XMoveC2 w_XJoin w_OJoin w_XMoveC1 w_OMoveC1)) (w_OMoveC2 : (W_OMoveC2 w_XJoin w_OJoin w_XMoveC1 w_OMoveC1 w_XMoveC2)) (w_XMoveC3 : (W_XMoveC3 w_XJoin w_OJoin w_XMoveC1 w_OMoveC1 w_XMoveC2 w_OMoveC2)) (w_OMoveC3 : (W_OMoveC3 w_XJoin w_OJoin w_XMoveC1 w_OMoveC1 w_XMoveC2 w_OMoveC2 w_XMoveC3)) (w_XMoveC4 : (W_XMoveC4 w_XJoin w_OJoin w_XMoveC1 w_OMoveC1 w_XMoveC2 w_OMoveC2 w_XMoveC3 w_OMoveC3)) (w_OMoveC4 : (W_OMoveC4 w_XJoin w_OJoin w_XMoveC1 w_OMoveC1 w_XMoveC2 w_OMoveC2 w_XMoveC3 w_OMoveC3 w_XMoveC4)) -> State S10
.

(* Step API *)
Definition step_xjoin_from_s0 (s : State S0) (sig : Signed X P_XJoin)
 : State S1 :=
  match s with
  | st0 =>
      st1 {| sig_XJoin := sig |}
  end.

Definition step_ojoin_from_s1 (s : State S1) (sig : Signed O P_OJoin)
 : State S2 :=
  match s with
  | st1 w_XJoin =>
      st2 w_XJoin {| sig_OJoin := sig |}
  end.

Definition step_xmovec1_from_s2 (s : State S2) (sig : Signed X P_XMoveC1)
 : State S3 :=
  match s with
  | st2 w_XJoin w_OJoin =>
      st3 w_XJoin w_OJoin {| sig_XMoveC1 := sig |}
  end.

Definition step_omovec1_from_s3 (s : State S3) (sig : Signed O P_OMoveC1)
  (Hguard : ((match s with st3 w_XJoin w_OJoin w_XMoveC1 => w_XMoveC1.(sig_XMoveC1).(msg).(c1) end) <> sig.(msg).(c1))) : State S4 :=
  match s with
  | st3 w_XJoin w_OJoin w_XMoveC1 =>
      st4 w_XJoin w_OJoin w_XMoveC1 {| sig_OMoveC1 := sig; guard := Hguard |}
  end.

Definition step_xmovec2_from_s4 (s : State S4) (sig : Signed X P_XMoveC2)
  (Hguard : (andb (andb ((match s with st4 w_XJoin w_OJoin w_XMoveC1 w_OMoveC1 => w_XMoveC1.(sig_XMoveC1).(msg).(c1) end) <> (match s with st4 w_XJoin w_OJoin w_XMoveC1 w_OMoveC1 => w_OMoveC1.(sig_OMoveC1).(msg).(c1) end)) ((match s with st4 w_XJoin w_OJoin w_XMoveC1 w_OMoveC1 => w_XMoveC1.(sig_XMoveC1).(msg).(c1) end) <> sig.(msg).(c2))) ((match s with st4 w_XJoin w_OJoin w_XMoveC1 w_OMoveC1 => w_OMoveC1.(sig_OMoveC1).(msg).(c1) end) <> sig.(msg).(c2)))) : State S5 :=
  match s with
  | st4 w_XJoin w_OJoin w_XMoveC1 w_OMoveC1 =>
      st5 w_XJoin w_OJoin w_XMoveC1 w_OMoveC1 {| sig_XMoveC2 := sig; guard := Hguard |}
  end.

Definition step_omovec2_from_s5 (s : State S5) (sig : Signed O P_OMoveC2)
  (Hguard : (andb (andb (andb (andb (andb ((match s with st5 w_XJoin w_OJoin w_XMoveC1 w_OMoveC1 w_XMoveC2 => w_XMoveC1.(sig_XMoveC1).(msg).(c1) end) <> (match s with st5 w_XJoin w_OJoin w_XMoveC1 w_OMoveC1 w_XMoveC2 => w_OMoveC1.(sig_OMoveC1).(msg).(c1) end)) ((match s with st5 w_XJoin w_OJoin w_XMoveC1 w_OMoveC1 w_XMoveC2 => w_XMoveC1.(sig_XMoveC1).(msg).(c1) end) <> (match s with st5 w_XJoin w_OJoin w_XMoveC1 w_OMoveC1 w_XMoveC2 => w_XMoveC2.(sig_XMoveC2).(msg).(c2) end))) ((match s with st5 w_XJoin w_OJoin w_XMoveC1 w_OMoveC1 w_XMoveC2 => w_XMoveC1.(sig_XMoveC1).(msg).(c1) end) <> sig.(msg).(c2))) ((match s with st5 w_XJoin w_OJoin w_XMoveC1 w_OMoveC1 w_XMoveC2 => w_OMoveC1.(sig_OMoveC1).(msg).(c1) end) <> (match s with st5 w_XJoin w_OJoin w_XMoveC1 w_OMoveC1 w_XMoveC2 => w_XMoveC2.(sig_XMoveC2).(msg).(c2) end))) ((match s with st5 w_XJoin w_OJoin w_XMoveC1 w_OMoveC1 w_XMoveC2 => w_OMoveC1.(sig_OMoveC1).(msg).(c1) end) <> sig.(msg).(c2))) ((match s with st5 w_XJoin w_OJoin w_XMoveC1 w_OMoveC1 w_XMoveC2 => w_XMoveC2.(sig_XMoveC2).(msg).(c2) end) <> sig.(msg).(c2)))) : State S6 :=
  match s with
  | st5 w_XJoin w_OJoin w_XMoveC1 w_OMoveC1 w_XMoveC2 =>
      st6 w_XJoin w_OJoin w_XMoveC1 w_OMoveC1 w_XMoveC2 {| sig_OMoveC2 := sig; guard := Hguard |}
  end.

Definition step_xmovec3_from_s6 (s : State S6) (sig : Signed X P_XMoveC3)
  (Hguard : (andb (andb (andb (andb (andb (andb (andb (andb (andb ((match s with st6 w_XJoin w_OJoin w_XMoveC1 w_OMoveC1 w_XMoveC2 w_OMoveC2 => w_XMoveC1.(sig_XMoveC1).(msg).(c1) end) <> (match s with st6 w_XJoin w_OJoin w_XMoveC1 w_OMoveC1 w_XMoveC2 w_OMoveC2 => w_OMoveC1.(sig_OMoveC1).(msg).(c1) end)) ((match s with st6 w_XJoin w_OJoin w_XMoveC1 w_OMoveC1 w_XMoveC2 w_OMoveC2 => w_XMoveC1.(sig_XMoveC1).(msg).(c1) end) <> (match s with st6 w_XJoin w_OJoin w_XMoveC1 w_OMoveC1 w_XMoveC2 w_OMoveC2 => w_XMoveC2.(sig_XMoveC2).(msg).(c2) end))) ((match s with st6 w_XJoin w_OJoin w_XMoveC1 w_OMoveC1 w_XMoveC2 w_OMoveC2 => w_XMoveC1.(sig_XMoveC1).(msg).(c1) end) <> (match s with st6 w_XJoin w_OJoin w_XMoveC1 w_OMoveC1 w_XMoveC2 w_OMoveC2 => w_OMoveC2.(sig_OMoveC2).(msg).(c2) end))) ((match s with st6 w_XJoin w_OJoin w_XMoveC1 w_OMoveC1 w_XMoveC2 w_OMoveC2 => w_XMoveC1.(sig_XMoveC1).(msg).(c1) end) <> sig.(msg).(c3))) ((match s with st6 w_XJoin w_OJoin w_XMoveC1 w_OMoveC1 w_XMoveC2 w_OMoveC2 => w_OMoveC1.(sig_OMoveC1).(msg).(c1) end) <> (match s with st6 w_XJoin w_OJoin w_XMoveC1 w_OMoveC1 w_XMoveC2 w_OMoveC2 => w_XMoveC2.(sig_XMoveC2).(msg).(c2) end))) ((match s with st6 w_XJoin w_OJoin w_XMoveC1 w_OMoveC1 w_XMoveC2 w_OMoveC2 => w_OMoveC1.(sig_OMoveC1).(msg).(c1) end) <> (match s with st6 w_XJoin w_OJoin w_XMoveC1 w_OMoveC1 w_XMoveC2 w_OMoveC2 => w_OMoveC2.(sig_OMoveC2).(msg).(c2) end))) ((match s with st6 w_XJoin w_OJoin w_XMoveC1 w_OMoveC1 w_XMoveC2 w_OMoveC2 => w_OMoveC1.(sig_OMoveC1).(msg).(c1) end) <> sig.(msg).(c3))) ((match s with st6 w_XJoin w_OJoin w_XMoveC1 w_OMoveC1 w_XMoveC2 w_OMoveC2 => w_XMoveC2.(sig_XMoveC2).(msg).(c2) end) <> (match s with st6 w_XJoin w_OJoin w_XMoveC1 w_OMoveC1 w_XMoveC2 w_OMoveC2 => w_OMoveC2.(sig_OMoveC2).(msg).(c2) end))) ((match s with st6 w_XJoin w_OJoin w_XMoveC1 w_OMoveC1 w_XMoveC2 w_OMoveC2 => w_XMoveC2.(sig_XMoveC2).(msg).(c2) end) <> sig.(msg).(c3))) ((match s with st6 w_XJoin w_OJoin w_XMoveC1 w_OMoveC1 w_XMoveC2 w_OMoveC2 => w_OMoveC2.(sig_OMoveC2).(msg).(c2) end) <> sig.(msg).(c3)))) : State S7 :=
  match s with
  | st6 w_XJoin w_OJoin w_XMoveC1 w_OMoveC1 w_XMoveC2 w_OMoveC2 =>
      st7 w_XJoin w_OJoin w_XMoveC1 w_OMoveC1 w_XMoveC2 w_OMoveC2 {| sig_XMoveC3 := sig; guard := Hguard |}
  end.

Definition step_omovec3_from_s7 (s : State S7) (sig : Signed O P_OMoveC3)
  (Hguard : (andb (andb (andb (andb (andb (andb (andb (andb (andb (andb (andb (andb (andb (andb ((match s with st7 w_XJoin w_OJoin w_XMoveC1 w_OMoveC1 w_XMoveC2 w_OMoveC2 w_XMoveC3 => w_XMoveC1.(sig_XMoveC1).(msg).(c1) end) <> (match s with st7 w_XJoin w_OJoin w_XMoveC1 w_OMoveC1 w_XMoveC2 w_OMoveC2 w_XMoveC3 => w_OMoveC1.(sig_OMoveC1).(msg).(c1) end)) ((match s with st7 w_XJoin w_OJoin w_XMoveC1 w_OMoveC1 w_XMoveC2 w_OMoveC2 w_XMoveC3 => w_XMoveC1.(sig_XMoveC1).(msg).(c1) end) <> (match s with st7 w_XJoin w_OJoin w_XMoveC1 w_OMoveC1 w_XMoveC2 w_OMoveC2 w_XMoveC3 => w_XMoveC2.(sig_XMoveC2).(msg).(c2) end))) ((match s with st7 w_XJoin w_OJoin w_XMoveC1 w_OMoveC1 w_XMoveC2 w_OMoveC2 w_XMoveC3 => w_XMoveC1.(sig_XMoveC1).(msg).(c1) end) <> (match s with st7 w_XJoin w_OJoin w_XMoveC1 w_OMoveC1 w_XMoveC2 w_OMoveC2 w_XMoveC3 => w_OMoveC2.(sig_OMoveC2).(msg).(c2) end))) ((match s with st7 w_XJoin w_OJoin w_XMoveC1 w_OMoveC1 w_XMoveC2 w_OMoveC2 w_XMoveC3 => w_XMoveC1.(sig_XMoveC1).(msg).(c1) end) <> (match s with st7 w_XJoin w_OJoin w_XMoveC1 w_OMoveC1 w_XMoveC2 w_OMoveC2 w_XMoveC3 => w_XMoveC3.(sig_XMoveC3).(msg).(c3) end))) ((match s with st7 w_XJoin w_OJoin w_XMoveC1 w_OMoveC1 w_XMoveC2 w_OMoveC2 w_XMoveC3 => w_XMoveC1.(sig_XMoveC1).(msg).(c1) end) <> sig.(msg).(c3))) ((match s with st7 w_XJoin w_OJoin w_XMoveC1 w_OMoveC1 w_XMoveC2 w_OMoveC2 w_XMoveC3 => w_OMoveC1.(sig_OMoveC1).(msg).(c1) end) <> (match s with st7 w_XJoin w_OJoin w_XMoveC1 w_OMoveC1 w_XMoveC2 w_OMoveC2 w_XMoveC3 => w_XMoveC2.(sig_XMoveC2).(msg).(c2) end))) ((match s with st7 w_XJoin w_OJoin w_XMoveC1 w_OMoveC1 w_XMoveC2 w_OMoveC2 w_XMoveC3 => w_OMoveC1.(sig_OMoveC1).(msg).(c1) end) <> (match s with st7 w_XJoin w_OJoin w_XMoveC1 w_OMoveC1 w_XMoveC2 w_OMoveC2 w_XMoveC3 => w_OMoveC2.(sig_OMoveC2).(msg).(c2) end))) ((match s with st7 w_XJoin w_OJoin w_XMoveC1 w_OMoveC1 w_XMoveC2 w_OMoveC2 w_XMoveC3 => w_OMoveC1.(sig_OMoveC1).(msg).(c1) end) <> (match s with st7 w_XJoin w_OJoin w_XMoveC1 w_OMoveC1 w_XMoveC2 w_OMoveC2 w_XMoveC3 => w_XMoveC3.(sig_XMoveC3).(msg).(c3) end))) ((match s with st7 w_XJoin w_OJoin w_XMoveC1 w_OMoveC1 w_XMoveC2 w_OMoveC2 w_XMoveC3 => w_OMoveC1.(sig_OMoveC1).(msg).(c1) end) <> sig.(msg).(c3))) ((match s with st7 w_XJoin w_OJoin w_XMoveC1 w_OMoveC1 w_XMoveC2 w_OMoveC2 w_XMoveC3 => w_XMoveC2.(sig_XMoveC2).(msg).(c2) end) <> (match s with st7 w_XJoin w_OJoin w_XMoveC1 w_OMoveC1 w_XMoveC2 w_OMoveC2 w_XMoveC3 => w_OMoveC2.(sig_OMoveC2).(msg).(c2) end))) ((match s with st7 w_XJoin w_OJoin w_XMoveC1 w_OMoveC1 w_XMoveC2 w_OMoveC2 w_XMoveC3 => w_XMoveC2.(sig_XMoveC2).(msg).(c2) end) <> (match s with st7 w_XJoin w_OJoin w_XMoveC1 w_OMoveC1 w_XMoveC2 w_OMoveC2 w_XMoveC3 => w_XMoveC3.(sig_XMoveC3).(msg).(c3) end))) ((match s with st7 w_XJoin w_OJoin w_XMoveC1 w_OMoveC1 w_XMoveC2 w_OMoveC2 w_XMoveC3 => w_XMoveC2.(sig_XMoveC2).(msg).(c2) end) <> sig.(msg).(c3))) ((match s with st7 w_XJoin w_OJoin w_XMoveC1 w_OMoveC1 w_XMoveC2 w_OMoveC2 w_XMoveC3 => w_OMoveC2.(sig_OMoveC2).(msg).(c2) end) <> (match s with st7 w_XJoin w_OJoin w_XMoveC1 w_OMoveC1 w_XMoveC2 w_OMoveC2 w_XMoveC3 => w_XMoveC3.(sig_XMoveC3).(msg).(c3) end))) ((match s with st7 w_XJoin w_OJoin w_XMoveC1 w_OMoveC1 w_XMoveC2 w_OMoveC2 w_XMoveC3 => w_OMoveC2.(sig_OMoveC2).(msg).(c2) end) <> sig.(msg).(c3))) ((match s with st7 w_XJoin w_OJoin w_XMoveC1 w_OMoveC1 w_XMoveC2 w_OMoveC2 w_XMoveC3 => w_XMoveC3.(sig_XMoveC3).(msg).(c3) end) <> sig.(msg).(c3)))) : State S8 :=
  match s with
  | st7 w_XJoin w_OJoin w_XMoveC1 w_OMoveC1 w_XMoveC2 w_OMoveC2 w_XMoveC3 =>
      st8 w_XJoin w_OJoin w_XMoveC1 w_OMoveC1 w_XMoveC2 w_OMoveC2 w_XMoveC3 {| sig_OMoveC3 := sig; guard := Hguard |}
  end.

Definition step_xmovec4_from_s8 (s : State S8) (sig : Signed X P_XMoveC4)
  (Hguard : (andb (andb (andb (andb (andb (andb (andb (andb (andb (andb (andb (andb (andb (andb (andb (andb (andb (andb (andb (andb ((match s with st8 w_XJoin w_OJoin w_XMoveC1 w_OMoveC1 w_XMoveC2 w_OMoveC2 w_XMoveC3 w_OMoveC3 => w_XMoveC1.(sig_XMoveC1).(msg).(c1) end) <> (match s with st8 w_XJoin w_OJoin w_XMoveC1 w_OMoveC1 w_XMoveC2 w_OMoveC2 w_XMoveC3 w_OMoveC3 => w_OMoveC1.(sig_OMoveC1).(msg).(c1) end)) ((match s with st8 w_XJoin w_OJoin w_XMoveC1 w_OMoveC1 w_XMoveC2 w_OMoveC2 w_XMoveC3 w_OMoveC3 => w_XMoveC1.(sig_XMoveC1).(msg).(c1) end) <> (match s with st8 w_XJoin w_OJoin w_XMoveC1 w_OMoveC1 w_XMoveC2 w_OMoveC2 w_XMoveC3 w_OMoveC3 => w_XMoveC2.(sig_XMoveC2).(msg).(c2) end))) ((match s with st8 w_XJoin w_OJoin w_XMoveC1 w_OMoveC1 w_XMoveC2 w_OMoveC2 w_XMoveC3 w_OMoveC3 => w_XMoveC1.(sig_XMoveC1).(msg).(c1) end) <> (match s with st8 w_XJoin w_OJoin w_XMoveC1 w_OMoveC1 w_XMoveC2 w_OMoveC2 w_XMoveC3 w_OMoveC3 => w_OMoveC2.(sig_OMoveC2).(msg).(c2) end))) ((match s with st8 w_XJoin w_OJoin w_XMoveC1 w_OMoveC1 w_XMoveC2 w_OMoveC2 w_XMoveC3 w_OMoveC3 => w_XMoveC1.(sig_XMoveC1).(msg).(c1) end) <> (match s with st8 w_XJoin w_OJoin w_XMoveC1 w_OMoveC1 w_XMoveC2 w_OMoveC2 w_XMoveC3 w_OMoveC3 => w_XMoveC3.(sig_XMoveC3).(msg).(c3) end))) ((match s with st8 w_XJoin w_OJoin w_XMoveC1 w_OMoveC1 w_XMoveC2 w_OMoveC2 w_XMoveC3 w_OMoveC3 => w_XMoveC1.(sig_XMoveC1).(msg).(c1) end) <> (match s with st8 w_XJoin w_OJoin w_XMoveC1 w_OMoveC1 w_XMoveC2 w_OMoveC2 w_XMoveC3 w_OMoveC3 => w_OMoveC3.(sig_OMoveC3).(msg).(c3) end))) ((match s with st8 w_XJoin w_OJoin w_XMoveC1 w_OMoveC1 w_XMoveC2 w_OMoveC2 w_XMoveC3 w_OMoveC3 => w_XMoveC1.(sig_XMoveC1).(msg).(c1) end) <> sig.(msg).(c4))) ((match s with st8 w_XJoin w_OJoin w_XMoveC1 w_OMoveC1 w_XMoveC2 w_OMoveC2 w_XMoveC3 w_OMoveC3 => w_OMoveC1.(sig_OMoveC1).(msg).(c1) end) <> (match s with st8 w_XJoin w_OJoin w_XMoveC1 w_OMoveC1 w_XMoveC2 w_OMoveC2 w_XMoveC3 w_OMoveC3 => w_XMoveC2.(sig_XMoveC2).(msg).(c2) end))) ((match s with st8 w_XJoin w_OJoin w_XMoveC1 w_OMoveC1 w_XMoveC2 w_OMoveC2 w_XMoveC3 w_OMoveC3 => w_OMoveC1.(sig_OMoveC1).(msg).(c1) end) <> (match s with st8 w_XJoin w_OJoin w_XMoveC1 w_OMoveC1 w_XMoveC2 w_OMoveC2 w_XMoveC3 w_OMoveC3 => w_OMoveC2.(sig_OMoveC2).(msg).(c2) end))) ((match s with st8 w_XJoin w_OJoin w_XMoveC1 w_OMoveC1 w_XMoveC2 w_OMoveC2 w_XMoveC3 w_OMoveC3 => w_OMoveC1.(sig_OMoveC1).(msg).(c1) end) <> (match s with st8 w_XJoin w_OJoin w_XMoveC1 w_OMoveC1 w_XMoveC2 w_OMoveC2 w_XMoveC3 w_OMoveC3 => w_XMoveC3.(sig_XMoveC3).(msg).(c3) end))) ((match s with st8 w_XJoin w_OJoin w_XMoveC1 w_OMoveC1 w_XMoveC2 w_OMoveC2 w_XMoveC3 w_OMoveC3 => w_OMoveC1.(sig_OMoveC1).(msg).(c1) end) <> (match s with st8 w_XJoin w_OJoin w_XMoveC1 w_OMoveC1 w_XMoveC2 w_OMoveC2 w_XMoveC3 w_OMoveC3 => w_OMoveC3.(sig_OMoveC3).(msg).(c3) end))) ((match s with st8 w_XJoin w_OJoin w_XMoveC1 w_OMoveC1 w_XMoveC2 w_OMoveC2 w_XMoveC3 w_OMoveC3 => w_OMoveC1.(sig_OMoveC1).(msg).(c1) end) <> sig.(msg).(c4))) ((match s with st8 w_XJoin w_OJoin w_XMoveC1 w_OMoveC1 w_XMoveC2 w_OMoveC2 w_XMoveC3 w_OMoveC3 => w_XMoveC2.(sig_XMoveC2).(msg).(c2) end) <> (match s with st8 w_XJoin w_OJoin w_XMoveC1 w_OMoveC1 w_XMoveC2 w_OMoveC2 w_XMoveC3 w_OMoveC3 => w_OMoveC2.(sig_OMoveC2).(msg).(c2) end))) ((match s with st8 w_XJoin w_OJoin w_XMoveC1 w_OMoveC1 w_XMoveC2 w_OMoveC2 w_XMoveC3 w_OMoveC3 => w_XMoveC2.(sig_XMoveC2).(msg).(c2) end) <> (match s with st8 w_XJoin w_OJoin w_XMoveC1 w_OMoveC1 w_XMoveC2 w_OMoveC2 w_XMoveC3 w_OMoveC3 => w_XMoveC3.(sig_XMoveC3).(msg).(c3) end))) ((match s with st8 w_XJoin w_OJoin w_XMoveC1 w_OMoveC1 w_XMoveC2 w_OMoveC2 w_XMoveC3 w_OMoveC3 => w_XMoveC2.(sig_XMoveC2).(msg).(c2) end) <> (match s with st8 w_XJoin w_OJoin w_XMoveC1 w_OMoveC1 w_XMoveC2 w_OMoveC2 w_XMoveC3 w_OMoveC3 => w_OMoveC3.(sig_OMoveC3).(msg).(c3) end))) ((match s with st8 w_XJoin w_OJoin w_XMoveC1 w_OMoveC1 w_XMoveC2 w_OMoveC2 w_XMoveC3 w_OMoveC3 => w_XMoveC2.(sig_XMoveC2).(msg).(c2) end) <> sig.(msg).(c4))) ((match s with st8 w_XJoin w_OJoin w_XMoveC1 w_OMoveC1 w_XMoveC2 w_OMoveC2 w_XMoveC3 w_OMoveC3 => w_OMoveC2.(sig_OMoveC2).(msg).(c2) end) <> (match s with st8 w_XJoin w_OJoin w_XMoveC1 w_OMoveC1 w_XMoveC2 w_OMoveC2 w_XMoveC3 w_OMoveC3 => w_XMoveC3.(sig_XMoveC3).(msg).(c3) end))) ((match s with st8 w_XJoin w_OJoin w_XMoveC1 w_OMoveC1 w_XMoveC2 w_OMoveC2 w_XMoveC3 w_OMoveC3 => w_OMoveC2.(sig_OMoveC2).(msg).(c2) end) <> (match s with st8 w_XJoin w_OJoin w_XMoveC1 w_OMoveC1 w_XMoveC2 w_OMoveC2 w_XMoveC3 w_OMoveC3 => w_OMoveC3.(sig_OMoveC3).(msg).(c3) end))) ((match s with st8 w_XJoin w_OJoin w_XMoveC1 w_OMoveC1 w_XMoveC2 w_OMoveC2 w_XMoveC3 w_OMoveC3 => w_OMoveC2.(sig_OMoveC2).(msg).(c2) end) <> sig.(msg).(c4))) ((match s with st8 w_XJoin w_OJoin w_XMoveC1 w_OMoveC1 w_XMoveC2 w_OMoveC2 w_XMoveC3 w_OMoveC3 => w_XMoveC3.(sig_XMoveC3).(msg).(c3) end) <> (match s with st8 w_XJoin w_OJoin w_XMoveC1 w_OMoveC1 w_XMoveC2 w_OMoveC2 w_XMoveC3 w_OMoveC3 => w_OMoveC3.(sig_OMoveC3).(msg).(c3) end))) ((match s with st8 w_XJoin w_OJoin w_XMoveC1 w_OMoveC1 w_XMoveC2 w_OMoveC2 w_XMoveC3 w_OMoveC3 => w_XMoveC3.(sig_XMoveC3).(msg).(c3) end) <> sig.(msg).(c4))) ((match s with st8 w_XJoin w_OJoin w_XMoveC1 w_OMoveC1 w_XMoveC2 w_OMoveC2 w_XMoveC3 w_OMoveC3 => w_OMoveC3.(sig_OMoveC3).(msg).(c3) end) <> sig.(msg).(c4)))) : State S9 :=
  match s with
  | st8 w_XJoin w_OJoin w_XMoveC1 w_OMoveC1 w_XMoveC2 w_OMoveC2 w_XMoveC3 w_OMoveC3 =>
      st9 w_XJoin w_OJoin w_XMoveC1 w_OMoveC1 w_XMoveC2 w_OMoveC2 w_XMoveC3 w_OMoveC3 {| sig_XMoveC4 := sig; guard := Hguard |}
  end.


[Change at line 113]   sig_XMoveC3 : Signed X P_XMoveC3;
  guard : andb andb andb andb andb andb andb andb andb (w_XMoveC1.(sig_XMoveC1).(msg).(c1) <> w_OMoveC1.(sig_OMoveC1).(msg).(c1)) (w_XMoveC1.(sig_XMoveC1).(msg).(c1) <> w_XMoveC2.(sig_XMoveC2).(msg).(c2)) (w_XMoveC1.(sig_XMoveC1).(msg).(c1) <> w_OMoveC2.(sig_OMoveC2).(msg).(c2)) (w_XMoveC1.(sig_XMoveC1).(msg).(c1) <> sig_XMoveC3.(msg).(c3)) (w_OMoveC1.(sig_OMoveC1).(msg).(c1) <> w_XMoveC2.(sig_XMoveC2).(msg).(c2)) (w_OMoveC1.(sig_OMoveC1).(msg).(c1) <> w_OMoveC2.(sig_OMoveC2).(msg).(c2)) (w_OMoveC1.(sig_OMoveC1).(msg).(c1) <> sig_XMoveC3.(msg).(c3)) (w_XMoveC2.(sig_XMoveC2).(msg).(c2) <> w_OMoveC2.(sig_OMoveC2).(msg).(c2)) (w_XMoveC2.(sig_XMoveC2).(msg).(c2) <> sig_XMoveC3.(msg).(c3)) (w_OMoveC2.(sig_OMoveC2).(msg).(c2) <> sig_XMoveC3.(msg).(c3));
}.

Record W_OMoveC3 (w_XJoin : W_XJoin) (w_OJoin : (W_OJoin w_XJoin)) (w_XMoveC1 : (W_XMoveC1 w_XJoin w_OJoin)) (w_OMoveC1 : (W_OMoveC1 w_XJoin w_OJoin w_XMoveC1)) (w_XMoveC2 : (W_XMoveC2 w_XJoin w_OJoin w_XMoveC1 w_OMoveC1)) (w_OMoveC2 : (W_OMoveC2 w_XJoin w_OJoin w_XMoveC1 w_OMoveC1 w_XMoveC2)) (w_XMoveC3 : (W_XMoveC3 w_XJoin w_OJoin w_XMoveC1 w_OMoveC1 w_XMoveC2 w_OMoveC2)) : Type := {
  sig_OMoveC3 : Signed O P_OMoveC3;
  guard : andb andb andb andb andb andb andb andb andb andb andb andb andb andb (w_XMoveC1.(sig_XMoveC1).(msg).(c1) <> w_OMoveC1.(sig_OMoveC1).(msg).(c1)) (w_XMoveC1.(sig_XMoveC1).(msg).(c1) <> w_XMoveC2.(sig_XMoveC2).(msg).(c2)) (w_XMoveC1.(sig_XMoveC1).(msg).(c1) <> w_OMoveC2.(sig_OMoveC2).(msg).(c2)) (w_XMoveC1.(sig_XMoveC1).(msg).(c1) <> w_XMoveC3.(sig_XMoveC3).(msg).(c3)) (w_XMoveC1.(sig_XMoveC1).(msg).(c1) <> sig_OMoveC3.(msg).(c3)) (w_OMoveC1.(sig_OMoveC1).(msg).(c1) <> w_XMoveC2.(sig_XMoveC2).(msg).(c2)) (w_OMoveC1.(sig_OMoveC1).(msg).(c1) <> w_OMoveC2.(sig_OMoveC2).(msg).(c2)) (w_OMoveC1.(sig_OMoveC1).(msg).(c1) <> w_XMoveC3.(sig_XMoveC3).(msg).(c3)) (w_OMoveC1.(sig_OMoveC1).(msg).(c1) <> sig_OMoveC3.(msg).(c3)) (w_XMoveC2.(sig_XMoveC2).(msg).(c2) <> w_OMoveC2.(sig_OMoveC2).(msg).(c2)) (w_XMoveC2.(sig_XMoveC2).(msg).(c2) <> w_XMoveC3.(sig_XMoveC3).(msg).(c3)) (w_XMoveC2.(sig_XMoveC2).(msg).(c2) <> sig_OMoveC3.(msg).(c3)) (w_OMoveC2.(sig_OMoveC2).(msg).(c2) <> w_XMoveC3.(sig_XMoveC3).(msg).(c3)) (w_OMoveC2.(sig_OMoveC2).(msg).(c2) <> sig_OMoveC3.(msg).(c3)) (w_XMoveC3.(sig_XMoveC3).(msg).(c3) <> sig_OMoveC3.(msg).(c3));
}.

Record W_XMoveC4 (w_XJoin : W_XJoin) (w_OJoin : (W_OJoin w_XJoin)) (w_XMoveC1 : (W_XMoveC1 w_XJoin w_OJoin)) (w_OMoveC1 : (W_OMoveC1 w_XJoin w_OJoin w_XMoveC1)) (w_XMoveC2 : (W_XMoveC2 w_XJoin w_OJoin w_XMoveC1 w_OMoveC1)) (w_OMoveC2 : (W_OMoveC2 w_XJoin w_OJoin w_XMoveC1 w_OMoveC1 w_XMoveC2)) (w_XMoveC3 : (W_XMoveC3 w_XJoin w_OJoin w_XMoveC1 w_OMoveC1 w_XMoveC2 w_OMoveC2)) (w_OMoveC3 : (W_OMoveC3 w_XJoin w_OJoin w_XMoveC1 w_OMoveC1 w_XMoveC2 w_OMoveC2 w_XMoveC3)) : Type := {
  sig_XMoveC4 : Signed X P_XMoveC4;
  guard : andb andb andb andb andb andb andb andb andb andb andb andb andb andb andb andb andb andb andb andb (w_XMoveC1.(sig_XMoveC1).(msg).(c1) <> w_OMoveC1.(sig_OMoveC1).(msg).(c1)) (w_XMoveC1.(sig_XMoveC1).(msg).(c1) <> w_XMoveC2.(sig_XMoveC2).(msg).(c2)) (w_XMoveC1.(sig_XMoveC1).(msg).(c1) <> w_OMoveC2.(sig_OMoveC2).(msg).(c2)) (w_XMoveC1.(sig_XMoveC1).(msg).(c1) <> w_XMoveC3.(sig_XMoveC3).(msg).(c3)) (w_XMoveC1.(sig_XMoveC1).(msg).(c1) <> w_OMoveC3.(sig_OMoveC3).(msg).(c3)) (w_XMoveC1.(sig_XMoveC1).(msg).(c1) <> sig_XMoveC4.(msg).(c4)) (w_OMoveC1.(sig_OMoveC1).(msg).(c1) <> w_XMoveC2.(sig_XMoveC2).(msg).(c2)) (w_OMoveC1.(sig_OMoveC1).(msg).(c1) <> w_OMoveC2.(sig_OMoveC2).(msg).(c2)) (w_OMoveC1.(sig_OMoveC1).(msg).(c1) <> w_XMoveC3.(sig_XMoveC3).(msg).(c3)) (w_OMoveC1.(sig_OMoveC1).(msg).(c1) <> w_OMoveC3.(sig_OMoveC3).(msg).(c3)) (w_OMoveC1.(sig_OMoveC1).(msg).(c1) <> sig_XMoveC4.(msg).(c4)) (w_XMoveC2.(sig_XMoveC2).(msg).(c2) <> w_OMoveC2.(sig_OMoveC2).(msg).(c2)) (w_XMoveC2.(sig_XMoveC2).(msg).(c2) <> w_XMoveC3.(sig_XMoveC3).(msg).(c3)) (w_XMoveC2.(sig_XMoveC2).(msg).(c2) <> w_OMoveC3.(sig_OMoveC3).(msg).(c3)) (w_XMoveC2.(sig_XMoveC2).(msg).(c2) <> sig_XMoveC4.(msg).(c4)) (w_OMoveC2.(sig_OMoveC2).(msg).(c2) <> w_XMoveC3.(sig_XMoveC3).(msg).(c3)) (w_OMoveC2.(sig_OMoveC2).(msg).(c2) <> w_OMoveC3.(sig_OMoveC3).(msg).(c3)) (w_OMoveC2.(sig_OMoveC2).(msg).(c2) <> sig_XMoveC4.(msg).(c4)) (w_XMoveC3.(sig_XMoveC3).(msg).(c3) <> w_OMoveC3.(sig_OMoveC3).(msg).(c3)) (w_XMoveC3.(sig_XMoveC3).(msg).(c3) <> sig_XMoveC4.(msg).(c4)) (w_OMoveC3.(sig_OMoveC3).(msg).(c3) <> sig_XMoveC4.(msg).(c4));
}.

Record W_OMoveC4 (w_XJoin : W_XJoin) (w_OJoin : (W_OJoin w_XJoin)) (w_XMoveC1 : (W_XMoveC1 w_XJoin w_OJoin)) (w_OMoveC1 : (W_OMoveC1 w_XJoin w_OJoin w_XMoveC1)) (w_XMoveC2 : (W_XMoveC2 w_XJoin w_OJoin w_XMoveC1 w_OMoveC1)) (w_OMoveC2 : (W_OMoveC2 w_XJoin w_OJoin w_XMoveC1 w_OMoveC1 w_XMoveC2)) (w_XMoveC3 : (W_XMoveC3 w_XJoin w_OJoin w_XMoveC1 w_OMoveC1 w_XMoveC2 w_OMoveC2)) (w_OMoveC3 : (W_OMoveC3 w_XJoin w_OJoin w_XMoveC1 w_OMoveC1 w_XMoveC2 w_OMoveC2 w_XMoveC3)) (w_XMoveC4 : (W_XMoveC4 w_XJoin w_OJoin w_XMoveC1 w_OMoveC1 w_XMoveC2 w_OMoveC2 w_XMoveC3 w_OMoveC3)) : Type := {
  sig_OMoveC4 : Signed O P_OMoveC4;
  guard : andb andb andb andb andb andb andb andb andb andb andb andb andb andb andb andb andb andb andb andb andb andb andb andb andb andb andb (w_XMoveC1.(sig_XMoveC1).(msg).(c1) <> w_OMoveC1.(sig_OMoveC1).(msg).(c1)) (w_XMoveC1.(sig_XMoveC1).(msg).(c1) <> w_XMoveC2.(sig_XMoveC2).(msg).(c2)) (w_XMoveC1.(sig_XMoveC1).(msg).(c1) <> w_OMoveC2.(sig_OMoveC2).(msg).(c2)) (w_XMoveC1.(sig_XMoveC1).(msg).(c1) <> w_XMoveC3.(sig_XMoveC3).(msg).(c3)) (w_XMoveC1.(sig_XMoveC1).(msg).(c1) <> w_OMoveC3.(sig_OMoveC3).(msg).(c3)) (w_XMoveC1.(sig_XMoveC1).(msg).(c1) <> w_XMoveC4.(sig_XMoveC4).(msg).(c4)) (w_XMoveC1.(sig_XMoveC1).(msg).(c1) <> sig_OMoveC4.(msg).(c4)) (w_OMoveC1.(sig_OMoveC1).(msg).(c1) <> w_XMoveC2.(sig_XMoveC2).(msg).(c2)) (w_OMoveC1.(sig_OMoveC1).(msg).(c1) <> w_OMoveC2.(sig_OMoveC2).(msg).(c2)) (w_OMoveC1.(sig_OMoveC1).(msg).(c1) <> w_XMoveC3.(sig_XMoveC3).(msg).(c3)) (w_OMoveC1.(sig_OMoveC1).(msg).(c1) <> w_OMoveC3.(sig_OMoveC3).(msg).(c3)) (w_OMoveC1.(sig_OMoveC1).(msg).(c1) <> w_XMoveC4.(sig_XMoveC4).(msg).(c4)) (w_OMoveC1.(sig_OMoveC1).(msg).(c1) <> sig_OMoveC4.(msg).(c4)) (w_XMoveC2.(sig_XMoveC2).(msg).(c2) <> w_OMoveC2.(sig_OMoveC2).(msg).(c2)) (w_XMoveC2.(sig_XMoveC2).(msg).(c2) <> w_XMoveC3.(sig_XMoveC3).(msg).(c3)) (w_XMoveC2.(sig_XMoveC2).(msg).(c2) <> w_OMoveC3.(sig_OMoveC3).(msg).(c3)) (w_XMoveC2.(sig_XMoveC2).(msg).(c2) <> w_XMoveC4.(sig_XMoveC4).(msg).(c4)) (w_XMoveC2.(sig_XMoveC2).(msg).(c2) <> sig_OMoveC4.(msg).(c4)) (w_OMoveC2.(sig_OMoveC2).(msg).(c2) <> w_XMoveC3.(sig_XMoveC3).(msg).(c3)) (w_OMoveC2.(sig_OMoveC2).(msg).(c2) <> w_OMoveC3.(sig_OMoveC3).(msg).(c3)) (w_OMoveC2.(sig_OMoveC2).(msg).(c2) <> w_XMoveC4.(sig_XMoveC4).(msg).(c4)) (w_OMoveC2.(sig_OMoveC2).(msg).(c2) <> sig_OMoveC4.(msg).(c4)) (w_XMoveC3.(sig_XMoveC3).(msg).(c3) <> w_OMoveC3.(sig_OMoveC3).(msg).(c3)) (w_XMoveC3.(sig_XMoveC3).(msg).(c3) <> w_XMoveC4.(sig_XMoveC4).(msg).(c4)) (w_XMoveC3.(sig_XMoveC3).(msg).(c3) <> sig_OMoveC4.(msg).(c4)) (w_OMoveC3.(sig_OMoveC3).(msg).(c3) <> w_XMoveC4.(sig_XMoveC4).(msg).(c4)) (w_OMoveC3.(sig_OMoveC3).(msg).(c3) <> sig_OMoveC4.(msg).(c4)) (w_XMoveC4.(sig_XMoveC4).(msg).(c4) <> sig_OMoveC4.(msg).(c4));
}.

(* ===================== *)
(* 5) Typed runtime/ESM  *)
(* ===================== *)

Inductive Stage : Type :=
S0 | S1 | S2 | S3 | S4 | S5 | S6 | S7 | S8 | S9 | S10.

Inductive State : Stage -> Type :=
| st0 : State S0
| st1 : (w_XJoin : W_XJoin) -> State S1
| st2 : (w_XJoin : W_XJoin) (w_OJoin : (W_OJoin w_XJoin)) -> State S2
| st3 : (w_XJoin : W_XJoin) (w_OJoin : (W_OJoin w_XJoin)) (w_XMoveC1 : (W_XMoveC1 w_XJoin w_OJoin)) -> State S3
| st4 : (w_XJoin : W_XJoin) (w_OJoin : (W_OJoin w_XJoin)) (w_XMoveC1 : (W_XMoveC1 w_XJoin w_OJoin)) (w_OMoveC1 : (W_OMoveC1 w_XJoin w_OJoin w_XMoveC1)) -> State S4
| st5 : (w_XJoin : W_XJoin) (w_OJoin : (W_OJoin w_XJoin)) (w_XMoveC1 : (W_XMoveC1 w_XJoin w_OJoin)) (w_OMoveC1 : (W_OMoveC1 w_XJoin w_OJoin w_XMoveC1)) (w_XMoveC2 : (W_XMoveC2 w_XJoin w_OJoin w_XMoveC1 w_OMoveC1)) -> State S5
| st6 : (w_XJoin : W_XJoin) (w_OJoin : (W_OJoin w_XJoin)) (w_XMoveC1 : (W_XMoveC1 w_XJoin w_OJoin)) (w_OMoveC1 : (W_OMoveC1 w_XJoin w_OJoin w_XMoveC1)) (w_XMoveC2 : (W_XMoveC2 w_XJoin w_OJoin w_XMoveC1 w_OMoveC1)) (w_OMoveC2 : (W_OMoveC2 w_XJoin w_OJoin w_XMoveC1 w_OMoveC1 w_XMoveC2)) -> State S6
| st7 : (w_XJoin : W_XJoin) (w_OJoin : (W_OJoin w_XJoin)) (w_XMoveC1 : (W_XMoveC1 w_XJoin w_OJoin)) (w_OMoveC1 : (W_OMoveC1 w_XJoin w_OJoin w_XMoveC1)) (w_XMoveC2 : (W_XMoveC2 w_XJoin w_OJoin w_XMoveC1 w_OMoveC1)) (w_OMoveC2 : (W_OMoveC2 w_XJoin w_OJoin w_XMoveC1 w_OMoveC1 w_XMoveC2)) (w_XMoveC3 : (W_XMoveC3 w_XJoin w_OJoin w_XMoveC1 w_OMoveC1 w_XMoveC2 w_OMoveC2)) -> State S7
| st8 : (w_XJoin : W_XJoin) (w_OJoin : (W_OJoin w_XJoin)) (w_XMoveC1 : (W_XMoveC1 w_XJoin w_OJoin)) (w_OMoveC1 : (W_OMoveC1 w_XJoin w_OJoin w_XMoveC1)) (w_XMoveC2 : (W_XMoveC2 w_XJoin w_OJoin w_XMoveC1 w_OMoveC1)) (w_OMoveC2 : (W_OMoveC2 w_XJoin w_OJoin w_XMoveC1 w_OMoveC1 w_XMoveC2)) (w_XMoveC3 : (W_XMoveC3 w_XJoin w_OJoin w_XMoveC1 w_OMoveC1 w_XMoveC2 w_OMoveC2)) (w_OMoveC3 : (W_OMoveC3 w_XJoin w_OJoin w_XMoveC1 w_OMoveC1 w_XMoveC2 w_OMoveC2 w_XMoveC3)) -> State S8
| st9 : (w_XJoin : W_XJoin) (w_OJoin : (W_OJoin w_XJoin)) (w_XMoveC1 : (W_XMoveC1 w_XJoin w_OJoin)) (w_OMoveC1 : (W_OMoveC1 w_XJoin w_OJoin w_XMoveC1)) (w_XMoveC2 : (W_XMoveC2 w_XJoin w_OJoin w_XMoveC1 w_OMoveC1)) (w_OMoveC2 : (W_OMoveC2 w_XJoin w_OJoin w_XMoveC1 w_OMoveC1 w_XMoveC2)) (w_XMoveC3 : (W_XMoveC3 w_XJoin w_OJoin w_XMoveC1 w_OMoveC1 w_XMoveC2 w_OMoveC2)) (w_OMoveC3 : (W_OMoveC3 w_XJoin w_OJoin w_XMoveC1 w_OMoveC1 w_XMoveC2 w_OMoveC2 w_XMoveC3)) (w_XMoveC4 : (W_XMoveC4 w_XJoin w_OJoin w_XMoveC1 w_OMoveC1 w_XMoveC2 w_OMoveC2 w_XMoveC3 w_OMoveC3)) -> State S9
| st10 : (w_XJoin : W_XJoin) (w_OJoin : (W_OJoin w_XJoin)) (w_XMoveC1 : (W_XMoveC1 w_XJoin w_OJoin)) (w_OMoveC1 : (W_OMoveC1 w_XJoin w_OJoin w_XMoveC1)) (w_XMoveC2 : (W_XMoveC2 w_XJoin w_OJoin w_XMoveC1 w_OMoveC1)) (w_OMoveC2 : (W_OMoveC2 w_XJoin w_OJoin w_XMoveC1 w_OMoveC1 w_XMoveC2)) (w_XMoveC3 : (W_XMoveC3 w_XJoin w_OJoin w_XMoveC1 w_OMoveC1 w_XMoveC2 w_OMoveC2)) (w_OMoveC3 : (W_OMoveC3 w_XJoin w_OJoin w_XMoveC1 w_OMoveC1 w_XMoveC2 w_OMoveC2 w_XMoveC3)) (w_XMoveC4 : (W_XMoveC4 w_XJoin w_OJoin w_XMoveC1 w_OMoveC1 w_XMoveC2 w_OMoveC2 w_XMoveC3 w_OMoveC3)) (w_OMoveC4 : (W_OMoveC4 w_XJoin w_OJoin w_XMoveC1 w_OMoveC1 w_XMoveC2 w_OMoveC2 w_XMoveC3 w_OMoveC3 w_XMoveC4)) -> State S10
.

(* Step API *)
Definition step_xjoin_from_s0 (s : State S0) (sig : Signed X P_XJoin)
 : State S1 :=
  match s with
  | st0 =>
      st1 {| sig_XJoin := sig |}
  end.

Definition step_ojoin_from_s1 (s : State S1) (sig : Signed O P_OJoin)
 : State S2 :=
  match s with
  | st1 w_XJoin =>
      st2 w_XJoin {| sig_OJoin := sig |}
  end.

Definition step_xmovec1_from_s2 (s : State S2) (sig : Signed X P_XMoveC1)
 : State S3 :=
  match s with
  | st2 w_XJoin w_OJoin =>
      st3 w_XJoin w_OJoin {| sig_XMoveC1 := sig |}
  end.

Definition step_omovec1_from_s3 (s : State S3) (sig : Signed O P_OMoveC1)
  (Hguard : ((match s with st3 w_XJoin w_OJoin w_XMoveC1 => w_XMoveC1.(sig_XMoveC1).(msg).(c1) end) <> sig.(msg).(c1))) : State S4 :=
  match s with
  | st3 w_XJoin w_OJoin w_XMoveC1 =>
      st4 w_XJoin w_OJoin w_XMoveC1 {| sig_OMoveC1 := sig; guard := Hguard |}
  end.

Definition step_xmovec2_from_s4 (s : State S4) (sig : Signed X P_XMoveC2)
  (Hguard : (andb (andb ((match s with st4 w_XJoin w_OJoin w_XMoveC1 w_OMoveC1 => w_XMoveC1.(sig_XMoveC1).(msg).(c1) end) <> (match s with st4 w_XJoin w_OJoin w_XMoveC1 w_OMoveC1 => w_OMoveC1.(sig_OMoveC1).(msg).(c1) end)) ((match s with st4 w_XJoin w_OJoin w_XMoveC1 w_OMoveC1 => w_XMoveC1.(sig_XMoveC1).(msg).(c1) end) <> sig.(msg).(c2))) ((match s with st4 w_XJoin w_OJoin w_XMoveC1 w_OMoveC1 => w_OMoveC1.(sig_OMoveC1).(msg).(c1) end) <> sig.(msg).(c2)))) : State S5 :=
  match s with
  | st4 w_XJoin w_OJoin w_XMoveC1 w_OMoveC1 =>
      st5 w_XJoin w_OJoin w_XMoveC1 w_OMoveC1 {| sig_XMoveC2 := sig; guard := Hguard |}
  end.

Definition step_omovec2_from_s5 (s : State S5) (sig : Signed O P_OMoveC2)
  (Hguard : (andb (andb (andb (andb (andb ((match s with st5 w_XJoin w_OJoin w_XMoveC1 w_OMoveC1 w_XMoveC2 => w_XMoveC1.(sig_XMoveC1).(msg).(c1) end) <> (match s with st5 w_XJoin w_OJoin w_XMoveC1 w_OMoveC1 w_XMoveC2 => w_OMoveC1.(sig_OMoveC1).(msg).(c1) end)) ((match s with st5 w_XJoin w_OJoin w_XMoveC1 w_OMoveC1 w_XMoveC2 => w_XMoveC1.(sig_XMoveC1).(msg).(c1) end) <> (match s with st5 w_XJoin w_OJoin w_XMoveC1 w_OMoveC1 w_XMoveC2 => w_XMoveC2.(sig_XMoveC2).(msg).(c2) end))) ((match s with st5 w_XJoin w_OJoin w_XMoveC1 w_OMoveC1 w_XMoveC2 => w_XMoveC1.(sig_XMoveC1).(msg).(c1) end) <> sig.(msg).(c2))) ((match s with st5 w_XJoin w_OJoin w_XMoveC1 w_OMoveC1 w_XMoveC2 => w_OMoveC1.(sig_OMoveC1).(msg).(c1) end) <> (match s with st5 w_XJoin w_OJoin w_XMoveC1 w_OMoveC1 w_XMoveC2 => w_XMoveC2.(sig_XMoveC2).(msg).(c2) end))) ((match s with st5 w_XJoin w_OJoin w_XMoveC1 w_OMoveC1 w_XMoveC2 => w_OMoveC1.(sig_OMoveC1).(msg).(c1) end) <> sig.(msg).(c2))) ((match s with st5 w_XJoin w_OJoin w_XMoveC1 w_OMoveC1 w_XMoveC2 => w_XMoveC2.(sig_XMoveC2).(msg).(c2) end) <> sig.(msg).(c2)))) : State S6 :=
  match s with
  | st5 w_XJoin w_OJoin w_XMoveC1 w_OMoveC1 w_XMoveC2 =>
      st6 w_XJoin w_OJoin w_XMoveC1 w_OMoveC1 w_XMoveC2 {| sig_OMoveC2 := sig; guard := Hguard |}
  end.

Definition step_xmovec3_from_s6 (s : State S6) (sig : Signed X P_XMoveC3)
  (Hguard : (andb (andb (andb (andb (andb (andb (andb (andb (andb ((match s with st6 w_XJoin w_OJoin w_XMoveC1 w_OMoveC1 w_XMoveC2 w_OMoveC2 => w_XMoveC1.(sig_XMoveC1).(msg).(c1) end) <> (match s with st6 w_XJoin w_OJoin w_XMoveC1 w_OMoveC1 w_XMoveC2 w_OMoveC2 => w_OMoveC1.(sig_OMoveC1).(msg).(c1) end)) ((match s with st6 w_XJoin w_OJoin w_XMoveC1 w_OMoveC1 w_XMoveC2 w_OMoveC2 => w_XMoveC1.(sig_XMoveC1).(msg).(c1) end) <> (match s with st6 w_XJoin w_OJoin w_XMoveC1 w_OMoveC1 w_XMoveC2 w_OMoveC2 => w_XMoveC2.(sig_XMoveC2).(msg).(c2) end))) ((match s with st6 w_XJoin w_OJoin w_XMoveC1 w_OMoveC1 w_XMoveC2 w_OMoveC2 => w_XMoveC1.(sig_XMoveC1).(msg).(c1) end) <> (match s with st6 w_XJoin w_OJoin w_XMoveC1 w_OMoveC1 w_XMoveC2 w_OMoveC2 => w_OMoveC2.(sig_OMoveC2).(msg).(c2) end))) ((match s with st6 w_XJoin w_OJoin w_XMoveC1 w_OMoveC1 w_XMoveC2 w_OMoveC2 => w_XMoveC1.(sig_XMoveC1).(msg).(c1) end) <> sig.(msg).(c3))) ((match s with st6 w_XJoin w_OJoin w_XMoveC1 w_OMoveC1 w_XMoveC2 w_OMoveC2 => w_OMoveC1.(sig_OMoveC1).(msg).(c1) end) <> (match s with st6 w_XJoin w_OJoin w_XMoveC1 w_OMoveC1 w_XMoveC2 w_OMoveC2 => w_XMoveC2.(sig_XMoveC2).(msg).(c2) end))) ((match s with st6 w_XJoin w_OJoin w_XMoveC1 w_OMoveC1 w_XMoveC2 w_OMoveC2 => w_OMoveC1.(sig_OMoveC1).(msg).(c1) end) <> (match s with st6 w_XJoin w_OJoin w_XMoveC1 w_OMoveC1 w_XMoveC2 w_OMoveC2 => w_OMoveC2.(sig_OMoveC2).(msg).(c2) end))) ((match s with st6 w_XJoin w_OJoin w_XMoveC1 w_OMoveC1 w_XMoveC2 w_OMoveC2 => w_OMoveC1.(sig_OMoveC1).(msg).(c1) end) <> sig.(msg).(c3))) ((match s with st6 w_XJoin w_OJoin w_XMoveC1 w_OMoveC1 w_XMoveC2 w_OMoveC2 => w_XMoveC2.(sig_XMoveC2).(msg).(c2) end) <> (match s with st6 w_XJoin w_OJoin w_XMoveC1 w_OMoveC1 w_XMoveC2 w_OMoveC2 => w_OMoveC2.(sig_OMoveC2).(msg).(c2) end))) ((match s with st6 w_XJoin w_OJoin w_XMoveC1 w_OMoveC1 w_XMoveC2 w_OMoveC2 => w_XMoveC2.(sig_XMoveC2).(msg).(c2) end) <> sig.(msg).(c3))) ((match s with st6 w_XJoin w_OJoin w_XMoveC1 w_OMoveC1 w_XMoveC2 w_OMoveC2 => w_OMoveC2.(sig_OMoveC2).(msg).(c2) end) <> sig.(msg).(c3)))) : State S7 :=
  match s with
  | st6 w_XJoin w_OJoin w_XMoveC1 w_OMoveC1 w_XMoveC2 w_OMoveC2 =>
      st7 w_XJoin w_OJoin w_XMoveC1 w_OMoveC1 w_XMoveC2 w_OMoveC2 {| sig_XMoveC3 := sig; guard := Hguard |}
  end.

Definition step_omovec3_from_s7 (s : State S7) (sig : Signed O P_OMoveC3)
  (Hguard : (andb (andb (andb (andb (andb (andb (andb (andb (andb (andb (andb (andb (andb (andb ((match s with st7 w_XJoin w_OJoin w_XMoveC1 w_OMoveC1 w_XMoveC2 w_OMoveC2 w_XMoveC3 => w_XMoveC1.(sig_XMoveC1).(msg).(c1) end) <> (match s with st7 w_XJoin w_OJoin w_XMoveC1 w_OMoveC1 w_XMoveC2 w_OMoveC2 w_XMoveC3 => w_OMoveC1.(sig_OMoveC1).(msg).(c1) end)) ((match s with st7 w_XJoin w_OJoin w_XMoveC1 w_OMoveC1 w_XMoveC2 w_OMoveC2 w_XMoveC3 => w_XMoveC1.(sig_XMoveC1).(msg).(c1) end) <> (match s with st7 w_XJoin w_OJoin w_XMoveC1 w_OMoveC1 w_XMoveC2 w_OMoveC2 w_XMoveC3 => w_XMoveC2.(sig_XMoveC2).(msg).(c2) end))) ((match s with st7 w_XJoin w_OJoin w_XMoveC1 w_OMoveC1 w_XMoveC2 w_OMoveC2 w_XMoveC3 => w_XMoveC1.(sig_XMoveC1).(msg).(c1) end) <> (match s with st7 w_XJoin w_OJoin w_XMoveC1 w_OMoveC1 w_XMoveC2 w_OMoveC2 w_XMoveC3 => w_OMoveC2.(sig_OMoveC2).(msg).(c2) end))) ((match s with st7 w_XJoin w_OJoin w_XMoveC1 w_OMoveC1 w_XMoveC2 w_OMoveC2 w_XMoveC3 => w_XMoveC1.(sig_XMoveC1).(msg).(c1) end) <> (match s with st7 w_XJoin w_OJoin w_XMoveC1 w_OMoveC1 w_XMoveC2 w_OMoveC2 w_XMoveC3 => w_XMoveC3.(sig_XMoveC3).(msg).(c3) end))) ((match s with st7 w_XJoin w_OJoin w_XMoveC1 w_OMoveC1 w_XMoveC2 w_OMoveC2 w_XMoveC3 => w_XMoveC1.(sig_XMoveC1).(msg).(c1) end) <> sig.(msg).(c3))) ((match s with st7 w_XJoin w_OJoin w_XMoveC1 w_OMoveC1 w_XMoveC2 w_OMoveC2 w_XMoveC3 => w_OMoveC1.(sig_OMoveC1).(msg).(c1) end) <> (match s with st7 w_XJoin w_OJoin w_XMoveC1 w_OMoveC1 w_XMoveC2 w_OMoveC2 w_XMoveC3 => w_XMoveC2.(sig_XMoveC2).(msg).(c2) end))) ((match s with st7 w_XJoin w_OJoin w_XMoveC1 w_OMoveC1 w_XMoveC2 w_OMoveC2 w_XMoveC3 => w_OMoveC1.(sig_OMoveC1).(msg).(c1) end) <> (match s with st7 w_XJoin w_OJoin w_XMoveC1 w_OMoveC1 w_XMoveC2 w_OMoveC2 w_XMoveC3 => w_OMoveC2.(sig_OMoveC2).(msg).(c2) end))) ((match s with st7 w_XJoin w_OJoin w_XMoveC1 w_OMoveC1 w_XMoveC2 w_OMoveC2 w_XMoveC3 => w_OMoveC1.(sig_OMoveC1).(msg).(c1) end) <> (match s with st7 w_XJoin w_OJoin w_XMoveC1 w_OMoveC1 w_XMoveC2 w_OMoveC2 w_XMoveC3 => w_XMoveC3.(sig_XMoveC3).(msg).(c3) end))) ((match s with st7 w_XJoin w_OJoin w_XMoveC1 w_OMoveC1 w_XMoveC2 w_OMoveC2 w_XMoveC3 => w_OMoveC1.(sig_OMoveC1).(msg).(c1) end) <> sig.(msg).(c3))) ((match s with st7 w_XJoin w_OJoin w_XMoveC1 w_OMoveC1 w_XMoveC2 w_OMoveC2 w_XMoveC3 => w_XMoveC2.(sig_XMoveC2).(msg).(c2) end) <> (match s with st7 w_XJoin w_OJoin w_XMoveC1 w_OMoveC1 w_XMoveC2 w_OMoveC2 w_XMoveC3 => w_OMoveC2.(sig_OMoveC2).(msg).(c2) end))) ((match s with st7 w_XJoin w_OJoin w_XMoveC1 w_OMoveC1 w_XMoveC2 w_OMoveC2 w_XMoveC3 => w_XMoveC2.(sig_XMoveC2).(msg).(c2) end) <> (match s with st7 w_XJoin w_OJoin w_XMoveC1 w_OMoveC1 w_XMoveC2 w_OMoveC2 w_XMoveC3 => w_XMoveC3.(sig_XMoveC3).(msg).(c3) end))) ((match s with st7 w_XJoin w_OJoin w_XMoveC1 w_OMoveC1 w_XMoveC2 w_OMoveC2 w_XMoveC3 => w_XMoveC2.(sig_XMoveC2).(msg).(c2) end) <> sig.(msg).(c3))) ((match s with st7 w_XJoin w_OJoin w_XMoveC1 w_OMoveC1 w_XMoveC2 w_OMoveC2 w_XMoveC3 => w_OMoveC2.(sig_OMoveC2).(msg).(c2) end) <> (match s with st7 w_XJoin w_OJoin w_XMoveC1 w_OMoveC1 w_XMoveC2 w_OMoveC2 w_XMoveC3 => w_XMoveC3.(sig_XMoveC3).(msg).(c3) end))) ((match s with st7 w_XJoin w_OJoin w_XMoveC1 w_OMoveC1 w_XMoveC2 w_OMoveC2 w_XMoveC3 => w_OMoveC2.(sig_OMoveC2).(msg).(c2) end) <> sig.(msg).(c3))) ((match s with st7 w_XJoin w_OJoin w_XMoveC1 w_OMoveC1 w_XMoveC2 w_OMoveC2 w_XMoveC3 => w_XMoveC3.(sig_XMoveC3).(msg).(c3) end) <> sig.(msg).(c3)))) : State S8 :=
  match s with
  | st7 w_XJoin w_OJoin w_XMoveC1 w_OMoveC1 w_XMoveC2 w_OMoveC2 w_XMoveC3 =>
      st8 w_XJoin w_OJoin w_XMoveC1 w_OMoveC1 w_XMoveC2 w_OMoveC2 w_XMoveC3 {| sig_OMoveC3 := sig; guard := Hguard |}
  end.

Definition step_xmovec4_from_s8 (s : State S8) (sig : Signed X P_XMoveC4)
  (Hguard : (andb (andb (andb (andb (andb (andb (andb (andb (andb (andb (andb (andb (andb (andb (andb (andb (andb (andb (andb (andb ((match s with st8 w_XJoin w_OJoin w_XMoveC1 w_OMoveC1 w_XMoveC2 w_OMoveC2 w_XMoveC3 w_OMoveC3 => w_XMoveC1.(sig_XMoveC1).(msg).(c1) end) <> (match s with st8 w_XJoin w_OJoin w_XMoveC1 w_OMoveC1 w_XMoveC2 w_OMoveC2 w_XMoveC3 w_OMoveC3 => w_OMoveC1.(sig_OMoveC1).(msg).(c1) end)) ((match s with st8 w_XJoin w_OJoin w_XMoveC1 w_OMoveC1 w_XMoveC2 w_OMoveC2 w_XMoveC3 w_OMoveC3 => w_XMoveC1.(sig_XMoveC1).(msg).(c1) end) <> (match s with st8 w_XJoin w_OJoin w_XMoveC1 w_OMoveC1 w_XMoveC2 w_OMoveC2 w_XMoveC3 w_OMoveC3 => w_XMoveC2.(sig_XMoveC2).(msg).(c2) end))) ((match s with st8 w_XJoin w_OJoin w_XMoveC1 w_OMoveC1 w_XMoveC2 w_OMoveC2 w_XMoveC3 w_OMoveC3 => w_XMoveC1.(sig_XMoveC1).(msg).(c1) end) <> (match s with st8 w_XJoin w_OJoin w_XMoveC1 w_OMoveC1 w_XMoveC2 w_OMoveC2 w_XMoveC3 w_OMoveC3 => w_OMoveC2.(sig_OMoveC2).(msg).(c2) end))) ((match s with st8 w_XJoin w_OJoin w_XMoveC1 w_OMoveC1 w_XMoveC2 w_OMoveC2 w_XMoveC3 w_OMoveC3 => w_XMoveC1.(sig_XMoveC1).(msg).(c1) end) <> (match s with st8 w_XJoin w_OJoin w_XMoveC1 w_OMoveC1 w_XMoveC2 w_OMoveC2 w_XMoveC3 w_OMoveC3 => w_XMoveC3.(sig_XMoveC3).(msg).(c3) end))) ((match s with st8 w_XJoin w_OJoin w_XMoveC1 w_OMoveC1 w_XMoveC2 w_OMoveC2 w_XMoveC3 w_OMoveC3 => w_XMoveC1.(sig_XMoveC1).(msg).(c1) end) <> (match s with st8 w_XJoin w_OJoin w_XMoveC1 w_OMoveC1 w_XMoveC2 w_OMoveC2 w_XMoveC3 w_OMoveC3 => w_OMoveC3.(sig_OMoveC3).(msg).(c3) end))) ((match s with st8 w_XJoin w_OJoin w_XMoveC1 w_OMoveC1 w_XMoveC2 w_OMoveC2 w_XMoveC3 w_OMoveC3 => w_XMoveC1.(sig_XMoveC1).(msg).(c1) end) <> sig.(msg).(c4))) ((match s with st8 w_XJoin w_OJoin w_XMoveC1 w_OMoveC1 w_XMoveC2 w_OMoveC2 w_XMoveC3 w_OMoveC3 => w_OMoveC1.(sig_OMoveC1).(msg).(c1) end) <> (match s with st8 w_XJoin w_OJoin w_XMoveC1 w_OMoveC1 w_XMoveC2 w_OMoveC2 w_XMoveC3 w_OMoveC3 => w_XMoveC2.(sig_XMoveC2).(msg).(c2) end))) ((match s with st8 w_XJoin w_OJoin w_XMoveC1 w_OMoveC1 w_XMoveC2 w_OMoveC2 w_XMoveC3 w_OMoveC3 => w_OMoveC1.(sig_OMoveC1).(msg).(c1) end) <> (match s with st8 w_XJoin w_OJoin w_XMoveC1 w_OMoveC1 w_XMoveC2 w_OMoveC2 w_XMoveC3 w_OMoveC3 => w_OMoveC2.(sig_OMoveC2).(msg).(c2) end))) ((match s with st8 w_XJoin w_OJoin w_XMoveC1 w_OMoveC1 w_XMoveC2 w_OMoveC2 w_XMoveC3 w_OMoveC3 => w_OMoveC1.(sig_OMoveC1).(msg).(c1) end) <> (match s with st8 w_XJoin w_OJoin w_XMoveC1 w_OMoveC1 w_XMoveC2 w_OMoveC2 w_XMoveC3 w_OMoveC3 => w_XMoveC3.(sig_XMoveC3).(msg).(c3) end))) ((match s with st8 w_XJoin w_OJoin w_XMoveC1 w_OMoveC1 w_XMoveC2 w_OMoveC2 w_XMoveC3 w_OMoveC3 => w_OMoveC1.(sig_OMoveC1).(msg).(c1) end) <> (match s with st8 w_XJoin w_OJoin w_XMoveC1 w_OMoveC1 w_XMoveC2 w_OMoveC2 w_XMoveC3 w_OMoveC3 => w_OMoveC3.(sig_OMoveC3).(msg).(c3) end))) ((match s with st8 w_XJoin w_OJoin w_XMoveC1 w_OMoveC1 w_XMoveC2 w_OMoveC2 w_XMoveC3 w_OMoveC3 => w_OMoveC1.(sig_OMoveC1).(msg).(c1) end) <> sig.(msg).(c4))) ((match s with st8 w_XJoin w_OJoin w_XMoveC1 w_OMoveC1 w_XMoveC2 w_OMoveC2 w_XMoveC3 w_OMoveC3 => w_XMoveC2.(sig_XMoveC2).(msg).(c2) end) <> (match s with st8 w_XJoin w_OJoin w_XMoveC1 w_OMoveC1 w_XMoveC2 w_OMoveC2 w_XMoveC3 w_OMoveC3 => w_OMoveC2.(sig_OMoveC2).(msg).(c2) end))) ((match s with st8 w_XJoin w_OJoin w_XMoveC1 w_OMoveC1 w_XMoveC2 w_OMoveC2 w_XMoveC3 w_OMoveC3 => w_XMoveC2.(sig_XMoveC2).(msg).(c2) end) <> (match s with st8 w_XJoin w_OJoin w_XMoveC1 w_OMoveC1 w_XMoveC2 w_OMoveC2 w_XMoveC3 w_OMoveC3 => w_XMoveC3.(sig_XMoveC3).(msg).(c3) end))) ((match s with st8 w_XJoin w_OJoin w_XMoveC1 w_OMoveC1 w_XMoveC2 w_OMoveC2 w_XMoveC3 w_OMoveC3 => w_XMoveC2.(sig_XMoveC2).(msg).(c2) end) <> (match s with st8 w_XJoin w_OJoin w_XMoveC1 w_OMoveC1 w_XMoveC2 w_OMoveC2 w_XMoveC3 w_OMoveC3 => w_OMoveC3.(sig_OMoveC3).(msg).(c3) end))) ((match s with st8 w_XJoin w_OJoin w_XMoveC1 w_OMoveC1 w_XMoveC2 w_OMoveC2 w_XMoveC3 w_OMoveC3 => w_XMoveC2.(sig_XMoveC2).(msg).(c2) end) <> sig.(msg).(c4))) ((match s with st8 w_XJoin w_OJoin w_XMoveC1 w_OMoveC1 w_XMoveC2 w_OMoveC2 w_XMoveC3 w_OMoveC3 => w_OMoveC2.(sig_OMoveC2).(msg).(c2) end) <> (match s with st8 w_XJoin w_OJoin w_XMoveC1 w_OMoveC1 w_XMoveC2 w_OMoveC2 w_XMoveC3 w_OMoveC3 => w_XMoveC3.(sig_XMoveC3).(msg).(c3) end))) ((match s with st8 w_XJoin w_OJoin w_XMoveC1 w_OMoveC1 w_XMoveC2 w_OMoveC2 w_XMoveC3 w_OMoveC3 => w_OMoveC2.(sig_OMoveC2).(msg).(c2) end) <> (match s with st8 w_XJoin w_OJoin w_XMoveC1 w_OMoveC1 w_XMoveC2 w_OMoveC2 w_XMoveC3 w_OMoveC3 => w_OMoveC3.(sig_OMoveC3).(msg).(c3) end))) ((match s with st8 w_XJoin w_OJoin w_XMoveC1 w_OMoveC1 w_XMoveC2 w_OMoveC2 w_XMoveC3 w_OMoveC3 => w_OMoveC2.(sig_OMoveC2).(msg).(c2) end) <> sig.(msg).(c4))) ((match s with st8 w_XJoin w_OJoin w_XMoveC1 w_OMoveC1 w_XMoveC2 w_OMoveC2 w_XMoveC3 w_OMoveC3 => w_XMoveC3.(sig_XMoveC3).(msg).(c3) end) <> (match s with st8 w_XJoin w_OJoin w_XMoveC1 w_OMoveC1 w_XMoveC2 w_OMoveC2 w_XMoveC3 w_OMoveC3 => w_OMoveC3.(sig_OMoveC3).(msg).(c3) end))) ((match s with st8 w_XJoin w_OJoin w_XMoveC1 w_OMoveC1 w_XMoveC2 w_OMoveC2 w_XMoveC3 w_OMoveC3 => w_XMoveC3.(sig_XMoveC3).(msg).(c3) end) <> sig.(msg).(c4))) ((match s with st8 w_XJoin w_OJoin w_XMoveC1 w_OMoveC1 w_XMoveC2 w_OMoveC2 w_XMoveC3 w_OMoveC3 => w_OMoveC3.(sig_OMoveC3).(msg).(c3) end) <> sig.(msg).(c4)))) : State S9 :=
  match s with
  | st8 w_XJoin w_OJoin w_XMoveC1 w_OMoveC1 w_XMoveC2 w_OMoveC2 w_XMoveC3 w_OMoveC3 =>
      st9 w_XJoin w_OJoin w_XMoveC1 w_OMoveC1 w_XMoveC2 w_OMoveC2 w_XMoveC3 w_OMoveC3 {| sig_XMoveC4 := sig; guard := Hguard |}
  end.

Definition step_omovec4_from_s9 (s : State S9) (sig : Signed O P_OMoveC4)
  (Hguard : (andb (andb (andb (andb (andb (andb (andb (andb (andb (andb (andb (andb (andb (andb (andb (andb (andb (andb (andb (andb (andb (andb (andb (andb (andb (andb (andb ((match s with st9 w_XJoin w_OJoin w_XMoveC1 w_OMoveC1 w_XMoveC2 w_OMoveC2 w_XMoveC3 w_OMoveC3 w_XMoveC4 => w_XMoveC1.(sig_XMoveC1).(msg).(c1) end) <> (match s with st9 w_XJoin w_OJoin w_XMoveC1 w_OMoveC1 w_XMoveC2 w_OMoveC2 w_XMoveC3 w_OMoveC3 w_XMoveC4 => w_OMoveC1.(sig_OMoveC1).(msg).(c1) end)) ((match s with st9 w_XJoin w_OJoin w_XMoveC1 w_OMoveC1 w_XMoveC2 w_OMoveC2 w_XMoveC3 w_OMoveC3 w_XMoveC4 => w_XMoveC1.(sig_XMoveC1).(msg).(c1) end) <> (match s with st9 w_XJoin w_OJoin w_XMoveC1 w_OMoveC1 w_XMoveC2 w_OMoveC2 w_XMoveC3 w_OMoveC3 w_XMoveC4 => w_XMoveC2.(sig_XMoveC2).(msg).(c2) end))) ((match s with st9 w_XJoin w_OJoin w_XMoveC1 w_OMoveC1 w_XMoveC2 w_OMoveC2 w_XMoveC3 w_OMoveC3 w_XMoveC4 => w_XMoveC1.(sig_XMoveC1).(msg).(c1) end) <> (match s with st9 w_XJoin w_OJoin w_XMoveC1 w_OMoveC1 w_XMoveC2 w_OMoveC2 w_XMoveC3 w_OMoveC3 w_XMoveC4 => w_OMoveC2.(sig_OMoveC2).(msg).(c2) end))) ((match s with st9 w_XJoin w_OJoin w_XMoveC1 w_OMoveC1 w_XMoveC2 w_OMoveC2 w_XMoveC3 w_OMoveC3 w_XMoveC4 => w_XMoveC1.(sig_XMoveC1).(msg).(c1) end) <> (match s with st9 w_XJoin w_OJoin w_XMoveC1 w_OMoveC1 w_XMoveC2 w_OMoveC2 w_XMoveC3 w_OMoveC3 w_XMoveC4 => w_XMoveC3.(sig_XMoveC3).(msg).(c3) end))) ((match s with st9 w_XJoin w_OJoin w_XMoveC1 w_OMoveC1 w_XMoveC2 w_OMoveC2 w_XMoveC3 w_OMoveC3 w_XMoveC4 => w_XMoveC1.(sig_XMoveC1).(msg).(c1) end) <> (match s with st9 w_XJoin w_OJoin w_XMoveC1 w_OMoveC1 w_XMoveC2 w_OMoveC2 w_XMoveC3 w_OMoveC3 w_XMoveC4 => w_OMoveC3.(sig_OMoveC3).(msg).(c3) end))) ((match s with st9 w_XJoin w_OJoin w_XMoveC1 w_OMoveC1 w_XMoveC2 w_OMoveC2 w_XMoveC3 w_OMoveC3 w_XMoveC4 => w_XMoveC1.(sig_XMoveC1).(msg).(c1) end) <> (match s with st9 w_XJoin w_OJoin w_XMoveC1 w_OMoveC1 w_XMoveC2 w_OMoveC2 w_XMoveC3 w_OMoveC3 w_XMoveC4 => w_XMoveC4.(sig_XMoveC4).(msg).(c4) end))) ((match s with st9 w_XJoin w_OJoin w_XMoveC1 w_OMoveC1 w_XMoveC2 w_OMoveC2 w_XMoveC3 w_OMoveC3 w_XMoveC4 => w_XMoveC1.(sig_XMoveC1).(msg).(c1) end) <> sig.(msg).(c4))) ((match s with st9 w_XJoin w_OJoin w_XMoveC1 w_OMoveC1 w_XMoveC2 w_OMoveC2 w_XMoveC3 w_OMoveC3 w_XMoveC4 => w_OMoveC1.(sig_OMoveC1).(msg).(c1) end) <> (match s with st9 w_XJoin w_OJoin w_XMoveC1 w_OMoveC1 w_XMoveC2 w_OMoveC2 w_XMoveC3 w_OMoveC3 w_XMoveC4 => w_XMoveC2.(sig_XMoveC2).(msg).(c2) end))) ((match s with st9 w_XJoin w_OJoin w_XMoveC1 w_OMoveC1 w_XMoveC2 w_OMoveC2 w_XMoveC3 w_OMoveC3 w_XMoveC4 => w_OMoveC1.(sig_OMoveC1).(msg).(c1) end) <> (match s with st9 w_XJoin w_OJoin w_XMoveC1 w_OMoveC1 w_XMoveC2 w_OMoveC2 w_XMoveC3 w_OMoveC3 w_XMoveC4 => w_OMoveC2.(sig_OMoveC2).(msg).(c2) end))) ((match s with st9 w_XJoin w_OJoin w_XMoveC1 w_OMoveC1 w_XMoveC2 w_OMoveC2 w_XMoveC3 w_OMoveC3 w_XMoveC4 => w_OMoveC1.(sig_OMoveC1).(msg).(c1) end) <> (match s with st9 w_XJoin w_OJoin w_XMoveC1 w_OMoveC1 w_XMoveC2 w_OMoveC2 w_XMoveC3 w_OMoveC3 w_XMoveC4 => w_XMoveC3.(sig_XMoveC3).(msg).(c3) end))) ((match s with st9 w_XJoin w_OJoin w_XMoveC1 w_OMoveC1 w_XMoveC2 w_OMoveC2 w_XMoveC3 w_OMoveC3 w_XMoveC4 => w_OMoveC1.(sig_OMoveC1).(msg).(c1) end) <> (match s with st9 w_XJoin w_OJoin w_XMoveC1 w_OMoveC1 w_XMoveC2 w_OMoveC2 w_XMoveC3 w_OMoveC3 w_XMoveC4 => w_OMoveC3.(sig_OMoveC3).(msg).(c3) end))) ((match s with st9 w_XJoin w_OJoin w_XMoveC1 w_OMoveC1 w_XMoveC2 w_OMoveC2 w_XMoveC3 w_OMoveC3 w_XMoveC4 => w_OMoveC1.(sig_OMoveC1).(msg).(c1) end) <> (match s with st9 w_XJoin w_OJoin w_XMoveC1 w_OMoveC1 w_XMoveC2 w_OMoveC2 w_XMoveC3 w_OMoveC3 w_XMoveC4 => w_XMoveC4.(sig_XMoveC4).(msg).(c4) end))) ((match s with st9 w_XJoin w_OJoin w_XMoveC1 w_OMoveC1 w_XMoveC2 w_OMoveC2 w_XMoveC3 w_OMoveC3 w_XMoveC4 => w_OMoveC1.(sig_OMoveC1).(msg).(c1) end) <> sig.(msg).(c4))) ((match s with st9 w_XJoin w_OJoin w_XMoveC1 w_OMoveC1 w_XMoveC2 w_OMoveC2 w_XMoveC3 w_OMoveC3 w_XMoveC4 => w_XMoveC2.(sig_XMoveC2).(msg).(c2) end) <> (match s with st9 w_XJoin w_OJoin w_XMoveC1 w_OMoveC1 w_XMoveC2 w_OMoveC2 w_XMoveC3 w_OMoveC3 w_XMoveC4 => w_OMoveC2.(sig_OMoveC2).(msg).(c2) end))) ((match s with st9 w_XJoin w_OJoin w_XMoveC1 w_OMoveC1 w_XMoveC2 w_OMoveC2 w_XMoveC3 w_OMoveC3 w_XMoveC4 => w_XMoveC2.(sig_XMoveC2).(msg).(c2) end) <> (match s with st9 w_XJoin w_OJoin w_XMoveC1 w_OMoveC1 w_XMoveC2 w_OMoveC2 w_XMoveC3 w_OMoveC3 w_XMoveC4 => w_XMoveC3.(sig_XMoveC3).(msg).(c3) end))) ((match s with st9 w_XJoin w_OJoin w_XMoveC1 w_OMoveC1 w_XMoveC2 w_OMoveC2 w_XMoveC3 w_OMoveC3 w_XMoveC4 => w_XMoveC2.(sig_XMoveC2).(msg).(c2) end) <> (match s with st9 w_XJoin w_OJoin w_XMoveC1 w_OMoveC1 w_XMoveC2 w_OMoveC2 w_XMoveC3 w_OMoveC3 w_XMoveC4 => w_OMoveC3.(sig_OMoveC3).(msg).(c3) end))) ((match s with st9 w_XJoin w_OJoin w_XMoveC1 w_OMoveC1 w_XMoveC2 w_OMoveC2 w_XMoveC3 w_OMoveC3 w_XMoveC4 => w_XMoveC2.(sig_XMoveC2).(msg).(c2) end) <> (match s with st9 w_XJoin w_OJoin w_XMoveC1 w_OMoveC1 w_XMoveC2 w_OMoveC2 w_XMoveC3 w_OMoveC3 w_XMoveC4 => w_XMoveC4.(sig_XMoveC4).(msg).(c4) end))) ((match s with st9 w_XJoin w_OJoin w_XMoveC1 w_OMoveC1 w_XMoveC2 w_OMoveC2 w_XMoveC3 w_OMoveC3 w_XMoveC4 => w_XMoveC2.(sig_XMoveC2).(msg).(c2) end) <> sig.(msg).(c4))) ((match s with st9 w_XJoin w_OJoin w_XMoveC1 w_OMoveC1 w_XMoveC2 w_OMoveC2 w_XMoveC3 w_OMoveC3 w_XMoveC4 => w_OMoveC2.(sig_OMoveC2).(msg).(c2) end) <> (match s with st9 w_XJoin w_OJoin w_XMoveC1 w_OMoveC1 w_XMoveC2 w_OMoveC2 w_XMoveC3 w_OMoveC3 w_XMoveC4 => w_XMoveC3.(sig_XMoveC3).(msg).(c3) end))) ((match s with st9 w_XJoin w_OJoin w_XMoveC1 w_OMoveC1 w_XMoveC2 w_OMoveC2 w_XMoveC3 w_OMoveC3 w_XMoveC4 => w_OMoveC2.(sig_OMoveC2).(msg).(c2) end) <> (match s with st9 w_XJoin w_OJoin w_XMoveC1 w_OMoveC1 w_XMoveC2 w_OMoveC2 w_XMoveC3 w_OMoveC3 w_XMoveC4 => w_OMoveC3.(sig_OMoveC3).(msg).(c3) end))) ((match s with st9 w_XJoin w_OJoin w_XMoveC1 w_OMoveC1 w_XMoveC2 w_OMoveC2 w_XMoveC3 w_OMoveC3 w_XMoveC4 => w_OMoveC2.(sig_OMoveC2).(msg).(c2) end) <> (match s with st9 w_XJoin w_OJoin w_XMoveC1 w_OMoveC1 w_XMoveC2 w_OMoveC2 w_XMoveC3 w_OMoveC3 w_XMoveC4 => w_XMoveC4.(sig_XMoveC4).(msg).(c4) end))) ((match s with st9 w_XJoin w_OJoin w_XMoveC1 w_OMoveC1 w_XMoveC2 w_OMoveC2 w_XMoveC3 w_OMoveC3 w_XMoveC4 => w_OMoveC2.(sig_OMoveC2).(msg).(c2) end) <> sig.(msg).(c4))) ((match s with st9 w_XJoin w_OJoin w_XMoveC1 w_OMoveC1 w_XMoveC2 w_OMoveC2 w_XMoveC3 w_OMoveC3 w_XMoveC4 => w_XMoveC3.(sig_XMoveC3).(msg).(c3) end) <> (match s with st9 w_XJoin w_OJoin w_XMoveC1 w_OMoveC1 w_XMoveC2 w_OMoveC2 w_XMoveC3 w_OMoveC3 w_XMoveC4 => w_OMoveC3.(sig_OMoveC3).(msg).(c3) end))) ((match s with st9 w_XJoin w_OJoin w_XMoveC1 w_OMoveC1 w_XMoveC2 w_OMoveC2 w_XMoveC3 w_OMoveC3 w_XMoveC4 => w_XMoveC3.(sig_XMoveC3).(msg).(c3) end) <> (match s with st9 w_XJoin w_OJoin w_XMoveC1 w_OMoveC1 w_XMoveC2 w_OMoveC2 w_XMoveC3 w_OMoveC3 w_XMoveC4 => w_XMoveC4.(sig_XMoveC4).(msg).(c4) end))) ((match s with st9 w_XJoin w_OJoin w_XMoveC1 w_OMoveC1 w_XMoveC2 w_OMoveC2 w_XMoveC3 w_OMoveC3 w_XMoveC4 => w_XMoveC3.(sig_XMoveC3).(msg).(c3) end) <> sig.(msg).(c4))) ((match s with st9 w_XJoin w_OJoin w_XMoveC1 w_OMoveC1 w_XMoveC2 w_OMoveC2 w_XMoveC3 w_OMoveC3 w_XMoveC4 => w_OMoveC3.(sig_OMoveC3).(msg).(c3) end) <> (match s with st9 w_XJoin w_OJoin w_XMoveC1 w_OMoveC1 w_XMoveC2 w_OMoveC2 w_XMoveC3 w_OMoveC3 w_XMoveC4 => w_XMoveC4.(sig_XMoveC4).(msg).(c4) end))) ((match s with st9 w_XJoin w_OJoin w_XMoveC1 w_OMoveC1 w_XMoveC2 w_OMoveC2 w_XMoveC3 w_OMoveC3 w_XMoveC4 => w_OMoveC3.(sig_OMoveC3).(msg).(c3) end) <> sig.(msg).(c4))) ((match s with st9 w_XJoin w_OJoin w_XMoveC1 w_OMoveC1 w_XMoveC2 w_OMoveC2 w_XMoveC3 w_OMoveC3 w_XMoveC4 => w_XMoveC4.(sig_XMoveC4).(msg).(c4) end) <> sig.(msg).(c4)))) : State S10 :=
  match s with
  | st9 w_XJoin w_OJoin w_XMoveC1 w_OMoveC1 w_XMoveC2 w_OMoveC2 w_XMoveC3 w_OMoveC3 w_XMoveC4 =>
      st10 w_XJoin w_OJoin w_XMoveC1 w_OMoveC1 w_XMoveC2 w_OMoveC2 w_XMoveC3 w_OMoveC3 w_XMoveC4 {| sig_OMoveC4 := sig; guard := Hguard |}
  end.

End TicTacToe_Protocol.

[Change at line 118]   sig_OMoveC3 : Signed O P_OMoveC3;
  guard : andb andb andb andb andb andb andb andb andb andb andb andb andb andb (w_XMoveC1.(sig_XMoveC1).(msg).(c1) <> w_OMoveC1.(sig_OMoveC1).(msg).(c1)) (w_XMoveC1.(sig_XMoveC1).(msg).(c1) <> w_XMoveC2.(sig_XMoveC2).(msg).(c2)) (w_XMoveC1.(sig_XMoveC1).(msg).(c1) <> w_OMoveC2.(sig_OMoveC2).(msg).(c2)) (w_XMoveC1.(sig_XMoveC1).(msg).(c1) <> w_XMoveC3.(sig_XMoveC3).(msg).(c3)) (w_XMoveC1.(sig_XMoveC1).(msg).(c1) <> sig_OMoveC3.(msg).(c3)) (w_OMoveC1.(sig_OMoveC1).(msg).(c1) <> w_XMoveC2.(sig_XMoveC2).(msg).(c2)) (w_OMoveC1.(sig_OMoveC1).(msg).(c1) <> w_OMoveC2.(sig_OMoveC2).(msg).(c2)) (w_OMoveC1.(sig_OMoveC1).(msg).(c1) <> w_XMoveC3.(sig_XMoveC3).(msg).(c3)) (w_OMoveC1.(sig_OMoveC1).(msg).(c1) <> sig_OMoveC3.(msg).(c3)) (w_XMoveC2.(sig_XMoveC2).(msg).(c2) <> w_OMoveC2.(sig_OMoveC2).(msg).(c2)) (w_XMoveC2.(sig_XMoveC2).(msg).(c2) <> w_XMoveC3.(sig_XMoveC3).(msg).(c3)) (w_XMoveC2.(sig_XMoveC2).(msg).(c2) <> sig_OMoveC3.(msg).(c3)) (w_OMoveC2.(sig_OMoveC2).(msg).(c2) <> w_XMoveC3.(sig_XMoveC3).(msg).(c3)) (w_OMoveC2.(sig_OMoveC2).(msg).(c2) <> sig_OMoveC3.(msg).(c3)) (w_XMoveC3.(sig_XMoveC3).(msg).(c3) <> sig_OMoveC3.(msg).(c3));
}.

Record W_XMoveC4 (w_XJoin : W_XJoin) (w_OJoin : (W_OJoin w_XJoin)) (w_XMoveC1 : (W_XMoveC1 w_XJoin w_OJoin)) (w_OMoveC1 : (W_OMoveC1 w_XJoin w_OJoin w_XMoveC1)) (w_XMoveC2 : (W_XMoveC2 w_XJoin w_OJoin w_XMoveC1 w_OMoveC1)) (w_OMoveC2 : (W_OMoveC2 w_XJoin w_OJoin w_XMoveC1 w_OMoveC1 w_XMoveC2)) (w_XMoveC3 : (W_XMoveC3 w_XJoin w_OJoin w_XMoveC1 w_OMoveC1 w_XMoveC2 w_OMoveC2)) (w_OMoveC3 : (W_OMoveC3 w_XJoin w_OJoin w_XMoveC1 w_OMoveC1 w_XMoveC2 w_OMoveC2 w_XMoveC3)) : Type := {
  sig_XMoveC4 : Signed X P_XMoveC4;
  guard : andb andb andb andb andb andb andb andb andb andb andb andb andb andb andb andb andb andb andb andb (w_XMoveC1.(sig_XMoveC1).(msg).(c1) <> w_OMoveC1.(sig_OMoveC1).(msg).(c1)) (w_XMoveC1.(sig_XMoveC1).(msg).(c1) <> w_XMoveC2.(sig_XMoveC2).(msg).(c2)) (w_XMoveC1.(sig_XMoveC1).(msg).(c1) <> w_OMoveC2.(sig_OMoveC2).(msg).(c2)) (w_XMoveC1.(sig_XMoveC1).(msg).(c1) <> w_XMoveC3.(sig_XMoveC3).(msg).(c3)) (w_XMoveC1.(sig_XMoveC1).(msg).(c1) <> w_OMoveC3.(sig_OMoveC3).(msg).(c3)) (w_XMoveC1.(sig_XMoveC1).(msg).(c1) <> sig_XMoveC4.(msg).(c4)) (w_OMoveC1.(sig_OMoveC1).(msg).(c1) <> w_XMoveC2.(sig_XMoveC2).(msg).(c2)) (w_OMoveC1.(sig_OMoveC1).(msg).(c1) <> w_OMoveC2.(sig_OMoveC2).(msg).(c2)) (w_OMoveC1.(sig_OMoveC1).(msg).(c1) <> w_XMoveC3.(sig_XMoveC3).(msg).(c3)) (w_OMoveC1.(sig_OMoveC1).(msg).(c1) <> w_OMoveC3.(sig_OMoveC3).(msg).(c3)) (w_OMoveC1.(sig_OMoveC1).(msg).(c1) <> sig_XMoveC4.(msg).(c4)) (w_XMoveC2.(sig_XMoveC2).(msg).(c2) <> w_OMoveC2.(sig_OMoveC2).(msg).(c2)) (w_XMoveC2.(sig_XMoveC2).(msg).(c2) <> w_XMoveC3.(sig_XMoveC3).(msg).(c3)) (w_XMoveC2.(sig_XMoveC2).(msg).(c2) <> w_OMoveC3.(sig_OMoveC3).(msg).(c3)) (w_XMoveC2.(sig_XMoveC2).(msg).(c2) <> sig_XMoveC4.(msg).(c4)) (w_OMoveC2.(sig_OMoveC2).(msg).(c2) <> w_XMoveC3.(sig_XMoveC3).(msg).(c3)) (w_OMoveC2.(sig_OMoveC2).(msg).(c2) <> w_OMoveC3.(sig_OMoveC3).(msg).(c3)) (w_OMoveC2.(sig_OMoveC2).(msg).(c2) <> sig_XMoveC4.(msg).(c4)) (w_XMoveC3.(sig_XMoveC3).(msg).(c3) <> w_OMoveC3.(sig_OMoveC3).(msg).(c3)) (w_XMoveC3.(sig_XMoveC3).(msg).(c3) <> sig_XMoveC4.(msg).(c4)) (w_OMoveC3.(sig_OMoveC3).(msg).(c3) <> sig_XMoveC4.(msg).(c4));
}.

Record W_OMoveC4 (w_XJoin : W_XJoin) (w_OJoin : (W_OJoin w_XJoin)) (w_XMoveC1 : (W_XMoveC1 w_XJoin w_OJoin)) (w_OMoveC1 : (W_OMoveC1 w_XJoin w_OJoin w_XMoveC1)) (w_XMoveC2 : (W_XMoveC2 w_XJoin w_OJoin w_XMoveC1 w_OMoveC1)) (w_OMoveC2 : (W_OMoveC2 w_XJoin w_OJoin w_XMoveC1 w_OMoveC1 w_XMoveC2)) (w_XMoveC3 : (W_XMoveC3 w_XJoin w_OJoin w_XMoveC1 w_OMoveC1 w_XMoveC2 w_OMoveC2)) (w_OMoveC3 : (W_OMoveC3 w_XJoin w_OJoin w_XMoveC1 w_OMoveC1 w_XMoveC2 w_OMoveC2 w_XMoveC3)) (w_XMoveC4 : (W_XMoveC4 w_XJoin w_OJoin w_XMoveC1 w_OMoveC1 w_XMoveC2 w_OMoveC2 w_XMoveC3 w_OMoveC3)) : Type := {
  sig_OMoveC4 : Signed O P_OMoveC4;
  guard : andb andb andb andb andb andb andb andb andb andb andb andb andb andb andb andb andb andb andb andb andb andb andb andb andb andb andb (w_XMoveC1.(sig_XMoveC1).(msg).(c1) <> w_OMoveC1.(sig_OMoveC1).(msg).(c1)) (w_XMoveC1.(sig_XMoveC1).(msg).(c1) <> w_XMoveC2.(sig_XMoveC2).(msg).(c2)) (w_XMoveC1.(sig_XMoveC1).(msg).(c1) <> w_OMoveC2.(sig_OMoveC2).(msg).(c2)) (w_XMoveC1.(sig_XMoveC1).(msg).(c1) <> w_XMoveC3.(sig_XMoveC3).(msg).(c3)) (w_XMoveC1.(sig_XMoveC1).(msg).(c1) <> w_OMoveC3.(sig_OMoveC3).(msg).(c3)) (w_XMoveC1.(sig_XMoveC1).(msg).(c1) <> w_XMoveC4.(sig_XMoveC4).(msg).(c4)) (w_XMoveC1.(sig_XMoveC1).(msg).(c1) <> sig_OMoveC4.(msg).(c4)) (w_OMoveC1.(sig_OMoveC1).(msg).(c1) <> w_XMoveC2.(sig_XMoveC2).(msg).(c2)) (w_OMoveC1.(sig_OMoveC1).(msg).(c1) <> w_OMoveC2.(sig_OMoveC2).(msg).(c2)) (w_OMoveC1.(sig_OMoveC1).(msg).(c1) <> w_XMoveC3.(sig_XMoveC3).(msg).(c3)) (w_OMoveC1.(sig_OMoveC1).(msg).(c1) <> w_OMoveC3.(sig_OMoveC3).(msg).(c3)) (w_OMoveC1.(sig_OMoveC1).(msg).(c1) <> w_XMoveC4.(sig_XMoveC4).(msg).(c4)) (w_OMoveC1.(sig_OMoveC1).(msg).(c1) <> sig_OMoveC4.(msg).(c4)) (w_XMoveC2.(sig_XMoveC2).(msg).(c2) <> w_OMoveC2.(sig_OMoveC2).(msg).(c2)) (w_XMoveC2.(sig_XMoveC2).(msg).(c2) <> w_XMoveC3.(sig_XMoveC3).(msg).(c3)) (w_XMoveC2.(sig_XMoveC2).(msg).(c2) <> w_OMoveC3.(sig_OMoveC3).(msg).(c3)) (w_XMoveC2.(sig_XMoveC2).(msg).(c2) <> w_XMoveC4.(sig_XMoveC4).(msg).(c4)) (w_XMoveC2.(sig_XMoveC2).(msg).(c2) <> sig_OMoveC4.(msg).(c4)) (w_OMoveC2.(sig_OMoveC2).(msg).(c2) <> w_XMoveC3.(sig_XMoveC3).(msg).(c3)) (w_OMoveC2.(sig_OMoveC2).(msg).(c2) <> w_OMoveC3.(sig_OMoveC3).(msg).(c3)) (w_OMoveC2.(sig_OMoveC2).(msg).(c2) <> w_XMoveC4.(sig_XMoveC4).(msg).(c4)) (w_OMoveC2.(sig_OMoveC2).(msg).(c2) <> sig_OMoveC4.(msg).(c4)) (w_XMoveC3.(sig_XMoveC3).(msg).(c3) <> w_OMoveC3.(sig_OMoveC3).(msg).(c3)) (w_XMoveC3.(sig_XMoveC3).(msg).(c3) <> w_XMoveC4.(sig_XMoveC4).(msg).(c4)) (w_XMoveC3.(sig_XMoveC3).(msg).(c3) <> sig_OMoveC4.(msg).(c4)) (w_OMoveC3.(sig_OMoveC3).(msg).(c3) <> w_XMoveC4.(sig_XMoveC4).(msg).(c4)) (w_OMoveC3.(sig_OMoveC3).(msg).(c3) <> sig_OMoveC4.(msg).(c4)) (w_XMoveC4.(sig_XMoveC4).(msg).(c4) <> sig_OMoveC4.(msg).(c4));
}.

(* ===================== *)
(* 5) Typed runtime/ESM  *)
(* ===================== *)

Inductive Stage : Type :=
S0 | S1 | S2 | S3 | S4 | S5 | S6 | S7 | S8 | S9 | S10.

Inductive State : Stage -> Type :=
| st0 : State S0
| st1 : (w_XJoin : W_XJoin) -> State S1
| st2 : (w_XJoin : W_XJoin) (w_OJoin : (W_OJoin w_XJoin)) -> State S2
| st3 : (w_XJoin : W_XJoin) (w_OJoin : (W_OJoin w_XJoin)) (w_XMoveC1 : (W_XMoveC1 w_XJoin w_OJoin)) -> State S3
| st4 : (w_XJoin : W_XJoin) (w_OJoin : (W_OJoin w_XJoin)) (w_XMoveC1 : (W_XMoveC1 w_XJoin w_OJoin)) (w_OMoveC1 : (W_OMoveC1 w_XJoin w_OJoin w_XMoveC1)) -> State S4
| st5 : (w_XJoin : W_XJoin) (w_OJoin : (W_OJoin w_XJoin)) (w_XMoveC1 : (W_XMoveC1 w_XJoin w_OJoin)) (w_OMoveC1 : (W_OMoveC1 w_XJoin w_OJoin w_XMoveC1)) (w_XMoveC2 : (W_XMoveC2 w_XJoin w_OJoin w_XMoveC1 w_OMoveC1)) -> State S5
| st6 : (w_XJoin : W_XJoin) (w_OJoin : (W_OJoin w_XJoin)) (w_XMoveC1 : (W_XMoveC1 w_XJoin w_OJoin)) (w_OMoveC1 : (W_OMoveC1 w_XJoin w_OJoin w_XMoveC1)) (w_XMoveC2 : (W_XMoveC2 w_XJoin w_OJoin w_XMoveC1 w_OMoveC1)) (w_OMoveC2 : (W_OMoveC2 w_XJoin w_OJoin w_XMoveC1 w_OMoveC1 w_XMoveC2)) -> State S6
| st7 : (w_XJoin : W_XJoin) (w_OJoin : (W_OJoin w_XJoin)) (w_XMoveC1 : (W_XMoveC1 w_XJoin w_OJoin)) (w_OMoveC1 : (W_OMoveC1 w_XJoin w_OJoin w_XMoveC1)) (w_XMoveC2 : (W_XMoveC2 w_XJoin w_OJoin w_XMoveC1 w_OMoveC1)) (w_OMoveC2 : (W_OMoveC2 w_XJoin w_OJoin w_XMoveC1 w_OMoveC1 w_XMoveC2)) (w_XMoveC3 : (W_XMoveC3 w_XJoin w_OJoin w_XMoveC1 w_OMoveC1 w_XMoveC2 w_OMoveC2)) -> State S7
| st8 : (w_XJoin : W_XJoin) (w_OJoin : (W_OJoin w_XJoin)) (w_XMoveC1 : (W_XMoveC1 w_XJoin w_OJoin)) (w_OMoveC1 : (W_OMoveC1 w_XJoin w_OJoin w_XMoveC1)) (w_XMoveC2 : (W_XMoveC2 w_XJoin w_OJoin w_XMoveC1 w_OMoveC1)) (w_OMoveC2 : (W_OMoveC2 w_XJoin w_OJoin w_XMoveC1 w_OMoveC1 w_XMoveC2)) (w_XMoveC3 : (W_XMoveC3 w_XJoin w_OJoin w_XMoveC1 w_OMoveC1 w_XMoveC2 w_OMoveC2)) (w_OMoveC3 : (W_OMoveC3 w_XJoin w_OJoin w_XMoveC1 w_OMoveC1 w_XMoveC2 w_OMoveC2 w_XMoveC3)) -> State S8
| st9 : (w_XJoin : W_XJoin) (w_OJoin : (W_OJoin w_XJoin)) (w_XMoveC1 : (W_XMoveC1 w_XJoin w_OJoin)) (w_OMoveC1 : (W_OMoveC1 w_XJoin w_OJoin w_XMoveC1)) (w_XMoveC2 : (W_XMoveC2 w_XJoin w_OJoin w_XMoveC1 w_OMoveC1)) (w_OMoveC2 : (W_OMoveC2 w_XJoin w_OJoin w_XMoveC1 w_OMoveC1 w_XMoveC2)) (w_XMoveC3 : (W_XMoveC3 w_XJoin w_OJoin w_XMoveC1 w_OMoveC1 w_XMoveC2 w_OMoveC2)) (w_OMoveC3 : (W_OMoveC3 w_XJoin w_OJoin w_XMoveC1 w_OMoveC1 w_XMoveC2 w_OMoveC2 w_XMoveC3)) (w_XMoveC4 : (W_XMoveC4 w_XJoin w_OJoin w_XMoveC1 w_OMoveC1 w_XMoveC2 w_OMoveC2 w_XMoveC3 w_OMoveC3)) -> State S9
| st10 : (w_XJoin : W_XJoin) (w_OJoin : (W_OJoin w_XJoin)) (w_XMoveC1 : (W_XMoveC1 w_XJoin w_OJoin)) (w_OMoveC1 : (W_OMoveC1 w_XJoin w_OJoin w_XMoveC1)) (w_XMoveC2 : (W_XMoveC2 w_XJoin w_OJoin w_XMoveC1 w_OMoveC1)) (w_OMoveC2 : (W_OMoveC2 w_XJoin w_OJoin w_XMoveC1 w_OMoveC1 w_XMoveC2)) (w_XMoveC3 : (W_XMoveC3 w_XJoin w_OJoin w_XMoveC1 w_OMoveC1 w_XMoveC2 w_OMoveC2)) (w_OMoveC3 : (W_OMoveC3 w_XJoin w_OJoin w_XMoveC1 w_OMoveC1 w_XMoveC2 w_OMoveC2 w_XMoveC3)) (w_XMoveC4 : (W_XMoveC4 w_XJoin w_OJoin w_XMoveC1 w_OMoveC1 w_XMoveC2 w_OMoveC2 w_XMoveC3 w_OMoveC3)) (w_OMoveC4 : (W_OMoveC4 w_XJoin w_OJoin w_XMoveC1 w_OMoveC1 w_XMoveC2 w_OMoveC2 w_XMoveC3 w_OMoveC3 w_XMoveC4)) -> State S10
.

(* Step API *)
Definition step_xjoin_from_s0 (s : State S0) (sig : Signed X P_XJoin)
 : State S1 :=
  match s with
  | st0 =>
      st1 {| sig_XJoin := sig |}
  end.

Definition step_ojoin_from_s1 (s : State S1) (sig : Signed O P_OJoin)
 : State S2 :=
  match s with
  | st1 w_XJoin =>
      st2 w_XJoin {| sig_OJoin := sig |}
  end.

Definition step_xmovec1_from_s2 (s : State S2) (sig : Signed X P_XMoveC1)
 : State S3 :=
  match s with
  | st2 w_XJoin w_OJoin =>
      st3 w_XJoin w_OJoin {| sig_XMoveC1 := sig |}
  end.

Definition step_omovec1_from_s3 (s : State S3) (sig : Signed O P_OMoveC1)
  (Hguard : ((match s with st3 w_XJoin w_OJoin w_XMoveC1 => w_XMoveC1.(sig_XMoveC1).(msg).(c1) end) <> sig.(msg).(c1))) : State S4 :=
  match s with
  | st3 w_XJoin w_OJoin w_XMoveC1 =>
      st4 w_XJoin w_OJoin w_XMoveC1 {| sig_OMoveC1 := sig; guard := Hguard |}
  end.

Definition step_xmovec2_from_s4 (s : State S4) (sig : Signed X P_XMoveC2)
  (Hguard : (andb (andb ((match s with st4 w_XJoin w_OJoin w_XMoveC1 w_OMoveC1 => w_XMoveC1.(sig_XMoveC1).(msg).(c1) end) <> (match s with st4 w_XJoin w_OJoin w_XMoveC1 w_OMoveC1 => w_OMoveC1.(sig_OMoveC1).(msg).(c1) end)) ((match s with st4 w_XJoin w_OJoin w_XMoveC1 w_OMoveC1 => w_XMoveC1.(sig_XMoveC1).(msg).(c1) end) <> sig.(msg).(c2))) ((match s with st4 w_XJoin w_OJoin w_XMoveC1 w_OMoveC1 => w_OMoveC1.(sig_OMoveC1).(msg).(c1) end) <> sig.(msg).(c2)))) : State S5 :=
  match s with
  | st4 w_XJoin w_OJoin w_XMoveC1 w_OMoveC1 =>
      st5 w_XJoin w_OJoin w_XMoveC1 w_OMoveC1 {| sig_XMoveC2 := sig; guard := Hguard |}
  end.

Definition step_omovec2_from_s5 (s : State S5) (sig : Signed O P_OMoveC2)
  (Hguard : (andb (andb (andb (andb (andb ((match s with st5 w_XJoin w_OJoin w_XMoveC1 w_OMoveC1 w_XMoveC2 => w_XMoveC1.(sig_XMoveC1).(msg).(c1) end) <> (match s with st5 w_XJoin w_OJoin w_XMoveC1 w_OMoveC1 w_XMoveC2 => w_OMoveC1.(sig_OMoveC1).(msg).(c1) end)) ((match s with st5 w_XJoin w_OJoin w_XMoveC1 w_OMoveC1 w_XMoveC2 => w_XMoveC1.(sig_XMoveC1).(msg).(c1) end) <> (match s with st5 w_XJoin w_OJoin w_XMoveC1 w_OMoveC1 w_XMoveC2 => w_XMoveC2.(sig_XMoveC2).(msg).(c2) end))) ((match s with st5 w_XJoin w_OJoin w_XMoveC1 w_OMoveC1 w_XMoveC2 => w_XMoveC1.(sig_XMoveC1).(msg).(c1) end) <> sig.(msg).(c2))) ((match s with st5 w_XJoin w_OJoin w_XMoveC1 w_OMoveC1 w_XMoveC2 => w_OMoveC1.(sig_OMoveC1).(msg).(c1) end) <> (match s with st5 w_XJoin w_OJoin w_XMoveC1 w_OMoveC1 w_XMoveC2 => w_XMoveC2.(sig_XMoveC2).(msg).(c2) end))) ((match s with st5 w_XJoin w_OJoin w_XMoveC1 w_OMoveC1 w_XMoveC2 => w_OMoveC1.(sig_OMoveC1).(msg).(c1) end) <> sig.(msg).(c2))) ((match s with st5 w_XJoin w_OJoin w_XMoveC1 w_OMoveC1 w_XMoveC2 => w_XMoveC2.(sig_XMoveC2).(msg).(c2) end) <> sig.(msg).(c2)))) : State S6 :=
  match s with
  | st5 w_XJoin w_OJoin w_XMoveC1 w_OMoveC1 w_XMoveC2 =>
      st6 w_XJoin w_OJoin w_XMoveC1 w_OMoveC1 w_XMoveC2 {| sig_OMoveC2 := sig; guard := Hguard |}
  end.

Definition step_xmovec3_from_s6 (s : State S6) (sig : Signed X P_XMoveC3)
  (Hguard : (andb (andb (andb (andb (andb (andb (andb (andb (andb ((match s with st6 w_XJoin w_OJoin w_XMoveC1 w_OMoveC1 w_XMoveC2 w_OMoveC2 => w_XMoveC1.(sig_XMoveC1).(msg).(c1) end) <> (match s with st6 w_XJoin w_OJoin w_XMoveC1 w_OMoveC1 w_XMoveC2 w_OMoveC2 => w_OMoveC1.(sig_OMoveC1).(msg).(c1) end)) ((match s with st6 w_XJoin w_OJoin w_XMoveC1 w_OMoveC1 w_XMoveC2 w_OMoveC2 => w_XMoveC1.(sig_XMoveC1).(msg).(c1) end) <> (match s with st6 w_XJoin w_OJoin w_XMoveC1 w_OMoveC1 w_XMoveC2 w_OMoveC2 => w_XMoveC2.(sig_XMoveC2).(msg).(c2) end))) ((match s with st6 w_XJoin w_OJoin w_XMoveC1 w_OMoveC1 w_XMoveC2 w_OMoveC2 => w_XMoveC1.(sig_XMoveC1).(msg).(c1) end) <> (match s with st6 w_XJoin w_OJoin w_XMoveC1 w_OMoveC1 w_XMoveC2 w_OMoveC2 => w_OMoveC2.(sig_OMoveC2).(msg).(c2) end))) ((match s with st6 w_XJoin w_OJoin w_XMoveC1 w_OMoveC1 w_XMoveC2 w_OMoveC2 => w_XMoveC1.(sig_XMoveC1).(msg).(c1) end) <> sig.(msg).(c3))) ((match s with st6 w_XJoin w_OJoin w_XMoveC1 w_OMoveC1 w_XMoveC2 w_OMoveC2 => w_OMoveC1.(sig_OMoveC1).(msg).(c1) end) <> (match s with st6 w_XJoin w_OJoin w_XMoveC1 w_OMoveC1 w_XMoveC2 w_OMoveC2 => w_XMoveC2.(sig_XMoveC2).(msg).(c2) end))) ((match s with st6 w_XJoin w_OJoin w_XMoveC1 w_OMoveC1 w_XMoveC2 w_OMoveC2 => w_OMoveC1.(sig_OMoveC1).(msg).(c1) end) <> (match s with st6 w_XJoin w_OJoin w_XMoveC1 w_OMoveC1 w_XMoveC2 w_OMoveC2 => w_OMoveC2.(sig_OMoveC2).(msg).(c2) end))) ((match s with st6 w_XJoin w_OJoin w_XMoveC1 w_OMoveC1 w_XMoveC2 w_OMoveC2 => w_OMoveC1.(sig_OMoveC1).(msg).(c1) end) <> sig.(msg).(c3))) ((match s with st6 w_XJoin w_OJoin w_XMoveC1 w_OMoveC1 w_XMoveC2 w_OMoveC2 => w_XMoveC2.(sig_XMoveC2).(msg).(c2) end) <> (match s with st6 w_XJoin w_OJoin w_XMoveC1 w_OMoveC1 w_XMoveC2 w_OMoveC2 => w_OMoveC2.(sig_OMoveC2).(msg).(c2) end))) ((match s with st6 w_XJoin w_OJoin w_XMoveC1 w_OMoveC1 w_XMoveC2 w_OMoveC2 => w_XMoveC2.(sig_XMoveC2).(msg).(c2) end) <> sig.(msg).(c3))) ((match s with st6 w_XJoin w_OJoin w_XMoveC1 w_OMoveC1 w_XMoveC2 w_OMoveC2 => w_OMoveC2.(sig_OMoveC2).(msg).(c2) end) <> sig.(msg).(c3)))) : State S7 :=
  match s with
  | st6 w_XJoin w_OJoin w_XMoveC1 w_OMoveC1 w_XMoveC2 w_OMoveC2 =>
      st7 w_XJoin w_OJoin w_XMoveC1 w_OMoveC1 w_XMoveC2 w_OMoveC2 {| sig_XMoveC3 := sig; guard := Hguard |}
  end.

Definition step_omovec3_from_s7 (s : State S7) (sig : Signed O P_OMoveC3)
  (Hguard : (andb (andb (andb (andb (andb (andb (andb (andb (andb (andb (andb (andb (andb (andb ((match s with st7 w_XJoin w_OJoin w_XMoveC1 w_OMoveC1 w_XMoveC2 w_OMoveC2 w_XMoveC3 => w_XMoveC1.(sig_XMoveC1).(msg).(c1) end) <> (match s with st7 w_XJoin w_OJoin w_XMoveC1 w_OMoveC1 w_XMoveC2 w_OMoveC2 w_XMoveC3 => w_OMoveC1.(sig_OMoveC1).(msg).(c1) end)) ((match s with st7 w_XJoin w_OJoin w_XMoveC1 w_OMoveC1 w_XMoveC2 w_OMoveC2 w_XMoveC3 => w_XMoveC1.(sig_XMoveC1).(msg).(c1) end) <> (match s with st7 w_XJoin w_OJoin w_XMoveC1 w_OMoveC1 w_XMoveC2 w_OMoveC2 w_XMoveC3 => w_XMoveC2.(sig_XMoveC2).(msg).(c2) end))) ((match s with st7 w_XJoin w_OJoin w_XMoveC1 w_OMoveC1 w_XMoveC2 w_OMoveC2 w_XMoveC3 => w_XMoveC1.(sig_XMoveC1).(msg).(c1) end) <> (match s with st7 w_XJoin w_OJoin w_XMoveC1 w_OMoveC1 w_XMoveC2 w_OMoveC2 w_XMoveC3 => w_OMoveC2.(sig_OMoveC2).(msg).(c2) end))) ((match s with st7 w_XJoin w_OJoin w_XMoveC1 w_OMoveC1 w_XMoveC2 w_OMoveC2 w_XMoveC3 => w_XMoveC1.(sig_XMoveC1).(msg).(c1) end) <> (match s with st7 w_XJoin w_OJoin w_XMoveC1 w_OMoveC1 w_XMoveC2 w_OMoveC2 w_XMoveC3 => w_XMoveC3.(sig_XMoveC3).(msg).(c3) end))) ((match s with st7 w_XJoin w_OJoin w_XMoveC1 w_OMoveC1 w_XMoveC2 w_OMoveC2 w_XMoveC3 => w_XMoveC1.(sig_XMoveC1).(msg).(c1) end) <> sig.(msg).(c3))) ((match s with st7 w_XJoin w_OJoin w_XMoveC1 w_OMoveC1 w_XMoveC2 w_OMoveC2 w_XMoveC3 => w_OMoveC1.(sig_OMoveC1).(msg).(c1) end) <> (match s with st7 w_XJoin w_OJoin w_XMoveC1 w_OMoveC1 w_XMoveC2 w_OMoveC2 w_XMoveC3 => w_XMoveC2.(sig_XMoveC2).(msg).(c2) end))) ((match s with st7 w_XJoin w_OJoin w_XMoveC1 w_OMoveC1 w_XMoveC2 w_OMoveC2 w_XMoveC3 => w_OMoveC1.(sig_OMoveC1).(msg).(c1) end) <> (match s with st7 w_XJoin w_OJoin w_XMoveC1 w_OMoveC1 w_XMoveC2 w_OMoveC2 w_XMoveC3 => w_OMoveC2.(sig_OMoveC2).(msg).(c2) end))) ((match s with st7 w_XJoin w_OJoin w_XMoveC1 w_OMoveC1 w_XMoveC2 w_OMoveC2 w_XMoveC3 => w_OMoveC1.(sig_OMoveC1).(msg).(c1) end) <> (match s with st7 w_XJoin w_OJoin w_XMoveC1 w_OMoveC1 w_XMoveC2 w_OMoveC2 w_XMoveC3 => w_XMoveC3.(sig_XMoveC3).(msg).(c3) end))) ((match s with st7 w_XJoin w_OJoin w_XMoveC1 w_OMoveC1 w_XMoveC2 w_OMoveC2 w_XMoveC3 => w_OMoveC1.(sig_OMoveC1).(msg).(c1) end) <> sig.(msg).(c3))) ((match s with st7 w_XJoin w_OJoin w_XMoveC1 w_OMoveC1 w_XMoveC2 w_OMoveC2 w_XMoveC3 => w_XMoveC2.(sig_XMoveC2).(msg).(c2) end) <> (match s with st7 w_XJoin w_OJoin w_XMoveC1 w_OMoveC1 w_XMoveC2 w_OMoveC2 w_XMoveC3 => w_OMoveC2.(sig_OMoveC2).(msg).(c2) end))) ((match s with st7 w_XJoin w_OJoin w_XMoveC1 w_OMoveC1 w_XMoveC2 w_OMoveC2 w_XMoveC3 => w_XMoveC2.(sig_XMoveC2).(msg).(c2) end) <> (match s with st7 w_XJoin w_OJoin w_XMoveC1 w_OMoveC1 w_XMoveC2 w_OMoveC2 w_XMoveC3 => w_XMoveC3.(sig_XMoveC3).(msg).(c3) end))) ((match s with st7 w_XJoin w_OJoin w_XMoveC1 w_OMoveC1 w_XMoveC2 w_OMoveC2 w_XMoveC3 => w_XMoveC2.(sig_XMoveC2).(msg).(c2) end) <> sig.(msg).(c3))) ((match s with st7 w_XJoin w_OJoin w_XMoveC1 w_OMoveC1 w_XMoveC2 w_OMoveC2 w_XMoveC3 => w_OMoveC2.(sig_OMoveC2).(msg).(c2) end) <> (match s with st7 w_XJoin w_OJoin w_XMoveC1 w_OMoveC1 w_XMoveC2 w_OMoveC2 w_XMoveC3 => w_XMoveC3.(sig_XMoveC3).(msg).(c3) end))) ((match s with st7 w_XJoin w_OJoin w_XMoveC1 w_OMoveC1 w_XMoveC2 w_OMoveC2 w_XMoveC3 => w_OMoveC2.(sig_OMoveC2).(msg).(c2) end) <> sig.(msg).(c3))) ((match s with st7 w_XJoin w_OJoin w_XMoveC1 w_OMoveC1 w_XMoveC2 w_OMoveC2 w_XMoveC3 => w_XMoveC3.(sig_XMoveC3).(msg).(c3) end) <> sig.(msg).(c3)))) : State S8 :=
  match s with
  | st7 w_XJoin w_OJoin w_XMoveC1 w_OMoveC1 w_XMoveC2 w_OMoveC2 w_XMoveC3 =>
      st8 w_XJoin w_OJoin w_XMoveC1 w_OMoveC1 w_XMoveC2 w_OMoveC2 w_XMoveC3 {| sig_OMoveC3 := sig; guard := Hguard |}
  end.

Definition step_xmovec4_from_s8 (s : State S8) (sig : Signed X P_XMoveC4)
  (Hguard : (andb (andb (andb (andb (andb (andb (andb (andb (andb (andb (andb (andb (andb (andb (andb (andb (andb (andb (andb (andb ((match s with st8 w_XJoin w_OJoin w_XMoveC1 w_OMoveC1 w_XMoveC2 w_OMoveC2 w_XMoveC3 w_OMoveC3 => w_XMoveC1.(sig_XMoveC1).(msg).(c1) end) <> (match s with st8 w_XJoin w_OJoin w_XMoveC1 w_OMoveC1 w_XMoveC2 w_OMoveC2 w_XMoveC3 w_OMoveC3 => w_OMoveC1.(sig_OMoveC1).(msg).(c1) end)) ((match s with st8 w_XJoin w_OJoin w_XMoveC1 w_OMoveC1 w_XMoveC2 w_OMoveC2 w_XMoveC3 w_OMoveC3 => w_XMoveC1.(sig_XMoveC1).(msg).(c1) end) <> (match s with st8 w_XJoin w_OJoin w_XMoveC1 w_OMoveC1 w_XMoveC2 w_OMoveC2 w_XMoveC3 w_OMoveC3 => w_XMoveC2.(sig_XMoveC2).(msg).(c2) end))) ((match s with st8 w_XJoin w_OJoin w_XMoveC1 w_OMoveC1 w_XMoveC2 w_OMoveC2 w_XMoveC3 w_OMoveC3 => w_XMoveC1.(sig_XMoveC1).(msg).(c1) end) <> (match s with st8 w_XJoin w_OJoin w_XMoveC1 w_OMoveC1 w_XMoveC2 w_OMoveC2 w_XMoveC3 w_OMoveC3 => w_OMoveC2.(sig_OMoveC2).(msg).(c2) end))) ((match s with st8 w_XJoin w_OJoin w_XMoveC1 w_OMoveC1 w_XMoveC2 w_OMoveC2 w_XMoveC3 w_OMoveC3 => w_XMoveC1.(sig_XMoveC1).(msg).(c1) end) <> (match s with st8 w_XJoin w_OJoin w_XMoveC1 w_OMoveC1 w_XMoveC2 w_OMoveC2 w_XMoveC3 w_OMoveC3 => w_XMoveC3.(sig_XMoveC3).(msg).(c3) end))) ((match s with st8 w_XJoin w_OJoin w_XMoveC1 w_OMoveC1 w_XMoveC2 w_OMoveC2 w_XMoveC3 w_OMoveC3 => w_XMoveC1.(sig_XMoveC1).(msg).(c1) end) <> (match s with st8 w_XJoin w_OJoin w_XMoveC1 w_OMoveC1 w_XMoveC2 w_OMoveC2 w_XMoveC3 w_OMoveC3 => w_OMoveC3.(sig_OMoveC3).(msg).(c3) end))) ((match s with st8 w_XJoin w_OJoin w_XMoveC1 w_OMoveC1 w_XMoveC2 w_OMoveC2 w_XMoveC3 w_OMoveC3 => w_XMoveC1.(sig_XMoveC1).(msg).(c1) end) <> sig.(msg).(c4))) ((match s with st8 w_XJoin w_OJoin w_XMoveC1 w_OMoveC1 w_XMoveC2 w_OMoveC2 w_XMoveC3 w_OMoveC3 => w_OMoveC1.(sig_OMoveC1).(msg).(c1) end) <> (match s with st8 w_XJoin w_OJoin w_XMoveC1 w_OMoveC1 w_XMoveC2 w_OMoveC2 w_XMoveC3 w_OMoveC3 => w_XMoveC2.(sig_XMoveC2).(msg).(c2) end))) ((match s with st8 w_XJoin w_OJoin w_XMoveC1 w_OMoveC1 w_XMoveC2 w_OMoveC2 w_XMoveC3 w_OMoveC3 => w_OMoveC1.(sig_OMoveC1).(msg).(c1) end) <> (match s with st8 w_XJoin w_OJoin w_XMoveC1 w_OMoveC1 w_XMoveC2 w_OMoveC2 w_XMoveC3 w_OMoveC3 => w_OMoveC2.(sig_OMoveC2).(msg).(c2) end))) ((match s with st8 w_XJoin w_OJoin w_XMoveC1 w_OMoveC1 w_XMoveC2 w_OMoveC2 w_XMoveC3 w_OMoveC3 => w_OMoveC1.(sig_OMoveC1).(msg).(c1) end) <> (match s with st8 w_XJoin w_OJoin w_XMoveC1 w_OMoveC1 w_XMoveC2 w_OMoveC2 w_XMoveC3 w_OMoveC3 => w_XMoveC3.(sig_XMoveC3).(msg).(c3) end))) ((match s with st8 w_XJoin w_OJoin w_XMoveC1 w_OMoveC1 w_XMoveC2 w_OMoveC2 w_XMoveC3 w_OMoveC3 => w_OMoveC1.(sig_OMoveC1).(msg).(c1) end) <> (match s with st8 w_XJoin w_OJoin w_XMoveC1 w_OMoveC1 w_XMoveC2 w_OMoveC2 w_XMoveC3 w_OMoveC3 => w_OMoveC3.(sig_OMoveC3).(msg).(c3) end))) ((match s with st8 w_XJoin w_OJoin w_XMoveC1 w_OMoveC1 w_XMoveC2 w_OMoveC2 w_XMoveC3 w_OMoveC3 => w_OMoveC1.(sig_OMoveC1).(msg).(c1) end) <> sig.(msg).(c4))) ((match s with st8 w_XJoin w_OJoin w_XMoveC1 w_OMoveC1 w_XMoveC2 w_OMoveC2 w_XMoveC3 w_OMoveC3 => w_XMoveC2.(sig_XMoveC2).(msg).(c2) end) <> (match s with st8 w_XJoin w_OJoin w_XMoveC1 w_OMoveC1 w_XMoveC2 w_OMoveC2 w_XMoveC3 w_OMoveC3 => w_OMoveC2.(sig_OMoveC2).(msg).(c2) end))) ((match s with st8 w_XJoin w_OJoin w_XMoveC1 w_OMoveC1 w_XMoveC2 w_OMoveC2 w_XMoveC3 w_OMoveC3 => w_XMoveC2.(sig_XMoveC2).(msg).(c2) end) <> (match s with st8 w_XJoin w_OJoin w_XMoveC1 w_OMoveC1 w_XMoveC2 w_OMoveC2 w_XMoveC3 w_OMoveC3 => w_XMoveC3.(sig_XMoveC3).(msg).(c3) end))) ((match s with st8 w_XJoin w_OJoin w_XMoveC1 w_OMoveC1 w_XMoveC2 w_OMoveC2 w_XMoveC3 w_OMoveC3 => w_XMoveC2.(sig_XMoveC2).(msg).(c2) end) <> (match s with st8 w_XJoin w_OJoin w_XMoveC1 w_OMoveC1 w_XMoveC2 w_OMoveC2 w_XMoveC3 w_OMoveC3 => w_OMoveC3.(sig_OMoveC3).(msg).(c3) end))) ((match s with st8 w_XJoin w_OJoin w_XMoveC1 w_OMoveC1 w_XMoveC2 w_OMoveC2 w_XMoveC3 w_OMoveC3 => w_XMoveC2.(sig_XMoveC2).(msg).(c2) end) <> sig.(msg).(c4))) ((match s with st8 w_XJoin w_OJoin w_XMoveC1 w_OMoveC1 w_XMoveC2 w_OMoveC2 w_XMoveC3 w_OMoveC3 => w_OMoveC2.(sig_OMoveC2).(msg).(c2) end) <> (match s with st8 w_XJoin w_OJoin w_XMoveC1 w_OMoveC1 w_XMoveC2 w_OMoveC2 w_XMoveC3 w_OMoveC3 => w_XMoveC3.(sig_XMoveC3).(msg).(c3) end))) ((match s with st8 w_XJoin w_OJoin w_XMoveC1 w_OMoveC1 w_XMoveC2 w_OMoveC2 w_XMoveC3 w_OMoveC3 => w_OMoveC2.(sig_OMoveC2).(msg).(c2) end) <> (match s with st8 w_XJoin w_OJoin w_XMoveC1 w_OMoveC1 w_XMoveC2 w_OMoveC2 w_XMoveC3 w_OMoveC3 => w_OMoveC3.(sig_OMoveC3).(msg).(c3) end))) ((match s with st8 w_XJoin w_OJoin w_XMoveC1 w_OMoveC1 w_XMoveC2 w_OMoveC2 w_XMoveC3 w_OMoveC3 => w_OMoveC2.(sig_OMoveC2).(msg).(c2) end) <> sig.(msg).(c4))) ((match s with st8 w_XJoin w_OJoin w_XMoveC1 w_OMoveC1 w_XMoveC2 w_OMoveC2 w_XMoveC3 w_OMoveC3 => w_XMoveC3.(sig_XMoveC3).(msg).(c3) end) <> (match s with st8 w_XJoin w_OJoin w_XMoveC1 w_OMoveC1 w_XMoveC2 w_OMoveC2 w_XMoveC3 w_OMoveC3 => w_OMoveC3.(sig_OMoveC3).(msg).(c3) end))) ((match s with st8 w_XJoin w_OJoin w_XMoveC1 w_OMoveC1 w_XMoveC2 w_OMoveC2 w_XMoveC3 w_OMoveC3 => w_XMoveC3.(sig_XMoveC3).(msg).(c3) end) <> sig.(msg).(c4))) ((match s with st8 w_XJoin w_OJoin w_XMoveC1 w_OMoveC1 w_XMoveC2 w_OMoveC2 w_XMoveC3 w_OMoveC3 => w_OMoveC3.(sig_OMoveC3).(msg).(c3) end) <> sig.(msg).(c4)))) : State S9 :=
  match s with
  | st8 w_XJoin w_OJoin w_XMoveC1 w_OMoveC1 w_XMoveC2 w_OMoveC2 w_XMoveC3 w_OMoveC3 =>
      st9 w_XJoin w_OJoin w_XMoveC1 w_OMoveC1 w_XMoveC2 w_OMoveC2 w_XMoveC3 w_OMoveC3 {| sig_XMoveC4 := sig; guard := Hguard |}
  end.

Definition step_omovec4_from_s9 (s : State S9) (sig : Signed O P_OMoveC4)
  (Hguard : (andb (andb (andb (andb (andb (andb (andb (andb (andb (andb (andb (andb (andb (andb (andb (andb (andb (andb (andb (andb (andb (andb (andb (andb (andb (andb (andb ((match s with st9 w_XJoin w_OJoin w_XMoveC1 w_OMoveC1 w_XMoveC2 w_OMoveC2 w_XMoveC3 w_OMoveC3 w_XMoveC4 => w_XMoveC1.(sig_XMoveC1).(msg).(c1) end) <> (match s with st9 w_XJoin w_OJoin w_XMoveC1 w_OMoveC1 w_XMoveC2 w_OMoveC2 w_XMoveC3 w_OMoveC3 w_XMoveC4 => w_OMoveC1.(sig_OMoveC1).(msg).(c1) end)) ((match s with st9 w_XJoin w_OJoin w_XMoveC1 w_OMoveC1 w_XMoveC2 w_OMoveC2 w_XMoveC3 w_OMoveC3 w_XMoveC4 => w_XMoveC1.(sig_XMoveC1).(msg).(c1) end) <> (match s with st9 w_XJoin w_OJoin w_XMoveC1 w_OMoveC1 w_XMoveC2 w_OMoveC2 w_XMoveC3 w_OMoveC3 w_XMoveC4 => w_XMoveC2.(sig_XMoveC2).(msg).(c2) end))) ((match s with st9 w_XJoin w_OJoin w_XMoveC1 w_OMoveC1 w_XMoveC2 w_OMoveC2 w_XMoveC3 w_OMoveC3 w_XMoveC4 => w_XMoveC1.(sig_XMoveC1).(msg).(c1) end) <> (match s with st9 w_XJoin w_OJoin w_XMoveC1 w_OMoveC1 w_XMoveC2 w_OMoveC2 w_XMoveC3 w_OMoveC3 w_XMoveC4 => w_OMoveC2.(sig_OMoveC2).(msg).(c2) end))) ((match s with st9 w_XJoin w_OJoin w_XMoveC1 w_OMoveC1 w_XMoveC2 w_OMoveC2 w_XMoveC3 w_OMoveC3 w_XMoveC4 => w_XMoveC1.(sig_XMoveC1).(msg).(c1) end) <> (match s with st9 w_XJoin w_OJoin w_XMoveC1 w_OMoveC1 w_XMoveC2 w_OMoveC2 w_XMoveC3 w_OMoveC3 w_XMoveC4 => w_XMoveC3.(sig_XMoveC3).(msg).(c3) end))) ((match s with st9 w_XJoin w_OJoin w_XMoveC1 w_OMoveC1 w_XMoveC2 w_OMoveC2 w_XMoveC3 w_OMoveC3 w_XMoveC4 => w_XMoveC1.(sig_XMoveC1).(msg).(c1) end) <> (match s with st9 w_XJoin w_OJoin w_XMoveC1 w_OMoveC1 w_XMoveC2 w_OMoveC2 w_XMoveC3 w_OMoveC3 w_XMoveC4 => w_OMoveC3.(sig_OMoveC3).(msg).(c3) end))) ((match s with st9 w_XJoin w_OJoin w_XMoveC1 w_OMoveC1 w_XMoveC2 w_OMoveC2 w_XMoveC3 w_OMoveC3 w_XMoveC4 => w_XMoveC1.(sig_XMoveC1).(msg).(c1) end) <> (match s with st9 w_XJoin w_OJoin w_XMoveC1 w_OMoveC1 w_XMoveC2 w_OMoveC2 w_XMoveC3 w_OMoveC3 w_XMoveC4 => w_XMoveC4.(sig_XMoveC4).(msg).(c4) end))) ((match s with st9 w_XJoin w_OJoin w_XMoveC1 w_OMoveC1 w_XMoveC2 w_OMoveC2 w_XMoveC3 w_OMoveC3 w_XMoveC4 => w_XMoveC1.(sig_XMoveC1).(msg).(c1) end) <> sig.(msg).(c4))) ((match s with st9 w_XJoin w_OJoin w_XMoveC1 w_OMoveC1 w_XMoveC2 w_OMoveC2 w_XMoveC3 w_OMoveC3 w_XMoveC4 => w_OMoveC1.(sig_OMoveC1).(msg).(c1) end) <> (match s with st9 w_XJoin w_OJoin w_XMoveC1 w_OMoveC1 w_XMoveC2 w_OMoveC2 w_XMoveC3 w_OMoveC3 w_XMoveC4 => w_XMoveC2.(sig_XMoveC2).(msg).(c2) end))) ((match s with st9 w_XJoin w_OJoin w_XMoveC1 w_OMoveC1 w_XMoveC2 w_OMoveC2 w_XMoveC3 w_OMoveC3 w_XMoveC4 => w_OMoveC1.(sig_OMoveC1).(msg).(c1) end) <> (match s with st9 w_XJoin w_OJoin w_XMoveC1 w_OMoveC1 w_XMoveC2 w_OMoveC2 w_XMoveC3 w_OMoveC3 w_XMoveC4 => w_OMoveC2.(sig_OMoveC2).(msg).(c2) end))) ((match s with st9 w_XJoin w_OJoin w_XMoveC1 w_OMoveC1 w_XMoveC2 w_OMoveC2 w_XMoveC3 w_OMoveC3 w_XMoveC4 => w_OMoveC1.(sig_OMoveC1).(msg).(c1) end) <> (match s with st9 w_XJoin w_OJoin w_XMoveC1 w_OMoveC1 w_XMoveC2 w_OMoveC2 w_XMoveC3 w_OMoveC3 w_XMoveC4 => w_XMoveC3.(sig_XMoveC3).(msg).(c3) end))) ((match s with st9 w_XJoin w_OJoin w_XMoveC1 w_OMoveC1 w_XMoveC2 w_OMoveC2 w_XMoveC3 w_OMoveC3 w_XMoveC4 => w_OMoveC1.(sig_OMoveC1).(msg).(c1) end) <> (match s with st9 w_XJoin w_OJoin w_XMoveC1 w_OMoveC1 w_XMoveC2 w_OMoveC2 w_XMoveC3 w_OMoveC3 w_XMoveC4 => w_OMoveC3.(sig_OMoveC3).(msg).(c3) end))) ((match s with st9 w_XJoin w_OJoin w_XMoveC1 w_OMoveC1 w_XMoveC2 w_OMoveC2 w_XMoveC3 w_OMoveC3 w_XMoveC4 => w_OMoveC1.(sig_OMoveC1).(msg).(c1) end) <> (match s with st9 w_XJoin w_OJoin w_XMoveC1 w_OMoveC1 w_XMoveC2 w_OMoveC2 w_XMoveC3 w_OMoveC3 w_XMoveC4 => w_XMoveC4.(sig_XMoveC4).(msg).(c4) end))) ((match s with st9 w_XJoin w_OJoin w_XMoveC1 w_OMoveC1 w_XMoveC2 w_OMoveC2 w_XMoveC3 w_OMoveC3 w_XMoveC4 => w_OMoveC1.(sig_OMoveC1).(msg).(c1) end) <> sig.(msg).(c4))) ((match s with st9 w_XJoin w_OJoin w_XMoveC1 w_OMoveC1 w_XMoveC2 w_OMoveC2 w_XMoveC3 w_OMoveC3 w_XMoveC4 => w_XMoveC2.(sig_XMoveC2).(msg).(c2) end) <> (match s with st9 w_XJoin w_OJoin w_XMoveC1 w_OMoveC1 w_XMoveC2 w_OMoveC2 w_XMoveC3 w_OMoveC3 w_XMoveC4 => w_OMoveC2.(sig_OMoveC2).(msg).(c2) end))) ((match s with st9 w_XJoin w_OJoin w_XMoveC1 w_OMoveC1 w_XMoveC2 w_OMoveC2 w_XMoveC3 w_OMoveC3 w_XMoveC4 => w_XMoveC2.(sig_XMoveC2).(msg).(c2) end) <> (match s with st9 w_XJoin w_OJoin w_XMoveC1 w_OMoveC1 w_XMoveC2 w_OMoveC2 w_XMoveC3 w_OMoveC3 w_XMoveC4 => w_XMoveC3.(sig_XMoveC3).(msg).(c3) end))) ((match s with st9 w_XJoin w_OJoin w_XMoveC1 w_OMoveC1 w_XMoveC2 w_OMoveC2 w_XMoveC3 w_OMoveC3 w_XMoveC4 => w_XMoveC2.(sig_XMoveC2).(msg).(c2) end) <> (match s with st9 w_XJoin w_OJoin w_XMoveC1 w_OMoveC1 w_XMoveC2 w_OMoveC2 w_XMoveC3 w_OMoveC3 w_XMoveC4 => w_OMoveC3.(sig_OMoveC3).(msg).(c3) end))) ((match s with st9 w_XJoin w_OJoin w_XMoveC1 w_OMoveC1 w_XMoveC2 w_OMoveC2 w_XMoveC3 w_OMoveC3 w_XMoveC4 => w_XMoveC2.(sig_XMoveC2).(msg).(c2) end) <> (match s with st9 w_XJoin w_OJoin w_XMoveC1 w_OMoveC1 w_XMoveC2 w_OMoveC2 w_XMoveC3 w_OMoveC3 w_XMoveC4 => w_XMoveC4.(sig_XMoveC4).(msg).(c4) end))) ((match s with st9 w_XJoin w_OJoin w_XMoveC1 w_OMoveC1 w_XMoveC2 w_OMoveC2 w_XMoveC3 w_OMoveC3 w_XMoveC4 => w_XMoveC2.(sig_XMoveC2).(msg).(c2) end) <> sig.(msg).(c4))) ((match s with st9 w_XJoin w_OJoin w_XMoveC1 w_OMoveC1 w_XMoveC2 w_OMoveC2 w_XMoveC3 w_OMoveC3 w_XMoveC4 => w_OMoveC2.(sig_OMoveC2).(msg).(c2) end) <> (match s with st9 w_XJoin w_OJoin w_XMoveC1 w_OMoveC1 w_XMoveC2 w_OMoveC2 w_XMoveC3 w_OMoveC3 w_XMoveC4 => w_XMoveC3.(sig_XMoveC3).(msg).(c3) end))) ((match s with st9 w_XJoin w_OJoin w_XMoveC1 w_OMoveC1 w_XMoveC2 w_OMoveC2 w_XMoveC3 w_OMoveC3 w_XMoveC4 => w_OMoveC2.(sig_OMoveC2).(msg).(c2) end) <> (match s with st9 w_XJoin w_OJoin w_XMoveC1 w_OMoveC1 w_XMoveC2 w_OMoveC2 w_XMoveC3 w_OMoveC3 w_XMoveC4 => w_OMoveC3.(sig_OMoveC3).(msg).(c3) end))) ((match s with st9 w_XJoin w_OJoin w_XMoveC1 w_OMoveC1 w_XMoveC2 w_OMoveC2 w_XMoveC3 w_OMoveC3 w_XMoveC4 => w_OMoveC2.(sig_OMoveC2).(msg).(c2) end) <> (match s with st9 w_XJoin w_OJoin w_XMoveC1 w_OMoveC1 w_XMoveC2 w_OMoveC2 w_XMoveC3 w_OMoveC3 w_XMoveC4 => w_XMoveC4.(sig_XMoveC4).(msg).(c4) end))) ((match s with st9 w_XJoin w_OJoin w_XMoveC1 w_OMoveC1 w_XMoveC2 w_OMoveC2 w_XMoveC3 w_OMoveC3 w_XMoveC4 => w_OMoveC2.(sig_OMoveC2).(msg).(c2) end) <> sig.(msg).(c4))) ((match s with st9 w_XJoin w_OJoin w_XMoveC1 w_OMoveC1 w_XMoveC2 w_OMoveC2 w_XMoveC3 w_OMoveC3 w_XMoveC4 => w_XMoveC3.(sig_XMoveC3).(msg).(c3) end) <> (match s with st9 w_XJoin w_OJoin w_XMoveC1 w_OMoveC1 w_XMoveC2 w_OMoveC2 w_XMoveC3 w_OMoveC3 w_XMoveC4 => w_OMoveC3.(sig_OMoveC3).(msg).(c3) end))) ((match s with st9 w_XJoin w_OJoin w_XMoveC1 w_OMoveC1 w_XMoveC2 w_OMoveC2 w_XMoveC3 w_OMoveC3 w_XMoveC4 => w_XMoveC3.(sig_XMoveC3).(msg).(c3) end) <> (match s with st9 w_XJoin w_OJoin w_XMoveC1 w_OMoveC1 w_XMoveC2 w_OMoveC2 w_XMoveC3 w_OMoveC3 w_XMoveC4 => w_XMoveC4.(sig_XMoveC4).(msg).(c4) end))) ((match s with st9 w_XJoin w_OJoin w_XMoveC1 w_OMoveC1 w_XMoveC2 w_OMoveC2 w_XMoveC3 w_OMoveC3 w_XMoveC4 => w_XMoveC3.(sig_XMoveC3).(msg).(c3) end) <> sig.(msg).(c4))) ((match s with st9 w_XJoin w_OJoin w_XMoveC1 w_OMoveC1 w_XMoveC2 w_OMoveC2 w_XMoveC3 w_OMoveC3 w_XMoveC4 => w_OMoveC3.(sig_OMoveC3).(msg).(c3) end) <> (match s with st9 w_XJoin w_OJoin w_XMoveC1 w_OMoveC1 w_XMoveC2 w_OMoveC2 w_XMoveC3 w_OMoveC3 w_XMoveC4 => w_XMoveC4.(sig_XMoveC4).(msg).(c4) end))) ((match s with st9 w_XJoin w_OJoin w_XMoveC1 w_OMoveC1 w_XMoveC2 w_OMoveC2 w_XMoveC3 w_OMoveC3 w_XMoveC4 => w_OMoveC3.(sig_OMoveC3).(msg).(c3) end) <> sig.(msg).(c4))) ((match s with st9 w_XJoin w_OJoin w_XMoveC1 w_OMoveC1 w_XMoveC2 w_OMoveC2 w_XMoveC3 w_OMoveC3 w_XMoveC4 => w_XMoveC4.(sig_XMoveC4).(msg).(c4) end) <> sig.(msg).(c4)))) : State S10 :=
  match s with
  | st9 w_XJoin w_OJoin w_XMoveC1 w_OMoveC1 w_XMoveC2 w_OMoveC2 w_XMoveC3 w_OMoveC3 w_XMoveC4 =>
      st10 w_XJoin w_OJoin w_XMoveC1 w_OMoveC1 w_XMoveC2 w_OMoveC2 w_XMoveC3 w_OMoveC3 w_XMoveC4 {| sig_OMoveC4 := sig; guard := Hguard |}
  end.

End TicTacToe_Protocol.

[Change at line 123]   sig_XMoveC4 : Signed X P_XMoveC4;
  guard : andb andb andb andb andb andb andb andb andb andb andb andb andb andb andb andb andb andb andb andb (w_XMoveC1.(sig_XMoveC1).(msg).(c1) <> w_OMoveC1.(sig_OMoveC1).(msg).(c1)) (w_XMoveC1.(sig_XMoveC1).(msg).(c1) <> w_XMoveC2.(sig_XMoveC2).(msg).(c2)) (w_XMoveC1.(sig_XMoveC1).(msg).(c1) <> w_OMoveC2.(sig_OMoveC2).(msg).(c2)) (w_XMoveC1.(sig_XMoveC1).(msg).(c1) <> w_XMoveC3.(sig_XMoveC3).(msg).(c3)) (w_XMoveC1.(sig_XMoveC1).(msg).(c1) <> w_OMoveC3.(sig_OMoveC3).(msg).(c3)) (w_XMoveC1.(sig_XMoveC1).(msg).(c1) <> sig_XMoveC4.(msg).(c4)) (w_OMoveC1.(sig_OMoveC1).(msg).(c1) <> w_XMoveC2.(sig_XMoveC2).(msg).(c2)) (w_OMoveC1.(sig_OMoveC1).(msg).(c1) <> w_OMoveC2.(sig_OMoveC2).(msg).(c2)) (w_OMoveC1.(sig_OMoveC1).(msg).(c1) <> w_XMoveC3.(sig_XMoveC3).(msg).(c3)) (w_OMoveC1.(sig_OMoveC1).(msg).(c1) <> w_OMoveC3.(sig_OMoveC3).(msg).(c3)) (w_OMoveC1.(sig_OMoveC1).(msg).(c1) <> sig_XMoveC4.(msg).(c4)) (w_XMoveC2.(sig_XMoveC2).(msg).(c2) <> w_OMoveC2.(sig_OMoveC2).(msg).(c2)) (w_XMoveC2.(sig_XMoveC2).(msg).(c2) <> w_XMoveC3.(sig_XMoveC3).(msg).(c3)) (w_XMoveC2.(sig_XMoveC2).(msg).(c2) <> w_OMoveC3.(sig_OMoveC3).(msg).(c3)) (w_XMoveC2.(sig_XMoveC2).(msg).(c2) <> sig_XMoveC4.(msg).(c4)) (w_OMoveC2.(sig_OMoveC2).(msg).(c2) <> w_XMoveC3.(sig_XMoveC3).(msg).(c3)) (w_OMoveC2.(sig_OMoveC2).(msg).(c2) <> w_OMoveC3.(sig_OMoveC3).(msg).(c3)) (w_OMoveC2.(sig_OMoveC2).(msg).(c2) <> sig_XMoveC4.(msg).(c4)) (w_XMoveC3.(sig_XMoveC3).(msg).(c3) <> w_OMoveC3.(sig_OMoveC3).(msg).(c3)) (w_XMoveC3.(sig_XMoveC3).(msg).(c3) <> sig_XMoveC4.(msg).(c4)) (w_OMoveC3.(sig_OMoveC3).(msg).(c3) <> sig_XMoveC4.(msg).(c4));
}.

Record W_OMoveC4 (w_XJoin : W_XJoin) (w_OJoin : (W_OJoin w_XJoin)) (w_XMoveC1 : (W_XMoveC1 w_XJoin w_OJoin)) (w_OMoveC1 : (W_OMoveC1 w_XJoin w_OJoin w_XMoveC1)) (w_XMoveC2 : (W_XMoveC2 w_XJoin w_OJoin w_XMoveC1 w_OMoveC1)) (w_OMoveC2 : (W_OMoveC2 w_XJoin w_OJoin w_XMoveC1 w_OMoveC1 w_XMoveC2)) (w_XMoveC3 : (W_XMoveC3 w_XJoin w_OJoin w_XMoveC1 w_OMoveC1 w_XMoveC2 w_OMoveC2)) (w_OMoveC3 : (W_OMoveC3 w_XJoin w_OJoin w_XMoveC1 w_OMoveC1 w_XMoveC2 w_OMoveC2 w_XMoveC3)) (w_XMoveC4 : (W_XMoveC4 w_XJoin w_OJoin w_XMoveC1 w_OMoveC1 w_XMoveC2 w_OMoveC2 w_XMoveC3 w_OMoveC3)) : Type := {
  sig_OMoveC4 : Signed O P_OMoveC4;
  guard : andb andb andb andb andb andb andb andb andb andb andb andb andb andb andb andb andb andb andb andb andb andb andb andb andb andb andb (w_XMoveC1.(sig_XMoveC1).(msg).(c1) <> w_OMoveC1.(sig_OMoveC1).(msg).(c1)) (w_XMoveC1.(sig_XMoveC1).(msg).(c1) <> w_XMoveC2.(sig_XMoveC2).(msg).(c2)) (w_XMoveC1.(sig_XMoveC1).(msg).(c1) <> w_OMoveC2.(sig_OMoveC2).(msg).(c2)) (w_XMoveC1.(sig_XMoveC1).(msg).(c1) <> w_XMoveC3.(sig_XMoveC3).(msg).(c3)) (w_XMoveC1.(sig_XMoveC1).(msg).(c1) <> w_OMoveC3.(sig_OMoveC3).(msg).(c3)) (w_XMoveC1.(sig_XMoveC1).(msg).(c1) <> w_XMoveC4.(sig_XMoveC4).(msg).(c4)) (w_XMoveC1.(sig_XMoveC1).(msg).(c1) <> sig_OMoveC4.(msg).(c4)) (w_OMoveC1.(sig_OMoveC1).(msg).(c1) <> w_XMoveC2.(sig_XMoveC2).(msg).(c2)) (w_OMoveC1.(sig_OMoveC1).(msg).(c1) <> w_OMoveC2.(sig_OMoveC2).(msg).(c2)) (w_OMoveC1.(sig_OMoveC1).(msg).(c1) <> w_XMoveC3.(sig_XMoveC3).(msg).(c3)) (w_OMoveC1.(sig_OMoveC1).(msg).(c1) <> w_OMoveC3.(sig_OMoveC3).(msg).(c3)) (w_OMoveC1.(sig_OMoveC1).(msg).(c1) <> w_XMoveC4.(sig_XMoveC4).(msg).(c4)) (w_OMoveC1.(sig_OMoveC1).(msg).(c1) <> sig_OMoveC4.(msg).(c4)) (w_XMoveC2.(sig_XMoveC2).(msg).(c2) <> w_OMoveC2.(sig_OMoveC2).(msg).(c2)) (w_XMoveC2.(sig_XMoveC2).(msg).(c2) <> w_XMoveC3.(sig_XMoveC3).(msg).(c3)) (w_XMoveC2.(sig_XMoveC2).(msg).(c2) <> w_OMoveC3.(sig_OMoveC3).(msg).(c3)) (w_XMoveC2.(sig_XMoveC2).(msg).(c2) <> w_XMoveC4.(sig_XMoveC4).(msg).(c4)) (w_XMoveC2.(sig_XMoveC2).(msg).(c2) <> sig_OMoveC4.(msg).(c4)) (w_OMoveC2.(sig_OMoveC2).(msg).(c2) <> w_XMoveC3.(sig_XMoveC3).(msg).(c3)) (w_OMoveC2.(sig_OMoveC2).(msg).(c2) <> w_OMoveC3.(sig_OMoveC3).(msg).(c3)) (w_OMoveC2.(sig_OMoveC2).(msg).(c2) <> w_XMoveC4.(sig_XMoveC4).(msg).(c4)) (w_OMoveC2.(sig_OMoveC2).(msg).(c2) <> sig_OMoveC4.(msg).(c4)) (w_XMoveC3.(sig_XMoveC3).(msg).(c3) <> w_OMoveC3.(sig_OMoveC3).(msg).(c3)) (w_XMoveC3.(sig_XMoveC3).(msg).(c3) <> w_XMoveC4.(sig_XMoveC4).(msg).(c4)) (w_XMoveC3.(sig_XMoveC3).(msg).(c3) <> sig_OMoveC4.(msg).(c4)) (w_OMoveC3.(sig_OMoveC3).(msg).(c3) <> w_XMoveC4.(sig_XMoveC4).(msg).(c4)) (w_OMoveC3.(sig_OMoveC3).(msg).(c3) <> sig_OMoveC4.(msg).(c4)) (w_XMoveC4.(sig_XMoveC4).(msg).(c4) <> sig_OMoveC4.(msg).(c4));
}.

(* ===================== *)
(* 5) Typed runtime/ESM  *)
(* ===================== *)

Inductive Stage : Type :=
S0 | S1 | S2 | S3 | S4 | S5 | S6 | S7 | S8 | S9 | S10.

Inductive State : Stage -> Type :=
| st0 : State S0
| st1 : (w_XJoin : W_XJoin) -> State S1
| st2 : (w_XJoin : W_XJoin) (w_OJoin : (W_OJoin w_XJoin)) -> State S2
| st3 : (w_XJoin : W_XJoin) (w_OJoin : (W_OJoin w_XJoin)) (w_XMoveC1 : (W_XMoveC1 w_XJoin w_OJoin)) -> State S3
| st4 : (w_XJoin : W_XJoin) (w_OJoin : (W_OJoin w_XJoin)) (w_XMoveC1 : (W_XMoveC1 w_XJoin w_OJoin)) (w_OMoveC1 : (W_OMoveC1 w_XJoin w_OJoin w_XMoveC1)) -> State S4
| st5 : (w_XJoin : W_XJoin) (w_OJoin : (W_OJoin w_XJoin)) (w_XMoveC1 : (W_XMoveC1 w_XJoin w_OJoin)) (w_OMoveC1 : (W_OMoveC1 w_XJoin w_OJoin w_XMoveC1)) (w_XMoveC2 : (W_XMoveC2 w_XJoin w_OJoin w_XMoveC1 w_OMoveC1)) -> State S5
| st6 : (w_XJoin : W_XJoin) (w_OJoin : (W_OJoin w_XJoin)) (w_XMoveC1 : (W_XMoveC1 w_XJoin w_OJoin)) (w_OMoveC1 : (W_OMoveC1 w_XJoin w_OJoin w_XMoveC1)) (w_XMoveC2 : (W_XMoveC2 w_XJoin w_OJoin w_XMoveC1 w_OMoveC1)) (w_OMoveC2 : (W_OMoveC2 w_XJoin w_OJoin w_XMoveC1 w_OMoveC1 w_XMoveC2)) -> State S6
| st7 : (w_XJoin : W_XJoin) (w_OJoin : (W_OJoin w_XJoin)) (w_XMoveC1 : (W_XMoveC1 w_XJoin w_OJoin)) (w_OMoveC1 : (W_OMoveC1 w_XJoin w_OJoin w_XMoveC1)) (w_XMoveC2 : (W_XMoveC2 w_XJoin w_OJoin w_XMoveC1 w_OMoveC1)) (w_OMoveC2 : (W_OMoveC2 w_XJoin w_OJoin w_XMoveC1 w_OMoveC1 w_XMoveC2)) (w_XMoveC3 : (W_XMoveC3 w_XJoin w_OJoin w_XMoveC1 w_OMoveC1 w_XMoveC2 w_OMoveC2)) -> State S7
| st8 : (w_XJoin : W_XJoin) (w_OJoin : (W_OJoin w_XJoin)) (w_XMoveC1 : (W_XMoveC1 w_XJoin w_OJoin)) (w_OMoveC1 : (W_OMoveC1 w_XJoin w_OJoin w_XMoveC1)) (w_XMoveC2 : (W_XMoveC2 w_XJoin w_OJoin w_XMoveC1 w_OMoveC1)) (w_OMoveC2 : (W_OMoveC2 w_XJoin w_OJoin w_XMoveC1 w_OMoveC1 w_XMoveC2)) (w_XMoveC3 : (W_XMoveC3 w_XJoin w_OJoin w_XMoveC1 w_OMoveC1 w_XMoveC2 w_OMoveC2)) (w_OMoveC3 : (W_OMoveC3 w_XJoin w_OJoin w_XMoveC1 w_OMoveC1 w_XMoveC2 w_OMoveC2 w_XMoveC3)) -> State S8
| st9 : (w_XJoin : W_XJoin) (w_OJoin : (W_OJoin w_XJoin)) (w_XMoveC1 : (W_XMoveC1 w_XJoin w_OJoin)) (w_OMoveC1 : (W_OMoveC1 w_XJoin w_OJoin w_XMoveC1)) (w_XMoveC2 : (W_XMoveC2 w_XJoin w_OJoin w_XMoveC1 w_OMoveC1)) (w_OMoveC2 : (W_OMoveC2 w_XJoin w_OJoin w_XMoveC1 w_OMoveC1 w_XMoveC2)) (w_XMoveC3 : (W_XMoveC3 w_XJoin w_OJoin w_XMoveC1 w_OMoveC1 w_XMoveC2 w_OMoveC2)) (w_OMoveC3 : (W_OMoveC3 w_XJoin w_OJoin w_XMoveC1 w_OMoveC1 w_XMoveC2 w_OMoveC2 w_XMoveC3)) (w_XMoveC4 : (W_XMoveC4 w_XJoin w_OJoin w_XMoveC1 w_OMoveC1 w_XMoveC2 w_OMoveC2 w_XMoveC3 w_OMoveC3)) -> State S9
| st10 : (w_XJoin : W_XJoin) (w_OJoin : (W_OJoin w_XJoin)) (w_XMoveC1 : (W_XMoveC1 w_XJoin w_OJoin)) (w_OMoveC1 : (W_OMoveC1 w_XJoin w_OJoin w_XMoveC1)) (w_XMoveC2 : (W_XMoveC2 w_XJoin w_OJoin w_XMoveC1 w_OMoveC1)) (w_OMoveC2 : (W_OMoveC2 w_XJoin w_OJoin w_XMoveC1 w_OMoveC1 w_XMoveC2)) (w_XMoveC3 : (W_XMoveC3 w_XJoin w_OJoin w_XMoveC1 w_OMoveC1 w_XMoveC2 w_OMoveC2)) (w_OMoveC3 : (W_OMoveC3 w_XJoin w_OJoin w_XMoveC1 w_OMoveC1 w_XMoveC2 w_OMoveC2 w_XMoveC3)) (w_XMoveC4 : (W_XMoveC4 w_XJoin w_OJoin w_XMoveC1 w_OMoveC1 w_XMoveC2 w_OMoveC2 w_XMoveC3 w_OMoveC3)) (w_OMoveC4 : (W_OMoveC4 w_XJoin w_OJoin w_XMoveC1 w_OMoveC1 w_XMoveC2 w_OMoveC2 w_XMoveC3 w_OMoveC3 w_XMoveC4)) -> State S10
.

(* Step API *)
Definition step_xjoin_from_s0 (s : State S0) (sig : Signed X P_XJoin)
 : State S1 :=
  match s with
  | st0 =>
      st1 {| sig_XJoin := sig |}
  end.

Definition step_ojoin_from_s1 (s : State S1) (sig : Signed O P_OJoin)
 : State S2 :=
  match s with
  | st1 w_XJoin =>
      st2 w_XJoin {| sig_OJoin := sig |}
  end.

Definition step_xmovec1_from_s2 (s : State S2) (sig : Signed X P_XMoveC1)
 : State S3 :=
  match s with
  | st2 w_XJoin w_OJoin =>
      st3 w_XJoin w_OJoin {| sig_XMoveC1 := sig |}
  end.

Definition step_omovec1_from_s3 (s : State S3) (sig : Signed O P_OMoveC1)
  (Hguard : ((match s with st3 w_XJoin w_OJoin w_XMoveC1 => w_XMoveC1.(sig_XMoveC1).(msg).(c1) end) <> sig.(msg).(c1))) : State S4 :=
  match s with
  | st3 w_XJoin w_OJoin w_XMoveC1 =>
      st4 w_XJoin w_OJoin w_XMoveC1 {| sig_OMoveC1 := sig; guard := Hguard |}
  end.

Definition step_xmovec2_from_s4 (s : State S4) (sig : Signed X P_XMoveC2)
  (Hguard : (andb (andb ((match s with st4 w_XJoin w_OJoin w_XMoveC1 w_OMoveC1 => w_XMoveC1.(sig_XMoveC1).(msg).(c1) end) <> (match s with st4 w_XJoin w_OJoin w_XMoveC1 w_OMoveC1 => w_OMoveC1.(sig_OMoveC1).(msg).(c1) end)) ((match s with st4 w_XJoin w_OJoin w_XMoveC1 w_OMoveC1 => w_XMoveC1.(sig_XMoveC1).(msg).(c1) end) <> sig.(msg).(c2))) ((match s with st4 w_XJoin w_OJoin w_XMoveC1 w_OMoveC1 => w_OMoveC1.(sig_OMoveC1).(msg).(c1) end) <> sig.(msg).(c2)))) : State S5 :=
  match s with
  | st4 w_XJoin w_OJoin w_XMoveC1 w_OMoveC1 =>
      st5 w_XJoin w_OJoin w_XMoveC1 w_OMoveC1 {| sig_XMoveC2 := sig; guard := Hguard |}
  end.

Definition step_omovec2_from_s5 (s : State S5) (sig : Signed O P_OMoveC2)
  (Hguard : (andb (andb (andb (andb (andb ((match s with st5 w_XJoin w_OJoin w_XMoveC1 w_OMoveC1 w_XMoveC2 => w_XMoveC1.(sig_XMoveC1).(msg).(c1) end) <> (match s with st5 w_XJoin w_OJoin w_XMoveC1 w_OMoveC1 w_XMoveC2 => w_OMoveC1.(sig_OMoveC1).(msg).(c1) end)) ((match s with st5 w_XJoin w_OJoin w_XMoveC1 w_OMoveC1 w_XMoveC2 => w_XMoveC1.(sig_XMoveC1).(msg).(c1) end) <> (match s with st5 w_XJoin w_OJoin w_XMoveC1 w_OMoveC1 w_XMoveC2 => w_XMoveC2.(sig_XMoveC2).(msg).(c2) end))) ((match s with st5 w_XJoin w_OJoin w_XMoveC1 w_OMoveC1 w_XMoveC2 => w_XMoveC1.(sig_XMoveC1).(msg).(c1) end) <> sig.(msg).(c2))) ((match s with st5 w_XJoin w_OJoin w_XMoveC1 w_OMoveC1 w_XMoveC2 => w_OMoveC1.(sig_OMoveC1).(msg).(c1) end) <> (match s with st5 w_XJoin w_OJoin w_XMoveC1 w_OMoveC1 w_XMoveC2 => w_XMoveC2.(sig_XMoveC2).(msg).(c2) end))) ((match s with st5 w_XJoin w_OJoin w_XMoveC1 w_OMoveC1 w_XMoveC2 => w_OMoveC1.(sig_OMoveC1).(msg).(c1) end) <> sig.(msg).(c2))) ((match s with st5 w_XJoin w_OJoin w_XMoveC1 w_OMoveC1 w_XMoveC2 => w_XMoveC2.(sig_XMoveC2).(msg).(c2) end) <> sig.(msg).(c2)))) : State S6 :=
  match s with
  | st5 w_XJoin w_OJoin w_XMoveC1 w_OMoveC1 w_XMoveC2 =>
      st6 w_XJoin w_OJoin w_XMoveC1 w_OMoveC1 w_XMoveC2 {| sig_OMoveC2 := sig; guard := Hguard |}
  end.

Definition step_xmovec3_from_s6 (s : State S6) (sig : Signed X P_XMoveC3)
  (Hguard : (andb (andb (andb (andb (andb (andb (andb (andb (andb ((match s with st6 w_XJoin w_OJoin w_XMoveC1 w_OMoveC1 w_XMoveC2 w_OMoveC2 => w_XMoveC1.(sig_XMoveC1).(msg).(c1) end) <> (match s with st6 w_XJoin w_OJoin w_XMoveC1 w_OMoveC1 w_XMoveC2 w_OMoveC2 => w_OMoveC1.(sig_OMoveC1).(msg).(c1) end)) ((match s with st6 w_XJoin w_OJoin w_XMoveC1 w_OMoveC1 w_XMoveC2 w_OMoveC2 => w_XMoveC1.(sig_XMoveC1).(msg).(c1) end) <> (match s with st6 w_XJoin w_OJoin w_XMoveC1 w_OMoveC1 w_XMoveC2 w_OMoveC2 => w_XMoveC2.(sig_XMoveC2).(msg).(c2) end))) ((match s with st6 w_XJoin w_OJoin w_XMoveC1 w_OMoveC1 w_XMoveC2 w_OMoveC2 => w_XMoveC1.(sig_XMoveC1).(msg).(c1) end) <> (match s with st6 w_XJoin w_OJoin w_XMoveC1 w_OMoveC1 w_XMoveC2 w_OMoveC2 => w_OMoveC2.(sig_OMoveC2).(msg).(c2) end))) ((match s with st6 w_XJoin w_OJoin w_XMoveC1 w_OMoveC1 w_XMoveC2 w_OMoveC2 => w_XMoveC1.(sig_XMoveC1).(msg).(c1) end) <> sig.(msg).(c3))) ((match s with st6 w_XJoin w_OJoin w_XMoveC1 w_OMoveC1 w_XMoveC2 w_OMoveC2 => w_OMoveC1.(sig_OMoveC1).(msg).(c1) end) <> (match s with st6 w_XJoin w_OJoin w_XMoveC1 w_OMoveC1 w_XMoveC2 w_OMoveC2 => w_XMoveC2.(sig_XMoveC2).(msg).(c2) end))) ((match s with st6 w_XJoin w_OJoin w_XMoveC1 w_OMoveC1 w_XMoveC2 w_OMoveC2 => w_OMoveC1.(sig_OMoveC1).(msg).(c1) end) <> (match s with st6 w_XJoin w_OJoin w_XMoveC1 w_OMoveC1 w_XMoveC2 w_OMoveC2 => w_OMoveC2.(sig_OMoveC2).(msg).(c2) end))) ((match s with st6 w_XJoin w_OJoin w_XMoveC1 w_OMoveC1 w_XMoveC2 w_OMoveC2 => w_OMoveC1.(sig_OMoveC1).(msg).(c1) end) <> sig.(msg).(c3))) ((match s with st6 w_XJoin w_OJoin w_XMoveC1 w_OMoveC1 w_XMoveC2 w_OMoveC2 => w_XMoveC2.(sig_XMoveC2).(msg).(c2) end) <> (match s with st6 w_XJoin w_OJoin w_XMoveC1 w_OMoveC1 w_XMoveC2 w_OMoveC2 => w_OMoveC2.(sig_OMoveC2).(msg).(c2) end))) ((match s with st6 w_XJoin w_OJoin w_XMoveC1 w_OMoveC1 w_XMoveC2 w_OMoveC2 => w_XMoveC2.(sig_XMoveC2).(msg).(c2) end) <> sig.(msg).(c3))) ((match s with st6 w_XJoin w_OJoin w_XMoveC1 w_OMoveC1 w_XMoveC2 w_OMoveC2 => w_OMoveC2.(sig_OMoveC2).(msg).(c2) end) <> sig.(msg).(c3)))) : State S7 :=
  match s with
  | st6 w_XJoin w_OJoin w_XMoveC1 w_OMoveC1 w_XMoveC2 w_OMoveC2 =>
      st7 w_XJoin w_OJoin w_XMoveC1 w_OMoveC1 w_XMoveC2 w_OMoveC2 {| sig_XMoveC3 := sig; guard := Hguard |}
  end.

Definition step_omovec3_from_s7 (s : State S7) (sig : Signed O P_OMoveC3)
  (Hguard : (andb (andb (andb (andb (andb (andb (andb (andb (andb (andb (andb (andb (andb (andb ((match s with st7 w_XJoin w_OJoin w_XMoveC1 w_OMoveC1 w_XMoveC2 w_OMoveC2 w_XMoveC3 => w_XMoveC1.(sig_XMoveC1).(msg).(c1) end) <> (match s with st7 w_XJoin w_OJoin w_XMoveC1 w_OMoveC1 w_XMoveC2 w_OMoveC2 w_XMoveC3 => w_OMoveC1.(sig_OMoveC1).(msg).(c1) end)) ((match s with st7 w_XJoin w_OJoin w_XMoveC1 w_OMoveC1 w_XMoveC2 w_OMoveC2 w_XMoveC3 => w_XMoveC1.(sig_XMoveC1).(msg).(c1) end) <> (match s with st7 w_XJoin w_OJoin w_XMoveC1 w_OMoveC1 w_XMoveC2 w_OMoveC2 w_XMoveC3 => w_XMoveC2.(sig_XMoveC2).(msg).(c2) end))) ((match s with st7 w_XJoin w_OJoin w_XMoveC1 w_OMoveC1 w_XMoveC2 w_OMoveC2 w_XMoveC3 => w_XMoveC1.(sig_XMoveC1).(msg).(c1) end) <> (match s with st7 w_XJoin w_OJoin w_XMoveC1 w_OMoveC1 w_XMoveC2 w_OMoveC2 w_XMoveC3 => w_OMoveC2.(sig_OMoveC2).(msg).(c2) end))) ((match s with st7 w_XJoin w_OJoin w_XMoveC1 w_OMoveC1 w_XMoveC2 w_OMoveC2 w_XMoveC3 => w_XMoveC1.(sig_XMoveC1).(msg).(c1) end) <> (match s with st7 w_XJoin w_OJoin w_XMoveC1 w_OMoveC1 w_XMoveC2 w_OMoveC2 w_XMoveC3 => w_XMoveC3.(sig_XMoveC3).(msg).(c3) end))) ((match s with st7 w_XJoin w_OJoin w_XMoveC1 w_OMoveC1 w_XMoveC2 w_OMoveC2 w_XMoveC3 => w_XMoveC1.(sig_XMoveC1).(msg).(c1) end) <> sig.(msg).(c3))) ((match s with st7 w_XJoin w_OJoin w_XMoveC1 w_OMoveC1 w_XMoveC2 w_OMoveC2 w_XMoveC3 => w_OMoveC1.(sig_OMoveC1).(msg).(c1) end) <> (match s with st7 w_XJoin w_OJoin w_XMoveC1 w_OMoveC1 w_XMoveC2 w_OMoveC2 w_XMoveC3 => w_XMoveC2.(sig_XMoveC2).(msg).(c2) end))) ((match s with st7 w_XJoin w_OJoin w_XMoveC1 w_OMoveC1 w_XMoveC2 w_OMoveC2 w_XMoveC3 => w_OMoveC1.(sig_OMoveC1).(msg).(c1) end) <> (match s with st7 w_XJoin w_OJoin w_XMoveC1 w_OMoveC1 w_XMoveC2 w_OMoveC2 w_XMoveC3 => w_OMoveC2.(sig_OMoveC2).(msg).(c2) end))) ((match s with st7 w_XJoin w_OJoin w_XMoveC1 w_OMoveC1 w_XMoveC2 w_OMoveC2 w_XMoveC3 => w_OMoveC1.(sig_OMoveC1).(msg).(c1) end) <> (match s with st7 w_XJoin w_OJoin w_XMoveC1 w_OMoveC1 w_XMoveC2 w_OMoveC2 w_XMoveC3 => w_XMoveC3.(sig_XMoveC3).(msg).(c3) end))) ((match s with st7 w_XJoin w_OJoin w_XMoveC1 w_OMoveC1 w_XMoveC2 w_OMoveC2 w_XMoveC3 => w_OMoveC1.(sig_OMoveC1).(msg).(c1) end) <> sig.(msg).(c3))) ((match s with st7 w_XJoin w_OJoin w_XMoveC1 w_OMoveC1 w_XMoveC2 w_OMoveC2 w_XMoveC3 => w_XMoveC2.(sig_XMoveC2).(msg).(c2) end) <> (match s with st7 w_XJoin w_OJoin w_XMoveC1 w_OMoveC1 w_XMoveC2 w_OMoveC2 w_XMoveC3 => w_OMoveC2.(sig_OMoveC2).(msg).(c2) end))) ((match s with st7 w_XJoin w_OJoin w_XMoveC1 w_OMoveC1 w_XMoveC2 w_OMoveC2 w_XMoveC3 => w_XMoveC2.(sig_XMoveC2).(msg).(c2) end) <> (match s with st7 w_XJoin w_OJoin w_XMoveC1 w_OMoveC1 w_XMoveC2 w_OMoveC2 w_XMoveC3 => w_XMoveC3.(sig_XMoveC3).(msg).(c3) end))) ((match s with st7 w_XJoin w_OJoin w_XMoveC1 w_OMoveC1 w_XMoveC2 w_OMoveC2 w_XMoveC3 => w_XMoveC2.(sig_XMoveC2).(msg).(c2) end) <> sig.(msg).(c3))) ((match s with st7 w_XJoin w_OJoin w_XMoveC1 w_OMoveC1 w_XMoveC2 w_OMoveC2 w_XMoveC3 => w_OMoveC2.(sig_OMoveC2).(msg).(c2) end) <> (match s with st7 w_XJoin w_OJoin w_XMoveC1 w_OMoveC1 w_XMoveC2 w_OMoveC2 w_XMoveC3 => w_XMoveC3.(sig_XMoveC3).(msg).(c3) end))) ((match s with st7 w_XJoin w_OJoin w_XMoveC1 w_OMoveC1 w_XMoveC2 w_OMoveC2 w_XMoveC3 => w_OMoveC2.(sig_OMoveC2).(msg).(c2) end) <> sig.(msg).(c3))) ((match s with st7 w_XJoin w_OJoin w_XMoveC1 w_OMoveC1 w_XMoveC2 w_OMoveC2 w_XMoveC3 => w_XMoveC3.(sig_XMoveC3).(msg).(c3) end) <> sig.(msg).(c3)))) : State S8 :=
  match s with
  | st7 w_XJoin w_OJoin w_XMoveC1 w_OMoveC1 w_XMoveC2 w_OMoveC2 w_XMoveC3 =>
      st8 w_XJoin w_OJoin w_XMoveC1 w_OMoveC1 w_XMoveC2 w_OMoveC2 w_XMoveC3 {| sig_OMoveC3 := sig; guard := Hguard |}
  end.

Definition step_xmovec4_from_s8 (s : State S8) (sig : Signed X P_XMoveC4)
  (Hguard : (andb (andb (andb (andb (andb (andb (andb (andb (andb (andb (andb (andb (andb (andb (andb (andb (andb (andb (andb (andb ((match s with st8 w_XJoin w_OJoin w_XMoveC1 w_OMoveC1 w_XMoveC2 w_OMoveC2 w_XMoveC3 w_OMoveC3 => w_XMoveC1.(sig_XMoveC1).(msg).(c1) end) <> (match s with st8 w_XJoin w_OJoin w_XMoveC1 w_OMoveC1 w_XMoveC2 w_OMoveC2 w_XMoveC3 w_OMoveC3 => w_OMoveC1.(sig_OMoveC1).(msg).(c1) end)) ((match s with st8 w_XJoin w_OJoin w_XMoveC1 w_OMoveC1 w_XMoveC2 w_OMoveC2 w_XMoveC3 w_OMoveC3 => w_XMoveC1.(sig_XMoveC1).(msg).(c1) end) <> (match s with st8 w_XJoin w_OJoin w_XMoveC1 w_OMoveC1 w_XMoveC2 w_OMoveC2 w_XMoveC3 w_OMoveC3 => w_XMoveC2.(sig_XMoveC2).(msg).(c2) end))) ((match s with st8 w_XJoin w_OJoin w_XMoveC1 w_OMoveC1 w_XMoveC2 w_OMoveC2 w_XMoveC3 w_OMoveC3 => w_XMoveC1.(sig_XMoveC1).(msg).(c1) end) <> (match s with st8 w_XJoin w_OJoin w_XMoveC1 w_OMoveC1 w_XMoveC2 w_OMoveC2 w_XMoveC3 w_OMoveC3 => w_OMoveC2.(sig_OMoveC2).(msg).(c2) end))) ((match s with st8 w_XJoin w_OJoin w_XMoveC1 w_OMoveC1 w_XMoveC2 w_OMoveC2 w_XMoveC3 w_OMoveC3 => w_XMoveC1.(sig_XMoveC1).(msg).(c1) end) <> (match s with st8 w_XJoin w_OJoin w_XMoveC1 w_OMoveC1 w_XMoveC2 w_OMoveC2 w_XMoveC3 w_OMoveC3 => w_XMoveC3.(sig_XMoveC3).(msg).(c3) end))) ((match s with st8 w_XJoin w_OJoin w_XMoveC1 w_OMoveC1 w_XMoveC2 w_OMoveC2 w_XMoveC3 w_OMoveC3 => w_XMoveC1.(sig_XMoveC1).(msg).(c1) end) <> (match s with st8 w_XJoin w_OJoin w_XMoveC1 w_OMoveC1 w_XMoveC2 w_OMoveC2 w_XMoveC3 w_OMoveC3 => w_OMoveC3.(sig_OMoveC3).(msg).(c3) end))) ((match s with st8 w_XJoin w_OJoin w_XMoveC1 w_OMoveC1 w_XMoveC2 w_OMoveC2 w_XMoveC3 w_OMoveC3 => w_XMoveC1.(sig_XMoveC1).(msg).(c1) end) <> sig.(msg).(c4))) ((match s with st8 w_XJoin w_OJoin w_XMoveC1 w_OMoveC1 w_XMoveC2 w_OMoveC2 w_XMoveC3 w_OMoveC3 => w_OMoveC1.(sig_OMoveC1).(msg).(c1) end) <> (match s with st8 w_XJoin w_OJoin w_XMoveC1 w_OMoveC1 w_XMoveC2 w_OMoveC2 w_XMoveC3 w_OMoveC3 => w_XMoveC2.(sig_XMoveC2).(msg).(c2) end))) ((match s with st8 w_XJoin w_OJoin w_XMoveC1 w_OMoveC1 w_XMoveC2 w_OMoveC2 w_XMoveC3 w_OMoveC3 => w_OMoveC1.(sig_OMoveC1).(msg).(c1) end) <> (match s with st8 w_XJoin w_OJoin w_XMoveC1 w_OMoveC1 w_XMoveC2 w_OMoveC2 w_XMoveC3 w_OMoveC3 => w_OMoveC2.(sig_OMoveC2).(msg).(c2) end))) ((match s with st8 w_XJoin w_OJoin w_XMoveC1 w_OMoveC1 w_XMoveC2 w_OMoveC2 w_XMoveC3 w_OMoveC3 => w_OMoveC1.(sig_OMoveC1).(msg).(c1) end) <> (match s with st8 w_XJoin w_OJoin w_XMoveC1 w_OMoveC1 w_XMoveC2 w_OMoveC2 w_XMoveC3 w_OMoveC3 => w_XMoveC3.(sig_XMoveC3).(msg).(c3) end))) ((match s with st8 w_XJoin w_OJoin w_XMoveC1 w_OMoveC1 w_XMoveC2 w_OMoveC2 w_XMoveC3 w_OMoveC3 => w_OMoveC1.(sig_OMoveC1).(msg).(c1) end) <> (match s with st8 w_XJoin w_OJoin w_XMoveC1 w_OMoveC1 w_XMoveC2 w_OMoveC2 w_XMoveC3 w_OMoveC3 => w_OMoveC3.(sig_OMoveC3).(msg).(c3) end))) ((match s with st8 w_XJoin w_OJoin w_XMoveC1 w_OMoveC1 w_XMoveC2 w_OMoveC2 w_XMoveC3 w_OMoveC3 => w_OMoveC1.(sig_OMoveC1).(msg).(c1) end) <> sig.(msg).(c4))) ((match s with st8 w_XJoin w_OJoin w_XMoveC1 w_OMoveC1 w_XMoveC2 w_OMoveC2 w_XMoveC3 w_OMoveC3 => w_XMoveC2.(sig_XMoveC2).(msg).(c2) end) <> (match s with st8 w_XJoin w_OJoin w_XMoveC1 w_OMoveC1 w_XMoveC2 w_OMoveC2 w_XMoveC3 w_OMoveC3 => w_OMoveC2.(sig_OMoveC2).(msg).(c2) end))) ((match s with st8 w_XJoin w_OJoin w_XMoveC1 w_OMoveC1 w_XMoveC2 w_OMoveC2 w_XMoveC3 w_OMoveC3 => w_XMoveC2.(sig_XMoveC2).(msg).(c2) end) <> (match s with st8 w_XJoin w_OJoin w_XMoveC1 w_OMoveC1 w_XMoveC2 w_OMoveC2 w_XMoveC3 w_OMoveC3 => w_XMoveC3.(sig_XMoveC3).(msg).(c3) end))) ((match s with st8 w_XJoin w_OJoin w_XMoveC1 w_OMoveC1 w_XMoveC2 w_OMoveC2 w_XMoveC3 w_OMoveC3 => w_XMoveC2.(sig_XMoveC2).(msg).(c2) end) <> (match s with st8 w_XJoin w_OJoin w_XMoveC1 w_OMoveC1 w_XMoveC2 w_OMoveC2 w_XMoveC3 w_OMoveC3 => w_OMoveC3.(sig_OMoveC3).(msg).(c3) end))) ((match s with st8 w_XJoin w_OJoin w_XMoveC1 w_OMoveC1 w_XMoveC2 w_OMoveC2 w_XMoveC3 w_OMoveC3 => w_XMoveC2.(sig_XMoveC2).(msg).(c2) end) <> sig.(msg).(c4))) ((match s with st8 w_XJoin w_OJoin w_XMoveC1 w_OMoveC1 w_XMoveC2 w_OMoveC2 w_XMoveC3 w_OMoveC3 => w_OMoveC2.(sig_OMoveC2).(msg).(c2) end) <> (match s with st8 w_XJoin w_OJoin w_XMoveC1 w_OMoveC1 w_XMoveC2 w_OMoveC2 w_XMoveC3 w_OMoveC3 => w_XMoveC3.(sig_XMoveC3).(msg).(c3) end))) ((match s with st8 w_XJoin w_OJoin w_XMoveC1 w_OMoveC1 w_XMoveC2 w_OMoveC2 w_XMoveC3 w_OMoveC3 => w_OMoveC2.(sig_OMoveC2).(msg).(c2) end) <> (match s with st8 w_XJoin w_OJoin w_XMoveC1 w_OMoveC1 w_XMoveC2 w_OMoveC2 w_XMoveC3 w_OMoveC3 => w_OMoveC3.(sig_OMoveC3).(msg).(c3) end))) ((match s with st8 w_XJoin w_OJoin w_XMoveC1 w_OMoveC1 w_XMoveC2 w_OMoveC2 w_XMoveC3 w_OMoveC3 => w_OMoveC2.(sig_OMoveC2).(msg).(c2) end) <> sig.(msg).(c4))) ((match s with st8 w_XJoin w_OJoin w_XMoveC1 w_OMoveC1 w_XMoveC2 w_OMoveC2 w_XMoveC3 w_OMoveC3 => w_XMoveC3.(sig_XMoveC3).(msg).(c3) end) <> (match s with st8 w_XJoin w_OJoin w_XMoveC1 w_OMoveC1 w_XMoveC2 w_OMoveC2 w_XMoveC3 w_OMoveC3 => w_OMoveC3.(sig_OMoveC3).(msg).(c3) end))) ((match s with st8 w_XJoin w_OJoin w_XMoveC1 w_OMoveC1 w_XMoveC2 w_OMoveC2 w_XMoveC3 w_OMoveC3 => w_XMoveC3.(sig_XMoveC3).(msg).(c3) end) <> sig.(msg).(c4))) ((match s with st8 w_XJoin w_OJoin w_XMoveC1 w_OMoveC1 w_XMoveC2 w_OMoveC2 w_XMoveC3 w_OMoveC3 => w_OMoveC3.(sig_OMoveC3).(msg).(c3) end) <> sig.(msg).(c4)))) : State S9 :=
  match s with
  | st8 w_XJoin w_OJoin w_XMoveC1 w_OMoveC1 w_XMoveC2 w_OMoveC2 w_XMoveC3 w_OMoveC3 =>
      st9 w_XJoin w_OJoin w_XMoveC1 w_OMoveC1 w_XMoveC2 w_OMoveC2 w_XMoveC3 w_OMoveC3 {| sig_XMoveC4 := sig; guard := Hguard |}
  end.

Definition step_omovec4_from_s9 (s : State S9) (sig : Signed O P_OMoveC4)
  (Hguard : (andb (andb (andb (andb (andb (andb (andb (andb (andb (andb (andb (andb (andb (andb (andb (andb (andb (andb (andb (andb (andb (andb (andb (andb (andb (andb (andb ((match s with st9 w_XJoin w_OJoin w_XMoveC1 w_OMoveC1 w_XMoveC2 w_OMoveC2 w_XMoveC3 w_OMoveC3 w_XMoveC4 => w_XMoveC1.(sig_XMoveC1).(msg).(c1) end) <> (match s with st9 w_XJoin w_OJoin w_XMoveC1 w_OMoveC1 w_XMoveC2 w_OMoveC2 w_XMoveC3 w_OMoveC3 w_XMoveC4 => w_OMoveC1.(sig_OMoveC1).(msg).(c1) end)) ((match s with st9 w_XJoin w_OJoin w_XMoveC1 w_OMoveC1 w_XMoveC2 w_OMoveC2 w_XMoveC3 w_OMoveC3 w_XMoveC4 => w_XMoveC1.(sig_XMoveC1).(msg).(c1) end) <> (match s with st9 w_XJoin w_OJoin w_XMoveC1 w_OMoveC1 w_XMoveC2 w_OMoveC2 w_XMoveC3 w_OMoveC3 w_XMoveC4 => w_XMoveC2.(sig_XMoveC2).(msg).(c2) end))) ((match s with st9 w_XJoin w_OJoin w_XMoveC1 w_OMoveC1 w_XMoveC2 w_OMoveC2 w_XMoveC3 w_OMoveC3 w_XMoveC4 => w_XMoveC1.(sig_XMoveC1).(msg).(c1) end) <> (match s with st9 w_XJoin w_OJoin w_XMoveC1 w_OMoveC1 w_XMoveC2 w_OMoveC2 w_XMoveC3 w_OMoveC3 w_XMoveC4 => w_OMoveC2.(sig_OMoveC2).(msg).(c2) end))) ((match s with st9 w_XJoin w_OJoin w_XMoveC1 w_OMoveC1 w_XMoveC2 w_OMoveC2 w_XMoveC3 w_OMoveC3 w_XMoveC4 => w_XMoveC1.(sig_XMoveC1).(msg).(c1) end) <> (match s with st9 w_XJoin w_OJoin w_XMoveC1 w_OMoveC1 w_XMoveC2 w_OMoveC2 w_XMoveC3 w_OMoveC3 w_XMoveC4 => w_XMoveC3.(sig_XMoveC3).(msg).(c3) end))) ((match s with st9 w_XJoin w_OJoin w_XMoveC1 w_OMoveC1 w_XMoveC2 w_OMoveC2 w_XMoveC3 w_OMoveC3 w_XMoveC4 => w_XMoveC1.(sig_XMoveC1).(msg).(c1) end) <> (match s with st9 w_XJoin w_OJoin w_XMoveC1 w_OMoveC1 w_XMoveC2 w_OMoveC2 w_XMoveC3 w_OMoveC3 w_XMoveC4 => w_OMoveC3.(sig_OMoveC3).(msg).(c3) end))) ((match s with st9 w_XJoin w_OJoin w_XMoveC1 w_OMoveC1 w_XMoveC2 w_OMoveC2 w_XMoveC3 w_OMoveC3 w_XMoveC4 => w_XMoveC1.(sig_XMoveC1).(msg).(c1) end) <> (match s with st9 w_XJoin w_OJoin w_XMoveC1 w_OMoveC1 w_XMoveC2 w_OMoveC2 w_XMoveC3 w_OMoveC3 w_XMoveC4 => w_XMoveC4.(sig_XMoveC4).(msg).(c4) end))) ((match s with st9 w_XJoin w_OJoin w_XMoveC1 w_OMoveC1 w_XMoveC2 w_OMoveC2 w_XMoveC3 w_OMoveC3 w_XMoveC4 => w_XMoveC1.(sig_XMoveC1).(msg).(c1) end) <> sig.(msg).(c4))) ((match s with st9 w_XJoin w_OJoin w_XMoveC1 w_OMoveC1 w_XMoveC2 w_OMoveC2 w_XMoveC3 w_OMoveC3 w_XMoveC4 => w_OMoveC1.(sig_OMoveC1).(msg).(c1) end) <> (match s with st9 w_XJoin w_OJoin w_XMoveC1 w_OMoveC1 w_XMoveC2 w_OMoveC2 w_XMoveC3 w_OMoveC3 w_XMoveC4 => w_XMoveC2.(sig_XMoveC2).(msg).(c2) end))) ((match s with st9 w_XJoin w_OJoin w_XMoveC1 w_OMoveC1 w_XMoveC2 w_OMoveC2 w_XMoveC3 w_OMoveC3 w_XMoveC4 => w_OMoveC1.(sig_OMoveC1).(msg).(c1) end) <> (match s with st9 w_XJoin w_OJoin w_XMoveC1 w_OMoveC1 w_XMoveC2 w_OMoveC2 w_XMoveC3 w_OMoveC3 w_XMoveC4 => w_OMoveC2.(sig_OMoveC2).(msg).(c2) end))) ((match s with st9 w_XJoin w_OJoin w_XMoveC1 w_OMoveC1 w_XMoveC2 w_OMoveC2 w_XMoveC3 w_OMoveC3 w_XMoveC4 => w_OMoveC1.(sig_OMoveC1).(msg).(c1) end) <> (match s with st9 w_XJoin w_OJoin w_XMoveC1 w_OMoveC1 w_XMoveC2 w_OMoveC2 w_XMoveC3 w_OMoveC3 w_XMoveC4 => w_XMoveC3.(sig_XMoveC3).(msg).(c3) end))) ((match s with st9 w_XJoin w_OJoin w_XMoveC1 w_OMoveC1 w_XMoveC2 w_OMoveC2 w_XMoveC3 w_OMoveC3 w_XMoveC4 => w_OMoveC1.(sig_OMoveC1).(msg).(c1) end) <> (match s with st9 w_XJoin w_OJoin w_XMoveC1 w_OMoveC1 w_XMoveC2 w_OMoveC2 w_XMoveC3 w_OMoveC3 w_XMoveC4 => w_OMoveC3.(sig_OMoveC3).(msg).(c3) end))) ((match s with st9 w_XJoin w_OJoin w_XMoveC1 w_OMoveC1 w_XMoveC2 w_OMoveC2 w_XMoveC3 w_OMoveC3 w_XMoveC4 => w_OMoveC1.(sig_OMoveC1).(msg).(c1) end) <> (match s with st9 w_XJoin w_OJoin w_XMoveC1 w_OMoveC1 w_XMoveC2 w_OMoveC2 w_XMoveC3 w_OMoveC3 w_XMoveC4 => w_XMoveC4.(sig_XMoveC4).(msg).(c4) end))) ((match s with st9 w_XJoin w_OJoin w_XMoveC1 w_OMoveC1 w_XMoveC2 w_OMoveC2 w_XMoveC3 w_OMoveC3 w_XMoveC4 => w_OMoveC1.(sig_OMoveC1).(msg).(c1) end) <> sig.(msg).(c4))) ((match s with st9 w_XJoin w_OJoin w_XMoveC1 w_OMoveC1 w_XMoveC2 w_OMoveC2 w_XMoveC3 w_OMoveC3 w_XMoveC4 => w_XMoveC2.(sig_XMoveC2).(msg).(c2) end) <> (match s with st9 w_XJoin w_OJoin w_XMoveC1 w_OMoveC1 w_XMoveC2 w_OMoveC2 w_XMoveC3 w_OMoveC3 w_XMoveC4 => w_OMoveC2.(sig_OMoveC2).(msg).(c2) end))) ((match s with st9 w_XJoin w_OJoin w_XMoveC1 w_OMoveC1 w_XMoveC2 w_OMoveC2 w_XMoveC3 w_OMoveC3 w_XMoveC4 => w_XMoveC2.(sig_XMoveC2).(msg).(c2) end) <> (match s with st9 w_XJoin w_OJoin w_XMoveC1 w_OMoveC1 w_XMoveC2 w_OMoveC2 w_XMoveC3 w_OMoveC3 w_XMoveC4 => w_XMoveC3.(sig_XMoveC3).(msg).(c3) end))) ((match s with st9 w_XJoin w_OJoin w_XMoveC1 w_OMoveC1 w_XMoveC2 w_OMoveC2 w_XMoveC3 w_OMoveC3 w_XMoveC4 => w_XMoveC2.(sig_XMoveC2).(msg).(c2) end) <> (match s with st9 w_XJoin w_OJoin w_XMoveC1 w_OMoveC1 w_XMoveC2 w_OMoveC2 w_XMoveC3 w_OMoveC3 w_XMoveC4 => w_OMoveC3.(sig_OMoveC3).(msg).(c3) end))) ((match s with st9 w_XJoin w_OJoin w_XMoveC1 w_OMoveC1 w_XMoveC2 w_OMoveC2 w_XMoveC3 w_OMoveC3 w_XMoveC4 => w_XMoveC2.(sig_XMoveC2).(msg).(c2) end) <> (match s with st9 w_XJoin w_OJoin w_XMoveC1 w_OMoveC1 w_XMoveC2 w_OMoveC2 w_XMoveC3 w_OMoveC3 w_XMoveC4 => w_XMoveC4.(sig_XMoveC4).(msg).(c4) end))) ((match s with st9 w_XJoin w_OJoin w_XMoveC1 w_OMoveC1 w_XMoveC2 w_OMoveC2 w_XMoveC3 w_OMoveC3 w_XMoveC4 => w_XMoveC2.(sig_XMoveC2).(msg).(c2) end) <> sig.(msg).(c4))) ((match s with st9 w_XJoin w_OJoin w_XMoveC1 w_OMoveC1 w_XMoveC2 w_OMoveC2 w_XMoveC3 w_OMoveC3 w_XMoveC4 => w_OMoveC2.(sig_OMoveC2).(msg).(c2) end) <> (match s with st9 w_XJoin w_OJoin w_XMoveC1 w_OMoveC1 w_XMoveC2 w_OMoveC2 w_XMoveC3 w_OMoveC3 w_XMoveC4 => w_XMoveC3.(sig_XMoveC3).(msg).(c3) end))) ((match s with st9 w_XJoin w_OJoin w_XMoveC1 w_OMoveC1 w_XMoveC2 w_OMoveC2 w_XMoveC3 w_OMoveC3 w_XMoveC4 => w_OMoveC2.(sig_OMoveC2).(msg).(c2) end) <> (match s with st9 w_XJoin w_OJoin w_XMoveC1 w_OMoveC1 w_XMoveC2 w_OMoveC2 w_XMoveC3 w_OMoveC3 w_XMoveC4 => w_OMoveC3.(sig_OMoveC3).(msg).(c3) end))) ((match s with st9 w_XJoin w_OJoin w_XMoveC1 w_OMoveC1 w_XMoveC2 w_OMoveC2 w_XMoveC3 w_OMoveC3 w_XMoveC4 => w_OMoveC2.(sig_OMoveC2).(msg).(c2) end) <> (match s with st9 w_XJoin w_OJoin w_XMoveC1 w_OMoveC1 w_XMoveC2 w_OMoveC2 w_XMoveC3 w_OMoveC3 w_XMoveC4 => w_XMoveC4.(sig_XMoveC4).(msg).(c4) end))) ((match s with st9 w_XJoin w_OJoin w_XMoveC1 w_OMoveC1 w_XMoveC2 w_OMoveC2 w_XMoveC3 w_OMoveC3 w_XMoveC4 => w_OMoveC2.(sig_OMoveC2).(msg).(c2) end) <> sig.(msg).(c4))) ((match s with st9 w_XJoin w_OJoin w_XMoveC1 w_OMoveC1 w_XMoveC2 w_OMoveC2 w_XMoveC3 w_OMoveC3 w_XMoveC4 => w_XMoveC3.(sig_XMoveC3).(msg).(c3) end) <> (match s with st9 w_XJoin w_OJoin w_XMoveC1 w_OMoveC1 w_XMoveC2 w_OMoveC2 w_XMoveC3 w_OMoveC3 w_XMoveC4 => w_OMoveC3.(sig_OMoveC3).(msg).(c3) end))) ((match s with st9 w_XJoin w_OJoin w_XMoveC1 w_OMoveC1 w_XMoveC2 w_OMoveC2 w_XMoveC3 w_OMoveC3 w_XMoveC4 => w_XMoveC3.(sig_XMoveC3).(msg).(c3) end) <> (match s with st9 w_XJoin w_OJoin w_XMoveC1 w_OMoveC1 w_XMoveC2 w_OMoveC2 w_XMoveC3 w_OMoveC3 w_XMoveC4 => w_XMoveC4.(sig_XMoveC4).(msg).(c4) end))) ((match s with st9 w_XJoin w_OJoin w_XMoveC1 w_OMoveC1 w_XMoveC2 w_OMoveC2 w_XMoveC3 w_OMoveC3 w_XMoveC4 => w_XMoveC3.(sig_XMoveC3).(msg).(c3) end) <> sig.(msg).(c4))) ((match s with st9 w_XJoin w_OJoin w_XMoveC1 w_OMoveC1 w_XMoveC2 w_OMoveC2 w_XMoveC3 w_OMoveC3 w_XMoveC4 => w_OMoveC3.(sig_OMoveC3).(msg).(c3) end) <> (match s with st9 w_XJoin w_OJoin w_XMoveC1 w_OMoveC1 w_XMoveC2 w_OMoveC2 w_XMoveC3 w_OMoveC3 w_XMoveC4 => w_XMoveC4.(sig_XMoveC4).(msg).(c4) end))) ((match s with st9 w_XJoin w_OJoin w_XMoveC1 w_OMoveC1 w_XMoveC2 w_OMoveC2 w_XMoveC3 w_OMoveC3 w_XMoveC4 => w_OMoveC3.(sig_OMoveC3).(msg).(c3) end) <> sig.(msg).(c4))) ((match s with st9 w_XJoin w_OJoin w_XMoveC1 w_OMoveC1 w_XMoveC2 w_OMoveC2 w_XMoveC3 w_OMoveC3 w_XMoveC4 => w_XMoveC4.(sig_XMoveC4).(msg).(c4) end) <> sig.(msg).(c4)))) : State S10 :=
  match s with
  | st9 w_XJoin w_OJoin w_XMoveC1 w_OMoveC1 w_XMoveC2 w_OMoveC2 w_XMoveC3 w_OMoveC3 w_XMoveC4 =>
      st10 w_XJoin w_OJoin w_XMoveC1 w_OMoveC1 w_XMoveC2 w_OMoveC2 w_XMoveC3 w_OMoveC3 w_XMoveC4 {| sig_OMoveC4 := sig; guard := Hguard |}
  end.

End TicTacToe_Protocol.

[Change at line 128]   sig_OMoveC4 : Signed O P_OMoveC4;
  guard : andb andb andb andb andb andb andb andb andb andb andb andb andb andb andb andb andb andb andb andb andb andb andb andb andb andb andb (w_XMoveC1.(sig_XMoveC1).(msg).(c1) <> w_OMoveC1.(sig_OMoveC1).(msg).(c1)) (w_XMoveC1.(sig_XMoveC1).(msg).(c1) <> w_XMoveC2.(sig_XMoveC2).(msg).(c2)) (w_XMoveC1.(sig_XMoveC1).(msg).(c1) <> w_OMoveC2.(sig_OMoveC2).(msg).(c2)) (w_XMoveC1.(sig_XMoveC1).(msg).(c1) <> w_XMoveC3.(sig_XMoveC3).(msg).(c3)) (w_XMoveC1.(sig_XMoveC1).(msg).(c1) <> w_OMoveC3.(sig_OMoveC3).(msg).(c3)) (w_XMoveC1.(sig_XMoveC1).(msg).(c1) <> w_XMoveC4.(sig_XMoveC4).(msg).(c4)) (w_XMoveC1.(sig_XMoveC1).(msg).(c1) <> sig_OMoveC4.(msg).(c4)) (w_OMoveC1.(sig_OMoveC1).(msg).(c1) <> w_XMoveC2.(sig_XMoveC2).(msg).(c2)) (w_OMoveC1.(sig_OMoveC1).(msg).(c1) <> w_OMoveC2.(sig_OMoveC2).(msg).(c2)) (w_OMoveC1.(sig_OMoveC1).(msg).(c1) <> w_XMoveC3.(sig_XMoveC3).(msg).(c3)) (w_OMoveC1.(sig_OMoveC1).(msg).(c1) <> w_OMoveC3.(sig_OMoveC3).(msg).(c3)) (w_OMoveC1.(sig_OMoveC1).(msg).(c1) <> w_XMoveC4.(sig_XMoveC4).(msg).(c4)) (w_OMoveC1.(sig_OMoveC1).(msg).(c1) <> sig_OMoveC4.(msg).(c4)) (w_XMoveC2.(sig_XMoveC2).(msg).(c2) <> w_OMoveC2.(sig_OMoveC2).(msg).(c2)) (w_XMoveC2.(sig_XMoveC2).(msg).(c2) <> w_XMoveC3.(sig_XMoveC3).(msg).(c3)) (w_XMoveC2.(sig_XMoveC2).(msg).(c2) <> w_OMoveC3.(sig_OMoveC3).(msg).(c3)) (w_XMoveC2.(sig_XMoveC2).(msg).(c2) <> w_XMoveC4.(sig_XMoveC4).(msg).(c4)) (w_XMoveC2.(sig_XMoveC2).(msg).(c2) <> sig_OMoveC4.(msg).(c4)) (w_OMoveC2.(sig_OMoveC2).(msg).(c2) <> w_XMoveC3.(sig_XMoveC3).(msg).(c3)) (w_OMoveC2.(sig_OMoveC2).(msg).(c2) <> w_OMoveC3.(sig_OMoveC3).(msg).(c3)) (w_OMoveC2.(sig_OMoveC2).(msg).(c2) <> w_XMoveC4.(sig_XMoveC4).(msg).(c4)) (w_OMoveC2.(sig_OMoveC2).(msg).(c2) <> sig_OMoveC4.(msg).(c4)) (w_XMoveC3.(sig_XMoveC3).(msg).(c3) <> w_OMoveC3.(sig_OMoveC3).(msg).(c3)) (w_XMoveC3.(sig_XMoveC3).(msg).(c3) <> w_XMoveC4.(sig_XMoveC4).(msg).(c4)) (w_XMoveC3.(sig_XMoveC3).(msg).(c3) <> sig_OMoveC4.(msg).(c4)) (w_OMoveC3.(sig_OMoveC3).(msg).(c3) <> w_XMoveC4.(sig_XMoveC4).(msg).(c4)) (w_OMoveC3.(sig_OMoveC3).(msg).(c3) <> sig_OMoveC4.(msg).(c4)) (w_XMoveC4.(sig_XMoveC4).(msg).(c4) <> sig_OMoveC4.(msg).(c4));
}.

(* ===================== *)
(* 5) Typed runtime/ESM  *)
(* ===================== *)

Inductive Stage : Type :=
S0 | S1 | S2 | S3 | S4 | S5 | S6 | S7 | S8 | S9 | S10.

Inductive State : Stage -> Type :=
| st0 : State S0
| st1 : (w_XJoin : W_XJoin) -> State S1
| st2 : (w_XJoin : W_XJoin) (w_OJoin : (W_OJoin w_XJoin)) -> State S2
| st3 : (w_XJoin : W_XJoin) (w_OJoin : (W_OJoin w_XJoin)) (w_XMoveC1 : (W_XMoveC1 w_XJoin w_OJoin)) -> State S3
| st4 : (w_XJoin : W_XJoin) (w_OJoin : (W_OJoin w_XJoin)) (w_XMoveC1 : (W_XMoveC1 w_XJoin w_OJoin)) (w_OMoveC1 : (W_OMoveC1 w_XJoin w_OJoin w_XMoveC1)) -> State S4
| st5 : (w_XJoin : W_XJoin) (w_OJoin : (W_OJoin w_XJoin)) (w_XMoveC1 : (W_XMoveC1 w_XJoin w_OJoin)) (w_OMoveC1 : (W_OMoveC1 w_XJoin w_OJoin w_XMoveC1)) (w_XMoveC2 : (W_XMoveC2 w_XJoin w_OJoin w_XMoveC1 w_OMoveC1)) -> State S5
| st6 : (w_XJoin : W_XJoin) (w_OJoin : (W_OJoin w_XJoin)) (w_XMoveC1 : (W_XMoveC1 w_XJoin w_OJoin)) (w_OMoveC1 : (W_OMoveC1 w_XJoin w_OJoin w_XMoveC1)) (w_XMoveC2 : (W_XMoveC2 w_XJoin w_OJoin w_XMoveC1 w_OMoveC1)) (w_OMoveC2 : (W_OMoveC2 w_XJoin w_OJoin w_XMoveC1 w_OMoveC1 w_XMoveC2)) -> State S6
| st7 : (w_XJoin : W_XJoin) (w_OJoin : (W_OJoin w_XJoin)) (w_XMoveC1 : (W_XMoveC1 w_XJoin w_OJoin)) (w_OMoveC1 : (W_OMoveC1 w_XJoin w_OJoin w_XMoveC1)) (w_XMoveC2 : (W_XMoveC2 w_XJoin w_OJoin w_XMoveC1 w_OMoveC1)) (w_OMoveC2 : (W_OMoveC2 w_XJoin w_OJoin w_XMoveC1 w_OMoveC1 w_XMoveC2)) (w_XMoveC3 : (W_XMoveC3 w_XJoin w_OJoin w_XMoveC1 w_OMoveC1 w_XMoveC2 w_OMoveC2)) -> State S7
| st8 : (w_XJoin : W_XJoin) (w_OJoin : (W_OJoin w_XJoin)) (w_XMoveC1 : (W_XMoveC1 w_XJoin w_OJoin)) (w_OMoveC1 : (W_OMoveC1 w_XJoin w_OJoin w_XMoveC1)) (w_XMoveC2 : (W_XMoveC2 w_XJoin w_OJoin w_XMoveC1 w_OMoveC1)) (w_OMoveC2 : (W_OMoveC2 w_XJoin w_OJoin w_XMoveC1 w_OMoveC1 w_XMoveC2)) (w_XMoveC3 : (W_XMoveC3 w_XJoin w_OJoin w_XMoveC1 w_OMoveC1 w_XMoveC2 w_OMoveC2)) (w_OMoveC3 : (W_OMoveC3 w_XJoin w_OJoin w_XMoveC1 w_OMoveC1 w_XMoveC2 w_OMoveC2 w_XMoveC3)) -> State S8
| st9 : (w_XJoin : W_XJoin) (w_OJoin : (W_OJoin w_XJoin)) (w_XMoveC1 : (W_XMoveC1 w_XJoin w_OJoin)) (w_OMoveC1 : (W_OMoveC1 w_XJoin w_OJoin w_XMoveC1)) (w_XMoveC2 : (W_XMoveC2 w_XJoin w_OJoin w_XMoveC1 w_OMoveC1)) (w_OMoveC2 : (W_OMoveC2 w_XJoin w_OJoin w_XMoveC1 w_OMoveC1 w_XMoveC2)) (w_XMoveC3 : (W_XMoveC3 w_XJoin w_OJoin w_XMoveC1 w_OMoveC1 w_XMoveC2 w_OMoveC2)) (w_OMoveC3 : (W_OMoveC3 w_XJoin w_OJoin w_XMoveC1 w_OMoveC1 w_XMoveC2 w_OMoveC2 w_XMoveC3)) (w_XMoveC4 : (W_XMoveC4 w_XJoin w_OJoin w_XMoveC1 w_OMoveC1 w_XMoveC2 w_OMoveC2 w_XMoveC3 w_OMoveC3)) -> State S9
| st10 : (w_XJoin : W_XJoin) (w_OJoin : (W_OJoin w_XJoin)) (w_XMoveC1 : (W_XMoveC1 w_XJoin w_OJoin)) (w_OMoveC1 : (W_OMoveC1 w_XJoin w_OJoin w_XMoveC1)) (w_XMoveC2 : (W_XMoveC2 w_XJoin w_OJoin w_XMoveC1 w_OMoveC1)) (w_OMoveC2 : (W_OMoveC2 w_XJoin w_OJoin w_XMoveC1 w_OMoveC1 w_XMoveC2)) (w_XMoveC3 : (W_XMoveC3 w_XJoin w_OJoin w_XMoveC1 w_OMoveC1 w_XMoveC2 w_OMoveC2)) (w_OMoveC3 : (W_OMoveC3 w_XJoin w_OJoin w_XMoveC1 w_OMoveC1 w_XMoveC2 w_OMoveC2 w_XMoveC3)) (w_XMoveC4 : (W_XMoveC4 w_XJoin w_OJoin w_XMoveC1 w_OMoveC1 w_XMoveC2 w_OMoveC2 w_XMoveC3 w_OMoveC3)) (w_OMoveC4 : (W_OMoveC4 w_XJoin w_OJoin w_XMoveC1 w_OMoveC1 w_XMoveC2 w_OMoveC2 w_XMoveC3 w_OMoveC3 w_XMoveC4)) -> State S10
.

(* Step API *)
Definition step_xjoin_from_s0 (s : State S0) (sig : Signed X P_XJoin)
 : State S1 :=
  match s with
  | st0 =>
      st1 {| sig_XJoin := sig |}
  end.

Definition step_ojoin_from_s1 (s : State S1) (sig : Signed O P_OJoin)
 : State S2 :=
  match s with
  | st1 w_XJoin =>
      st2 w_XJoin {| sig_OJoin := sig |}
  end.

Definition step_xmovec1_from_s2 (s : State S2) (sig : Signed X P_XMoveC1)
 : State S3 :=
  match s with
  | st2 w_XJoin w_OJoin =>
      st3 w_XJoin w_OJoin {| sig_XMoveC1 := sig |}
  end.

Definition step_omovec1_from_s3 (s : State S3) (sig : Signed O P_OMoveC1)
  (Hguard : ((match s with st3 w_XJoin w_OJoin w_XMoveC1 => w_XMoveC1.(sig_XMoveC1).(msg).(c1) end) <> sig.(msg).(c1))) : State S4 :=
  match s with
  | st3 w_XJoin w_OJoin w_XMoveC1 =>
      st4 w_XJoin w_OJoin w_XMoveC1 {| sig_OMoveC1 := sig; guard := Hguard |}
  end.

Definition step_xmovec2_from_s4 (s : State S4) (sig : Signed X P_XMoveC2)
  (Hguard : (andb (andb ((match s with st4 w_XJoin w_OJoin w_XMoveC1 w_OMoveC1 => w_XMoveC1.(sig_XMoveC1).(msg).(c1) end) <> (match s with st4 w_XJoin w_OJoin w_XMoveC1 w_OMoveC1 => w_OMoveC1.(sig_OMoveC1).(msg).(c1) end)) ((match s with st4 w_XJoin w_OJoin w_XMoveC1 w_OMoveC1 => w_XMoveC1.(sig_XMoveC1).(msg).(c1) end) <> sig.(msg).(c2))) ((match s with st4 w_XJoin w_OJoin w_XMoveC1 w_OMoveC1 => w_OMoveC1.(sig_OMoveC1).(msg).(c1) end) <> sig.(msg).(c2)))) : State S5 :=
  match s with
  | st4 w_XJoin w_OJoin w_XMoveC1 w_OMoveC1 =>
      st5 w_XJoin w_OJoin w_XMoveC1 w_OMoveC1 {| sig_XMoveC2 := sig; guard := Hguard |}
  end.

Definition step_omovec2_from_s5 (s : State S5) (sig : Signed O P_OMoveC2)
  (Hguard : (andb (andb (andb (andb (andb ((match s with st5 w_XJoin w_OJoin w_XMoveC1 w_OMoveC1 w_XMoveC2 => w_XMoveC1.(sig_XMoveC1).(msg).(c1) end) <> (match s with st5 w_XJoin w_OJoin w_XMoveC1 w_OMoveC1 w_XMoveC2 => w_OMoveC1.(sig_OMoveC1).(msg).(c1) end)) ((match s with st5 w_XJoin w_OJoin w_XMoveC1 w_OMoveC1 w_XMoveC2 => w_XMoveC1.(sig_XMoveC1).(msg).(c1) end) <> (match s with st5 w_XJoin w_OJoin w_XMoveC1 w_OMoveC1 w_XMoveC2 => w_XMoveC2.(sig_XMoveC2).(msg).(c2) end))) ((match s with st5 w_XJoin w_OJoin w_XMoveC1 w_OMoveC1 w_XMoveC2 => w_XMoveC1.(sig_XMoveC1).(msg).(c1) end) <> sig.(msg).(c2))) ((match s with st5 w_XJoin w_OJoin w_XMoveC1 w_OMoveC1 w_XMoveC2 => w_OMoveC1.(sig_OMoveC1).(msg).(c1) end) <> (match s with st5 w_XJoin w_OJoin w_XMoveC1 w_OMoveC1 w_XMoveC2 => w_XMoveC2.(sig_XMoveC2).(msg).(c2) end))) ((match s with st5 w_XJoin w_OJoin w_XMoveC1 w_OMoveC1 w_XMoveC2 => w_OMoveC1.(sig_OMoveC1).(msg).(c1) end) <> sig.(msg).(c2))) ((match s with st5 w_XJoin w_OJoin w_XMoveC1 w_OMoveC1 w_XMoveC2 => w_XMoveC2.(sig_XMoveC2).(msg).(c2) end) <> sig.(msg).(c2)))) : State S6 :=
  match s with
  | st5 w_XJoin w_OJoin w_XMoveC1 w_OMoveC1 w_XMoveC2 =>
      st6 w_XJoin w_OJoin w_XMoveC1 w_OMoveC1 w_XMoveC2 {| sig_OMoveC2 := sig; guard := Hguard |}
  end.

Definition step_xmovec3_from_s6 (s : State S6) (sig : Signed X P_XMoveC3)
  (Hguard : (andb (andb (andb (andb (andb (andb (andb (andb (andb ((match s with st6 w_XJoin w_OJoin w_XMoveC1 w_OMoveC1 w_XMoveC2 w_OMoveC2 => w_XMoveC1.(sig_XMoveC1).(msg).(c1) end) <> (match s with st6 w_XJoin w_OJoin w_XMoveC1 w_OMoveC1 w_XMoveC2 w_OMoveC2 => w_OMoveC1.(sig_OMoveC1).(msg).(c1) end)) ((match s with st6 w_XJoin w_OJoin w_XMoveC1 w_OMoveC1 w_XMoveC2 w_OMoveC2 => w_XMoveC1.(sig_XMoveC1).(msg).(c1) end) <> (match s with st6 w_XJoin w_OJoin w_XMoveC1 w_OMoveC1 w_XMoveC2 w_OMoveC2 => w_XMoveC2.(sig_XMoveC2).(msg).(c2) end))) ((match s with st6 w_XJoin w_OJoin w_XMoveC1 w_OMoveC1 w_XMoveC2 w_OMoveC2 => w_XMoveC1.(sig_XMoveC1).(msg).(c1) end) <> (match s with st6 w_XJoin w_OJoin w_XMoveC1 w_OMoveC1 w_XMoveC2 w_OMoveC2 => w_OMoveC2.(sig_OMoveC2).(msg).(c2) end))) ((match s with st6 w_XJoin w_OJoin w_XMoveC1 w_OMoveC1 w_XMoveC2 w_OMoveC2 => w_XMoveC1.(sig_XMoveC1).(msg).(c1) end) <> sig.(msg).(c3))) ((match s with st6 w_XJoin w_OJoin w_XMoveC1 w_OMoveC1 w_XMoveC2 w_OMoveC2 => w_OMoveC1.(sig_OMoveC1).(msg).(c1) end) <> (match s with st6 w_XJoin w_OJoin w_XMoveC1 w_OMoveC1 w_XMoveC2 w_OMoveC2 => w_XMoveC2.(sig_XMoveC2).(msg).(c2) end))) ((match s with st6 w_XJoin w_OJoin w_XMoveC1 w_OMoveC1 w_XMoveC2 w_OMoveC2 => w_OMoveC1.(sig_OMoveC1).(msg).(c1) end) <> (match s with st6 w_XJoin w_OJoin w_XMoveC1 w_OMoveC1 w_XMoveC2 w_OMoveC2 => w_OMoveC2.(sig_OMoveC2).(msg).(c2) end))) ((match s with st6 w_XJoin w_OJoin w_XMoveC1 w_OMoveC1 w_XMoveC2 w_OMoveC2 => w_OMoveC1.(sig_OMoveC1).(msg).(c1) end) <> sig.(msg).(c3))) ((match s with st6 w_XJoin w_OJoin w_XMoveC1 w_OMoveC1 w_XMoveC2 w_OMoveC2 => w_XMoveC2.(sig_XMoveC2).(msg).(c2) end) <> (match s with st6 w_XJoin w_OJoin w_XMoveC1 w_OMoveC1 w_XMoveC2 w_OMoveC2 => w_OMoveC2.(sig_OMoveC2).(msg).(c2) end))) ((match s with st6 w_XJoin w_OJoin w_XMoveC1 w_OMoveC1 w_XMoveC2 w_OMoveC2 => w_XMoveC2.(sig_XMoveC2).(msg).(c2) end) <> sig.(msg).(c3))) ((match s with st6 w_XJoin w_OJoin w_XMoveC1 w_OMoveC1 w_XMoveC2 w_OMoveC2 => w_OMoveC2.(sig_OMoveC2).(msg).(c2) end) <> sig.(msg).(c3)))) : State S7 :=
  match s with
  | st6 w_XJoin w_OJoin w_XMoveC1 w_OMoveC1 w_XMoveC2 w_OMoveC2 =>
      st7 w_XJoin w_OJoin w_XMoveC1 w_OMoveC1 w_XMoveC2 w_OMoveC2 {| sig_XMoveC3 := sig; guard := Hguard |}
  end.

Definition step_omovec3_from_s7 (s : State S7) (sig : Signed O P_OMoveC3)
  (Hguard : (andb (andb (andb (andb (andb (andb (andb (andb (andb (andb (andb (andb (andb (andb ((match s with st7 w_XJoin w_OJoin w_XMoveC1 w_OMoveC1 w_XMoveC2 w_OMoveC2 w_XMoveC3 => w_XMoveC1.(sig_XMoveC1).(msg).(c1) end) <> (match s with st7 w_XJoin w_OJoin w_XMoveC1 w_OMoveC1 w_XMoveC2 w_OMoveC2 w_XMoveC3 => w_OMoveC1.(sig_OMoveC1).(msg).(c1) end)) ((match s with st7 w_XJoin w_OJoin w_XMoveC1 w_OMoveC1 w_XMoveC2 w_OMoveC2 w_XMoveC3 => w_XMoveC1.(sig_XMoveC1).(msg).(c1) end) <> (match s with st7 w_XJoin w_OJoin w_XMoveC1 w_OMoveC1 w_XMoveC2 w_OMoveC2 w_XMoveC3 => w_XMoveC2.(sig_XMoveC2).(msg).(c2) end))) ((match s with st7 w_XJoin w_OJoin w_XMoveC1 w_OMoveC1 w_XMoveC2 w_OMoveC2 w_XMoveC3 => w_XMoveC1.(sig_XMoveC1).(msg).(c1) end) <> (match s with st7 w_XJoin w_OJoin w_XMoveC1 w_OMoveC1 w_XMoveC2 w_OMoveC2 w_XMoveC3 => w_OMoveC2.(sig_OMoveC2).(msg).(c2) end))) ((match s with st7 w_XJoin w_OJoin w_XMoveC1 w_OMoveC1 w_XMoveC2 w_OMoveC2 w_XMoveC3 => w_XMoveC1.(sig_XMoveC1).(msg).(c1) end) <> (match s with st7 w_XJoin w_OJoin w_XMoveC1 w_OMoveC1 w_XMoveC2 w_OMoveC2 w_XMoveC3 => w_XMoveC3.(sig_XMoveC3).(msg).(c3) end))) ((match s with st7 w_XJoin w_OJoin w_XMoveC1 w_OMoveC1 w_XMoveC2 w_OMoveC2 w_XMoveC3 => w_XMoveC1.(sig_XMoveC1).(msg).(c1) end) <> sig.(msg).(c3))) ((match s with st7 w_XJoin w_OJoin w_XMoveC1 w_OMoveC1 w_XMoveC2 w_OMoveC2 w_XMoveC3 => w_OMoveC1.(sig_OMoveC1).(msg).(c1) end) <> (match s with st7 w_XJoin w_OJoin w_XMoveC1 w_OMoveC1 w_XMoveC2 w_OMoveC2 w_XMoveC3 => w_XMoveC2.(sig_XMoveC2).(msg).(c2) end))) ((match s with st7 w_XJoin w_OJoin w_XMoveC1 w_OMoveC1 w_XMoveC2 w_OMoveC2 w_XMoveC3 => w_OMoveC1.(sig_OMoveC1).(msg).(c1) end) <> (match s with st7 w_XJoin w_OJoin w_XMoveC1 w_OMoveC1 w_XMoveC2 w_OMoveC2 w_XMoveC3 => w_OMoveC2.(sig_OMoveC2).(msg).(c2) end))) ((match s with st7 w_XJoin w_OJoin w_XMoveC1 w_OMoveC1 w_XMoveC2 w_OMoveC2 w_XMoveC3 => w_OMoveC1.(sig_OMoveC1).(msg).(c1) end) <> (match s with st7 w_XJoin w_OJoin w_XMoveC1 w_OMoveC1 w_XMoveC2 w_OMoveC2 w_XMoveC3 => w_XMoveC3.(sig_XMoveC3).(msg).(c3) end))) ((match s with st7 w_XJoin w_OJoin w_XMoveC1 w_OMoveC1 w_XMoveC2 w_OMoveC2 w_XMoveC3 => w_OMoveC1.(sig_OMoveC1).(msg).(c1) end) <> sig.(msg).(c3))) ((match s with st7 w_XJoin w_OJoin w_XMoveC1 w_OMoveC1 w_XMoveC2 w_OMoveC2 w_XMoveC3 => w_XMoveC2.(sig_XMoveC2).(msg).(c2) end) <> (match s with st7 w_XJoin w_OJoin w_XMoveC1 w_OMoveC1 w_XMoveC2 w_OMoveC2 w_XMoveC3 => w_OMoveC2.(sig_OMoveC2).(msg).(c2) end))) ((match s with st7 w_XJoin w_OJoin w_XMoveC1 w_OMoveC1 w_XMoveC2 w_OMoveC2 w_XMoveC3 => w_XMoveC2.(sig_XMoveC2).(msg).(c2) end) <> (match s with st7 w_XJoin w_OJoin w_XMoveC1 w_OMoveC1 w_XMoveC2 w_OMoveC2 w_XMoveC3 => w_XMoveC3.(sig_XMoveC3).(msg).(c3) end))) ((match s with st7 w_XJoin w_OJoin w_XMoveC1 w_OMoveC1 w_XMoveC2 w_OMoveC2 w_XMoveC3 => w_XMoveC2.(sig_XMoveC2).(msg).(c2) end) <> sig.(msg).(c3))) ((match s with st7 w_XJoin w_OJoin w_XMoveC1 w_OMoveC1 w_XMoveC2 w_OMoveC2 w_XMoveC3 => w_OMoveC2.(sig_OMoveC2).(msg).(c2) end) <> (match s with st7 w_XJoin w_OJoin w_XMoveC1 w_OMoveC1 w_XMoveC2 w_OMoveC2 w_XMoveC3 => w_XMoveC3.(sig_XMoveC3).(msg).(c3) end))) ((match s with st7 w_XJoin w_OJoin w_XMoveC1 w_OMoveC1 w_XMoveC2 w_OMoveC2 w_XMoveC3 => w_OMoveC2.(sig_OMoveC2).(msg).(c2) end) <> sig.(msg).(c3))) ((match s with st7 w_XJoin w_OJoin w_XMoveC1 w_OMoveC1 w_XMoveC2 w_OMoveC2 w_XMoveC3 => w_XMoveC3.(sig_XMoveC3).(msg).(c3) end) <> sig.(msg).(c3)))) : State S8 :=
  match s with
  | st7 w_XJoin w_OJoin w_XMoveC1 w_OMoveC1 w_XMoveC2 w_OMoveC2 w_XMoveC3 =>
      st8 w_XJoin w_OJoin w_XMoveC1 w_OMoveC1 w_XMoveC2 w_OMoveC2 w_XMoveC3 {| sig_OMoveC3 := sig; guard := Hguard |}
  end.

Definition step_xmovec4_from_s8 (s : State S8) (sig : Signed X P_XMoveC4)
  (Hguard : (andb (andb (andb (andb (andb (andb (andb (andb (andb (andb (andb (andb (andb (andb (andb (andb (andb (andb (andb (andb ((match s with st8 w_XJoin w_OJoin w_XMoveC1 w_OMoveC1 w_XMoveC2 w_OMoveC2 w_XMoveC3 w_OMoveC3 => w_XMoveC1.(sig_XMoveC1).(msg).(c1) end) <> (match s with st8 w_XJoin w_OJoin w_XMoveC1 w_OMoveC1 w_XMoveC2 w_OMoveC2 w_XMoveC3 w_OMoveC3 => w_OMoveC1.(sig_OMoveC1).(msg).(c1) end)) ((match s with st8 w_XJoin w_OJoin w_XMoveC1 w_OMoveC1 w_XMoveC2 w_OMoveC2 w_XMoveC3 w_OMoveC3 => w_XMoveC1.(sig_XMoveC1).(msg).(c1) end) <> (match s with st8 w_XJoin w_OJoin w_XMoveC1 w_OMoveC1 w_XMoveC2 w_OMoveC2 w_XMoveC3 w_OMoveC3 => w_XMoveC2.(sig_XMoveC2).(msg).(c2) end))) ((match s with st8 w_XJoin w_OJoin w_XMoveC1 w_OMoveC1 w_XMoveC2 w_OMoveC2 w_XMoveC3 w_OMoveC3 => w_XMoveC1.(sig_XMoveC1).(msg).(c1) end) <> (match s with st8 w_XJoin w_OJoin w_XMoveC1 w_OMoveC1 w_XMoveC2 w_OMoveC2 w_XMoveC3 w_OMoveC3 => w_OMoveC2.(sig_OMoveC2).(msg).(c2) end))) ((match s with st8 w_XJoin w_OJoin w_XMoveC1 w_OMoveC1 w_XMoveC2 w_OMoveC2 w_XMoveC3 w_OMoveC3 => w_XMoveC1.(sig_XMoveC1).(msg).(c1) end) <> (match s with st8 w_XJoin w_OJoin w_XMoveC1 w_OMoveC1 w_XMoveC2 w_OMoveC2 w_XMoveC3 w_OMoveC3 => w_XMoveC3.(sig_XMoveC3).(msg).(c3) end))) ((match s with st8 w_XJoin w_OJoin w_XMoveC1 w_OMoveC1 w_XMoveC2 w_OMoveC2 w_XMoveC3 w_OMoveC3 => w_XMoveC1.(sig_XMoveC1).(msg).(c1) end) <> (match s with st8 w_XJoin w_OJoin w_XMoveC1 w_OMoveC1 w_XMoveC2 w_OMoveC2 w_XMoveC3 w_OMoveC3 => w_OMoveC3.(sig_OMoveC3).(msg).(c3) end))) ((match s with st8 w_XJoin w_OJoin w_XMoveC1 w_OMoveC1 w_XMoveC2 w_OMoveC2 w_XMoveC3 w_OMoveC3 => w_XMoveC1.(sig_XMoveC1).(msg).(c1) end) <> sig.(msg).(c4))) ((match s with st8 w_XJoin w_OJoin w_XMoveC1 w_OMoveC1 w_XMoveC2 w_OMoveC2 w_XMoveC3 w_OMoveC3 => w_OMoveC1.(sig_OMoveC1).(msg).(c1) end) <> (match s with st8 w_XJoin w_OJoin w_XMoveC1 w_OMoveC1 w_XMoveC2 w_OMoveC2 w_XMoveC3 w_OMoveC3 => w_XMoveC2.(sig_XMoveC2).(msg).(c2) end))) ((match s with st8 w_XJoin w_OJoin w_XMoveC1 w_OMoveC1 w_XMoveC2 w_OMoveC2 w_XMoveC3 w_OMoveC3 => w_OMoveC1.(sig_OMoveC1).(msg).(c1) end) <> (match s with st8 w_XJoin w_OJoin w_XMoveC1 w_OMoveC1 w_XMoveC2 w_OMoveC2 w_XMoveC3 w_OMoveC3 => w_OMoveC2.(sig_OMoveC2).(msg).(c2) end))) ((match s with st8 w_XJoin w_OJoin w_XMoveC1 w_OMoveC1 w_XMoveC2 w_OMoveC2 w_XMoveC3 w_OMoveC3 => w_OMoveC1.(sig_OMoveC1).(msg).(c1) end) <> (match s with st8 w_XJoin w_OJoin w_XMoveC1 w_OMoveC1 w_XMoveC2 w_OMoveC2 w_XMoveC3 w_OMoveC3 => w_XMoveC3.(sig_XMoveC3).(msg).(c3) end))) ((match s with st8 w_XJoin w_OJoin w_XMoveC1 w_OMoveC1 w_XMoveC2 w_OMoveC2 w_XMoveC3 w_OMoveC3 => w_OMoveC1.(sig_OMoveC1).(msg).(c1) end) <> (match s with st8 w_XJoin w_OJoin w_XMoveC1 w_OMoveC1 w_XMoveC2 w_OMoveC2 w_XMoveC3 w_OMoveC3 => w_OMoveC3.(sig_OMoveC3).(msg).(c3) end))) ((match s with st8 w_XJoin w_OJoin w_XMoveC1 w_OMoveC1 w_XMoveC2 w_OMoveC2 w_XMoveC3 w_OMoveC3 => w_OMoveC1.(sig_OMoveC1).(msg).(c1) end) <> sig.(msg).(c4))) ((match s with st8 w_XJoin w_OJoin w_XMoveC1 w_OMoveC1 w_XMoveC2 w_OMoveC2 w_XMoveC3 w_OMoveC3 => w_XMoveC2.(sig_XMoveC2).(msg).(c2) end) <> (match s with st8 w_XJoin w_OJoin w_XMoveC1 w_OMoveC1 w_XMoveC2 w_OMoveC2 w_XMoveC3 w_OMoveC3 => w_OMoveC2.(sig_OMoveC2).(msg).(c2) end))) ((match s with st8 w_XJoin w_OJoin w_XMoveC1 w_OMoveC1 w_XMoveC2 w_OMoveC2 w_XMoveC3 w_OMoveC3 => w_XMoveC2.(sig_XMoveC2).(msg).(c2) end) <> (match s with st8 w_XJoin w_OJoin w_XMoveC1 w_OMoveC1 w_XMoveC2 w_OMoveC2 w_XMoveC3 w_OMoveC3 => w_XMoveC3.(sig_XMoveC3).(msg).(c3) end))) ((match s with st8 w_XJoin w_OJoin w_XMoveC1 w_OMoveC1 w_XMoveC2 w_OMoveC2 w_XMoveC3 w_OMoveC3 => w_XMoveC2.(sig_XMoveC2).(msg).(c2) end) <> (match s with st8 w_XJoin w_OJoin w_XMoveC1 w_OMoveC1 w_XMoveC2 w_OMoveC2 w_XMoveC3 w_OMoveC3 => w_OMoveC3.(sig_OMoveC3).(msg).(c3) end))) ((match s with st8 w_XJoin w_OJoin w_XMoveC1 w_OMoveC1 w_XMoveC2 w_OMoveC2 w_XMoveC3 w_OMoveC3 => w_XMoveC2.(sig_XMoveC2).(msg).(c2) end) <> sig.(msg).(c4))) ((match s with st8 w_XJoin w_OJoin w_XMoveC1 w_OMoveC1 w_XMoveC2 w_OMoveC2 w_XMoveC3 w_OMoveC3 => w_OMoveC2.(sig_OMoveC2).(msg).(c2) end) <> (match s with st8 w_XJoin w_OJoin w_XMoveC1 w_OMoveC1 w_XMoveC2 w_OMoveC2 w_XMoveC3 w_OMoveC3 => w_XMoveC3.(sig_XMoveC3).(msg).(c3) end))) ((match s with st8 w_XJoin w_OJoin w_XMoveC1 w_OMoveC1 w_XMoveC2 w_OMoveC2 w_XMoveC3 w_OMoveC3 => w_OMoveC2.(sig_OMoveC2).(msg).(c2) end) <> (match s with st8 w_XJoin w_OJoin w_XMoveC1 w_OMoveC1 w_XMoveC2 w_OMoveC2 w_XMoveC3 w_OMoveC3 => w_OMoveC3.(sig_OMoveC3).(msg).(c3) end))) ((match s with st8 w_XJoin w_OJoin w_XMoveC1 w_OMoveC1 w_XMoveC2 w_OMoveC2 w_XMoveC3 w_OMoveC3 => w_OMoveC2.(sig_OMoveC2).(msg).(c2) end) <> sig.(msg).(c4))) ((match s with st8 w_XJoin w_OJoin w_XMoveC1 w_OMoveC1 w_XMoveC2 w_OMoveC2 w_XMoveC3 w_OMoveC3 => w_XMoveC3.(sig_XMoveC3).(msg).(c3) end) <> (match s with st8 w_XJoin w_OJoin w_XMoveC1 w_OMoveC1 w_XMoveC2 w_OMoveC2 w_XMoveC3 w_OMoveC3 => w_OMoveC3.(sig_OMoveC3).(msg).(c3) end))) ((match s with st8 w_XJoin w_OJoin w_XMoveC1 w_OMoveC1 w_XMoveC2 w_OMoveC2 w_XMoveC3 w_OMoveC3 => w_XMoveC3.(sig_XMoveC3).(msg).(c3) end) <> sig.(msg).(c4))) ((match s with st8 w_XJoin w_OJoin w_XMoveC1 w_OMoveC1 w_XMoveC2 w_OMoveC2 w_XMoveC3 w_OMoveC3 => w_OMoveC3.(sig_OMoveC3).(msg).(c3) end) <> sig.(msg).(c4)))) : State S9 :=
  match s with
  | st8 w_XJoin w_OJoin w_XMoveC1 w_OMoveC1 w_XMoveC2 w_OMoveC2 w_XMoveC3 w_OMoveC3 =>
      st9 w_XJoin w_OJoin w_XMoveC1 w_OMoveC1 w_XMoveC2 w_OMoveC2 w_XMoveC3 w_OMoveC3 {| sig_XMoveC4 := sig; guard := Hguard |}
  end.

Definition step_omovec4_from_s9 (s : State S9) (sig : Signed O P_OMoveC4)
  (Hguard : (andb (andb (andb (andb (andb (andb (andb (andb (andb (andb (andb (andb (andb (andb (andb (andb (andb (andb (andb (andb (andb (andb (andb (andb (andb (andb (andb ((match s with st9 w_XJoin w_OJoin w_XMoveC1 w_OMoveC1 w_XMoveC2 w_OMoveC2 w_XMoveC3 w_OMoveC3 w_XMoveC4 => w_XMoveC1.(sig_XMoveC1).(msg).(c1) end) <> (match s with st9 w_XJoin w_OJoin w_XMoveC1 w_OMoveC1 w_XMoveC2 w_OMoveC2 w_XMoveC3 w_OMoveC3 w_XMoveC4 => w_OMoveC1.(sig_OMoveC1).(msg).(c1) end)) ((match s with st9 w_XJoin w_OJoin w_XMoveC1 w_OMoveC1 w_XMoveC2 w_OMoveC2 w_XMoveC3 w_OMoveC3 w_XMoveC4 => w_XMoveC1.(sig_XMoveC1).(msg).(c1) end) <> (match s with st9 w_XJoin w_OJoin w_XMoveC1 w_OMoveC1 w_XMoveC2 w_OMoveC2 w_XMoveC3 w_OMoveC3 w_XMoveC4 => w_XMoveC2.(sig_XMoveC2).(msg).(c2) end))) ((match s with st9 w_XJoin w_OJoin w_XMoveC1 w_OMoveC1 w_XMoveC2 w_OMoveC2 w_XMoveC3 w_OMoveC3 w_XMoveC4 => w_XMoveC1.(sig_XMoveC1).(msg).(c1) end) <> (match s with st9 w_XJoin w_OJoin w_XMoveC1 w_OMoveC1 w_XMoveC2 w_OMoveC2 w_XMoveC3 w_OMoveC3 w_XMoveC4 => w_OMoveC2.(sig_OMoveC2).(msg).(c2) end))) ((match s with st9 w_XJoin w_OJoin w_XMoveC1 w_OMoveC1 w_XMoveC2 w_OMoveC2 w_XMoveC3 w_OMoveC3 w_XMoveC4 => w_XMoveC1.(sig_XMoveC1).(msg).(c1) end) <> (match s with st9 w_XJoin w_OJoin w_XMoveC1 w_OMoveC1 w_XMoveC2 w_OMoveC2 w_XMoveC3 w_OMoveC3 w_XMoveC4 => w_XMoveC3.(sig_XMoveC3).(msg).(c3) end))) ((match s with st9 w_XJoin w_OJoin w_XMoveC1 w_OMoveC1 w_XMoveC2 w_OMoveC2 w_XMoveC3 w_OMoveC3 w_XMoveC4 => w_XMoveC1.(sig_XMoveC1).(msg).(c1) end) <> (match s with st9 w_XJoin w_OJoin w_XMoveC1 w_OMoveC1 w_XMoveC2 w_OMoveC2 w_XMoveC3 w_OMoveC3 w_XMoveC4 => w_OMoveC3.(sig_OMoveC3).(msg).(c3) end))) ((match s with st9 w_XJoin w_OJoin w_XMoveC1 w_OMoveC1 w_XMoveC2 w_OMoveC2 w_XMoveC3 w_OMoveC3 w_XMoveC4 => w_XMoveC1.(sig_XMoveC1).(msg).(c1) end) <> (match s with st9 w_XJoin w_OJoin w_XMoveC1 w_OMoveC1 w_XMoveC2 w_OMoveC2 w_XMoveC3 w_OMoveC3 w_XMoveC4 => w_XMoveC4.(sig_XMoveC4).(msg).(c4) end))) ((match s with st9 w_XJoin w_OJoin w_XMoveC1 w_OMoveC1 w_XMoveC2 w_OMoveC2 w_XMoveC3 w_OMoveC3 w_XMoveC4 => w_XMoveC1.(sig_XMoveC1).(msg).(c1) end) <> sig.(msg).(c4))) ((match s with st9 w_XJoin w_OJoin w_XMoveC1 w_OMoveC1 w_XMoveC2 w_OMoveC2 w_XMoveC3 w_OMoveC3 w_XMoveC4 => w_OMoveC1.(sig_OMoveC1).(msg).(c1) end) <> (match s with st9 w_XJoin w_OJoin w_XMoveC1 w_OMoveC1 w_XMoveC2 w_OMoveC2 w_XMoveC3 w_OMoveC3 w_XMoveC4 => w_XMoveC2.(sig_XMoveC2).(msg).(c2) end))) ((match s with st9 w_XJoin w_OJoin w_XMoveC1 w_OMoveC1 w_XMoveC2 w_OMoveC2 w_XMoveC3 w_OMoveC3 w_XMoveC4 => w_OMoveC1.(sig_OMoveC1).(msg).(c1) end) <> (match s with st9 w_XJoin w_OJoin w_XMoveC1 w_OMoveC1 w_XMoveC2 w_OMoveC2 w_XMoveC3 w_OMoveC3 w_XMoveC4 => w_OMoveC2.(sig_OMoveC2).(msg).(c2) end))) ((match s with st9 w_XJoin w_OJoin w_XMoveC1 w_OMoveC1 w_XMoveC2 w_OMoveC2 w_XMoveC3 w_OMoveC3 w_XMoveC4 => w_OMoveC1.(sig_OMoveC1).(msg).(c1) end) <> (match s with st9 w_XJoin w_OJoin w_XMoveC1 w_OMoveC1 w_XMoveC2 w_OMoveC2 w_XMoveC3 w_OMoveC3 w_XMoveC4 => w_XMoveC3.(sig_XMoveC3).(msg).(c3) end))) ((match s with st9 w_XJoin w_OJoin w_XMoveC1 w_OMoveC1 w_XMoveC2 w_OMoveC2 w_XMoveC3 w_OMoveC3 w_XMoveC4 => w_OMoveC1.(sig_OMoveC1).(msg).(c1) end) <> (match s with st9 w_XJoin w_OJoin w_XMoveC1 w_OMoveC1 w_XMoveC2 w_OMoveC2 w_XMoveC3 w_OMoveC3 w_XMoveC4 => w_OMoveC3.(sig_OMoveC3).(msg).(c3) end))) ((match s with st9 w_XJoin w_OJoin w_XMoveC1 w_OMoveC1 w_XMoveC2 w_OMoveC2 w_XMoveC3 w_OMoveC3 w_XMoveC4 => w_OMoveC1.(sig_OMoveC1).(msg).(c1) end) <> (match s with st9 w_XJoin w_OJoin w_XMoveC1 w_OMoveC1 w_XMoveC2 w_OMoveC2 w_XMoveC3 w_OMoveC3 w_XMoveC4 => w_XMoveC4.(sig_XMoveC4).(msg).(c4) end))) ((match s with st9 w_XJoin w_OJoin w_XMoveC1 w_OMoveC1 w_XMoveC2 w_OMoveC2 w_XMoveC3 w_OMoveC3 w_XMoveC4 => w_OMoveC1.(sig_OMoveC1).(msg).(c1) end) <> sig.(msg).(c4))) ((match s with st9 w_XJoin w_OJoin w_XMoveC1 w_OMoveC1 w_XMoveC2 w_OMoveC2 w_XMoveC3 w_OMoveC3 w_XMoveC4 => w_XMoveC2.(sig_XMoveC2).(msg).(c2) end) <> (match s with st9 w_XJoin w_OJoin w_XMoveC1 w_OMoveC1 w_XMoveC2 w_OMoveC2 w_XMoveC3 w_OMoveC3 w_XMoveC4 => w_OMoveC2.(sig_OMoveC2).(msg).(c2) end))) ((match s with st9 w_XJoin w_OJoin w_XMoveC1 w_OMoveC1 w_XMoveC2 w_OMoveC2 w_XMoveC3 w_OMoveC3 w_XMoveC4 => w_XMoveC2.(sig_XMoveC2).(msg).(c2) end) <> (match s with st9 w_XJoin w_OJoin w_XMoveC1 w_OMoveC1 w_XMoveC2 w_OMoveC2 w_XMoveC3 w_OMoveC3 w_XMoveC4 => w_XMoveC3.(sig_XMoveC3).(msg).(c3) end))) ((match s with st9 w_XJoin w_OJoin w_XMoveC1 w_OMoveC1 w_XMoveC2 w_OMoveC2 w_XMoveC3 w_OMoveC3 w_XMoveC4 => w_XMoveC2.(sig_XMoveC2).(msg).(c2) end) <> (match s with st9 w_XJoin w_OJoin w_XMoveC1 w_OMoveC1 w_XMoveC2 w_OMoveC2 w_XMoveC3 w_OMoveC3 w_XMoveC4 => w_OMoveC3.(sig_OMoveC3).(msg).(c3) end))) ((match s with st9 w_XJoin w_OJoin w_XMoveC1 w_OMoveC1 w_XMoveC2 w_OMoveC2 w_XMoveC3 w_OMoveC3 w_XMoveC4 => w_XMoveC2.(sig_XMoveC2).(msg).(c2) end) <> (match s with st9 w_XJoin w_OJoin w_XMoveC1 w_OMoveC1 w_XMoveC2 w_OMoveC2 w_XMoveC3 w_OMoveC3 w_XMoveC4 => w_XMoveC4.(sig_XMoveC4).(msg).(c4) end))) ((match s with st9 w_XJoin w_OJoin w_XMoveC1 w_OMoveC1 w_XMoveC2 w_OMoveC2 w_XMoveC3 w_OMoveC3 w_XMoveC4 => w_XMoveC2.(sig_XMoveC2).(msg).(c2) end) <> sig.(msg).(c4))) ((match s with st9 w_XJoin w_OJoin w_XMoveC1 w_OMoveC1 w_XMoveC2 w_OMoveC2 w_XMoveC3 w_OMoveC3 w_XMoveC4 => w_OMoveC2.(sig_OMoveC2).(msg).(c2) end) <> (match s with st9 w_XJoin w_OJoin w_XMoveC1 w_OMoveC1 w_XMoveC2 w_OMoveC2 w_XMoveC3 w_OMoveC3 w_XMoveC4 => w_XMoveC3.(sig_XMoveC3).(msg).(c3) end))) ((match s with st9 w_XJoin w_OJoin w_XMoveC1 w_OMoveC1 w_XMoveC2 w_OMoveC2 w_XMoveC3 w_OMoveC3 w_XMoveC4 => w_OMoveC2.(sig_OMoveC2).(msg).(c2) end) <> (match s with st9 w_XJoin w_OJoin w_XMoveC1 w_OMoveC1 w_XMoveC2 w_OMoveC2 w_XMoveC3 w_OMoveC3 w_XMoveC4 => w_OMoveC3.(sig_OMoveC3).(msg).(c3) end))) ((match s with st9 w_XJoin w_OJoin w_XMoveC1 w_OMoveC1 w_XMoveC2 w_OMoveC2 w_XMoveC3 w_OMoveC3 w_XMoveC4 => w_OMoveC2.(sig_OMoveC2).(msg).(c2) end) <> (match s with st9 w_XJoin w_OJoin w_XMoveC1 w_OMoveC1 w_XMoveC2 w_OMoveC2 w_XMoveC3 w_OMoveC3 w_XMoveC4 => w_XMoveC4.(sig_XMoveC4).(msg).(c4) end))) ((match s with st9 w_XJoin w_OJoin w_XMoveC1 w_OMoveC1 w_XMoveC2 w_OMoveC2 w_XMoveC3 w_OMoveC3 w_XMoveC4 => w_OMoveC2.(sig_OMoveC2).(msg).(c2) end) <> sig.(msg).(c4))) ((match s with st9 w_XJoin w_OJoin w_XMoveC1 w_OMoveC1 w_XMoveC2 w_OMoveC2 w_XMoveC3 w_OMoveC3 w_XMoveC4 => w_XMoveC3.(sig_XMoveC3).(msg).(c3) end) <> (match s with st9 w_XJoin w_OJoin w_XMoveC1 w_OMoveC1 w_XMoveC2 w_OMoveC2 w_XMoveC3 w_OMoveC3 w_XMoveC4 => w_OMoveC3.(sig_OMoveC3).(msg).(c3) end))) ((match s with st9 w_XJoin w_OJoin w_XMoveC1 w_OMoveC1 w_XMoveC2 w_OMoveC2 w_XMoveC3 w_OMoveC3 w_XMoveC4 => w_XMoveC3.(sig_XMoveC3).(msg).(c3) end) <> (match s with st9 w_XJoin w_OJoin w_XMoveC1 w_OMoveC1 w_XMoveC2 w_OMoveC2 w_XMoveC3 w_OMoveC3 w_XMoveC4 => w_XMoveC4.(sig_XMoveC4).(msg).(c4) end))) ((match s with st9 w_XJoin w_OJoin w_XMoveC1 w_OMoveC1 w_XMoveC2 w_OMoveC2 w_XMoveC3 w_OMoveC3 w_XMoveC4 => w_XMoveC3.(sig_XMoveC3).(msg).(c3) end) <> sig.(msg).(c4))) ((match s with st9 w_XJoin w_OJoin w_XMoveC1 w_OMoveC1 w_XMoveC2 w_OMoveC2 w_XMoveC3 w_OMoveC3 w_XMoveC4 => w_OMoveC3.(sig_OMoveC3).(msg).(c3) end) <> (match s with st9 w_XJoin w_OJoin w_XMoveC1 w_OMoveC1 w_XMoveC2 w_OMoveC2 w_XMoveC3 w_OMoveC3 w_XMoveC4 => w_XMoveC4.(sig_XMoveC4).(msg).(c4) end))) ((match s with st9 w_XJoin w_OJoin w_XMoveC1 w_OMoveC1 w_XMoveC2 w_OMoveC2 w_XMoveC3 w_OMoveC3 w_XMoveC4 => w_OMoveC3.(sig_OMoveC3).(msg).(c3) end) <> sig.(msg).(c4))) ((match s with st9 w_XJoin w_OJoin w_XMoveC1 w_OMoveC1 w_XMoveC2 w_OMoveC2 w_XMoveC3 w_OMoveC3 w_XMoveC4 => w_XMoveC4.(sig_XMoveC4).(msg).(c4) end) <> sig.(msg).(c4)))) : State S10 :=
  match s with
  | st9 w_XJoin w_OJoin w_XMoveC1 w_OMoveC1 w_XMoveC2 w_OMoveC2 w_XMoveC3 w_OMoveC3 w_XMoveC4 =>
      st10 w_XJoin w_OJoin w_XMoveC1 w_OMoveC1 w_XMoveC2 w_OMoveC2 w_XMoveC3 w_OMoveC3 w_XMoveC4 {| sig_OMoveC4 := sig; guard := Hguard |}
  end.

End TicTacToe_Protocol.>
[INFO]   Run 95: PASS
[INFO]   Run 96: PASS
[INFO]   Run 97: PASS
[INFO]   Run 98: PASS
[INFO]   Run 99: PASS
[INFO]   Run 100: PASS
[INFO]
[INFO]
[ERROR] Tests run: 1, Failures: 0, Errors: 1, Skipped: 0
[INFO]
[INFO] ------------------------------------------------------------------------
[INFO] BUILD FAILURE
[INFO] ------------------------------------------------------------------------
[INFO] Total time:  50.818 s
[INFO] Finished at: 2025-12-15T13:18:05Z
[INFO] ------------------------------------------------------------------------
[ERROR] Failed to execute goal org.apache.maven.plugins:maven-surefire-plugin:3.5.4:test (default-test) on project vegas:
[ERROR]
[ERROR] See /app/target/surefire-reports for the individual test results.
[ERROR] See dump files (if any exist) [date].dump, [date]-jvmRun[N].dump and [date].dumpstream.
[ERROR] -> [Help 1]
[ERROR]
[ERROR] To see the full stack trace of the errors, re-run Maven with the -e switch.
[ERROR] Re-run Maven using the -X switch to enable full debug logging.
[ERROR]
[ERROR] For more information about the errors and possible solutions, please read the following articles:
[ERROR] [Help 1] http://cwiki.apache.org/confluence/display/MAVEN/MojoFailureException
